-- The C compiler identification is GNU 11.4.0
-- The CXX compiler identification is GNU 11.4.0
-- Detecting C compiler ABI info
-- Detecting C compiler ABI info - done
-- Check for working C compiler: /usr/bin/cc - skipped
-- Detecting C compile features
-- Detecting C compile features - done
-- Detecting CXX compiler ABI info
-- Detecting CXX compiler ABI info - done
-- Check for working CXX compiler: /usr/bin/c++ - skipped
-- Detecting CXX compile features
-- Detecting CXX compile features - done
-- Found ament_cmake: 1.3.14 (/opt/ros/humble/share/ament_cmake/cmake)
-- Found Python3: /usr/bin/python3 (found version "3.10.12") found components: Interpreter 
-- Found rosidl_default_generators: 1.2.1 (/opt/ros/humble/share/rosidl_default_generators/cmake)
-- Using all available rosidl_typesupport_c: rosidl_typesupport_fastrtps_c;rosidl_typesupport_introspection_c
-- Found rosidl_adapter: 3.1.9 (/opt/ros/humble/share/rosidl_adapter/cmake)
-- Using all available rosidl_typesupport_cpp: rosidl_typesupport_fastrtps_cpp;rosidl_typesupport_introspection_cpp
-- Found ament_cmake_ros: 0.10.1 (/opt/ros/humble/share/ament_cmake_ros/cmake)
-- Using all available rosidl_typesupport_c: rosidl_typesupport_fastrtps_c;rosidl_typesupport_introspection_c
-- Using all available rosidl_typesupport_cpp: rosidl_typesupport_fastrtps_cpp;rosidl_typesupport_introspection_cpp
-- Found PythonInterp: /usr/bin/python3 (found suitable version "3.10.12", minimum required is "3.6") 
-- Found python_cmake_module: 0.10.0 (/opt/ros/humble/share/python_cmake_module/cmake)
-- Found PythonLibs: /usr/lib/x86_64-linux-gnu/libpython3.10.so (found suitable version "3.10.12", minimum required is "3.5") 
-- Using PYTHON_EXECUTABLE: /usr/bin/python3
-- Using PYTHON_INCLUDE_DIRS: /usr/include/python3.10
-- Using PYTHON_LIBRARIES: /usr/lib/x86_64-linux-gnu/libpython3.10.so
-- Found PythonExtra: .so  
-- Configuring done
-- Generating done
-- Build files have been written to: /home/pip/robocon/ROS2_training/dog_ros2_ws_with_pc/build/dog_msgs
[  2%] [34m[1mGenerating C code for ROS interfaces[0m
[  4%] [34m[1mGenerating C++ code for ROS interfaces[0m
[  6%] [34m[1mGenerating Rust code for ROS interfaces[0m
[  6%] Built target ament_cmake_python_copy_dog_msgs
running egg_info
creating dog_msgs.egg-info
writing dog_msgs.egg-info/PKG-INFO
writing dependency_links to dog_msgs.egg-info/dependency_links.txt
writing top-level names to dog_msgs.egg-info/top_level.txt
writing manifest file 'dog_msgs.egg-info/SOURCES.txt'
reading manifest file 'dog_msgs.egg-info/SOURCES.txt'
writing manifest file 'dog_msgs.egg-info/SOURCES.txt'
[  6%] Built target dog_msgs__rs
[  6%] Built target ament_cmake_python_build_dog_msgs_egg
[  6%] Built target dog_msgs__cpp
[  8%] [34m[1mGenerating C++ type support dispatch for ROS interfaces[0m
[ 12%] [34m[1mGenerating C++ introspection for ROS interfaces[0m
[ 12%] [34m[1mGenerating C++ type support for eProsima Fast-RTPS[0m
[ 16%] [32mBuilding C object CMakeFiles/dog_msgs__rosidl_generator_c.dir/rosidl_generator_c/dog_msgs/srv/detail/handle_command__functions.c.o[0m
[ 16%] [32mBuilding C object CMakeFiles/dog_msgs__rosidl_generator_c.dir/rosidl_generator_c/dog_msgs/msg/detail/motor_state__functions.c.o[0m
[ 18%] [32mBuilding C object CMakeFiles/dog_msgs__rosidl_generator_c.dir/rosidl_generator_c/dog_msgs/msg/detail/controller_command__functions.c.o[0m
[ 20%] [32m[1mLinking C shared library libdog_msgs__rosidl_generator_c.so[0m
[ 20%] Built target dog_msgs__rosidl_generator_c
[ 22%] [34m[1mGenerating C type support dispatch for ROS interfaces[0m
[ 25%] [34m[1mGenerating C type support for eProsima Fast-RTPS[0m
[ 27%] [34m[1mGenerating C introspection for ROS interfaces[0m
[ 33%] [32mBuilding CXX object CMakeFiles/dog_msgs__rosidl_typesupport_cpp.dir/rosidl_typesupport_cpp/dog_msgs/srv/handle_command__type_support.cpp.o[0m
[ 33%] [32mBuilding CXX object CMakeFiles/dog_msgs__rosidl_typesupport_cpp.dir/rosidl_typesupport_cpp/dog_msgs/msg/controller_command__type_support.cpp.o[0m
[ 33%] [32mBuilding CXX object CMakeFiles/dog_msgs__rosidl_typesupport_cpp.dir/rosidl_typesupport_cpp/dog_msgs/msg/motor_state__type_support.cpp.o[0m
[ 39%] [32mBuilding CXX object CMakeFiles/dog_msgs__rosidl_typesupport_introspection_cpp.dir/rosidl_typesupport_introspection_cpp/dog_msgs/msg/detail/motor_state__type_support.cpp.o[0m
[ 39%] [32mBuilding CXX object CMakeFiles/dog_msgs__rosidl_typesupport_introspection_cpp.dir/rosidl_typesupport_introspection_cpp/dog_msgs/msg/detail/controller_command__type_support.cpp.o[0m
[ 39%] [32mBuilding CXX object CMakeFiles/dog_msgs__rosidl_typesupport_introspection_cpp.dir/rosidl_typesupport_introspection_cpp/dog_msgs/srv/detail/handle_command__type_support.cpp.o[0m
[ 43%] [32mBuilding CXX object CMakeFiles/dog_msgs__rosidl_typesupport_fastrtps_cpp.dir/rosidl_typesupport_fastrtps_cpp/dog_msgs/srv/detail/dds_fastrtps/handle_command__type_support.cpp.o[0m
[ 43%] [32mBuilding CXX object CMakeFiles/dog_msgs__rosidl_typesupport_fastrtps_cpp.dir/rosidl_typesupport_fastrtps_cpp/dog_msgs/msg/detail/dds_fastrtps/controller_command__type_support.cpp.o[0m
[ 45%] [32mBuilding CXX object CMakeFiles/dog_msgs__rosidl_typesupport_fastrtps_cpp.dir/rosidl_typesupport_fastrtps_cpp/dog_msgs/msg/detail/dds_fastrtps/motor_state__type_support.cpp.o[0m
[ 50%] [32mBuilding CXX object CMakeFiles/dog_msgs__rosidl_typesupport_c.dir/rosidl_typesupport_c/dog_msgs/msg/controller_command__type_support.cpp.o[0m
[ 50%] [32mBuilding CXX object CMakeFiles/dog_msgs__rosidl_typesupport_c.dir/rosidl_typesupport_c/dog_msgs/msg/motor_state__type_support.cpp.o[0m
[ 52%] [32mBuilding CXX object CMakeFiles/dog_msgs__rosidl_typesupport_c.dir/rosidl_typesupport_c/dog_msgs/srv/handle_command__type_support.cpp.o[0m
[ 58%] [32mBuilding C object CMakeFiles/dog_msgs__rosidl_typesupport_introspection_c.dir/rosidl_typesupport_introspection_c/dog_msgs/msg/detail/controller_command__type_support.c.o[0m
[ 58%] [32mBuilding C object CMakeFiles/dog_msgs__rosidl_typesupport_introspection_c.dir/rosidl_typesupport_introspection_c/dog_msgs/msg/detail/motor_state__type_support.c.o[0m
[ 58%] [32mBuilding CXX object CMakeFiles/dog_msgs__rosidl_typesupport_fastrtps_c.dir/rosidl_typesupport_fastrtps_c/dog_msgs/msg/detail/controller_command__type_support_c.cpp.o[0m
[ 62%] [32mBuilding CXX object CMakeFiles/dog_msgs__rosidl_typesupport_fastrtps_c.dir/rosidl_typesupport_fastrtps_c/dog_msgs/msg/detail/motor_state__type_support_c.cpp.o[0m
[ 62%] [32mBuilding CXX object CMakeFiles/dog_msgs__rosidl_typesupport_fastrtps_c.dir/rosidl_typesupport_fastrtps_c/dog_msgs/srv/detail/handle_command__type_support_c.cpp.o[0m
[ 64%] [32mBuilding C object CMakeFiles/dog_msgs__rosidl_typesupport_introspection_c.dir/rosidl_typesupport_introspection_c/dog_msgs/srv/detail/handle_command__type_support.c.o[0m
[ 66%] [32m[1mLinking CXX shared library libdog_msgs__rosidl_typesupport_c.so[0m
[ 68%] [32m[1mLinking C shared library libdog_msgs__rosidl_typesupport_introspection_c.so[0m
[ 68%] Built target dog_msgs__rosidl_typesupport_c
[ 68%] Built target dog_msgs__rosidl_typesupport_introspection_c
[ 70%] [32m[1mLinking CXX shared library libdog_msgs__rosidl_typesupport_cpp.so[0m
[ 70%] Built target dog_msgs__rosidl_typesupport_cpp
[ 72%] [32m[1mLinking CXX shared library libdog_msgs__rosidl_typesupport_introspection_cpp.so[0m
[ 75%] [32m[1mLinking CXX shared library libdog_msgs__rosidl_typesupport_fastrtps_cpp.so[0m
[ 77%] [32m[1mLinking CXX shared library libdog_msgs__rosidl_typesupport_fastrtps_c.so[0m
[ 77%] Built target dog_msgs__rosidl_typesupport_introspection_cpp
[ 77%] Built target dog_msgs__rosidl_typesupport_fastrtps_cpp
[ 77%] Built target dog_msgs__rosidl_typesupport_fastrtps_c
[ 77%] Built target dog_msgs
[ 79%] [34m[1mGenerating Python code for ROS interfaces[0m
[ 79%] Built target dog_msgs__py
[ 83%] [32mBuilding C object CMakeFiles/dog_msgs__rosidl_generator_py.dir/rosidl_generator_py/dog_msgs/msg/_motor_state_s.c.o[0m
[ 83%] [32mBuilding C object CMakeFiles/dog_msgs__rosidl_generator_py.dir/rosidl_generator_py/dog_msgs/msg/_controller_command_s.c.o[0m
[ 85%] [32mBuilding C object CMakeFiles/dog_msgs__rosidl_generator_py.dir/rosidl_generator_py/dog_msgs/srv/_handle_command_s.c.o[0m
[ 87%] [32m[1mLinking C shared library rosidl_generator_py/dog_msgs/libdog_msgs__rosidl_generator_py.so[0m
[ 87%] Built target dog_msgs__rosidl_generator_py
[ 91%] [32mBuilding C object CMakeFiles/dog_msgs__rosidl_typesupport_introspection_c__pyext.dir/rosidl_generator_py/dog_msgs/_dog_msgs_s.ep.rosidl_typesupport_introspection_c.c.o[0m
[ 91%] [32mBuilding C object CMakeFiles/dog_msgs__rosidl_typesupport_fastrtps_c__pyext.dir/rosidl_generator_py/dog_msgs/_dog_msgs_s.ep.rosidl_typesupport_fastrtps_c.c.o[0m
[ 93%] [32mBuilding C object CMakeFiles/dog_msgs__rosidl_typesupport_c__pyext.dir/rosidl_generator_py/dog_msgs/_dog_msgs_s.ep.rosidl_typesupport_c.c.o[0m
[ 97%] [32m[1mLinking C shared library rosidl_generator_py/dog_msgs/dog_msgs_s__rosidl_typesupport_introspection_c.cpython-310-x86_64-linux-gnu.so[0m
[ 97%] [32m[1mLinking C shared library rosidl_generator_py/dog_msgs/dog_msgs_s__rosidl_typesupport_fastrtps_c.cpython-310-x86_64-linux-gnu.so[0m
[100%] [32m[1mLinking C shared library rosidl_generator_py/dog_msgs/dog_msgs_s__rosidl_typesupport_c.cpython-310-x86_64-linux-gnu.so[0m
[100%] Built target dog_msgs__rosidl_typesupport_introspection_c__pyext
[100%] Built target dog_msgs__rosidl_typesupport_fastrtps_c__pyext
[100%] Built target dog_msgs__rosidl_typesupport_c__pyext
-- Install configuration: ""
-- Installing: /home/pip/robocon/ROS2_training/dog_ros2_ws_with_pc/install/dog_msgs/share/ament_index/resource_index/rosidl_interfaces/dog_msgs
-- Installing: /home/pip/robocon/ROS2_training/dog_ros2_ws_with_pc/install/dog_msgs/include/dog_msgs/dog_msgs
-- Installing: /home/pip/robocon/ROS2_training/dog_ros2_ws_with_pc/install/dog_msgs/include/dog_msgs/dog_msgs/msg
-- Installing: /home/pip/robocon/ROS2_training/dog_ros2_ws_with_pc/install/dog_msgs/include/dog_msgs/dog_msgs/msg/motor_state.h
-- Installing: /home/pip/robocon/ROS2_training/dog_ros2_ws_with_pc/install/dog_msgs/include/dog_msgs/dog_msgs/msg/rosidl_generator_c__visibility_control.h
-- Installing: /home/pip/robocon/ROS2_training/dog_ros2_ws_with_pc/install/dog_msgs/include/dog_msgs/dog_msgs/msg/controller_command.h
-- Installing: /home/pip/robocon/ROS2_training/dog_ros2_ws_with_pc/install/dog_msgs/include/dog_msgs/dog_msgs/msg/detail
-- Installing: /home/pip/robocon/ROS2_training/dog_ros2_ws_with_pc/install/dog_msgs/include/dog_msgs/dog_msgs/msg/detail/controller_command__functions.h
-- Installing: /home/pip/robocon/ROS2_training/dog_ros2_ws_with_pc/install/dog_msgs/include/dog_msgs/dog_msgs/msg/detail/motor_state__functions.h
-- Installing: /home/pip/robocon/ROS2_training/dog_ros2_ws_with_pc/install/dog_msgs/include/dog_msgs/dog_msgs/msg/detail/controller_command__struct.h
-- Installing: /home/pip/robocon/ROS2_training/dog_ros2_ws_with_pc/install/dog_msgs/include/dog_msgs/dog_msgs/msg/detail/motor_state__struct.h
-- Installing: /home/pip/robocon/ROS2_training/dog_ros2_ws_with_pc/install/dog_msgs/include/dog_msgs/dog_msgs/msg/detail/controller_command__functions.c
-- Installing: /home/pip/robocon/ROS2_training/dog_ros2_ws_with_pc/install/dog_msgs/include/dog_msgs/dog_msgs/msg/detail/motor_state__type_support.h
-- Installing: /home/pip/robocon/ROS2_training/dog_ros2_ws_with_pc/install/dog_msgs/include/dog_msgs/dog_msgs/msg/detail/motor_state__functions.c
-- Installing: /home/pip/robocon/ROS2_training/dog_ros2_ws_with_pc/install/dog_msgs/include/dog_msgs/dog_msgs/msg/detail/controller_command__type_support.h
-- Installing: /home/pip/robocon/ROS2_training/dog_ros2_ws_with_pc/install/dog_msgs/include/dog_msgs/dog_msgs/srv
-- Installing: /home/pip/robocon/ROS2_training/dog_ros2_ws_with_pc/install/dog_msgs/include/dog_msgs/dog_msgs/srv/handle_command.h
-- Installing: /home/pip/robocon/ROS2_training/dog_ros2_ws_with_pc/install/dog_msgs/include/dog_msgs/dog_msgs/srv/detail
-- Installing: /home/pip/robocon/ROS2_training/dog_ros2_ws_with_pc/install/dog_msgs/include/dog_msgs/dog_msgs/srv/detail/handle_command__functions.c
-- Installing: /home/pip/robocon/ROS2_training/dog_ros2_ws_with_pc/install/dog_msgs/include/dog_msgs/dog_msgs/srv/detail/handle_command__functions.h
-- Installing: /home/pip/robocon/ROS2_training/dog_ros2_ws_with_pc/install/dog_msgs/include/dog_msgs/dog_msgs/srv/detail/handle_command__struct.h
-- Installing: /home/pip/robocon/ROS2_training/dog_ros2_ws_with_pc/install/dog_msgs/include/dog_msgs/dog_msgs/srv/detail/handle_command__type_support.h
-- Installing: /home/pip/robocon/ROS2_training/dog_ros2_ws_with_pc/install/dog_msgs/share/dog_msgs/environment/library_path.sh
-- Installing: /home/pip/robocon/ROS2_training/dog_ros2_ws_with_pc/install/dog_msgs/share/dog_msgs/environment/library_path.dsv
-- Installing: /home/pip/robocon/ROS2_training/dog_ros2_ws_with_pc/install/dog_msgs/lib/libdog_msgs__rosidl_generator_c.so
-- Set runtime path of "/home/pip/robocon/ROS2_training/dog_ros2_ws_with_pc/install/dog_msgs/lib/libdog_msgs__rosidl_generator_c.so" to ""
-- Up-to-date: /home/pip/robocon/ROS2_training/dog_ros2_ws_with_pc/install/dog_msgs/include/dog_msgs/dog_msgs
-- Up-to-date: /home/pip/robocon/ROS2_training/dog_ros2_ws_with_pc/install/dog_msgs/include/dog_msgs/dog_msgs/msg
-- Installing: /home/pip/robocon/ROS2_training/dog_ros2_ws_with_pc/install/dog_msgs/include/dog_msgs/dog_msgs/msg/rosidl_typesupport_fastrtps_c__visibility_control.h
-- Up-to-date: /home/pip/robocon/ROS2_training/dog_ros2_ws_with_pc/install/dog_msgs/include/dog_msgs/dog_msgs/msg/detail
-- Installing: /home/pip/robocon/ROS2_training/dog_ros2_ws_with_pc/install/dog_msgs/include/dog_msgs/dog_msgs/msg/detail/motor_state__rosidl_typesupport_fastrtps_c.h
-- Installing: /home/pip/robocon/ROS2_training/dog_ros2_ws_with_pc/install/dog_msgs/include/dog_msgs/dog_msgs/msg/detail/controller_command__rosidl_typesupport_fastrtps_c.h
-- Up-to-date: /home/pip/robocon/ROS2_training/dog_ros2_ws_with_pc/install/dog_msgs/include/dog_msgs/dog_msgs/srv
-- Up-to-date: /home/pip/robocon/ROS2_training/dog_ros2_ws_with_pc/install/dog_msgs/include/dog_msgs/dog_msgs/srv/detail
-- Installing: /home/pip/robocon/ROS2_training/dog_ros2_ws_with_pc/install/dog_msgs/include/dog_msgs/dog_msgs/srv/detail/handle_command__rosidl_typesupport_fastrtps_c.h
-- Installing: /home/pip/robocon/ROS2_training/dog_ros2_ws_with_pc/install/dog_msgs/lib/libdog_msgs__rosidl_typesupport_fastrtps_c.so
-- Set runtime path of "/home/pip/robocon/ROS2_training/dog_ros2_ws_with_pc/install/dog_msgs/lib/libdog_msgs__rosidl_typesupport_fastrtps_c.so" to ""
-- Up-to-date: /home/pip/robocon/ROS2_training/dog_ros2_ws_with_pc/install/dog_msgs/include/dog_msgs/dog_msgs
-- Up-to-date: /home/pip/robocon/ROS2_training/dog_ros2_ws_with_pc/install/dog_msgs/include/dog_msgs/dog_msgs/msg
-- Installing: /home/pip/robocon/ROS2_training/dog_ros2_ws_with_pc/install/dog_msgs/include/dog_msgs/dog_msgs/msg/rosidl_typesupport_introspection_c__visibility_control.h
-- Up-to-date: /home/pip/robocon/ROS2_training/dog_ros2_ws_with_pc/install/dog_msgs/include/dog_msgs/dog_msgs/msg/detail
-- Installing: /home/pip/robocon/ROS2_training/dog_ros2_ws_with_pc/install/dog_msgs/include/dog_msgs/dog_msgs/msg/detail/controller_command__type_support.c
-- Installing: /home/pip/robocon/ROS2_training/dog_ros2_ws_with_pc/install/dog_msgs/include/dog_msgs/dog_msgs/msg/detail/motor_state__rosidl_typesupport_introspection_c.h
-- Installing: /home/pip/robocon/ROS2_training/dog_ros2_ws_with_pc/install/dog_msgs/include/dog_msgs/dog_msgs/msg/detail/controller_command__rosidl_typesupport_introspection_c.h
-- Installing: /home/pip/robocon/ROS2_training/dog_ros2_ws_with_pc/install/dog_msgs/include/dog_msgs/dog_msgs/msg/detail/motor_state__type_support.c
-- Up-to-date: /home/pip/robocon/ROS2_training/dog_ros2_ws_with_pc/install/dog_msgs/include/dog_msgs/dog_msgs/srv
-- Up-to-date: /home/pip/robocon/ROS2_training/dog_ros2_ws_with_pc/install/dog_msgs/include/dog_msgs/dog_msgs/srv/detail
-- Installing: /home/pip/robocon/ROS2_training/dog_ros2_ws_with_pc/install/dog_msgs/include/dog_msgs/dog_msgs/srv/detail/handle_command__type_support.c
-- Installing: /home/pip/robocon/ROS2_training/dog_ros2_ws_with_pc/install/dog_msgs/include/dog_msgs/dog_msgs/srv/detail/handle_command__rosidl_typesupport_introspection_c.h
-- Installing: /home/pip/robocon/ROS2_training/dog_ros2_ws_with_pc/install/dog_msgs/lib/libdog_msgs__rosidl_typesupport_introspection_c.so
-- Set runtime path of "/home/pip/robocon/ROS2_training/dog_ros2_ws_with_pc/install/dog_msgs/lib/libdog_msgs__rosidl_typesupport_introspection_c.so" to ""
-- Installing: /home/pip/robocon/ROS2_training/dog_ros2_ws_with_pc/install/dog_msgs/lib/libdog_msgs__rosidl_typesupport_c.so
-- Set runtime path of "/home/pip/robocon/ROS2_training/dog_ros2_ws_with_pc/install/dog_msgs/lib/libdog_msgs__rosidl_typesupport_c.so" to ""
-- Up-to-date: /home/pip/robocon/ROS2_training/dog_ros2_ws_with_pc/install/dog_msgs/include/dog_msgs/dog_msgs
-- Up-to-date: /home/pip/robocon/ROS2_training/dog_ros2_ws_with_pc/install/dog_msgs/include/dog_msgs/dog_msgs/msg
-- Installing: /home/pip/robocon/ROS2_training/dog_ros2_ws_with_pc/install/dog_msgs/include/dog_msgs/dog_msgs/msg/rosidl_generator_cpp__visibility_control.hpp
-- Installing: /home/pip/robocon/ROS2_training/dog_ros2_ws_with_pc/install/dog_msgs/include/dog_msgs/dog_msgs/msg/motor_state.hpp
-- Installing: /home/pip/robocon/ROS2_training/dog_ros2_ws_with_pc/install/dog_msgs/include/dog_msgs/dog_msgs/msg/controller_command.hpp
-- Up-to-date: /home/pip/robocon/ROS2_training/dog_ros2_ws_with_pc/install/dog_msgs/include/dog_msgs/dog_msgs/msg/detail
-- Installing: /home/pip/robocon/ROS2_training/dog_ros2_ws_with_pc/install/dog_msgs/include/dog_msgs/dog_msgs/msg/detail/controller_command__builder.hpp
-- Installing: /home/pip/robocon/ROS2_training/dog_ros2_ws_with_pc/install/dog_msgs/include/dog_msgs/dog_msgs/msg/detail/controller_command__struct.hpp
-- Installing: /home/pip/robocon/ROS2_training/dog_ros2_ws_with_pc/install/dog_msgs/include/dog_msgs/dog_msgs/msg/detail/motor_state__builder.hpp
-- Installing: /home/pip/robocon/ROS2_training/dog_ros2_ws_with_pc/install/dog_msgs/include/dog_msgs/dog_msgs/msg/detail/controller_command__type_support.hpp
-- Installing: /home/pip/robocon/ROS2_training/dog_ros2_ws_with_pc/install/dog_msgs/include/dog_msgs/dog_msgs/msg/detail/motor_state__type_support.hpp
-- Installing: /home/pip/robocon/ROS2_training/dog_ros2_ws_with_pc/install/dog_msgs/include/dog_msgs/dog_msgs/msg/detail/motor_state__struct.hpp
-- Installing: /home/pip/robocon/ROS2_training/dog_ros2_ws_with_pc/install/dog_msgs/include/dog_msgs/dog_msgs/msg/detail/controller_command__traits.hpp
-- Installing: /home/pip/robocon/ROS2_training/dog_ros2_ws_with_pc/install/dog_msgs/include/dog_msgs/dog_msgs/msg/detail/motor_state__traits.hpp
-- Up-to-date: /home/pip/robocon/ROS2_training/dog_ros2_ws_with_pc/install/dog_msgs/include/dog_msgs/dog_msgs/srv
-- Installing: /home/pip/robocon/ROS2_training/dog_ros2_ws_with_pc/install/dog_msgs/include/dog_msgs/dog_msgs/srv/handle_command.hpp
-- Up-to-date: /home/pip/robocon/ROS2_training/dog_ros2_ws_with_pc/install/dog_msgs/include/dog_msgs/dog_msgs/srv/detail
-- Installing: /home/pip/robocon/ROS2_training/dog_ros2_ws_with_pc/install/dog_msgs/include/dog_msgs/dog_msgs/srv/detail/handle_command__struct.hpp
-- Installing: /home/pip/robocon/ROS2_training/dog_ros2_ws_with_pc/install/dog_msgs/include/dog_msgs/dog_msgs/srv/detail/handle_command__builder.hpp
-- Installing: /home/pip/robocon/ROS2_training/dog_ros2_ws_with_pc/install/dog_msgs/include/dog_msgs/dog_msgs/srv/detail/handle_command__type_support.hpp
-- Installing: /home/pip/robocon/ROS2_training/dog_ros2_ws_with_pc/install/dog_msgs/include/dog_msgs/dog_msgs/srv/detail/handle_command__traits.hpp
-- Up-to-date: /home/pip/robocon/ROS2_training/dog_ros2_ws_with_pc/install/dog_msgs/include/dog_msgs/dog_msgs
-- Up-to-date: /home/pip/robocon/ROS2_training/dog_ros2_ws_with_pc/install/dog_msgs/include/dog_msgs/dog_msgs/msg
-- Installing: /home/pip/robocon/ROS2_training/dog_ros2_ws_with_pc/install/dog_msgs/include/dog_msgs/dog_msgs/msg/rosidl_typesupport_fastrtps_cpp__visibility_control.h
-- Up-to-date: /home/pip/robocon/ROS2_training/dog_ros2_ws_with_pc/install/dog_msgs/include/dog_msgs/dog_msgs/msg/detail
-- Installing: /home/pip/robocon/ROS2_training/dog_ros2_ws_with_pc/install/dog_msgs/include/dog_msgs/dog_msgs/msg/detail/motor_state__rosidl_typesupport_fastrtps_cpp.hpp
-- Installing: /home/pip/robocon/ROS2_training/dog_ros2_ws_with_pc/install/dog_msgs/include/dog_msgs/dog_msgs/msg/detail/controller_command__rosidl_typesupport_fastrtps_cpp.hpp
-- Installing: /home/pip/robocon/ROS2_training/dog_ros2_ws_with_pc/install/dog_msgs/include/dog_msgs/dog_msgs/msg/detail/dds_fastrtps
-- Up-to-date: /home/pip/robocon/ROS2_training/dog_ros2_ws_with_pc/install/dog_msgs/include/dog_msgs/dog_msgs/srv
-- Up-to-date: /home/pip/robocon/ROS2_training/dog_ros2_ws_with_pc/install/dog_msgs/include/dog_msgs/dog_msgs/srv/detail
-- Installing: /home/pip/robocon/ROS2_training/dog_ros2_ws_with_pc/install/dog_msgs/include/dog_msgs/dog_msgs/srv/detail/handle_command__rosidl_typesupport_fastrtps_cpp.hpp
-- Installing: /home/pip/robocon/ROS2_training/dog_ros2_ws_with_pc/install/dog_msgs/include/dog_msgs/dog_msgs/srv/detail/dds_fastrtps
-- Installing: /home/pip/robocon/ROS2_training/dog_ros2_ws_with_pc/install/dog_msgs/lib/libdog_msgs__rosidl_typesupport_fastrtps_cpp.so
-- Set runtime path of "/home/pip/robocon/ROS2_training/dog_ros2_ws_with_pc/install/dog_msgs/lib/libdog_msgs__rosidl_typesupport_fastrtps_cpp.so" to ""
-- Up-to-date: /home/pip/robocon/ROS2_training/dog_ros2_ws_with_pc/install/dog_msgs/include/dog_msgs/dog_msgs
-- Up-to-date: /home/pip/robocon/ROS2_training/dog_ros2_ws_with_pc/install/dog_msgs/include/dog_msgs/dog_msgs/msg
-- Up-to-date: /home/pip/robocon/ROS2_training/dog_ros2_ws_with_pc/install/dog_msgs/include/dog_msgs/dog_msgs/msg/detail
-- Installing: /home/pip/robocon/ROS2_training/dog_ros2_ws_with_pc/install/dog_msgs/include/dog_msgs/dog_msgs/msg/detail/controller_command__rosidl_typesupport_introspection_cpp.hpp
-- Installing: /home/pip/robocon/ROS2_training/dog_ros2_ws_with_pc/install/dog_msgs/include/dog_msgs/dog_msgs/msg/detail/motor_state__rosidl_typesupport_introspection_cpp.hpp
-- Installing: /home/pip/robocon/ROS2_training/dog_ros2_ws_with_pc/install/dog_msgs/include/dog_msgs/dog_msgs/msg/detail/motor_state__type_support.cpp
-- Installing: /home/pip/robocon/ROS2_training/dog_ros2_ws_with_pc/install/dog_msgs/include/dog_msgs/dog_msgs/msg/detail/controller_command__type_support.cpp
-- Up-to-date: /home/pip/robocon/ROS2_training/dog_ros2_ws_with_pc/install/dog_msgs/include/dog_msgs/dog_msgs/srv
-- Up-to-date: /home/pip/robocon/ROS2_training/dog_ros2_ws_with_pc/install/dog_msgs/include/dog_msgs/dog_msgs/srv/detail
-- Installing: /home/pip/robocon/ROS2_training/dog_ros2_ws_with_pc/install/dog_msgs/include/dog_msgs/dog_msgs/srv/detail/handle_command__rosidl_typesupport_introspection_cpp.hpp
-- Installing: /home/pip/robocon/ROS2_training/dog_ros2_ws_with_pc/install/dog_msgs/include/dog_msgs/dog_msgs/srv/detail/handle_command__type_support.cpp
-- Installing: /home/pip/robocon/ROS2_training/dog_ros2_ws_with_pc/install/dog_msgs/lib/libdog_msgs__rosidl_typesupport_introspection_cpp.so
-- Set runtime path of "/home/pip/robocon/ROS2_training/dog_ros2_ws_with_pc/install/dog_msgs/lib/libdog_msgs__rosidl_typesupport_introspection_cpp.so" to ""
-- Installing: /home/pip/robocon/ROS2_training/dog_ros2_ws_with_pc/install/dog_msgs/lib/libdog_msgs__rosidl_typesupport_cpp.so
-- Set runtime path of "/home/pip/robocon/ROS2_training/dog_ros2_ws_with_pc/install/dog_msgs/lib/libdog_msgs__rosidl_typesupport_cpp.so" to ""
-- Installing: /home/pip/robocon/ROS2_training/dog_ros2_ws_with_pc/install/dog_msgs/share/dog_msgs/environment/pythonpath.sh
-- Installing: /home/pip/robocon/ROS2_training/dog_ros2_ws_with_pc/install/dog_msgs/share/dog_msgs/environment/pythonpath.dsv
-- Installing: /home/pip/robocon/ROS2_training/dog_ros2_ws_with_pc/install/dog_msgs/local/lib/python3.10/dist-packages/dog_msgs-0.0.0-py3.10.egg-info
-- Installing: /home/pip/robocon/ROS2_training/dog_ros2_ws_with_pc/install/dog_msgs/local/lib/python3.10/dist-packages/dog_msgs-0.0.0-py3.10.egg-info/dependency_links.txt
-- Installing: /home/pip/robocon/ROS2_training/dog_ros2_ws_with_pc/install/dog_msgs/local/lib/python3.10/dist-packages/dog_msgs-0.0.0-py3.10.egg-info/SOURCES.txt
-- Installing: /home/pip/robocon/ROS2_training/dog_ros2_ws_with_pc/install/dog_msgs/local/lib/python3.10/dist-packages/dog_msgs-0.0.0-py3.10.egg-info/PKG-INFO
-- Installing: /home/pip/robocon/ROS2_training/dog_ros2_ws_with_pc/install/dog_msgs/local/lib/python3.10/dist-packages/dog_msgs-0.0.0-py3.10.egg-info/top_level.txt
-- Installing: /home/pip/robocon/ROS2_training/dog_ros2_ws_with_pc/install/dog_msgs/local/lib/python3.10/dist-packages/dog_msgs
-- Installing: /home/pip/robocon/ROS2_training/dog_ros2_ws_with_pc/install/dog_msgs/local/lib/python3.10/dist-packages/dog_msgs/msg
-- Installing: /home/pip/robocon/ROS2_training/dog_ros2_ws_with_pc/install/dog_msgs/local/lib/python3.10/dist-packages/dog_msgs/msg/_controller_command.py
-- Installing: /home/pip/robocon/ROS2_training/dog_ros2_ws_with_pc/install/dog_msgs/local/lib/python3.10/dist-packages/dog_msgs/msg/__init__.py
-- Installing: /home/pip/robocon/ROS2_training/dog_ros2_ws_with_pc/install/dog_msgs/local/lib/python3.10/dist-packages/dog_msgs/msg/_controller_command_s.c
-- Installing: /home/pip/robocon/ROS2_training/dog_ros2_ws_with_pc/install/dog_msgs/local/lib/python3.10/dist-packages/dog_msgs/msg/_motor_state.py
-- Installing: /home/pip/robocon/ROS2_training/dog_ros2_ws_with_pc/install/dog_msgs/local/lib/python3.10/dist-packages/dog_msgs/msg/_motor_state_s.c
-- Installing: /home/pip/robocon/ROS2_training/dog_ros2_ws_with_pc/install/dog_msgs/local/lib/python3.10/dist-packages/dog_msgs/_dog_msgs_s.ep.rosidl_typesupport_c.c
-- Installing: /home/pip/robocon/ROS2_training/dog_ros2_ws_with_pc/install/dog_msgs/local/lib/python3.10/dist-packages/dog_msgs/_dog_msgs_s.ep.rosidl_typesupport_introspection_c.c
-- Installing: /home/pip/robocon/ROS2_training/dog_ros2_ws_with_pc/install/dog_msgs/local/lib/python3.10/dist-packages/dog_msgs/__init__.py
-- Installing: /home/pip/robocon/ROS2_training/dog_ros2_ws_with_pc/install/dog_msgs/local/lib/python3.10/dist-packages/dog_msgs/dog_msgs_s__rosidl_typesupport_introspection_c.cpython-310-x86_64-linux-gnu.so
-- Installing: /home/pip/robocon/ROS2_training/dog_ros2_ws_with_pc/install/dog_msgs/local/lib/python3.10/dist-packages/dog_msgs/srv
-- Installing: /home/pip/robocon/ROS2_training/dog_ros2_ws_with_pc/install/dog_msgs/local/lib/python3.10/dist-packages/dog_msgs/srv/_handle_command.py
-- Installing: /home/pip/robocon/ROS2_training/dog_ros2_ws_with_pc/install/dog_msgs/local/lib/python3.10/dist-packages/dog_msgs/srv/__init__.py
-- Installing: /home/pip/robocon/ROS2_training/dog_ros2_ws_with_pc/install/dog_msgs/local/lib/python3.10/dist-packages/dog_msgs/srv/_handle_command_s.c
-- Installing: /home/pip/robocon/ROS2_training/dog_ros2_ws_with_pc/install/dog_msgs/local/lib/python3.10/dist-packages/dog_msgs/dog_msgs_s__rosidl_typesupport_c.cpython-310-x86_64-linux-gnu.so
-- Installing: /home/pip/robocon/ROS2_training/dog_ros2_ws_with_pc/install/dog_msgs/local/lib/python3.10/dist-packages/dog_msgs/dog_msgs_s__rosidl_typesupport_fastrtps_c.cpython-310-x86_64-linux-gnu.so
-- Installing: /home/pip/robocon/ROS2_training/dog_ros2_ws_with_pc/install/dog_msgs/local/lib/python3.10/dist-packages/dog_msgs/_dog_msgs_s.ep.rosidl_typesupport_fastrtps_c.c
-- Installing: /home/pip/robocon/ROS2_training/dog_ros2_ws_with_pc/install/dog_msgs/local/lib/python3.10/dist-packages/dog_msgs/libdog_msgs__rosidl_generator_py.so
Listing '/home/pip/robocon/ROS2_training/dog_ros2_ws_with_pc/install/dog_msgs/local/lib/python3.10/dist-packages/dog_msgs'...
Compiling '/home/pip/robocon/ROS2_training/dog_ros2_ws_with_pc/install/dog_msgs/local/lib/python3.10/dist-packages/dog_msgs/__init__.py'...
Listing '/home/pip/robocon/ROS2_training/dog_ros2_ws_with_pc/install/dog_msgs/local/lib/python3.10/dist-packages/dog_msgs/msg'...
Compiling '/home/pip/robocon/ROS2_training/dog_ros2_ws_with_pc/install/dog_msgs/local/lib/python3.10/dist-packages/dog_msgs/msg/__init__.py'...
Compiling '/home/pip/robocon/ROS2_training/dog_ros2_ws_with_pc/install/dog_msgs/local/lib/python3.10/dist-packages/dog_msgs/msg/_controller_command.py'...
Compiling '/home/pip/robocon/ROS2_training/dog_ros2_ws_with_pc/install/dog_msgs/local/lib/python3.10/dist-packages/dog_msgs/msg/_motor_state.py'...
Listing '/home/pip/robocon/ROS2_training/dog_ros2_ws_with_pc/install/dog_msgs/local/lib/python3.10/dist-packages/dog_msgs/srv'...
Compiling '/home/pip/robocon/ROS2_training/dog_ros2_ws_with_pc/install/dog_msgs/local/lib/python3.10/dist-packages/dog_msgs/srv/__init__.py'...
Compiling '/home/pip/robocon/ROS2_training/dog_ros2_ws_with_pc/install/dog_msgs/local/lib/python3.10/dist-packages/dog_msgs/srv/_handle_command.py'...
-- Installing: /home/pip/robocon/ROS2_training/dog_ros2_ws_with_pc/install/dog_msgs/local/lib/python3.10/dist-packages/dog_msgs/dog_msgs_s__rosidl_typesupport_fastrtps_c.cpython-310-x86_64-linux-gnu.so
-- Set runtime path of "/home/pip/robocon/ROS2_training/dog_ros2_ws_with_pc/install/dog_msgs/local/lib/python3.10/dist-packages/dog_msgs/dog_msgs_s__rosidl_typesupport_fastrtps_c.cpython-310-x86_64-linux-gnu.so" to ""
-- Installing: /home/pip/robocon/ROS2_training/dog_ros2_ws_with_pc/install/dog_msgs/local/lib/python3.10/dist-packages/dog_msgs/dog_msgs_s__rosidl_typesupport_introspection_c.cpython-310-x86_64-linux-gnu.so
-- Set runtime path of "/home/pip/robocon/ROS2_training/dog_ros2_ws_with_pc/install/dog_msgs/local/lib/python3.10/dist-packages/dog_msgs/dog_msgs_s__rosidl_typesupport_introspection_c.cpython-310-x86_64-linux-gnu.so" to ""
-- Installing: /home/pip/robocon/ROS2_training/dog_ros2_ws_with_pc/install/dog_msgs/local/lib/python3.10/dist-packages/dog_msgs/dog_msgs_s__rosidl_typesupport_c.cpython-310-x86_64-linux-gnu.so
-- Set runtime path of "/home/pip/robocon/ROS2_training/dog_ros2_ws_with_pc/install/dog_msgs/local/lib/python3.10/dist-packages/dog_msgs/dog_msgs_s__rosidl_typesupport_c.cpython-310-x86_64-linux-gnu.so" to ""
-- Installing: /home/pip/robocon/ROS2_training/dog_ros2_ws_with_pc/install/dog_msgs/lib/libdog_msgs__rosidl_generator_py.so
-- Set runtime path of "/home/pip/robocon/ROS2_training/dog_ros2_ws_with_pc/install/dog_msgs/lib/libdog_msgs__rosidl_generator_py.so" to ""
-- Installing: /home/pip/robocon/ROS2_training/dog_ros2_ws_with_pc/install/dog_msgs/share/dog_msgs/rust
-- Installing: /home/pip/robocon/ROS2_training/dog_ros2_ws_with_pc/install/dog_msgs/share/dog_msgs/rust/Cargo.toml
-- Installing: /home/pip/robocon/ROS2_training/dog_ros2_ws_with_pc/install/dog_msgs/share/dog_msgs/rust/src
-- Installing: /home/pip/robocon/ROS2_training/dog_ros2_ws_with_pc/install/dog_msgs/share/dog_msgs/rust/src/msg
-- Installing: /home/pip/robocon/ROS2_training/dog_ros2_ws_with_pc/install/dog_msgs/share/dog_msgs/rust/src/msg/rmw.rs
-- Installing: /home/pip/robocon/ROS2_training/dog_ros2_ws_with_pc/install/dog_msgs/share/dog_msgs/rust/src/msg.rs
-- Installing: /home/pip/robocon/ROS2_training/dog_ros2_ws_with_pc/install/dog_msgs/share/dog_msgs/rust/src/srv
-- Installing: /home/pip/robocon/ROS2_training/dog_ros2_ws_with_pc/install/dog_msgs/share/dog_msgs/rust/src/srv/rmw.rs
-- Installing: /home/pip/robocon/ROS2_training/dog_ros2_ws_with_pc/install/dog_msgs/share/dog_msgs/rust/src/lib.rs
-- Installing: /home/pip/robocon/ROS2_training/dog_ros2_ws_with_pc/install/dog_msgs/share/dog_msgs/rust/src/srv.rs
-- Installing: /home/pip/robocon/ROS2_training/dog_ros2_ws_with_pc/install/dog_msgs/share/dog_msgs/rust/build.rs
-- Installing: /home/pip/robocon/ROS2_training/dog_ros2_ws_with_pc/install/dog_msgs/share/dog_msgs/msg/ControllerCommand.idl
-- Installing: /home/pip/robocon/ROS2_training/dog_ros2_ws_with_pc/install/dog_msgs/share/dog_msgs/msg/MotorState.idl
-- Installing: /home/pip/robocon/ROS2_training/dog_ros2_ws_with_pc/install/dog_msgs/share/dog_msgs/srv/HandleCommand.idl
-- Installing: /home/pip/robocon/ROS2_training/dog_ros2_ws_with_pc/install/dog_msgs/share/dog_msgs/msg/ControllerCommand.msg
-- Installing: /home/pip/robocon/ROS2_training/dog_ros2_ws_with_pc/install/dog_msgs/share/dog_msgs/msg/MotorState.msg
-- Installing: /home/pip/robocon/ROS2_training/dog_ros2_ws_with_pc/install/dog_msgs/share/dog_msgs/srv/HandleCommand.srv
-- Installing: /home/pip/robocon/ROS2_training/dog_ros2_ws_with_pc/install/dog_msgs/share/dog_msgs/srv/HandleCommand_Request.msg
-- Installing: /home/pip/robocon/ROS2_training/dog_ros2_ws_with_pc/install/dog_msgs/share/dog_msgs/srv/HandleCommand_Response.msg
-- Installing: /home/pip/robocon/ROS2_training/dog_ros2_ws_with_pc/install/dog_msgs/share/ament_index/resource_index/package_run_dependencies/dog_msgs
-- Installing: /home/pip/robocon/ROS2_training/dog_ros2_ws_with_pc/install/dog_msgs/share/ament_index/resource_index/parent_prefix_path/dog_msgs
-- Installing: /home/pip/robocon/ROS2_training/dog_ros2_ws_with_pc/install/dog_msgs/share/dog_msgs/environment/ament_prefix_path.sh
-- Installing: /home/pip/robocon/ROS2_training/dog_ros2_ws_with_pc/install/dog_msgs/share/dog_msgs/environment/ament_prefix_path.dsv
-- Installing: /home/pip/robocon/ROS2_training/dog_ros2_ws_with_pc/install/dog_msgs/share/dog_msgs/environment/path.sh
-- Installing: /home/pip/robocon/ROS2_training/dog_ros2_ws_with_pc/install/dog_msgs/share/dog_msgs/environment/path.dsv
-- Installing: /home/pip/robocon/ROS2_training/dog_ros2_ws_with_pc/install/dog_msgs/share/dog_msgs/local_setup.bash
-- Installing: /home/pip/robocon/ROS2_training/dog_ros2_ws_with_pc/install/dog_msgs/share/dog_msgs/local_setup.sh
-- Installing: /home/pip/robocon/ROS2_training/dog_ros2_ws_with_pc/install/dog_msgs/share/dog_msgs/local_setup.zsh
-- Installing: /home/pip/robocon/ROS2_training/dog_ros2_ws_with_pc/install/dog_msgs/share/dog_msgs/local_setup.dsv
-- Installing: /home/pip/robocon/ROS2_training/dog_ros2_ws_with_pc/install/dog_msgs/share/dog_msgs/package.dsv
-- Installing: /home/pip/robocon/ROS2_training/dog_ros2_ws_with_pc/install/dog_msgs/share/ament_index/resource_index/packages/dog_msgs
-- Installing: /home/pip/robocon/ROS2_training/dog_ros2_ws_with_pc/install/dog_msgs/share/dog_msgs/cmake/export_dog_msgs__rosidl_generator_cExport.cmake
-- Installing: /home/pip/robocon/ROS2_training/dog_ros2_ws_with_pc/install/dog_msgs/share/dog_msgs/cmake/export_dog_msgs__rosidl_generator_cExport-noconfig.cmake
-- Installing: /home/pip/robocon/ROS2_training/dog_ros2_ws_with_pc/install/dog_msgs/share/dog_msgs/cmake/export_dog_msgs__rosidl_typesupport_fastrtps_cExport.cmake
-- Installing: /home/pip/robocon/ROS2_training/dog_ros2_ws_with_pc/install/dog_msgs/share/dog_msgs/cmake/export_dog_msgs__rosidl_typesupport_fastrtps_cExport-noconfig.cmake
-- Installing: /home/pip/robocon/ROS2_training/dog_ros2_ws_with_pc/install/dog_msgs/share/dog_msgs/cmake/dog_msgs__rosidl_typesupport_introspection_cExport.cmake
-- Installing: /home/pip/robocon/ROS2_training/dog_ros2_ws_with_pc/install/dog_msgs/share/dog_msgs/cmake/dog_msgs__rosidl_typesupport_introspection_cExport-noconfig.cmake
-- Installing: /home/pip/robocon/ROS2_training/dog_ros2_ws_with_pc/install/dog_msgs/share/dog_msgs/cmake/dog_msgs__rosidl_typesupport_cExport.cmake
-- Installing: /home/pip/robocon/ROS2_training/dog_ros2_ws_with_pc/install/dog_msgs/share/dog_msgs/cmake/dog_msgs__rosidl_typesupport_cExport-noconfig.cmake
-- Installing: /home/pip/robocon/ROS2_training/dog_ros2_ws_with_pc/install/dog_msgs/share/dog_msgs/cmake/export_dog_msgs__rosidl_generator_cppExport.cmake
-- Installing: /home/pip/robocon/ROS2_training/dog_ros2_ws_with_pc/install/dog_msgs/share/dog_msgs/cmake/export_dog_msgs__rosidl_typesupport_fastrtps_cppExport.cmake
-- Installing: /home/pip/robocon/ROS2_training/dog_ros2_ws_with_pc/install/dog_msgs/share/dog_msgs/cmake/export_dog_msgs__rosidl_typesupport_fastrtps_cppExport-noconfig.cmake
-- Installing: /home/pip/robocon/ROS2_training/dog_ros2_ws_with_pc/install/dog_msgs/share/dog_msgs/cmake/dog_msgs__rosidl_typesupport_introspection_cppExport.cmake
-- Installing: /home/pip/robocon/ROS2_training/dog_ros2_ws_with_pc/install/dog_msgs/share/dog_msgs/cmake/dog_msgs__rosidl_typesupport_introspection_cppExport-noconfig.cmake
-- Installing: /home/pip/robocon/ROS2_training/dog_ros2_ws_with_pc/install/dog_msgs/share/dog_msgs/cmake/dog_msgs__rosidl_typesupport_cppExport.cmake
-- Installing: /home/pip/robocon/ROS2_training/dog_ros2_ws_with_pc/install/dog_msgs/share/dog_msgs/cmake/dog_msgs__rosidl_typesupport_cppExport-noconfig.cmake
-- Installing: /home/pip/robocon/ROS2_training/dog_ros2_ws_with_pc/install/dog_msgs/share/dog_msgs/cmake/export_dog_msgs__rosidl_generator_pyExport.cmake
-- Installing: /home/pip/robocon/ROS2_training/dog_ros2_ws_with_pc/install/dog_msgs/share/dog_msgs/cmake/export_dog_msgs__rosidl_generator_pyExport-noconfig.cmake
-- Installing: /home/pip/robocon/ROS2_training/dog_ros2_ws_with_pc/install/dog_msgs/share/dog_msgs/cmake/rosidl_cmake-extras.cmake
-- Installing: /home/pip/robocon/ROS2_training/dog_ros2_ws_with_pc/install/dog_msgs/share/dog_msgs/cmake/ament_cmake_export_include_directories-extras.cmake
-- Installing: /home/pip/robocon/ROS2_training/dog_ros2_ws_with_pc/install/dog_msgs/share/dog_msgs/cmake/ament_cmake_export_libraries-extras.cmake
-- Installing: /home/pip/robocon/ROS2_training/dog_ros2_ws_with_pc/install/dog_msgs/share/dog_msgs/cmake/ament_cmake_export_targets-extras.cmake
-- Installing: /home/pip/robocon/ROS2_training/dog_ros2_ws_with_pc/install/dog_msgs/share/dog_msgs/cmake/rosidl_cmake_export_typesupport_targets-extras.cmake
-- Installing: /home/pip/robocon/ROS2_training/dog_ros2_ws_with_pc/install/dog_msgs/share/dog_msgs/cmake/ament_cmake_export_dependencies-extras.cmake
-- Installing: /home/pip/robocon/ROS2_training/dog_ros2_ws_with_pc/install/dog_msgs/share/dog_msgs/cmake/rosidl_cmake_export_typesupport_libraries-extras.cmake
-- Installing: /home/pip/robocon/ROS2_training/dog_ros2_ws_with_pc/install/dog_msgs/share/dog_msgs/cmake/rosidl_cmake_aggregate_target-extras.cmake
-- Installing: /home/pip/robocon/ROS2_training/dog_ros2_ws_with_pc/install/dog_msgs/share/dog_msgs/cmake/dog_msgsConfig.cmake
-- Installing: /home/pip/robocon/ROS2_training/dog_ros2_ws_with_pc/install/dog_msgs/share/dog_msgs/cmake/dog_msgsConfig-version.cmake
-- Installing: /home/pip/robocon/ROS2_training/dog_ros2_ws_with_pc/install/dog_msgs/share/dog_msgs/package.xml
