[0.012s] Invoking command in '/home/pip/robocon/ROS2_training/dog_ros2_ws_with_pc/build/dog_msgs': /usr/bin/cmake /home/pip/robocon/ROS2_training/dog_ros2_ws_with_pc/src/dog_msgs -DCATKIN_INSTALL_INTO_PREFIX_ROOT=0 -DCATKIN_SYMLINK_INSTALL=ON -DCMAKE_INSTALL_PREFIX=/home/pip/robocon/ROS2_training/dog_ros2_ws_with_pc/install/dog_msgs
[0.067s] -- The C compiler identification is GNU 11.4.0
[0.122s] -- The CXX compiler identification is GNU 11.4.0
[0.128s] -- Detecting C compiler ABI info
[0.202s] -- Detecting C compiler ABI info - done
[0.209s] -- Check for working C compiler: /usr/bin/cc - skipped
[0.209s] -- Detecting C compile features
[0.209s] -- Detecting C compile features - done
[0.211s] -- Detecting CXX compiler ABI info
[0.300s] -- Detecting CXX compiler ABI info - done
[0.305s] -- Check for working CXX compiler: /usr/bin/c++ - skipped
[0.306s] -- Detecting CXX compile features
[0.306s] -- Detecting CXX compile features - done
[0.309s] -- Found ament_cmake: 1.3.14 (/opt/ros/humble/share/ament_cmake/cmake)
[0.444s] -- Found Python3: /usr/bin/python3 (found version "3.10.12") found components: Interpreter 
[0.522s] -- Found rosidl_default_generators: 1.2.1 (/opt/ros/humble/share/rosidl_default_generators/cmake)
[0.524s] -- Using all available rosidl_typesupport_c: rosidl_typesupport_fastrtps_c;rosidl_typesupport_introspection_c
[0.528s] -- Found rosidl_adapter: 3.1.9 (/opt/ros/humble/share/rosidl_adapter/cmake)
[0.557s] -- Using all available rosidl_typesupport_cpp: rosidl_typesupport_fastrtps_cpp;rosidl_typesupport_introspection_cpp
[0.757s] -- Found ament_cmake_ros: 0.10.1 (/opt/ros/humble/share/ament_cmake_ros/cmake)
[0.913s] -- Using all available rosidl_typesupport_c: rosidl_typesupport_fastrtps_c;rosidl_typesupport_introspection_c
[1.144s] -- Using all available rosidl_typesupport_cpp: rosidl_typesupport_fastrtps_cpp;rosidl_typesupport_introspection_cpp
[1.163s] -- Found PythonInterp: /usr/bin/python3 (found suitable version "3.10.12", minimum required is "3.6") 
[1.165s] -- Found python_cmake_module: 0.10.0 (/opt/ros/humble/share/python_cmake_module/cmake)
[1.189s] -- Found PythonLibs: /usr/lib/x86_64-linux-gnu/libpython3.10.so (found suitable version "3.10.12", minimum required is "3.5") 
[1.189s] -- Using PYTHON_EXECUTABLE: /usr/bin/python3
[1.189s] -- Using PYTHON_INCLUDE_DIRS: /usr/include/python3.10
[1.189s] -- Using PYTHON_LIBRARIES: /usr/lib/x86_64-linux-gnu/libpython3.10.so
[1.204s] -- Found PythonExtra: .so  
[1.295s] -- Configuring done
[1.322s] -- Generating done
[1.324s] [33mCMake Warning:
[1.324s]   Manually-specified variables were not used by the project:
[1.324s] 
[1.324s]     CATKIN_INSTALL_INTO_PREFIX_ROOT
[1.324s]     CATKIN_SYMLINK_INSTALL
[1.324s] 
[1.324s] [0m
[1.332s] -- Build files have been written to: /home/pip/robocon/ROS2_training/dog_ros2_ws_with_pc/build/dog_msgs
[1.348s] Invoked command in '/home/pip/robocon/ROS2_training/dog_ros2_ws_with_pc/build/dog_msgs' returned '0': /usr/bin/cmake /home/pip/robocon/ROS2_training/dog_ros2_ws_with_pc/src/dog_msgs -DCATKIN_INSTALL_INTO_PREFIX_ROOT=0 -DCATKIN_SYMLINK_INSTALL=ON -DCMAKE_INSTALL_PREFIX=/home/pip/robocon/ROS2_training/dog_ros2_ws_with_pc/install/dog_msgs
[1.350s] Invoking command in '/home/pip/robocon/ROS2_training/dog_ros2_ws_with_pc/build/dog_msgs': /usr/bin/cmake --build /home/pip/robocon/ROS2_training/dog_ros2_ws_with_pc/build/dog_msgs -- -j32 -l32
[1.390s] [  2%] [34m[1mGenerating C code for ROS interfaces[0m
[1.392s] [  4%] [34m[1mGenerating C++ code for ROS interfaces[0m
[1.393s] [  6%] [34m[1mGenerating Rust code for ROS interfaces[0m
[1.400s] [  6%] Built target ament_cmake_python_copy_dog_msgs
[1.547s] running egg_info
[1.548s] creating dog_msgs.egg-info
[1.548s] writing dog_msgs.egg-info/PKG-INFO
[1.548s] writing dependency_links to dog_msgs.egg-info/dependency_links.txt
[1.548s] writing top-level names to dog_msgs.egg-info/top_level.txt
[1.548s] writing manifest file 'dog_msgs.egg-info/SOURCES.txt'
[1.549s] reading manifest file 'dog_msgs.egg-info/SOURCES.txt'
[1.549s] writing manifest file 'dog_msgs.egg-info/SOURCES.txt'
[1.575s] [  6%] Built target dog_msgs__rs
[1.577s] [  6%] Built target ament_cmake_python_build_dog_msgs_egg
[1.620s] [  6%] Built target dog_msgs__cpp
[1.630s] [  8%] [34m[1mGenerating C++ type support dispatch for ROS interfaces[0m
[1.631s] [ 12%] [34m[1mGenerating C++ introspection for ROS interfaces[0m
[1.631s] [ 12%] [34m[1mGenerating C++ type support for eProsima Fast-RTPS[0m
[1.636s] [ 16%] [32mBuilding C object CMakeFiles/dog_msgs__rosidl_generator_c.dir/rosidl_generator_c/dog_msgs/srv/detail/handle_command__functions.c.o[0m
[1.636s] [ 16%] [32mBuilding C object CMakeFiles/dog_msgs__rosidl_generator_c.dir/rosidl_generator_c/dog_msgs/msg/detail/motor_state__functions.c.o[0m
[1.636s] [ 18%] [32mBuilding C object CMakeFiles/dog_msgs__rosidl_generator_c.dir/rosidl_generator_c/dog_msgs/msg/detail/controller_command__functions.c.o[0m
[1.690s] [ 20%] [32m[1mLinking C shared library libdog_msgs__rosidl_generator_c.so[0m
[1.728s] [ 20%] Built target dog_msgs__rosidl_generator_c
[1.739s] [ 22%] [34m[1mGenerating C type support dispatch for ROS interfaces[0m
[1.739s] [ 25%] [34m[1mGenerating C type support for eProsima Fast-RTPS[0m
[1.741s] [ 27%] [34m[1mGenerating C introspection for ROS interfaces[0m
[1.838s] [ 33%] [32mBuilding CXX object CMakeFiles/dog_msgs__rosidl_typesupport_cpp.dir/rosidl_typesupport_cpp/dog_msgs/srv/handle_command__type_support.cpp.o[0m
[1.838s] [ 33%] [32mBuilding CXX object CMakeFiles/dog_msgs__rosidl_typesupport_cpp.dir/rosidl_typesupport_cpp/dog_msgs/msg/controller_command__type_support.cpp.o[0m
[1.838s] [ 33%] [32mBuilding CXX object CMakeFiles/dog_msgs__rosidl_typesupport_cpp.dir/rosidl_typesupport_cpp/dog_msgs/msg/motor_state__type_support.cpp.o[0m
[1.874s] [ 39%] [32mBuilding CXX object CMakeFiles/dog_msgs__rosidl_typesupport_introspection_cpp.dir/rosidl_typesupport_introspection_cpp/dog_msgs/msg/detail/motor_state__type_support.cpp.o[0m
[1.874s] [ 39%] [32mBuilding CXX object CMakeFiles/dog_msgs__rosidl_typesupport_introspection_cpp.dir/rosidl_typesupport_introspection_cpp/dog_msgs/msg/detail/controller_command__type_support.cpp.o[0m
[1.875s] [ 39%] [32mBuilding CXX object CMakeFiles/dog_msgs__rosidl_typesupport_introspection_cpp.dir/rosidl_typesupport_introspection_cpp/dog_msgs/srv/detail/handle_command__type_support.cpp.o[0m
[1.899s] [ 43%] [32mBuilding CXX object CMakeFiles/dog_msgs__rosidl_typesupport_fastrtps_cpp.dir/rosidl_typesupport_fastrtps_cpp/dog_msgs/srv/detail/dds_fastrtps/handle_command__type_support.cpp.o[0m
[1.899s] [ 43%] [32mBuilding CXX object CMakeFiles/dog_msgs__rosidl_typesupport_fastrtps_cpp.dir/rosidl_typesupport_fastrtps_cpp/dog_msgs/msg/detail/dds_fastrtps/controller_command__type_support.cpp.o[0m
[1.900s] [ 45%] [32mBuilding CXX object CMakeFiles/dog_msgs__rosidl_typesupport_fastrtps_cpp.dir/rosidl_typesupport_fastrtps_cpp/dog_msgs/msg/detail/dds_fastrtps/motor_state__type_support.cpp.o[0m
[1.982s] [ 50%] [32mBuilding CXX object CMakeFiles/dog_msgs__rosidl_typesupport_c.dir/rosidl_typesupport_c/dog_msgs/msg/controller_command__type_support.cpp.o[0m
[1.982s] [ 50%] [32mBuilding CXX object CMakeFiles/dog_msgs__rosidl_typesupport_c.dir/rosidl_typesupport_c/dog_msgs/msg/motor_state__type_support.cpp.o[0m
[1.983s] [ 52%] [32mBuilding CXX object CMakeFiles/dog_msgs__rosidl_typesupport_c.dir/rosidl_typesupport_c/dog_msgs/srv/handle_command__type_support.cpp.o[0m
[2.017s] [ 58%] [32mBuilding C object CMakeFiles/dog_msgs__rosidl_typesupport_introspection_c.dir/rosidl_typesupport_introspection_c/dog_msgs/msg/detail/controller_command__type_support.c.o[0m
[2.017s] [ 58%] [32mBuilding C object CMakeFiles/dog_msgs__rosidl_typesupport_introspection_c.dir/rosidl_typesupport_introspection_c/dog_msgs/msg/detail/motor_state__type_support.c.o[0m
[2.017s] [ 58%] [32mBuilding CXX object CMakeFiles/dog_msgs__rosidl_typesupport_fastrtps_c.dir/rosidl_typesupport_fastrtps_c/dog_msgs/msg/detail/controller_command__type_support_c.cpp.o[0m
[2.018s] [ 62%] [32mBuilding CXX object CMakeFiles/dog_msgs__rosidl_typesupport_fastrtps_c.dir/rosidl_typesupport_fastrtps_c/dog_msgs/msg/detail/motor_state__type_support_c.cpp.o[0m
[2.018s] [ 62%] [32mBuilding CXX object CMakeFiles/dog_msgs__rosidl_typesupport_fastrtps_c.dir/rosidl_typesupport_fastrtps_c/dog_msgs/srv/detail/handle_command__type_support_c.cpp.o[0m
[2.018s] [ 64%] [32mBuilding C object CMakeFiles/dog_msgs__rosidl_typesupport_introspection_c.dir/rosidl_typesupport_introspection_c/dog_msgs/srv/detail/handle_command__type_support.c.o[0m
[2.029s] [ 66%] [32m[1mLinking CXX shared library libdog_msgs__rosidl_typesupport_c.so[0m
[2.078s] [ 68%] [32m[1mLinking C shared library libdog_msgs__rosidl_typesupport_introspection_c.so[0m
[2.112s] [ 68%] Built target dog_msgs__rosidl_typesupport_c
[2.122s] [ 68%] Built target dog_msgs__rosidl_typesupport_introspection_c
[2.175s] [ 70%] [32m[1mLinking CXX shared library libdog_msgs__rosidl_typesupport_cpp.so[0m
[2.241s] [ 70%] Built target dog_msgs__rosidl_typesupport_cpp
[2.307s] [ 72%] [32m[1mLinking CXX shared library libdog_msgs__rosidl_typesupport_introspection_cpp.so[0m
[2.350s] [ 75%] [32m[1mLinking CXX shared library libdog_msgs__rosidl_typesupport_fastrtps_cpp.so[0m
[2.352s] [ 77%] [32m[1mLinking CXX shared library libdog_msgs__rosidl_typesupport_fastrtps_c.so[0m
[2.376s] [ 77%] Built target dog_msgs__rosidl_typesupport_introspection_cpp
[2.417s] [ 77%] Built target dog_msgs__rosidl_typesupport_fastrtps_cpp
[2.431s] [ 77%] Built target dog_msgs__rosidl_typesupport_fastrtps_c
[2.451s] [ 77%] Built target dog_msgs
[2.465s] [ 79%] [34m[1mGenerating Python code for ROS interfaces[0m
[2.771s] [ 79%] Built target dog_msgs__py
[2.787s] [ 83%] [32mBuilding C object CMakeFiles/dog_msgs__rosidl_generator_py.dir/rosidl_generator_py/dog_msgs/msg/_motor_state_s.c.o[0m
[2.787s] [ 83%] [32mBuilding C object CMakeFiles/dog_msgs__rosidl_generator_py.dir/rosidl_generator_py/dog_msgs/msg/_controller_command_s.c.o[0m
[2.789s] [ 85%] [32mBuilding C object CMakeFiles/dog_msgs__rosidl_generator_py.dir/rosidl_generator_py/dog_msgs/srv/_handle_command_s.c.o[0m
[2.860s] [ 87%] [32m[1mLinking C shared library rosidl_generator_py/dog_msgs/libdog_msgs__rosidl_generator_py.so[0m
[2.887s] [ 87%] Built target dog_msgs__rosidl_generator_py
[2.901s] [ 91%] [32mBuilding C object CMakeFiles/dog_msgs__rosidl_typesupport_introspection_c__pyext.dir/rosidl_generator_py/dog_msgs/_dog_msgs_s.ep.rosidl_typesupport_introspection_c.c.o[0m
[2.901s] [ 91%] [32mBuilding C object CMakeFiles/dog_msgs__rosidl_typesupport_fastrtps_c__pyext.dir/rosidl_generator_py/dog_msgs/_dog_msgs_s.ep.rosidl_typesupport_fastrtps_c.c.o[0m
[2.906s] [ 93%] [32mBuilding C object CMakeFiles/dog_msgs__rosidl_typesupport_c__pyext.dir/rosidl_generator_py/dog_msgs/_dog_msgs_s.ep.rosidl_typesupport_c.c.o[0m
[2.970s] [ 97%] [32m[1mLinking C shared library rosidl_generator_py/dog_msgs/dog_msgs_s__rosidl_typesupport_introspection_c.cpython-310-x86_64-linux-gnu.so[0m
[2.970s] [ 97%] [32m[1mLinking C shared library rosidl_generator_py/dog_msgs/dog_msgs_s__rosidl_typesupport_fastrtps_c.cpython-310-x86_64-linux-gnu.so[0m
[2.973s] [100%] [32m[1mLinking C shared library rosidl_generator_py/dog_msgs/dog_msgs_s__rosidl_typesupport_c.cpython-310-x86_64-linux-gnu.so[0m
[2.999s] [100%] Built target dog_msgs__rosidl_typesupport_introspection_c__pyext
[3.000s] [100%] Built target dog_msgs__rosidl_typesupport_fastrtps_c__pyext
[3.003s] [100%] Built target dog_msgs__rosidl_typesupport_c__pyext
[3.013s] Invoked command in '/home/pip/robocon/ROS2_training/dog_ros2_ws_with_pc/build/dog_msgs' returned '0': /usr/bin/cmake --build /home/pip/robocon/ROS2_training/dog_ros2_ws_with_pc/build/dog_msgs -- -j32 -l32
[3.020s] Invoking command in '/home/pip/robocon/ROS2_training/dog_ros2_ws_with_pc/build/dog_msgs': /usr/bin/cmake --install /home/pip/robocon/ROS2_training/dog_ros2_ws_with_pc/build/dog_msgs
[3.026s] -- Install configuration: ""
[3.026s] -- Installing: /home/pip/robocon/ROS2_training/dog_ros2_ws_with_pc/install/dog_msgs/share/ament_index/resource_index/rosidl_interfaces/dog_msgs
[3.026s] -- Installing: /home/pip/robocon/ROS2_training/dog_ros2_ws_with_pc/install/dog_msgs/include/dog_msgs/dog_msgs
[3.026s] -- Installing: /home/pip/robocon/ROS2_training/dog_ros2_ws_with_pc/install/dog_msgs/include/dog_msgs/dog_msgs/msg
[3.026s] -- Installing: /home/pip/robocon/ROS2_training/dog_ros2_ws_with_pc/install/dog_msgs/include/dog_msgs/dog_msgs/msg/motor_state.h
[3.026s] -- Installing: /home/pip/robocon/ROS2_training/dog_ros2_ws_with_pc/install/dog_msgs/include/dog_msgs/dog_msgs/msg/rosidl_generator_c__visibility_control.h
[3.026s] -- Installing: /home/pip/robocon/ROS2_training/dog_ros2_ws_with_pc/install/dog_msgs/include/dog_msgs/dog_msgs/msg/controller_command.h
[3.026s] -- Installing: /home/pip/robocon/ROS2_training/dog_ros2_ws_with_pc/install/dog_msgs/include/dog_msgs/dog_msgs/msg/detail
[3.027s] -- Installing: /home/pip/robocon/ROS2_training/dog_ros2_ws_with_pc/install/dog_msgs/include/dog_msgs/dog_msgs/msg/detail/controller_command__functions.h
[3.027s] -- Installing: /home/pip/robocon/ROS2_training/dog_ros2_ws_with_pc/install/dog_msgs/include/dog_msgs/dog_msgs/msg/detail/motor_state__functions.h
[3.027s] -- Installing: /home/pip/robocon/ROS2_training/dog_ros2_ws_with_pc/install/dog_msgs/include/dog_msgs/dog_msgs/msg/detail/controller_command__struct.h
[3.027s] -- Installing: /home/pip/robocon/ROS2_training/dog_ros2_ws_with_pc/install/dog_msgs/include/dog_msgs/dog_msgs/msg/detail/motor_state__struct.h
[3.027s] -- Installing: /home/pip/robocon/ROS2_training/dog_ros2_ws_with_pc/install/dog_msgs/include/dog_msgs/dog_msgs/msg/detail/controller_command__functions.c
[3.027s] -- Installing: /home/pip/robocon/ROS2_training/dog_ros2_ws_with_pc/install/dog_msgs/include/dog_msgs/dog_msgs/msg/detail/motor_state__type_support.h
[3.027s] -- Installing: /home/pip/robocon/ROS2_training/dog_ros2_ws_with_pc/install/dog_msgs/include/dog_msgs/dog_msgs/msg/detail/motor_state__functions.c
[3.027s] -- Installing: /home/pip/robocon/ROS2_training/dog_ros2_ws_with_pc/install/dog_msgs/include/dog_msgs/dog_msgs/msg/detail/controller_command__type_support.h
[3.027s] -- Installing: /home/pip/robocon/ROS2_training/dog_ros2_ws_with_pc/install/dog_msgs/include/dog_msgs/dog_msgs/srv
[3.027s] -- Installing: /home/pip/robocon/ROS2_training/dog_ros2_ws_with_pc/install/dog_msgs/include/dog_msgs/dog_msgs/srv/handle_command.h
[3.027s] -- Installing: /home/pip/robocon/ROS2_training/dog_ros2_ws_with_pc/install/dog_msgs/include/dog_msgs/dog_msgs/srv/detail
[3.028s] -- Installing: /home/pip/robocon/ROS2_training/dog_ros2_ws_with_pc/install/dog_msgs/include/dog_msgs/dog_msgs/srv/detail/handle_command__functions.c
[3.028s] -- Installing: /home/pip/robocon/ROS2_training/dog_ros2_ws_with_pc/install/dog_msgs/include/dog_msgs/dog_msgs/srv/detail/handle_command__functions.h
[3.028s] -- Installing: /home/pip/robocon/ROS2_training/dog_ros2_ws_with_pc/install/dog_msgs/include/dog_msgs/dog_msgs/srv/detail/handle_command__struct.h
[3.028s] -- Installing: /home/pip/robocon/ROS2_training/dog_ros2_ws_with_pc/install/dog_msgs/include/dog_msgs/dog_msgs/srv/detail/handle_command__type_support.h
[3.028s] -- Installing: /home/pip/robocon/ROS2_training/dog_ros2_ws_with_pc/install/dog_msgs/share/dog_msgs/environment/library_path.sh
[3.028s] -- Installing: /home/pip/robocon/ROS2_training/dog_ros2_ws_with_pc/install/dog_msgs/share/dog_msgs/environment/library_path.dsv
[3.028s] -- Installing: /home/pip/robocon/ROS2_training/dog_ros2_ws_with_pc/install/dog_msgs/lib/libdog_msgs__rosidl_generator_c.so
[3.029s] -- Set runtime path of "/home/pip/robocon/ROS2_training/dog_ros2_ws_with_pc/install/dog_msgs/lib/libdog_msgs__rosidl_generator_c.so" to ""
[3.029s] -- Up-to-date: /home/pip/robocon/ROS2_training/dog_ros2_ws_with_pc/install/dog_msgs/include/dog_msgs/dog_msgs
[3.029s] -- Up-to-date: /home/pip/robocon/ROS2_training/dog_ros2_ws_with_pc/install/dog_msgs/include/dog_msgs/dog_msgs/msg
[3.029s] -- Installing: /home/pip/robocon/ROS2_training/dog_ros2_ws_with_pc/install/dog_msgs/include/dog_msgs/dog_msgs/msg/rosidl_typesupport_fastrtps_c__visibility_control.h
[3.029s] -- Up-to-date: /home/pip/robocon/ROS2_training/dog_ros2_ws_with_pc/install/dog_msgs/include/dog_msgs/dog_msgs/msg/detail
[3.029s] -- Installing: /home/pip/robocon/ROS2_training/dog_ros2_ws_with_pc/install/dog_msgs/include/dog_msgs/dog_msgs/msg/detail/motor_state__rosidl_typesupport_fastrtps_c.h
[3.029s] -- Installing: /home/pip/robocon/ROS2_training/dog_ros2_ws_with_pc/install/dog_msgs/include/dog_msgs/dog_msgs/msg/detail/controller_command__rosidl_typesupport_fastrtps_c.h
[3.029s] -- Up-to-date: /home/pip/robocon/ROS2_training/dog_ros2_ws_with_pc/install/dog_msgs/include/dog_msgs/dog_msgs/srv
[3.029s] -- Up-to-date: /home/pip/robocon/ROS2_training/dog_ros2_ws_with_pc/install/dog_msgs/include/dog_msgs/dog_msgs/srv/detail
[3.029s] -- Installing: /home/pip/robocon/ROS2_training/dog_ros2_ws_with_pc/install/dog_msgs/include/dog_msgs/dog_msgs/srv/detail/handle_command__rosidl_typesupport_fastrtps_c.h
[3.029s] -- Installing: /home/pip/robocon/ROS2_training/dog_ros2_ws_with_pc/install/dog_msgs/lib/libdog_msgs__rosidl_typesupport_fastrtps_c.so
[3.030s] -- Set runtime path of "/home/pip/robocon/ROS2_training/dog_ros2_ws_with_pc/install/dog_msgs/lib/libdog_msgs__rosidl_typesupport_fastrtps_c.so" to ""
[3.030s] -- Up-to-date: /home/pip/robocon/ROS2_training/dog_ros2_ws_with_pc/install/dog_msgs/include/dog_msgs/dog_msgs
[3.030s] -- Up-to-date: /home/pip/robocon/ROS2_training/dog_ros2_ws_with_pc/install/dog_msgs/include/dog_msgs/dog_msgs/msg
[3.030s] -- Installing: /home/pip/robocon/ROS2_training/dog_ros2_ws_with_pc/install/dog_msgs/include/dog_msgs/dog_msgs/msg/rosidl_typesupport_introspection_c__visibility_control.h
[3.030s] -- Up-to-date: /home/pip/robocon/ROS2_training/dog_ros2_ws_with_pc/install/dog_msgs/include/dog_msgs/dog_msgs/msg/detail
[3.030s] -- Installing: /home/pip/robocon/ROS2_training/dog_ros2_ws_with_pc/install/dog_msgs/include/dog_msgs/dog_msgs/msg/detail/controller_command__type_support.c
[3.030s] -- Installing: /home/pip/robocon/ROS2_training/dog_ros2_ws_with_pc/install/dog_msgs/include/dog_msgs/dog_msgs/msg/detail/motor_state__rosidl_typesupport_introspection_c.h
[3.030s] -- Installing: /home/pip/robocon/ROS2_training/dog_ros2_ws_with_pc/install/dog_msgs/include/dog_msgs/dog_msgs/msg/detail/controller_command__rosidl_typesupport_introspection_c.h
[3.030s] -- Installing: /home/pip/robocon/ROS2_training/dog_ros2_ws_with_pc/install/dog_msgs/include/dog_msgs/dog_msgs/msg/detail/motor_state__type_support.c
[3.030s] -- Up-to-date: /home/pip/robocon/ROS2_training/dog_ros2_ws_with_pc/install/dog_msgs/include/dog_msgs/dog_msgs/srv
[3.031s] -- Up-to-date: /home/pip/robocon/ROS2_training/dog_ros2_ws_with_pc/install/dog_msgs/include/dog_msgs/dog_msgs/srv/detail
[3.031s] -- Installing: /home/pip/robocon/ROS2_training/dog_ros2_ws_with_pc/install/dog_msgs/include/dog_msgs/dog_msgs/srv/detail/handle_command__type_support.c
[3.031s] -- Installing: /home/pip/robocon/ROS2_training/dog_ros2_ws_with_pc/install/dog_msgs/include/dog_msgs/dog_msgs/srv/detail/handle_command__rosidl_typesupport_introspection_c.h
[3.031s] -- Installing: /home/pip/robocon/ROS2_training/dog_ros2_ws_with_pc/install/dog_msgs/lib/libdog_msgs__rosidl_typesupport_introspection_c.so
[3.031s] -- Set runtime path of "/home/pip/robocon/ROS2_training/dog_ros2_ws_with_pc/install/dog_msgs/lib/libdog_msgs__rosidl_typesupport_introspection_c.so" to ""
[3.031s] -- Installing: /home/pip/robocon/ROS2_training/dog_ros2_ws_with_pc/install/dog_msgs/lib/libdog_msgs__rosidl_typesupport_c.so
[3.032s] -- Set runtime path of "/home/pip/robocon/ROS2_training/dog_ros2_ws_with_pc/install/dog_msgs/lib/libdog_msgs__rosidl_typesupport_c.so" to ""
[3.032s] -- Up-to-date: /home/pip/robocon/ROS2_training/dog_ros2_ws_with_pc/install/dog_msgs/include/dog_msgs/dog_msgs
[3.032s] -- Up-to-date: /home/pip/robocon/ROS2_training/dog_ros2_ws_with_pc/install/dog_msgs/include/dog_msgs/dog_msgs/msg
[3.032s] -- Installing: /home/pip/robocon/ROS2_training/dog_ros2_ws_with_pc/install/dog_msgs/include/dog_msgs/dog_msgs/msg/rosidl_generator_cpp__visibility_control.hpp
[3.032s] -- Installing: /home/pip/robocon/ROS2_training/dog_ros2_ws_with_pc/install/dog_msgs/include/dog_msgs/dog_msgs/msg/motor_state.hpp
[3.032s] -- Installing: /home/pip/robocon/ROS2_training/dog_ros2_ws_with_pc/install/dog_msgs/include/dog_msgs/dog_msgs/msg/controller_command.hpp
[3.032s] -- Up-to-date: /home/pip/robocon/ROS2_training/dog_ros2_ws_with_pc/install/dog_msgs/include/dog_msgs/dog_msgs/msg/detail
[3.032s] -- Installing: /home/pip/robocon/ROS2_training/dog_ros2_ws_with_pc/install/dog_msgs/include/dog_msgs/dog_msgs/msg/detail/controller_command__builder.hpp
[3.032s] -- Installing: /home/pip/robocon/ROS2_training/dog_ros2_ws_with_pc/install/dog_msgs/include/dog_msgs/dog_msgs/msg/detail/controller_command__struct.hpp
[3.032s] -- Installing: /home/pip/robocon/ROS2_training/dog_ros2_ws_with_pc/install/dog_msgs/include/dog_msgs/dog_msgs/msg/detail/motor_state__builder.hpp
[3.032s] -- Installing: /home/pip/robocon/ROS2_training/dog_ros2_ws_with_pc/install/dog_msgs/include/dog_msgs/dog_msgs/msg/detail/controller_command__type_support.hpp
[3.032s] -- Installing: /home/pip/robocon/ROS2_training/dog_ros2_ws_with_pc/install/dog_msgs/include/dog_msgs/dog_msgs/msg/detail/motor_state__type_support.hpp
[3.033s] -- Installing: /home/pip/robocon/ROS2_training/dog_ros2_ws_with_pc/install/dog_msgs/include/dog_msgs/dog_msgs/msg/detail/motor_state__struct.hpp
[3.033s] -- Installing: /home/pip/robocon/ROS2_training/dog_ros2_ws_with_pc/install/dog_msgs/include/dog_msgs/dog_msgs/msg/detail/controller_command__traits.hpp
[3.033s] -- Installing: /home/pip/robocon/ROS2_training/dog_ros2_ws_with_pc/install/dog_msgs/include/dog_msgs/dog_msgs/msg/detail/motor_state__traits.hpp
[3.033s] -- Up-to-date: /home/pip/robocon/ROS2_training/dog_ros2_ws_with_pc/install/dog_msgs/include/dog_msgs/dog_msgs/srv
[3.033s] -- Installing: /home/pip/robocon/ROS2_training/dog_ros2_ws_with_pc/install/dog_msgs/include/dog_msgs/dog_msgs/srv/handle_command.hpp
[3.033s] -- Up-to-date: /home/pip/robocon/ROS2_training/dog_ros2_ws_with_pc/install/dog_msgs/include/dog_msgs/dog_msgs/srv/detail
[3.033s] -- Installing: /home/pip/robocon/ROS2_training/dog_ros2_ws_with_pc/install/dog_msgs/include/dog_msgs/dog_msgs/srv/detail/handle_command__struct.hpp
[3.033s] -- Installing: /home/pip/robocon/ROS2_training/dog_ros2_ws_with_pc/install/dog_msgs/include/dog_msgs/dog_msgs/srv/detail/handle_command__builder.hpp
[3.033s] -- Installing: /home/pip/robocon/ROS2_training/dog_ros2_ws_with_pc/install/dog_msgs/include/dog_msgs/dog_msgs/srv/detail/handle_command__type_support.hpp
[3.033s] -- Installing: /home/pip/robocon/ROS2_training/dog_ros2_ws_with_pc/install/dog_msgs/include/dog_msgs/dog_msgs/srv/detail/handle_command__traits.hpp
[3.033s] -- Up-to-date: /home/pip/robocon/ROS2_training/dog_ros2_ws_with_pc/install/dog_msgs/include/dog_msgs/dog_msgs
[3.033s] -- Up-to-date: /home/pip/robocon/ROS2_training/dog_ros2_ws_with_pc/install/dog_msgs/include/dog_msgs/dog_msgs/msg
[3.034s] -- Installing: /home/pip/robocon/ROS2_training/dog_ros2_ws_with_pc/install/dog_msgs/include/dog_msgs/dog_msgs/msg/rosidl_typesupport_fastrtps_cpp__visibility_control.h
[3.034s] -- Up-to-date: /home/pip/robocon/ROS2_training/dog_ros2_ws_with_pc/install/dog_msgs/include/dog_msgs/dog_msgs/msg/detail
[3.034s] -- Installing: /home/pip/robocon/ROS2_training/dog_ros2_ws_with_pc/install/dog_msgs/include/dog_msgs/dog_msgs/msg/detail/motor_state__rosidl_typesupport_fastrtps_cpp.hpp
[3.034s] -- Installing: /home/pip/robocon/ROS2_training/dog_ros2_ws_with_pc/install/dog_msgs/include/dog_msgs/dog_msgs/msg/detail/controller_command__rosidl_typesupport_fastrtps_cpp.hpp
[3.034s] -- Installing: /home/pip/robocon/ROS2_training/dog_ros2_ws_with_pc/install/dog_msgs/include/dog_msgs/dog_msgs/msg/detail/dds_fastrtps
[3.034s] -- Up-to-date: /home/pip/robocon/ROS2_training/dog_ros2_ws_with_pc/install/dog_msgs/include/dog_msgs/dog_msgs/srv
[3.034s] -- Up-to-date: /home/pip/robocon/ROS2_training/dog_ros2_ws_with_pc/install/dog_msgs/include/dog_msgs/dog_msgs/srv/detail
[3.034s] -- Installing: /home/pip/robocon/ROS2_training/dog_ros2_ws_with_pc/install/dog_msgs/include/dog_msgs/dog_msgs/srv/detail/handle_command__rosidl_typesupport_fastrtps_cpp.hpp
[3.034s] -- Installing: /home/pip/robocon/ROS2_training/dog_ros2_ws_with_pc/install/dog_msgs/include/dog_msgs/dog_msgs/srv/detail/dds_fastrtps
[3.034s] -- Installing: /home/pip/robocon/ROS2_training/dog_ros2_ws_with_pc/install/dog_msgs/lib/libdog_msgs__rosidl_typesupport_fastrtps_cpp.so
[3.035s] -- Set runtime path of "/home/pip/robocon/ROS2_training/dog_ros2_ws_with_pc/install/dog_msgs/lib/libdog_msgs__rosidl_typesupport_fastrtps_cpp.so" to ""
[3.035s] -- Up-to-date: /home/pip/robocon/ROS2_training/dog_ros2_ws_with_pc/install/dog_msgs/include/dog_msgs/dog_msgs
[3.035s] -- Up-to-date: /home/pip/robocon/ROS2_training/dog_ros2_ws_with_pc/install/dog_msgs/include/dog_msgs/dog_msgs/msg
[3.035s] -- Up-to-date: /home/pip/robocon/ROS2_training/dog_ros2_ws_with_pc/install/dog_msgs/include/dog_msgs/dog_msgs/msg/detail
[3.035s] -- Installing: /home/pip/robocon/ROS2_training/dog_ros2_ws_with_pc/install/dog_msgs/include/dog_msgs/dog_msgs/msg/detail/controller_command__rosidl_typesupport_introspection_cpp.hpp
[3.035s] -- Installing: /home/pip/robocon/ROS2_training/dog_ros2_ws_with_pc/install/dog_msgs/include/dog_msgs/dog_msgs/msg/detail/motor_state__rosidl_typesupport_introspection_cpp.hpp
[3.035s] -- Installing: /home/pip/robocon/ROS2_training/dog_ros2_ws_with_pc/install/dog_msgs/include/dog_msgs/dog_msgs/msg/detail/motor_state__type_support.cpp
[3.035s] -- Installing: /home/pip/robocon/ROS2_training/dog_ros2_ws_with_pc/install/dog_msgs/include/dog_msgs/dog_msgs/msg/detail/controller_command__type_support.cpp
[3.035s] -- Up-to-date: /home/pip/robocon/ROS2_training/dog_ros2_ws_with_pc/install/dog_msgs/include/dog_msgs/dog_msgs/srv
[3.035s] -- Up-to-date: /home/pip/robocon/ROS2_training/dog_ros2_ws_with_pc/install/dog_msgs/include/dog_msgs/dog_msgs/srv/detail
[3.035s] -- Installing: /home/pip/robocon/ROS2_training/dog_ros2_ws_with_pc/install/dog_msgs/include/dog_msgs/dog_msgs/srv/detail/handle_command__rosidl_typesupport_introspection_cpp.hpp
[3.035s] -- Installing: /home/pip/robocon/ROS2_training/dog_ros2_ws_with_pc/install/dog_msgs/include/dog_msgs/dog_msgs/srv/detail/handle_command__type_support.cpp
[3.035s] -- Installing: /home/pip/robocon/ROS2_training/dog_ros2_ws_with_pc/install/dog_msgs/lib/libdog_msgs__rosidl_typesupport_introspection_cpp.so
[3.036s] -- Set runtime path of "/home/pip/robocon/ROS2_training/dog_ros2_ws_with_pc/install/dog_msgs/lib/libdog_msgs__rosidl_typesupport_introspection_cpp.so" to ""
[3.036s] -- Installing: /home/pip/robocon/ROS2_training/dog_ros2_ws_with_pc/install/dog_msgs/lib/libdog_msgs__rosidl_typesupport_cpp.so
[3.036s] -- Set runtime path of "/home/pip/robocon/ROS2_training/dog_ros2_ws_with_pc/install/dog_msgs/lib/libdog_msgs__rosidl_typesupport_cpp.so" to ""
[3.036s] -- Installing: /home/pip/robocon/ROS2_training/dog_ros2_ws_with_pc/install/dog_msgs/share/dog_msgs/environment/pythonpath.sh
[3.036s] -- Installing: /home/pip/robocon/ROS2_training/dog_ros2_ws_with_pc/install/dog_msgs/share/dog_msgs/environment/pythonpath.dsv
[3.037s] -- Installing: /home/pip/robocon/ROS2_training/dog_ros2_ws_with_pc/install/dog_msgs/local/lib/python3.10/dist-packages/dog_msgs-0.0.0-py3.10.egg-info
[3.037s] -- Installing: /home/pip/robocon/ROS2_training/dog_ros2_ws_with_pc/install/dog_msgs/local/lib/python3.10/dist-packages/dog_msgs-0.0.0-py3.10.egg-info/dependency_links.txt
[3.037s] -- Installing: /home/pip/robocon/ROS2_training/dog_ros2_ws_with_pc/install/dog_msgs/local/lib/python3.10/dist-packages/dog_msgs-0.0.0-py3.10.egg-info/SOURCES.txt
[3.037s] -- Installing: /home/pip/robocon/ROS2_training/dog_ros2_ws_with_pc/install/dog_msgs/local/lib/python3.10/dist-packages/dog_msgs-0.0.0-py3.10.egg-info/PKG-INFO
[3.037s] -- Installing: /home/pip/robocon/ROS2_training/dog_ros2_ws_with_pc/install/dog_msgs/local/lib/python3.10/dist-packages/dog_msgs-0.0.0-py3.10.egg-info/top_level.txt
[3.037s] -- Installing: /home/pip/robocon/ROS2_training/dog_ros2_ws_with_pc/install/dog_msgs/local/lib/python3.10/dist-packages/dog_msgs
[3.037s] -- Installing: /home/pip/robocon/ROS2_training/dog_ros2_ws_with_pc/install/dog_msgs/local/lib/python3.10/dist-packages/dog_msgs/msg
[3.037s] -- Installing: /home/pip/robocon/ROS2_training/dog_ros2_ws_with_pc/install/dog_msgs/local/lib/python3.10/dist-packages/dog_msgs/msg/_controller_command.py
[3.037s] -- Installing: /home/pip/robocon/ROS2_training/dog_ros2_ws_with_pc/install/dog_msgs/local/lib/python3.10/dist-packages/dog_msgs/msg/__init__.py
[3.038s] -- Installing: /home/pip/robocon/ROS2_training/dog_ros2_ws_with_pc/install/dog_msgs/local/lib/python3.10/dist-packages/dog_msgs/msg/_controller_command_s.c
[3.038s] -- Installing: /home/pip/robocon/ROS2_training/dog_ros2_ws_with_pc/install/dog_msgs/local/lib/python3.10/dist-packages/dog_msgs/msg/_motor_state.py
[3.038s] -- Installing: /home/pip/robocon/ROS2_training/dog_ros2_ws_with_pc/install/dog_msgs/local/lib/python3.10/dist-packages/dog_msgs/msg/_motor_state_s.c
[3.038s] -- Installing: /home/pip/robocon/ROS2_training/dog_ros2_ws_with_pc/install/dog_msgs/local/lib/python3.10/dist-packages/dog_msgs/_dog_msgs_s.ep.rosidl_typesupport_c.c
[3.038s] -- Installing: /home/pip/robocon/ROS2_training/dog_ros2_ws_with_pc/install/dog_msgs/local/lib/python3.10/dist-packages/dog_msgs/_dog_msgs_s.ep.rosidl_typesupport_introspection_c.c
[3.038s] -- Installing: /home/pip/robocon/ROS2_training/dog_ros2_ws_with_pc/install/dog_msgs/local/lib/python3.10/dist-packages/dog_msgs/__init__.py
[3.038s] -- Installing: /home/pip/robocon/ROS2_training/dog_ros2_ws_with_pc/install/dog_msgs/local/lib/python3.10/dist-packages/dog_msgs/dog_msgs_s__rosidl_typesupport_introspection_c.cpython-310-x86_64-linux-gnu.so
[3.038s] -- Installing: /home/pip/robocon/ROS2_training/dog_ros2_ws_with_pc/install/dog_msgs/local/lib/python3.10/dist-packages/dog_msgs/srv
[3.038s] -- Installing: /home/pip/robocon/ROS2_training/dog_ros2_ws_with_pc/install/dog_msgs/local/lib/python3.10/dist-packages/dog_msgs/srv/_handle_command.py
[3.039s] -- Installing: /home/pip/robocon/ROS2_training/dog_ros2_ws_with_pc/install/dog_msgs/local/lib/python3.10/dist-packages/dog_msgs/srv/__init__.py
[3.039s] -- Installing: /home/pip/robocon/ROS2_training/dog_ros2_ws_with_pc/install/dog_msgs/local/lib/python3.10/dist-packages/dog_msgs/srv/_handle_command_s.c
[3.039s] -- Installing: /home/pip/robocon/ROS2_training/dog_ros2_ws_with_pc/install/dog_msgs/local/lib/python3.10/dist-packages/dog_msgs/dog_msgs_s__rosidl_typesupport_c.cpython-310-x86_64-linux-gnu.so
[3.039s] -- Installing: /home/pip/robocon/ROS2_training/dog_ros2_ws_with_pc/install/dog_msgs/local/lib/python3.10/dist-packages/dog_msgs/dog_msgs_s__rosidl_typesupport_fastrtps_c.cpython-310-x86_64-linux-gnu.so
[3.039s] -- Installing: /home/pip/robocon/ROS2_training/dog_ros2_ws_with_pc/install/dog_msgs/local/lib/python3.10/dist-packages/dog_msgs/_dog_msgs_s.ep.rosidl_typesupport_fastrtps_c.c
[3.039s] -- Installing: /home/pip/robocon/ROS2_training/dog_ros2_ws_with_pc/install/dog_msgs/local/lib/python3.10/dist-packages/dog_msgs/libdog_msgs__rosidl_generator_py.so
[3.062s] Listing '/home/pip/robocon/ROS2_training/dog_ros2_ws_with_pc/install/dog_msgs/local/lib/python3.10/dist-packages/dog_msgs'...
[3.062s] Compiling '/home/pip/robocon/ROS2_training/dog_ros2_ws_with_pc/install/dog_msgs/local/lib/python3.10/dist-packages/dog_msgs/__init__.py'...
[3.063s] Listing '/home/pip/robocon/ROS2_training/dog_ros2_ws_with_pc/install/dog_msgs/local/lib/python3.10/dist-packages/dog_msgs/msg'...
[3.063s] Compiling '/home/pip/robocon/ROS2_training/dog_ros2_ws_with_pc/install/dog_msgs/local/lib/python3.10/dist-packages/dog_msgs/msg/__init__.py'...
[3.063s] Compiling '/home/pip/robocon/ROS2_training/dog_ros2_ws_with_pc/install/dog_msgs/local/lib/python3.10/dist-packages/dog_msgs/msg/_controller_command.py'...
[3.063s] Compiling '/home/pip/robocon/ROS2_training/dog_ros2_ws_with_pc/install/dog_msgs/local/lib/python3.10/dist-packages/dog_msgs/msg/_motor_state.py'...
[3.063s] Listing '/home/pip/robocon/ROS2_training/dog_ros2_ws_with_pc/install/dog_msgs/local/lib/python3.10/dist-packages/dog_msgs/srv'...
[3.063s] Compiling '/home/pip/robocon/ROS2_training/dog_ros2_ws_with_pc/install/dog_msgs/local/lib/python3.10/dist-packages/dog_msgs/srv/__init__.py'...
[3.063s] Compiling '/home/pip/robocon/ROS2_training/dog_ros2_ws_with_pc/install/dog_msgs/local/lib/python3.10/dist-packages/dog_msgs/srv/_handle_command.py'...
[3.065s] -- Installing: /home/pip/robocon/ROS2_training/dog_ros2_ws_with_pc/install/dog_msgs/local/lib/python3.10/dist-packages/dog_msgs/dog_msgs_s__rosidl_typesupport_fastrtps_c.cpython-310-x86_64-linux-gnu.so
[3.065s] -- Set runtime path of "/home/pip/robocon/ROS2_training/dog_ros2_ws_with_pc/install/dog_msgs/local/lib/python3.10/dist-packages/dog_msgs/dog_msgs_s__rosidl_typesupport_fastrtps_c.cpython-310-x86_64-linux-gnu.so" to ""
[3.065s] -- Installing: /home/pip/robocon/ROS2_training/dog_ros2_ws_with_pc/install/dog_msgs/local/lib/python3.10/dist-packages/dog_msgs/dog_msgs_s__rosidl_typesupport_introspection_c.cpython-310-x86_64-linux-gnu.so
[3.066s] -- Set runtime path of "/home/pip/robocon/ROS2_training/dog_ros2_ws_with_pc/install/dog_msgs/local/lib/python3.10/dist-packages/dog_msgs/dog_msgs_s__rosidl_typesupport_introspection_c.cpython-310-x86_64-linux-gnu.so" to ""
[3.066s] -- Installing: /home/pip/robocon/ROS2_training/dog_ros2_ws_with_pc/install/dog_msgs/local/lib/python3.10/dist-packages/dog_msgs/dog_msgs_s__rosidl_typesupport_c.cpython-310-x86_64-linux-gnu.so
[3.066s] -- Set runtime path of "/home/pip/robocon/ROS2_training/dog_ros2_ws_with_pc/install/dog_msgs/local/lib/python3.10/dist-packages/dog_msgs/dog_msgs_s__rosidl_typesupport_c.cpython-310-x86_64-linux-gnu.so" to ""
[3.066s] -- Installing: /home/pip/robocon/ROS2_training/dog_ros2_ws_with_pc/install/dog_msgs/lib/libdog_msgs__rosidl_generator_py.so
[3.066s] -- Set runtime path of "/home/pip/robocon/ROS2_training/dog_ros2_ws_with_pc/install/dog_msgs/lib/libdog_msgs__rosidl_generator_py.so" to ""
[3.066s] -- Installing: /home/pip/robocon/ROS2_training/dog_ros2_ws_with_pc/install/dog_msgs/share/dog_msgs/rust
[3.066s] -- Installing: /home/pip/robocon/ROS2_training/dog_ros2_ws_with_pc/install/dog_msgs/share/dog_msgs/rust/Cargo.toml
[3.067s] -- Installing: /home/pip/robocon/ROS2_training/dog_ros2_ws_with_pc/install/dog_msgs/share/dog_msgs/rust/src
[3.067s] -- Installing: /home/pip/robocon/ROS2_training/dog_ros2_ws_with_pc/install/dog_msgs/share/dog_msgs/rust/src/msg
[3.067s] -- Installing: /home/pip/robocon/ROS2_training/dog_ros2_ws_with_pc/install/dog_msgs/share/dog_msgs/rust/src/msg/rmw.rs
[3.067s] -- Installing: /home/pip/robocon/ROS2_training/dog_ros2_ws_with_pc/install/dog_msgs/share/dog_msgs/rust/src/msg.rs
[3.067s] -- Installing: /home/pip/robocon/ROS2_training/dog_ros2_ws_with_pc/install/dog_msgs/share/dog_msgs/rust/src/srv
[3.067s] -- Installing: /home/pip/robocon/ROS2_training/dog_ros2_ws_with_pc/install/dog_msgs/share/dog_msgs/rust/src/srv/rmw.rs
[3.067s] -- Installing: /home/pip/robocon/ROS2_training/dog_ros2_ws_with_pc/install/dog_msgs/share/dog_msgs/rust/src/lib.rs
[3.067s] -- Installing: /home/pip/robocon/ROS2_training/dog_ros2_ws_with_pc/install/dog_msgs/share/dog_msgs/rust/src/srv.rs
[3.067s] -- Installing: /home/pip/robocon/ROS2_training/dog_ros2_ws_with_pc/install/dog_msgs/share/dog_msgs/rust/build.rs
[3.067s] -- Installing: /home/pip/robocon/ROS2_training/dog_ros2_ws_with_pc/install/dog_msgs/share/dog_msgs/msg/ControllerCommand.idl
[3.067s] -- Installing: /home/pip/robocon/ROS2_training/dog_ros2_ws_with_pc/install/dog_msgs/share/dog_msgs/msg/MotorState.idl
[3.068s] -- Installing: /home/pip/robocon/ROS2_training/dog_ros2_ws_with_pc/install/dog_msgs/share/dog_msgs/srv/HandleCommand.idl
[3.068s] -- Installing: /home/pip/robocon/ROS2_training/dog_ros2_ws_with_pc/install/dog_msgs/share/dog_msgs/msg/ControllerCommand.msg
[3.068s] -- Installing: /home/pip/robocon/ROS2_training/dog_ros2_ws_with_pc/install/dog_msgs/share/dog_msgs/msg/MotorState.msg
[3.068s] -- Installing: /home/pip/robocon/ROS2_training/dog_ros2_ws_with_pc/install/dog_msgs/share/dog_msgs/srv/HandleCommand.srv
[3.068s] -- Installing: /home/pip/robocon/ROS2_training/dog_ros2_ws_with_pc/install/dog_msgs/share/dog_msgs/srv/HandleCommand_Request.msg
[3.068s] -- Installing: /home/pip/robocon/ROS2_training/dog_ros2_ws_with_pc/install/dog_msgs/share/dog_msgs/srv/HandleCommand_Response.msg
[3.068s] -- Installing: /home/pip/robocon/ROS2_training/dog_ros2_ws_with_pc/install/dog_msgs/share/ament_index/resource_index/package_run_dependencies/dog_msgs
[3.068s] -- Installing: /home/pip/robocon/ROS2_training/dog_ros2_ws_with_pc/install/dog_msgs/share/ament_index/resource_index/parent_prefix_path/dog_msgs
[3.068s] -- Installing: /home/pip/robocon/ROS2_training/dog_ros2_ws_with_pc/install/dog_msgs/share/dog_msgs/environment/ament_prefix_path.sh
[3.069s] -- Installing: /home/pip/robocon/ROS2_training/dog_ros2_ws_with_pc/install/dog_msgs/share/dog_msgs/environment/ament_prefix_path.dsv
[3.069s] -- Installing: /home/pip/robocon/ROS2_training/dog_ros2_ws_with_pc/install/dog_msgs/share/dog_msgs/environment/path.sh
[3.069s] -- Installing: /home/pip/robocon/ROS2_training/dog_ros2_ws_with_pc/install/dog_msgs/share/dog_msgs/environment/path.dsv
[3.069s] -- Installing: /home/pip/robocon/ROS2_training/dog_ros2_ws_with_pc/install/dog_msgs/share/dog_msgs/local_setup.bash
[3.069s] -- Installing: /home/pip/robocon/ROS2_training/dog_ros2_ws_with_pc/install/dog_msgs/share/dog_msgs/local_setup.sh
[3.069s] -- Installing: /home/pip/robocon/ROS2_training/dog_ros2_ws_with_pc/install/dog_msgs/share/dog_msgs/local_setup.zsh
[3.069s] -- Installing: /home/pip/robocon/ROS2_training/dog_ros2_ws_with_pc/install/dog_msgs/share/dog_msgs/local_setup.dsv
[3.069s] -- Installing: /home/pip/robocon/ROS2_training/dog_ros2_ws_with_pc/install/dog_msgs/share/dog_msgs/package.dsv
[3.069s] -- Installing: /home/pip/robocon/ROS2_training/dog_ros2_ws_with_pc/install/dog_msgs/share/ament_index/resource_index/packages/dog_msgs
[3.070s] -- Installing: /home/pip/robocon/ROS2_training/dog_ros2_ws_with_pc/install/dog_msgs/share/dog_msgs/cmake/export_dog_msgs__rosidl_generator_cExport.cmake
[3.070s] -- Installing: /home/pip/robocon/ROS2_training/dog_ros2_ws_with_pc/install/dog_msgs/share/dog_msgs/cmake/export_dog_msgs__rosidl_generator_cExport-noconfig.cmake
[3.070s] -- Installing: /home/pip/robocon/ROS2_training/dog_ros2_ws_with_pc/install/dog_msgs/share/dog_msgs/cmake/export_dog_msgs__rosidl_typesupport_fastrtps_cExport.cmake
[3.070s] -- Installing: /home/pip/robocon/ROS2_training/dog_ros2_ws_with_pc/install/dog_msgs/share/dog_msgs/cmake/export_dog_msgs__rosidl_typesupport_fastrtps_cExport-noconfig.cmake
[3.070s] -- Installing: /home/pip/robocon/ROS2_training/dog_ros2_ws_with_pc/install/dog_msgs/share/dog_msgs/cmake/dog_msgs__rosidl_typesupport_introspection_cExport.cmake
[3.070s] -- Installing: /home/pip/robocon/ROS2_training/dog_ros2_ws_with_pc/install/dog_msgs/share/dog_msgs/cmake/dog_msgs__rosidl_typesupport_introspection_cExport-noconfig.cmake
[3.070s] -- Installing: /home/pip/robocon/ROS2_training/dog_ros2_ws_with_pc/install/dog_msgs/share/dog_msgs/cmake/dog_msgs__rosidl_typesupport_cExport.cmake
[3.070s] -- Installing: /home/pip/robocon/ROS2_training/dog_ros2_ws_with_pc/install/dog_msgs/share/dog_msgs/cmake/dog_msgs__rosidl_typesupport_cExport-noconfig.cmake
[3.070s] -- Installing: /home/pip/robocon/ROS2_training/dog_ros2_ws_with_pc/install/dog_msgs/share/dog_msgs/cmake/export_dog_msgs__rosidl_generator_cppExport.cmake
[3.071s] -- Installing: /home/pip/robocon/ROS2_training/dog_ros2_ws_with_pc/install/dog_msgs/share/dog_msgs/cmake/export_dog_msgs__rosidl_typesupport_fastrtps_cppExport.cmake
[3.071s] -- Installing: /home/pip/robocon/ROS2_training/dog_ros2_ws_with_pc/install/dog_msgs/share/dog_msgs/cmake/export_dog_msgs__rosidl_typesupport_fastrtps_cppExport-noconfig.cmake
[3.071s] -- Installing: /home/pip/robocon/ROS2_training/dog_ros2_ws_with_pc/install/dog_msgs/share/dog_msgs/cmake/dog_msgs__rosidl_typesupport_introspection_cppExport.cmake
[3.071s] -- Installing: /home/pip/robocon/ROS2_training/dog_ros2_ws_with_pc/install/dog_msgs/share/dog_msgs/cmake/dog_msgs__rosidl_typesupport_introspection_cppExport-noconfig.cmake
[3.071s] -- Installing: /home/pip/robocon/ROS2_training/dog_ros2_ws_with_pc/install/dog_msgs/share/dog_msgs/cmake/dog_msgs__rosidl_typesupport_cppExport.cmake
[3.071s] -- Installing: /home/pip/robocon/ROS2_training/dog_ros2_ws_with_pc/install/dog_msgs/share/dog_msgs/cmake/dog_msgs__rosidl_typesupport_cppExport-noconfig.cmake
[3.071s] -- Installing: /home/pip/robocon/ROS2_training/dog_ros2_ws_with_pc/install/dog_msgs/share/dog_msgs/cmake/export_dog_msgs__rosidl_generator_pyExport.cmake
[3.071s] -- Installing: /home/pip/robocon/ROS2_training/dog_ros2_ws_with_pc/install/dog_msgs/share/dog_msgs/cmake/export_dog_msgs__rosidl_generator_pyExport-noconfig.cmake
[3.071s] -- Installing: /home/pip/robocon/ROS2_training/dog_ros2_ws_with_pc/install/dog_msgs/share/dog_msgs/cmake/rosidl_cmake-extras.cmake
[3.071s] -- Installing: /home/pip/robocon/ROS2_training/dog_ros2_ws_with_pc/install/dog_msgs/share/dog_msgs/cmake/ament_cmake_export_include_directories-extras.cmake
[3.072s] -- Installing: /home/pip/robocon/ROS2_training/dog_ros2_ws_with_pc/install/dog_msgs/share/dog_msgs/cmake/ament_cmake_export_libraries-extras.cmake
[3.072s] -- Installing: /home/pip/robocon/ROS2_training/dog_ros2_ws_with_pc/install/dog_msgs/share/dog_msgs/cmake/ament_cmake_export_targets-extras.cmake
[3.072s] -- Installing: /home/pip/robocon/ROS2_training/dog_ros2_ws_with_pc/install/dog_msgs/share/dog_msgs/cmake/rosidl_cmake_export_typesupport_targets-extras.cmake
[3.072s] -- Installing: /home/pip/robocon/ROS2_training/dog_ros2_ws_with_pc/install/dog_msgs/share/dog_msgs/cmake/ament_cmake_export_dependencies-extras.cmake
[3.072s] -- Installing: /home/pip/robocon/ROS2_training/dog_ros2_ws_with_pc/install/dog_msgs/share/dog_msgs/cmake/rosidl_cmake_export_typesupport_libraries-extras.cmake
[3.072s] -- Installing: /home/pip/robocon/ROS2_training/dog_ros2_ws_with_pc/install/dog_msgs/share/dog_msgs/cmake/rosidl_cmake_aggregate_target-extras.cmake
[3.072s] -- Installing: /home/pip/robocon/ROS2_training/dog_ros2_ws_with_pc/install/dog_msgs/share/dog_msgs/cmake/dog_msgsConfig.cmake
[3.072s] -- Installing: /home/pip/robocon/ROS2_training/dog_ros2_ws_with_pc/install/dog_msgs/share/dog_msgs/cmake/dog_msgsConfig-version.cmake
[3.072s] -- Installing: /home/pip/robocon/ROS2_training/dog_ros2_ws_with_pc/install/dog_msgs/share/dog_msgs/package.xml
[3.075s] Invoked command in '/home/pip/robocon/ROS2_training/dog_ros2_ws_with_pc/build/dog_msgs' returned '0': /usr/bin/cmake --install /home/pip/robocon/ROS2_training/dog_ros2_ws_with_pc/build/dog_msgs
