[0.006s] Invoking command in '/home/pip/robocon/ROS2_training/dog_ros2_ws_with_js/build/node3_handle': CMAKE_PREFIX_PATH=/home/pip/robocon/ROS2_training/dog_ros2_ws_with_js/install/node2_simulation:/opt/ros/humble:/home/pip/robocon/ROS2_training/dog_ros2_ws_with_js/install/dog_msgs:/home/pip/robocon/ROS2_training/dog_ros2_ws_with_js/install/node3_handle:/home/pip/robocon/ROS2_training/dog_ros2_ws_with_js/install/node1_controller PYTHONPATH=/home/pip/robocon/ROS2_training/dog_ros2_ws_with_js/install/dog_msgs/local/lib/python3.10/dist-packages:/home/pip/robocon/ROS2_training/dog_ros2_ws_with_js/build/node2_simulation:/home/pip/robocon/ROS2_training/dog_ros2_ws_with_js/install/node2_simulation/lib/python3.10/site-packages:/opt/ros/humble/lib/python3.10/site-packages:/opt/ros/humble/local/lib/python3.10/dist-packages /usr/bin/cmake /home/pip/robocon/ROS2_training/dog_ros2_ws_with_js/src/node3_handle -DAMENT_CMAKE_SYMLINK_INSTALL=1 -DCMAKE_INSTALL_PREFIX=/home/pip/robocon/ROS2_training/dog_ros2_ws_with_js/install/node3_handle
[0.043s] -- The C compiler identification is GNU 11.4.0
[0.077s] -- The CXX compiler identification is GNU 11.4.0
[0.081s] -- Detecting C compiler ABI info
[0.128s] -- Detecting C compiler ABI info - done
[0.132s] -- Check for working C compiler: /usr/bin/cc - skipped
[0.132s] -- Detecting C compile features
[0.132s] -- Detecting C compile features - done
[0.134s] -- Detecting CXX compiler ABI info
[0.187s] -- Detecting CXX compiler ABI info - done
[0.191s] -- Check for working CXX compiler: /usr/bin/c++ - skipped
[0.191s] -- Detecting CXX compile features
[0.191s] -- Detecting CXX compile features - done
[0.192s] -- Found ament_cmake: 1.3.14 (/opt/ros/humble/share/ament_cmake/cmake)
[0.283s] -- Found Python3: /usr/bin/python3 (found version "3.10.12") found components: Interpreter 
[0.319s] -- Override CMake install command with custom implementation using symlinks instead of copying resources
[0.333s] -- Found rclcpp: 16.0.21 (/opt/ros/humble/share/rclcpp/cmake)
[0.355s] -- Found rosidl_generator_c: 3.1.9 (/opt/ros/humble/share/rosidl_generator_c/cmake)
[0.357s] -- Found rosidl_adapter: 3.1.9 (/opt/ros/humble/share/rosidl_adapter/cmake)
[0.362s] -- Found rosidl_generator_cpp: 3.1.9 (/opt/ros/humble/share/rosidl_generator_cpp/cmake)
[0.368s] -- Using all available rosidl_typesupport_c: rosidl_typesupport_fastrtps_c;rosidl_typesupport_introspection_c
[0.376s] -- Using all available rosidl_typesupport_cpp: rosidl_typesupport_fastrtps_cpp;rosidl_typesupport_introspection_cpp
[0.398s] -- Found rmw_implementation_cmake: 6.1.4 (/opt/ros/humble/share/rmw_implementation_cmake/cmake)
[0.399s] -- Found rmw_fastrtps_cpp: 6.2.10 (/opt/ros/humble/share/rmw_fastrtps_cpp/cmake)
[0.464s] -- Found OpenSSL: /usr/lib/x86_64-linux-gnu/libcrypto.so (found version "3.0.2")  
[0.481s] -- Found FastRTPS: /opt/ros/humble/include  
[0.507s] -- Using RMW implementation 'rmw_fastrtps_cpp' as default
[0.512s] -- Looking for pthread.h
[0.564s] -- Looking for pthread.h - found
[0.565s] -- Performing Test CMAKE_HAVE_LIBC_PTHREAD
[0.618s] -- Performing Test CMAKE_HAVE_LIBC_PTHREAD - Success
[0.619s] -- Found Threads: TRUE  
[0.648s] -- Found sensor_msgs: 4.9.2 (/opt/ros/humble/share/sensor_msgs/cmake)
[0.664s] -- Found dog_msgs: 0.0.0 (/home/pip/robocon/ROS2_training/dog_ros2_ws_with_js/install/dog_msgs/share/dog_msgs/cmake)
[0.669s] -- Found ament_lint_auto: 0.12.15 (/opt/ros/humble/share/ament_lint_auto/cmake)
[0.719s] -- Added test 'cppcheck' to perform static code analysis on C / C++ code
[0.719s] -- Configured cppcheck include dirs: 
[0.719s] -- Configured cppcheck exclude dirs and/or files: 
[0.719s] -- Added test 'lint_cmake' to check CMake code style
[0.720s] -- Added test 'uncrustify' to check C / C++ code style
[0.720s] -- Configured uncrustify additional arguments: 
[0.720s] -- Added test 'xmllint' to check XML markup files
[0.721s] -- Configuring done
[0.731s] -- Generating done
[0.733s] -- Build files have been written to: /home/pip/robocon/ROS2_training/dog_ros2_ws_with_js/build/node3_handle
[0.742s] Invoked command in '/home/pip/robocon/ROS2_training/dog_ros2_ws_with_js/build/node3_handle' returned '0': CMAKE_PREFIX_PATH=/home/pip/robocon/ROS2_training/dog_ros2_ws_with_js/install/node2_simulation:/opt/ros/humble:/home/pip/robocon/ROS2_training/dog_ros2_ws_with_js/install/dog_msgs:/home/pip/robocon/ROS2_training/dog_ros2_ws_with_js/install/node3_handle:/home/pip/robocon/ROS2_training/dog_ros2_ws_with_js/install/node1_controller PYTHONPATH=/home/pip/robocon/ROS2_training/dog_ros2_ws_with_js/install/dog_msgs/local/lib/python3.10/dist-packages:/home/pip/robocon/ROS2_training/dog_ros2_ws_with_js/build/node2_simulation:/home/pip/robocon/ROS2_training/dog_ros2_ws_with_js/install/node2_simulation/lib/python3.10/site-packages:/opt/ros/humble/lib/python3.10/site-packages:/opt/ros/humble/local/lib/python3.10/dist-packages /usr/bin/cmake /home/pip/robocon/ROS2_training/dog_ros2_ws_with_js/src/node3_handle -DAMENT_CMAKE_SYMLINK_INSTALL=1 -DCMAKE_INSTALL_PREFIX=/home/pip/robocon/ROS2_training/dog_ros2_ws_with_js/install/node3_handle
[0.743s] Invoking command in '/home/pip/robocon/ROS2_training/dog_ros2_ws_with_js/build/node3_handle': CMAKE_PREFIX_PATH=/home/pip/robocon/ROS2_training/dog_ros2_ws_with_js/install/node2_simulation:/opt/ros/humble:/home/pip/robocon/ROS2_training/dog_ros2_ws_with_js/install/dog_msgs:/home/pip/robocon/ROS2_training/dog_ros2_ws_with_js/install/node3_handle:/home/pip/robocon/ROS2_training/dog_ros2_ws_with_js/install/node1_controller PYTHONPATH=/home/pip/robocon/ROS2_training/dog_ros2_ws_with_js/install/dog_msgs/local/lib/python3.10/dist-packages:/home/pip/robocon/ROS2_training/dog_ros2_ws_with_js/build/node2_simulation:/home/pip/robocon/ROS2_training/dog_ros2_ws_with_js/install/node2_simulation/lib/python3.10/site-packages:/opt/ros/humble/lib/python3.10/site-packages:/opt/ros/humble/local/lib/python3.10/dist-packages /usr/bin/cmake --build /home/pip/robocon/ROS2_training/dog_ros2_ws_with_js/build/node3_handle -- -j32 -l32
[0.781s] [ 50%] [32mBuilding CXX object CMakeFiles/node3_handle.dir/src/handle.cpp.o[0m
[2.983s] [100%] [32m[1mLinking CXX executable node3_handle[0m
[3.078s] [100%] Built target node3_handle
[3.086s] Invoked command in '/home/pip/robocon/ROS2_training/dog_ros2_ws_with_js/build/node3_handle' returned '0': CMAKE_PREFIX_PATH=/home/pip/robocon/ROS2_training/dog_ros2_ws_with_js/install/node2_simulation:/opt/ros/humble:/home/pip/robocon/ROS2_training/dog_ros2_ws_with_js/install/dog_msgs:/home/pip/robocon/ROS2_training/dog_ros2_ws_with_js/install/node3_handle:/home/pip/robocon/ROS2_training/dog_ros2_ws_with_js/install/node1_controller PYTHONPATH=/home/pip/robocon/ROS2_training/dog_ros2_ws_with_js/install/dog_msgs/local/lib/python3.10/dist-packages:/home/pip/robocon/ROS2_training/dog_ros2_ws_with_js/build/node2_simulation:/home/pip/robocon/ROS2_training/dog_ros2_ws_with_js/install/node2_simulation/lib/python3.10/site-packages:/opt/ros/humble/lib/python3.10/site-packages:/opt/ros/humble/local/lib/python3.10/dist-packages /usr/bin/cmake --build /home/pip/robocon/ROS2_training/dog_ros2_ws_with_js/build/node3_handle -- -j32 -l32
[3.087s] Invoking command in '/home/pip/robocon/ROS2_training/dog_ros2_ws_with_js/build/node3_handle': CMAKE_PREFIX_PATH=/home/pip/robocon/ROS2_training/dog_ros2_ws_with_js/install/node2_simulation:/opt/ros/humble:/home/pip/robocon/ROS2_training/dog_ros2_ws_with_js/install/dog_msgs:/home/pip/robocon/ROS2_training/dog_ros2_ws_with_js/install/node3_handle:/home/pip/robocon/ROS2_training/dog_ros2_ws_with_js/install/node1_controller PYTHONPATH=/home/pip/robocon/ROS2_training/dog_ros2_ws_with_js/install/dog_msgs/local/lib/python3.10/dist-packages:/home/pip/robocon/ROS2_training/dog_ros2_ws_with_js/build/node2_simulation:/home/pip/robocon/ROS2_training/dog_ros2_ws_with_js/install/node2_simulation/lib/python3.10/site-packages:/opt/ros/humble/lib/python3.10/site-packages:/opt/ros/humble/local/lib/python3.10/dist-packages /usr/bin/cmake --install /home/pip/robocon/ROS2_training/dog_ros2_ws_with_js/build/node3_handle
[3.091s] -- Install configuration: ""
[3.092s] -- Execute custom install script
[3.092s] -- Symlinking: /home/pip/robocon/ROS2_training/dog_ros2_ws_with_js/install/node3_handle/lib/node3_handle/node3_handle
[3.097s] -- Symlinking: /home/pip/robocon/ROS2_training/dog_ros2_ws_with_js/install/node3_handle/share/ament_index/resource_index/package_run_dependencies/node3_handle
[3.103s] -- Symlinking: /home/pip/robocon/ROS2_training/dog_ros2_ws_with_js/install/node3_handle/share/ament_index/resource_index/parent_prefix_path/node3_handle
[3.109s] -- Symlinking: /home/pip/robocon/ROS2_training/dog_ros2_ws_with_js/install/node3_handle/share/node3_handle/environment/ament_prefix_path.sh
[3.114s] -- Symlinking: /home/pip/robocon/ROS2_training/dog_ros2_ws_with_js/install/node3_handle/share/node3_handle/environment/ament_prefix_path.dsv
[3.120s] -- Symlinking: /home/pip/robocon/ROS2_training/dog_ros2_ws_with_js/install/node3_handle/share/node3_handle/environment/path.sh
[3.126s] -- Symlinking: /home/pip/robocon/ROS2_training/dog_ros2_ws_with_js/install/node3_handle/share/node3_handle/environment/path.dsv
[3.134s] -- Symlinking: /home/pip/robocon/ROS2_training/dog_ros2_ws_with_js/install/node3_handle/share/node3_handle/local_setup.bash
[3.140s] -- Symlinking: /home/pip/robocon/ROS2_training/dog_ros2_ws_with_js/install/node3_handle/share/node3_handle/local_setup.sh
[3.146s] -- Symlinking: /home/pip/robocon/ROS2_training/dog_ros2_ws_with_js/install/node3_handle/share/node3_handle/local_setup.zsh
[3.151s] -- Symlinking: /home/pip/robocon/ROS2_training/dog_ros2_ws_with_js/install/node3_handle/share/node3_handle/local_setup.dsv
[3.157s] -- Symlinking: /home/pip/robocon/ROS2_training/dog_ros2_ws_with_js/install/node3_handle/share/node3_handle/package.dsv
[3.163s] -- Symlinking: /home/pip/robocon/ROS2_training/dog_ros2_ws_with_js/install/node3_handle/share/ament_index/resource_index/packages/node3_handle
[3.169s] -- Symlinking: /home/pip/robocon/ROS2_training/dog_ros2_ws_with_js/install/node3_handle/share/node3_handle/cmake/node3_handleConfig.cmake
[3.175s] -- Symlinking: /home/pip/robocon/ROS2_training/dog_ros2_ws_with_js/install/node3_handle/share/node3_handle/cmake/node3_handleConfig-version.cmake
[3.181s] -- Symlinking: /home/pip/robocon/ROS2_training/dog_ros2_ws_with_js/install/node3_handle/share/node3_handle/package.xml
[3.189s] Invoked command in '/home/pip/robocon/ROS2_training/dog_ros2_ws_with_js/build/node3_handle' returned '0': CMAKE_PREFIX_PATH=/home/pip/robocon/ROS2_training/dog_ros2_ws_with_js/install/node2_simulation:/opt/ros/humble:/home/pip/robocon/ROS2_training/dog_ros2_ws_with_js/install/dog_msgs:/home/pip/robocon/ROS2_training/dog_ros2_ws_with_js/install/node3_handle:/home/pip/robocon/ROS2_training/dog_ros2_ws_with_js/install/node1_controller PYTHONPATH=/home/pip/robocon/ROS2_training/dog_ros2_ws_with_js/install/dog_msgs/local/lib/python3.10/dist-packages:/home/pip/robocon/ROS2_training/dog_ros2_ws_with_js/build/node2_simulation:/home/pip/robocon/ROS2_training/dog_ros2_ws_with_js/install/node2_simulation/lib/python3.10/site-packages:/opt/ros/humble/lib/python3.10/site-packages:/opt/ros/humble/local/lib/python3.10/dist-packages /usr/bin/cmake --install /home/pip/robocon/ROS2_training/dog_ros2_ws_with_js/build/node3_handle
