running develop
running egg_info
creating node2_simulation.egg-info
writing node2_simulation.egg-info/PKG-INFO
writing dependency_links to node2_simulation.egg-info/dependency_links.txt
writing entry points to node2_simulation.egg-info/entry_points.txt
writing requirements to node2_simulation.egg-info/requires.txt
writing top-level names to node2_simulation.egg-info/top_level.txt
writing manifest file 'node2_simulation.egg-info/SOURCES.txt'
reading manifest file 'node2_simulation.egg-info/SOURCES.txt'
writing manifest file 'node2_simulation.egg-info/SOURCES.txt'
running build_ext
Creating /home/pip/robocon/ROS2_training/dog_ros2_ws_with_pc/install/node2_simulation/lib/python3.10/site-packages/node2-simulation.egg-link (link to .)
Installing node2_simulation script to /home/pip/robocon/ROS2_training/dog_ros2_ws_with_pc/install/node2_simulation/lib/node2_simulation

Installed /home/pip/robocon/ROS2_training/dog_ros2_ws_with_pc/build/node2_simulation
running symlink_data
creating /home/pip/robocon/ROS2_training/dog_ros2_ws_with_pc/install/node2_simulation/share/ament_index
creating /home/pip/robocon/ROS2_training/dog_ros2_ws_with_pc/install/node2_simulation/share/ament_index/resource_index
creating /home/pip/robocon/ROS2_training/dog_ros2_ws_with_pc/install/node2_simulation/share/ament_index/resource_index/packages
symbolically linking /home/pip/robocon/ROS2_training/dog_ros2_ws_with_pc/build/node2_simulation/resource/node2_simulation -> /home/pip/robocon/ROS2_training/dog_ros2_ws_with_pc/install/node2_simulation/share/ament_index/resource_index/packages
symbolically linking /home/pip/robocon/ROS2_training/dog_ros2_ws_with_pc/build/node2_simulation/package.xml -> /home/pip/robocon/ROS2_training/dog_ros2_ws_with_pc/install/node2_simulation/share/node2_simulation
