[0.071s] DEBUG:colcon:Command line arguments: ['/usr/bin/colcon', 'build', '--symlink-install']
[0.071s] DEBUG:colcon:Parsed command line arguments: Namespace(log_base=None, log_level=None, verb_name='build', build_base='build', install_base='install', merge_install=False, symlink_install=True, test_result_base=None, continue_on_error=False, executor='parallel', parallel_workers=32, event_handlers=None, ignore_user_meta=False, metas=['./colcon.meta'], base_paths=['.'], packages_ignore=None, packages_ignore_regex=None, paths=None, packages_up_to=None, packages_up_to_regex=None, packages_above=None, packages_above_and_dependencies=None, packages_above_depth=None, packages_select_by_dep=None, packages_skip_by_dep=None, packages_skip_up_to=None, packages_select_build_failed=False, packages_skip_build_finished=False, packages_select_test_failures=False, packages_skip_test_passed=False, packages_select=None, packages_skip=None, packages_select_regex=None, packages_skip_regex=None, packages_start=None, packages_end=None, allow_overriding=[], cmake_args=None, cmake_target=None, cmake_target_skip_unavailable=False, cmake_clean_cache=False, cmake_clean_first=False, cmake_force_configure=False, ament_cmake_args=None, catkin_cmake_args=None, catkin_skip_building_tests=False, verb_parser=<colcon_defaults.argument_parser.defaults.DefaultArgumentsDecorator object at 0x74dd9dcbf610>, verb_extension=<colcon_core.verb.build.BuildVerb object at 0x74dd9de64250>, main=<bound method BuildVerb.main of <colcon_core.verb.build.BuildVerb object at 0x74dd9de64250>>)
[0.199s] Level 1:colcon.colcon_core.package_discovery:discover_packages(colcon_meta) check parameters
[0.200s] Level 1:colcon.colcon_core.package_discovery:discover_packages(recursive) check parameters
[0.200s] Level 1:colcon.colcon_core.package_discovery:discover_packages(ignore) check parameters
[0.200s] Level 1:colcon.colcon_core.package_discovery:discover_packages(path) check parameters
[0.200s] Level 1:colcon.colcon_core.package_discovery:discover_packages(colcon_meta) discover
[0.200s] Level 1:colcon.colcon_core.package_discovery:discover_packages(recursive) discover
[0.200s] INFO:colcon.colcon_core.package_discovery:Crawling recursively for packages in '/home/pip/robocon/ROS2_training/dog_ros2_ws1'
[0.200s] Level 1:colcon.colcon_core.package_identification:_identify(.) by extensions ['ignore', 'ignore_ament_install']
[0.200s] Level 1:colcon.colcon_core.package_identification:_identify(.) by extension 'ignore'
[0.200s] Level 1:colcon.colcon_core.package_identification:_identify(.) by extension 'ignore_ament_install'
[0.200s] Level 1:colcon.colcon_core.package_identification:_identify(.) by extensions ['colcon_pkg']
[0.200s] Level 1:colcon.colcon_core.package_identification:_identify(.) by extension 'colcon_pkg'
[0.200s] Level 1:colcon.colcon_core.package_identification:_identify(.) by extensions ['colcon_meta']
[0.200s] Level 1:colcon.colcon_core.package_identification:_identify(.) by extension 'colcon_meta'
[0.200s] Level 1:colcon.colcon_core.package_identification:_identify(.) by extensions ['ros']
[0.200s] Level 1:colcon.colcon_core.package_identification:_identify(.) by extension 'ros'
[0.208s] Level 1:colcon.colcon_core.package_identification:_identify(.) by extensions ['cmake', 'python']
[0.208s] Level 1:colcon.colcon_core.package_identification:_identify(.) by extension 'cmake'
[0.208s] Level 1:colcon.colcon_core.package_identification:_identify(.) by extension 'python'
[0.208s] Level 1:colcon.colcon_core.package_identification:_identify(.) by extensions ['python_setup_py']
[0.208s] Level 1:colcon.colcon_core.package_identification:_identify(.) by extension 'python_setup_py'
[0.208s] Level 1:colcon.colcon_core.package_identification:_identify(build) by extensions ['ignore', 'ignore_ament_install']
[0.208s] Level 1:colcon.colcon_core.package_identification:_identify(build) by extension 'ignore'
[0.208s] Level 1:colcon.colcon_core.package_identification:_identify(build) ignored
[0.209s] Level 1:colcon.colcon_core.package_identification:_identify(install) by extensions ['ignore', 'ignore_ament_install']
[0.209s] Level 1:colcon.colcon_core.package_identification:_identify(install) by extension 'ignore'
[0.209s] Level 1:colcon.colcon_core.package_identification:_identify(install) ignored
[0.209s] Level 1:colcon.colcon_core.package_identification:_identify(log) by extensions ['ignore', 'ignore_ament_install']
[0.209s] Level 1:colcon.colcon_core.package_identification:_identify(log) by extension 'ignore'
[0.209s] Level 1:colcon.colcon_core.package_identification:_identify(log) ignored
[0.209s] Level 1:colcon.colcon_core.package_identification:_identify(src) by extensions ['ignore', 'ignore_ament_install']
[0.209s] Level 1:colcon.colcon_core.package_identification:_identify(src) by extension 'ignore'
[0.209s] Level 1:colcon.colcon_core.package_identification:_identify(src) by extension 'ignore_ament_install'
[0.209s] Level 1:colcon.colcon_core.package_identification:_identify(src) by extensions ['colcon_pkg']
[0.209s] Level 1:colcon.colcon_core.package_identification:_identify(src) by extension 'colcon_pkg'
[0.209s] Level 1:colcon.colcon_core.package_identification:_identify(src) by extensions ['colcon_meta']
[0.209s] Level 1:colcon.colcon_core.package_identification:_identify(src) by extension 'colcon_meta'
[0.209s] Level 1:colcon.colcon_core.package_identification:_identify(src) by extensions ['ros']
[0.209s] Level 1:colcon.colcon_core.package_identification:_identify(src) by extension 'ros'
[0.209s] Level 1:colcon.colcon_core.package_identification:_identify(src) by extensions ['cmake', 'python']
[0.209s] Level 1:colcon.colcon_core.package_identification:_identify(src) by extension 'cmake'
[0.209s] Level 1:colcon.colcon_core.package_identification:_identify(src) by extension 'python'
[0.209s] Level 1:colcon.colcon_core.package_identification:_identify(src) by extensions ['python_setup_py']
[0.209s] Level 1:colcon.colcon_core.package_identification:_identify(src) by extension 'python_setup_py'
[0.209s] Level 1:colcon.colcon_core.package_identification:_identify(src/dog_msgs) by extensions ['ignore', 'ignore_ament_install']
[0.209s] Level 1:colcon.colcon_core.package_identification:_identify(src/dog_msgs) by extension 'ignore'
[0.209s] Level 1:colcon.colcon_core.package_identification:_identify(src/dog_msgs) by extension 'ignore_ament_install'
[0.209s] Level 1:colcon.colcon_core.package_identification:_identify(src/dog_msgs) by extensions ['colcon_pkg']
[0.209s] Level 1:colcon.colcon_core.package_identification:_identify(src/dog_msgs) by extension 'colcon_pkg'
[0.209s] Level 1:colcon.colcon_core.package_identification:_identify(src/dog_msgs) by extensions ['colcon_meta']
[0.209s] Level 1:colcon.colcon_core.package_identification:_identify(src/dog_msgs) by extension 'colcon_meta'
[0.209s] Level 1:colcon.colcon_core.package_identification:_identify(src/dog_msgs) by extensions ['ros']
[0.209s] Level 1:colcon.colcon_core.package_identification:_identify(src/dog_msgs) by extension 'ros'
[0.211s] DEBUG:colcon.colcon_core.package_identification:Package 'src/dog_msgs' with type 'ros.catkin' and name 'dog_msgs'
[0.211s] Level 1:colcon.colcon_core.package_identification:_identify(src/node1_controller) by extensions ['ignore', 'ignore_ament_install']
[0.211s] Level 1:colcon.colcon_core.package_identification:_identify(src/node1_controller) by extension 'ignore'
[0.211s] Level 1:colcon.colcon_core.package_identification:_identify(src/node1_controller) by extension 'ignore_ament_install'
[0.211s] Level 1:colcon.colcon_core.package_identification:_identify(src/node1_controller) by extensions ['colcon_pkg']
[0.211s] Level 1:colcon.colcon_core.package_identification:_identify(src/node1_controller) by extension 'colcon_pkg'
[0.211s] Level 1:colcon.colcon_core.package_identification:_identify(src/node1_controller) by extensions ['colcon_meta']
[0.211s] Level 1:colcon.colcon_core.package_identification:_identify(src/node1_controller) by extension 'colcon_meta'
[0.211s] Level 1:colcon.colcon_core.package_identification:_identify(src/node1_controller) by extensions ['ros']
[0.211s] Level 1:colcon.colcon_core.package_identification:_identify(src/node1_controller) by extension 'ros'
[0.212s] DEBUG:colcon.colcon_core.package_identification:Package 'src/node1_controller' with type 'ros.ament_cmake' and name 'node1_controller'
[0.212s] Level 1:colcon.colcon_core.package_identification:_identify(src/node2_simulation) by extensions ['ignore', 'ignore_ament_install']
[0.212s] Level 1:colcon.colcon_core.package_identification:_identify(src/node2_simulation) by extension 'ignore'
[0.212s] Level 1:colcon.colcon_core.package_identification:_identify(src/node2_simulation) by extension 'ignore_ament_install'
[0.212s] Level 1:colcon.colcon_core.package_identification:_identify(src/node2_simulation) by extensions ['colcon_pkg']
[0.212s] Level 1:colcon.colcon_core.package_identification:_identify(src/node2_simulation) by extension 'colcon_pkg'
[0.212s] Level 1:colcon.colcon_core.package_identification:_identify(src/node2_simulation) by extensions ['colcon_meta']
[0.212s] Level 1:colcon.colcon_core.package_identification:_identify(src/node2_simulation) by extension 'colcon_meta'
[0.212s] Level 1:colcon.colcon_core.package_identification:_identify(src/node2_simulation) by extensions ['ros']
[0.212s] Level 1:colcon.colcon_core.package_identification:_identify(src/node2_simulation) by extension 'ros'
[0.212s] DEBUG:colcon.colcon_core.package_identification:Package 'src/node2_simulation' with type 'ros.ament_python' and name 'node2_simulation'
[0.212s] Level 1:colcon.colcon_core.package_identification:_identify(src/node3_handle) by extensions ['ignore', 'ignore_ament_install']
[0.213s] Level 1:colcon.colcon_core.package_identification:_identify(src/node3_handle) by extension 'ignore'
[0.213s] Level 1:colcon.colcon_core.package_identification:_identify(src/node3_handle) by extension 'ignore_ament_install'
[0.213s] Level 1:colcon.colcon_core.package_identification:_identify(src/node3_handle) by extensions ['colcon_pkg']
[0.213s] Level 1:colcon.colcon_core.package_identification:_identify(src/node3_handle) by extension 'colcon_pkg'
[0.213s] Level 1:colcon.colcon_core.package_identification:_identify(src/node3_handle) by extensions ['colcon_meta']
[0.213s] Level 1:colcon.colcon_core.package_identification:_identify(src/node3_handle) by extension 'colcon_meta'
[0.213s] Level 1:colcon.colcon_core.package_identification:_identify(src/node3_handle) by extensions ['ros']
[0.213s] Level 1:colcon.colcon_core.package_identification:_identify(src/node3_handle) by extension 'ros'
[0.213s] DEBUG:colcon.colcon_core.package_identification:Package 'src/node3_handle' with type 'ros.ament_cmake' and name 'node3_handle'
[0.213s] Level 1:colcon.colcon_core.package_discovery:discover_packages(recursive) using defaults
[0.213s] Level 1:colcon.colcon_core.package_discovery:discover_packages(ignore) discover
[0.213s] Level 1:colcon.colcon_core.package_discovery:discover_packages(ignore) using defaults
[0.213s] Level 1:colcon.colcon_core.package_discovery:discover_packages(path) discover
[0.213s] Level 1:colcon.colcon_core.package_discovery:discover_packages(path) using defaults
[0.227s] Level 1:colcon.colcon_core.package_discovery:discover_packages(prefix_path) check parameters
[0.227s] Level 1:colcon.colcon_core.package_discovery:discover_packages(prefix_path) discover
[0.229s] DEBUG:colcon.colcon_installed_package_information.package_discovery:Found 273 installed packages in /opt/ros/humble
[0.237s] Level 1:colcon.colcon_core.package_discovery:discover_packages(prefix_path) using defaults
[0.263s] Level 5:colcon.colcon_core.verb:set package 'dog_msgs' build argument 'cmake_args' from command line to 'None'
[0.263s] Level 5:colcon.colcon_core.verb:set package 'dog_msgs' build argument 'cmake_target' from command line to 'None'
[0.263s] Level 5:colcon.colcon_core.verb:set package 'dog_msgs' build argument 'cmake_target_skip_unavailable' from command line to 'False'
[0.263s] Level 5:colcon.colcon_core.verb:set package 'dog_msgs' build argument 'cmake_clean_cache' from command line to 'False'
[0.263s] Level 5:colcon.colcon_core.verb:set package 'dog_msgs' build argument 'cmake_clean_first' from command line to 'False'
[0.263s] Level 5:colcon.colcon_core.verb:set package 'dog_msgs' build argument 'cmake_force_configure' from command line to 'False'
[0.263s] Level 5:colcon.colcon_core.verb:set package 'dog_msgs' build argument 'ament_cmake_args' from command line to 'None'
[0.263s] Level 5:colcon.colcon_core.verb:set package 'dog_msgs' build argument 'catkin_cmake_args' from command line to 'None'
[0.263s] Level 5:colcon.colcon_core.verb:set package 'dog_msgs' build argument 'catkin_skip_building_tests' from command line to 'False'
[0.263s] DEBUG:colcon.colcon_core.verb:Building package 'dog_msgs' with the following arguments: {'ament_cmake_args': None, 'build_base': '/home/pip/robocon/ROS2_training/dog_ros2_ws1/build/dog_msgs', 'catkin_cmake_args': None, 'catkin_skip_building_tests': False, 'cmake_args': None, 'cmake_clean_cache': False, 'cmake_clean_first': False, 'cmake_force_configure': False, 'cmake_target': None, 'cmake_target_skip_unavailable': False, 'install_base': '/home/pip/robocon/ROS2_training/dog_ros2_ws1/install/dog_msgs', 'merge_install': False, 'path': '/home/pip/robocon/ROS2_training/dog_ros2_ws1/src/dog_msgs', 'symlink_install': True, 'test_result_base': None}
[0.263s] Level 5:colcon.colcon_core.verb:set package 'node2_simulation' build argument 'cmake_args' from command line to 'None'
[0.263s] Level 5:colcon.colcon_core.verb:set package 'node2_simulation' build argument 'cmake_target' from command line to 'None'
[0.263s] Level 5:colcon.colcon_core.verb:set package 'node2_simulation' build argument 'cmake_target_skip_unavailable' from command line to 'False'
[0.263s] Level 5:colcon.colcon_core.verb:set package 'node2_simulation' build argument 'cmake_clean_cache' from command line to 'False'
[0.263s] Level 5:colcon.colcon_core.verb:set package 'node2_simulation' build argument 'cmake_clean_first' from command line to 'False'
[0.263s] Level 5:colcon.colcon_core.verb:set package 'node2_simulation' build argument 'cmake_force_configure' from command line to 'False'
[0.263s] Level 5:colcon.colcon_core.verb:set package 'node2_simulation' build argument 'ament_cmake_args' from command line to 'None'
[0.263s] Level 5:colcon.colcon_core.verb:set package 'node2_simulation' build argument 'catkin_cmake_args' from command line to 'None'
[0.263s] Level 5:colcon.colcon_core.verb:set package 'node2_simulation' build argument 'catkin_skip_building_tests' from command line to 'False'
[0.263s] DEBUG:colcon.colcon_core.verb:Building package 'node2_simulation' with the following arguments: {'ament_cmake_args': None, 'build_base': '/home/pip/robocon/ROS2_training/dog_ros2_ws1/build/node2_simulation', 'catkin_cmake_args': None, 'catkin_skip_building_tests': False, 'cmake_args': None, 'cmake_clean_cache': False, 'cmake_clean_first': False, 'cmake_force_configure': False, 'cmake_target': None, 'cmake_target_skip_unavailable': False, 'install_base': '/home/pip/robocon/ROS2_training/dog_ros2_ws1/install/node2_simulation', 'merge_install': False, 'path': '/home/pip/robocon/ROS2_training/dog_ros2_ws1/src/node2_simulation', 'symlink_install': True, 'test_result_base': None}
[0.263s] Level 5:colcon.colcon_core.verb:set package 'node1_controller' build argument 'cmake_args' from command line to 'None'
[0.263s] Level 5:colcon.colcon_core.verb:set package 'node1_controller' build argument 'cmake_target' from command line to 'None'
[0.263s] Level 5:colcon.colcon_core.verb:set package 'node1_controller' build argument 'cmake_target_skip_unavailable' from command line to 'False'
[0.263s] Level 5:colcon.colcon_core.verb:set package 'node1_controller' build argument 'cmake_clean_cache' from command line to 'False'
[0.263s] Level 5:colcon.colcon_core.verb:set package 'node1_controller' build argument 'cmake_clean_first' from command line to 'False'
[0.263s] Level 5:colcon.colcon_core.verb:set package 'node1_controller' build argument 'cmake_force_configure' from command line to 'False'
[0.263s] Level 5:colcon.colcon_core.verb:set package 'node1_controller' build argument 'ament_cmake_args' from command line to 'None'
[0.263s] Level 5:colcon.colcon_core.verb:set package 'node1_controller' build argument 'catkin_cmake_args' from command line to 'None'
[0.263s] Level 5:colcon.colcon_core.verb:set package 'node1_controller' build argument 'catkin_skip_building_tests' from command line to 'False'
[0.263s] DEBUG:colcon.colcon_core.verb:Building package 'node1_controller' with the following arguments: {'ament_cmake_args': None, 'build_base': '/home/pip/robocon/ROS2_training/dog_ros2_ws1/build/node1_controller', 'catkin_cmake_args': None, 'catkin_skip_building_tests': False, 'cmake_args': None, 'cmake_clean_cache': False, 'cmake_clean_first': False, 'cmake_force_configure': False, 'cmake_target': None, 'cmake_target_skip_unavailable': False, 'install_base': '/home/pip/robocon/ROS2_training/dog_ros2_ws1/install/node1_controller', 'merge_install': False, 'path': '/home/pip/robocon/ROS2_training/dog_ros2_ws1/src/node1_controller', 'symlink_install': True, 'test_result_base': None}
[0.264s] Level 5:colcon.colcon_core.verb:set package 'node3_handle' build argument 'cmake_args' from command line to 'None'
[0.264s] Level 5:colcon.colcon_core.verb:set package 'node3_handle' build argument 'cmake_target' from command line to 'None'
[0.264s] Level 5:colcon.colcon_core.verb:set package 'node3_handle' build argument 'cmake_target_skip_unavailable' from command line to 'False'
[0.264s] Level 5:colcon.colcon_core.verb:set package 'node3_handle' build argument 'cmake_clean_cache' from command line to 'False'
[0.264s] Level 5:colcon.colcon_core.verb:set package 'node3_handle' build argument 'cmake_clean_first' from command line to 'False'
[0.264s] Level 5:colcon.colcon_core.verb:set package 'node3_handle' build argument 'cmake_force_configure' from command line to 'False'
[0.264s] Level 5:colcon.colcon_core.verb:set package 'node3_handle' build argument 'ament_cmake_args' from command line to 'None'
[0.264s] Level 5:colcon.colcon_core.verb:set package 'node3_handle' build argument 'catkin_cmake_args' from command line to 'None'
[0.264s] Level 5:colcon.colcon_core.verb:set package 'node3_handle' build argument 'catkin_skip_building_tests' from command line to 'False'
[0.264s] DEBUG:colcon.colcon_core.verb:Building package 'node3_handle' with the following arguments: {'ament_cmake_args': None, 'build_base': '/home/pip/robocon/ROS2_training/dog_ros2_ws1/build/node3_handle', 'catkin_cmake_args': None, 'catkin_skip_building_tests': False, 'cmake_args': None, 'cmake_clean_cache': False, 'cmake_clean_first': False, 'cmake_force_configure': False, 'cmake_target': None, 'cmake_target_skip_unavailable': False, 'install_base': '/home/pip/robocon/ROS2_training/dog_ros2_ws1/install/node3_handle', 'merge_install': False, 'path': '/home/pip/robocon/ROS2_training/dog_ros2_ws1/src/node3_handle', 'symlink_install': True, 'test_result_base': None}
[0.264s] INFO:colcon.colcon_core.executor:Executing jobs using 'parallel' executor
[0.265s] DEBUG:colcon.colcon_parallel_executor.executor.parallel:run_until_complete
[0.265s] INFO:colcon.colcon_ros.task.catkin.build:Building ROS package in '/home/pip/robocon/ROS2_training/dog_ros2_ws1/src/dog_msgs' with build type 'catkin'
[0.265s] INFO:colcon.colcon_cmake.task.cmake.build:Building CMake package in '/home/pip/robocon/ROS2_training/dog_ros2_ws1/src/dog_msgs'
[0.266s] INFO:colcon.colcon_core.plugin_system:Skipping extension 'colcon_core.shell.bat': Not used on non-Windows systems
[0.266s] INFO:colcon.colcon_core.shell:Skip shell extension 'powershell' for command environment: Not usable outside of PowerShell
[0.266s] DEBUG:colcon.colcon_core.shell:Skip shell extension 'dsv' for command environment
[0.269s] INFO:colcon.colcon_ros.task.ament_python.build:Building ROS package in '/home/pip/robocon/ROS2_training/dog_ros2_ws1/src/node2_simulation' with build type 'ament_python'
[0.269s] Level 1:colcon.colcon_core.shell:create_environment_hook('node2_simulation', 'ament_prefix_path')
[0.269s] INFO:colcon.colcon_core.shell:Creating environment hook '/home/pip/robocon/ROS2_training/dog_ros2_ws1/install/node2_simulation/share/node2_simulation/hook/ament_prefix_path.ps1'
[0.270s] INFO:colcon.colcon_core.shell:Creating environment descriptor '/home/pip/robocon/ROS2_training/dog_ros2_ws1/install/node2_simulation/share/node2_simulation/hook/ament_prefix_path.dsv'
[0.270s] INFO:colcon.colcon_core.shell:Creating environment hook '/home/pip/robocon/ROS2_training/dog_ros2_ws1/install/node2_simulation/share/node2_simulation/hook/ament_prefix_path.sh'
[0.270s] INFO:colcon.colcon_core.shell:Skip shell extension 'powershell' for command environment: Not usable outside of PowerShell
[0.270s] DEBUG:colcon.colcon_core.shell:Skip shell extension 'dsv' for command environment
[0.275s] DEBUG:colcon.colcon_core.event_handler.log_command:Invoking command in '/home/pip/robocon/ROS2_training/dog_ros2_ws1/build/dog_msgs': /usr/bin/cmake /home/pip/robocon/ROS2_training/dog_ros2_ws1/src/dog_msgs -DCATKIN_INSTALL_INTO_PREFIX_ROOT=0 -DCATKIN_SYMLINK_INSTALL=ON -DCMAKE_INSTALL_PREFIX=/home/pip/robocon/ROS2_training/dog_ros2_ws1/install/dog_msgs
[0.451s] INFO:colcon.colcon_core.task.python.build:Building Python package in '/home/pip/robocon/ROS2_training/dog_ros2_ws1/src/node2_simulation'
[0.452s] INFO:colcon.colcon_core.shell:Skip shell extension 'powershell' for command environment: Not usable outside of PowerShell
[0.452s] DEBUG:colcon.colcon_core.shell:Skip shell extension 'dsv' for command environment
[0.706s] DEBUG:colcon.colcon_core.task.python.build:Available setuptools commands: build, egg_info, dist_info, bdist, install_egg_info, install_lib, clean, register, test, build_ext, install_scripts, install_data, rotate, install_headers, saveopts, check, bdist_rpm, build_py, build_clib, develop, sdist, alias, bdist_egg, bdist_wheel, bdist_dumb, symlink_data, upload_docs, setopt, easy_install, install, upload, build_scripts
[0.881s] DEBUG:colcon.colcon_core.task.python.build:Available setuptools 'develop' options: --always-copy, --index-url, --force-installation-into-system-dir, --user, --zip-ok, --version, --upgrade, --no-find-links, --exclude-scripts, --always-unzip, --find-links, --optimize, --local-snapshots-ok, --multi-version, --install-layout, --install-dir, --quiet, --script-dir, --allow-hosts, --build-directory, --help, --dry-run, --record, --editable, --site-dirs, --prefix, --no-user-cfg, --verbose, --uninstall, --no-deps, --egg-path
[0.883s] DEBUG:colcon.colcon_core.event_handler.log_command:Invoking command in '/home/pip/robocon/ROS2_training/dog_ros2_ws1/build/node2_simulation': PYTHONPATH=/home/pip/robocon/ROS2_training/dog_ros2_ws1/build/node2_simulation/prefix_override:/usr/lib/python3/dist-packages/colcon_core/task/python/colcon_distutils_commands:/home/pip/robocon/ROS2_training/dog_ros2_ws1/install/node2_simulation/lib/python3.10/site-packages:${PYTHONPATH} /usr/bin/python3 -W ignore:setup.py install is deprecated -W ignore:easy_install command is deprecated setup.py develop --editable --build-directory /home/pip/robocon/ROS2_training/dog_ros2_ws1/build/node2_simulation/build --no-deps symlink_data
[1.133s] Level 1:colcon.colcon_core.shell:create_environment_hook('node2_simulation', 'pythonpath_develop')
[1.133s] INFO:colcon.colcon_core.shell:Creating environment hook '/home/pip/robocon/ROS2_training/dog_ros2_ws1/build/node2_simulation/share/node2_simulation/hook/pythonpath_develop.ps1'
[1.133s] DEBUG:colcon.colcon_core.event_handler.log_command:Invoked command in '/home/pip/robocon/ROS2_training/dog_ros2_ws1/build/node2_simulation' returned '0': PYTHONPATH=/home/pip/robocon/ROS2_training/dog_ros2_ws1/build/node2_simulation/prefix_override:/usr/lib/python3/dist-packages/colcon_core/task/python/colcon_distutils_commands:/home/pip/robocon/ROS2_training/dog_ros2_ws1/install/node2_simulation/lib/python3.10/site-packages:${PYTHONPATH} /usr/bin/python3 -W ignore:setup.py install is deprecated -W ignore:easy_install command is deprecated setup.py develop --editable --build-directory /home/pip/robocon/ROS2_training/dog_ros2_ws1/build/node2_simulation/build --no-deps symlink_data
[1.134s] INFO:colcon.colcon_core.shell:Creating environment descriptor '/home/pip/robocon/ROS2_training/dog_ros2_ws1/build/node2_simulation/share/node2_simulation/hook/pythonpath_develop.dsv'
[1.134s] INFO:colcon.colcon_core.shell:Creating environment hook '/home/pip/robocon/ROS2_training/dog_ros2_ws1/build/node2_simulation/share/node2_simulation/hook/pythonpath_develop.sh'
[1.135s] Level 1:colcon.colcon_core.environment:checking '/home/pip/robocon/ROS2_training/dog_ros2_ws1/install/node2_simulation' for CMake module files
[1.136s] Level 1:colcon.colcon_core.environment:checking '/home/pip/robocon/ROS2_training/dog_ros2_ws1/install/node2_simulation' for CMake config files
[1.136s] Level 1:colcon.colcon_core.environment:checking '/home/pip/robocon/ROS2_training/dog_ros2_ws1/install/node2_simulation/lib'
[1.136s] Level 1:colcon.colcon_core.environment:checking '/home/pip/robocon/ROS2_training/dog_ros2_ws1/install/node2_simulation/bin'
[1.136s] Level 1:colcon.colcon_core.environment:checking '/home/pip/robocon/ROS2_training/dog_ros2_ws1/install/node2_simulation/lib/pkgconfig/node2_simulation.pc'
[1.136s] Level 1:colcon.colcon_core.environment:checking '/home/pip/robocon/ROS2_training/dog_ros2_ws1/install/node2_simulation/lib/python3.10/site-packages'
[1.136s] Level 1:colcon.colcon_core.shell:create_environment_hook('node2_simulation', 'pythonpath')
[1.136s] INFO:colcon.colcon_core.shell:Creating environment hook '/home/pip/robocon/ROS2_training/dog_ros2_ws1/install/node2_simulation/share/node2_simulation/hook/pythonpath.ps1'
[1.137s] INFO:colcon.colcon_core.shell:Creating environment descriptor '/home/pip/robocon/ROS2_training/dog_ros2_ws1/install/node2_simulation/share/node2_simulation/hook/pythonpath.dsv'
[1.137s] INFO:colcon.colcon_core.shell:Creating environment hook '/home/pip/robocon/ROS2_training/dog_ros2_ws1/install/node2_simulation/share/node2_simulation/hook/pythonpath.sh'
[1.137s] Level 1:colcon.colcon_core.environment:checking '/home/pip/robocon/ROS2_training/dog_ros2_ws1/install/node2_simulation/bin'
[1.137s] Level 1:colcon.colcon_core.environment:create_environment_scripts_only(node2_simulation)
[1.137s] INFO:colcon.colcon_core.shell:Creating package script '/home/pip/robocon/ROS2_training/dog_ros2_ws1/install/node2_simulation/share/node2_simulation/package.ps1'
[1.138s] INFO:colcon.colcon_core.shell:Creating package descriptor '/home/pip/robocon/ROS2_training/dog_ros2_ws1/install/node2_simulation/share/node2_simulation/package.dsv'
[1.138s] INFO:colcon.colcon_core.shell:Creating package script '/home/pip/robocon/ROS2_training/dog_ros2_ws1/install/node2_simulation/share/node2_simulation/package.sh'
[1.138s] INFO:colcon.colcon_core.shell:Creating package script '/home/pip/robocon/ROS2_training/dog_ros2_ws1/install/node2_simulation/share/node2_simulation/package.bash'
[1.139s] INFO:colcon.colcon_core.shell:Creating package script '/home/pip/robocon/ROS2_training/dog_ros2_ws1/install/node2_simulation/share/node2_simulation/package.zsh'
[1.139s] Level 1:colcon.colcon_core.environment:create_file_with_runtime_dependencies(/home/pip/robocon/ROS2_training/dog_ros2_ws1/install/node2_simulation/share/colcon-core/packages/node2_simulation)
[1.355s] DEBUG:colcon.colcon_core.event_handler.log_command:Invoked command in '/home/pip/robocon/ROS2_training/dog_ros2_ws1/build/dog_msgs' returned '0': /usr/bin/cmake /home/pip/robocon/ROS2_training/dog_ros2_ws1/src/dog_msgs -DCATKIN_INSTALL_INTO_PREFIX_ROOT=0 -DCATKIN_SYMLINK_INSTALL=ON -DCMAKE_INSTALL_PREFIX=/home/pip/robocon/ROS2_training/dog_ros2_ws1/install/dog_msgs
[1.357s] DEBUG:colcon.colcon_core.event_handler.log_command:Invoking command in '/home/pip/robocon/ROS2_training/dog_ros2_ws1/build/dog_msgs': /usr/bin/cmake --build /home/pip/robocon/ROS2_training/dog_ros2_ws1/build/dog_msgs -- -j32 -l32
[2.868s] DEBUG:colcon.colcon_core.event_handler.log_command:Invoked command in '/home/pip/robocon/ROS2_training/dog_ros2_ws1/build/dog_msgs' returned '0': /usr/bin/cmake --build /home/pip/robocon/ROS2_training/dog_ros2_ws1/build/dog_msgs -- -j32 -l32
[2.874s] DEBUG:colcon.colcon_core.event_handler.log_command:Invoking command in '/home/pip/robocon/ROS2_training/dog_ros2_ws1/build/dog_msgs': /usr/bin/cmake --install /home/pip/robocon/ROS2_training/dog_ros2_ws1/build/dog_msgs
[2.932s] DEBUG:colcon.colcon_core.event_handler.log_command:Invoked command in '/home/pip/robocon/ROS2_training/dog_ros2_ws1/build/dog_msgs' returned '0': /usr/bin/cmake --install /home/pip/robocon/ROS2_training/dog_ros2_ws1/build/dog_msgs
[2.932s] Level 1:colcon.colcon_core.shell:create_environment_hook('dog_msgs', 'ros_package_path')
[2.933s] INFO:colcon.colcon_core.shell:Creating environment hook '/home/pip/robocon/ROS2_training/dog_ros2_ws1/install/dog_msgs/share/dog_msgs/hook/ros_package_path.ps1'
[2.933s] INFO:colcon.colcon_core.shell:Creating environment descriptor '/home/pip/robocon/ROS2_training/dog_ros2_ws1/install/dog_msgs/share/dog_msgs/hook/ros_package_path.dsv'
[2.933s] INFO:colcon.colcon_core.shell:Creating environment hook '/home/pip/robocon/ROS2_training/dog_ros2_ws1/install/dog_msgs/share/dog_msgs/hook/ros_package_path.sh'
[2.934s] Level 1:colcon.colcon_ros.task.catkin:checking '/home/pip/robocon/ROS2_training/dog_ros2_ws1/install/dog_msgs/local/lib/python3.10/dist-packages'
[2.934s] Level 1:colcon.colcon_core.shell:create_environment_hook('dog_msgs', 'catkin_pythonpath')
[2.934s] INFO:colcon.colcon_core.shell:Creating environment hook '/home/pip/robocon/ROS2_training/dog_ros2_ws1/install/dog_msgs/share/dog_msgs/hook/catkin_pythonpath.ps1'
[2.934s] INFO:colcon.colcon_core.shell:Creating environment descriptor '/home/pip/robocon/ROS2_training/dog_ros2_ws1/install/dog_msgs/share/dog_msgs/hook/catkin_pythonpath.dsv'
[2.934s] INFO:colcon.colcon_core.shell:Creating environment hook '/home/pip/robocon/ROS2_training/dog_ros2_ws1/install/dog_msgs/share/dog_msgs/hook/catkin_pythonpath.sh'
[2.934s] Level 1:colcon.colcon_core.shell:create_environment_hook('dog_msgs', 'pkg_config_path')
[2.934s] INFO:colcon.colcon_core.shell:Creating environment hook '/home/pip/robocon/ROS2_training/dog_ros2_ws1/install/dog_msgs/share/dog_msgs/hook/pkg_config_path.ps1'
[2.934s] INFO:colcon.colcon_core.shell:Creating environment descriptor '/home/pip/robocon/ROS2_training/dog_ros2_ws1/install/dog_msgs/share/dog_msgs/hook/pkg_config_path.dsv'
[2.935s] INFO:colcon.colcon_core.shell:Creating environment hook '/home/pip/robocon/ROS2_training/dog_ros2_ws1/install/dog_msgs/share/dog_msgs/hook/pkg_config_path.sh'
[2.936s] Level 1:colcon.colcon_core.shell:create_environment_hook('dog_msgs', 'pkg_config_path_multiarch')
[2.936s] INFO:colcon.colcon_core.shell:Creating environment hook '/home/pip/robocon/ROS2_training/dog_ros2_ws1/install/dog_msgs/share/dog_msgs/hook/pkg_config_path_multiarch.ps1'
[2.936s] INFO:colcon.colcon_core.shell:Creating environment descriptor '/home/pip/robocon/ROS2_training/dog_ros2_ws1/install/dog_msgs/share/dog_msgs/hook/pkg_config_path_multiarch.dsv'
[2.937s] INFO:colcon.colcon_core.shell:Creating environment hook '/home/pip/robocon/ROS2_training/dog_ros2_ws1/install/dog_msgs/share/dog_msgs/hook/pkg_config_path_multiarch.sh'
[2.937s] Level 1:colcon.colcon_core.environment:create_environment_scripts_only(dog_msgs)
[2.937s] Level 1:colcon.colcon_core.environment:checking '/home/pip/robocon/ROS2_training/dog_ros2_ws1/install/dog_msgs' for CMake module files
[2.938s] Level 1:colcon.colcon_core.environment:checking '/home/pip/robocon/ROS2_training/dog_ros2_ws1/install/dog_msgs' for CMake config files
[2.938s] Level 1:colcon.colcon_core.shell:create_environment_hook('dog_msgs', 'cmake_prefix_path')
[2.938s] INFO:colcon.colcon_core.shell:Creating environment hook '/home/pip/robocon/ROS2_training/dog_ros2_ws1/install/dog_msgs/share/dog_msgs/hook/cmake_prefix_path.ps1'
[2.938s] INFO:colcon.colcon_core.shell:Creating environment descriptor '/home/pip/robocon/ROS2_training/dog_ros2_ws1/install/dog_msgs/share/dog_msgs/hook/cmake_prefix_path.dsv'
[2.938s] INFO:colcon.colcon_core.shell:Creating environment hook '/home/pip/robocon/ROS2_training/dog_ros2_ws1/install/dog_msgs/share/dog_msgs/hook/cmake_prefix_path.sh'
[2.939s] Level 1:colcon.colcon_core.environment:checking '/home/pip/robocon/ROS2_training/dog_ros2_ws1/install/dog_msgs/lib'
[2.939s] Level 1:colcon.colcon_core.shell:create_environment_hook('dog_msgs', 'ld_library_path_lib')
[2.939s] INFO:colcon.colcon_core.shell:Creating environment hook '/home/pip/robocon/ROS2_training/dog_ros2_ws1/install/dog_msgs/share/dog_msgs/hook/ld_library_path_lib.ps1'
[2.939s] INFO:colcon.colcon_core.shell:Creating environment descriptor '/home/pip/robocon/ROS2_training/dog_ros2_ws1/install/dog_msgs/share/dog_msgs/hook/ld_library_path_lib.dsv'
[2.939s] INFO:colcon.colcon_core.shell:Creating environment hook '/home/pip/robocon/ROS2_training/dog_ros2_ws1/install/dog_msgs/share/dog_msgs/hook/ld_library_path_lib.sh'
[2.939s] Level 1:colcon.colcon_core.environment:checking '/home/pip/robocon/ROS2_training/dog_ros2_ws1/install/dog_msgs/bin'
[2.940s] Level 1:colcon.colcon_core.environment:checking '/home/pip/robocon/ROS2_training/dog_ros2_ws1/install/dog_msgs/lib/pkgconfig/dog_msgs.pc'
[2.940s] Level 1:colcon.colcon_core.environment:checking '/home/pip/robocon/ROS2_training/dog_ros2_ws1/install/dog_msgs/lib/python3.10/site-packages'
[2.940s] Level 1:colcon.colcon_core.environment:checking '/home/pip/robocon/ROS2_training/dog_ros2_ws1/install/dog_msgs/bin'
[2.940s] INFO:colcon.colcon_core.shell:Creating package script '/home/pip/robocon/ROS2_training/dog_ros2_ws1/install/dog_msgs/share/dog_msgs/package.ps1'
[2.940s] INFO:colcon.colcon_core.shell:Creating package descriptor '/home/pip/robocon/ROS2_training/dog_ros2_ws1/install/dog_msgs/share/dog_msgs/package.dsv'
[2.941s] INFO:colcon.colcon_core.shell:Creating package script '/home/pip/robocon/ROS2_training/dog_ros2_ws1/install/dog_msgs/share/dog_msgs/package.sh'
[2.941s] INFO:colcon.colcon_core.shell:Creating package script '/home/pip/robocon/ROS2_training/dog_ros2_ws1/install/dog_msgs/share/dog_msgs/package.bash'
[2.941s] INFO:colcon.colcon_core.shell:Creating package script '/home/pip/robocon/ROS2_training/dog_ros2_ws1/install/dog_msgs/share/dog_msgs/package.zsh'
[2.941s] Level 1:colcon.colcon_core.environment:create_file_with_runtime_dependencies(/home/pip/robocon/ROS2_training/dog_ros2_ws1/install/dog_msgs/share/colcon-core/packages/dog_msgs)
[2.942s] INFO:colcon.colcon_ros.task.ament_cmake.build:Building ROS package in '/home/pip/robocon/ROS2_training/dog_ros2_ws1/src/node1_controller' with build type 'ament_cmake'
[2.942s] INFO:colcon.colcon_cmake.task.cmake.build:Building CMake package in '/home/pip/robocon/ROS2_training/dog_ros2_ws1/src/node1_controller'
[2.942s] INFO:colcon.colcon_core.shell:Skip shell extension 'powershell' for command environment: Not usable outside of PowerShell
[2.942s] DEBUG:colcon.colcon_core.shell:Skip shell extension 'dsv' for command environment
[2.943s] INFO:colcon.colcon_ros.task.ament_cmake.build:Building ROS package in '/home/pip/robocon/ROS2_training/dog_ros2_ws1/src/node3_handle' with build type 'ament_cmake'
[2.943s] INFO:colcon.colcon_cmake.task.cmake.build:Building CMake package in '/home/pip/robocon/ROS2_training/dog_ros2_ws1/src/node3_handle'
[2.944s] INFO:colcon.colcon_core.shell:Skip shell extension 'powershell' for command environment: Not usable outside of PowerShell
[2.944s] DEBUG:colcon.colcon_core.shell:Skip shell extension 'dsv' for command environment
[2.948s] DEBUG:colcon.colcon_core.event_handler.log_command:Invoking command in '/home/pip/robocon/ROS2_training/dog_ros2_ws1/build/node1_controller': CMAKE_PREFIX_PATH=/opt/ros/humble:/home/pip/robocon/ROS2_training/dog_ros2_ws1/install/dog_msgs LD_LIBRARY_PATH=/home/pip/robocon/ROS2_training/dog_ros2_ws1/install/dog_msgs/lib:${LD_LIBRARY_PATH} PKG_CONFIG_PATH=/home/pip/robocon/ROS2_training/dog_ros2_ws1/install/dog_msgs/lib/x86_64-linux-gnu/pkgconfig:/home/pip/robocon/ROS2_training/dog_ros2_ws1/install/dog_msgs/lib/pkgconfig PYTHONPATH=/home/pip/robocon/ROS2_training/dog_ros2_ws1/install/dog_msgs/local/lib/python3.10/dist-packages:${PYTHONPATH} ROS_PACKAGE_PATH=/home/pip/robocon/ROS2_training/dog_ros2_ws1/install/dog_msgs/share /usr/bin/cmake /home/pip/robocon/ROS2_training/dog_ros2_ws1/src/node1_controller -DAMENT_CMAKE_SYMLINK_INSTALL=1 -DCMAKE_INSTALL_PREFIX=/home/pip/robocon/ROS2_training/dog_ros2_ws1/install/node1_controller
[2.950s] DEBUG:colcon.colcon_core.event_handler.log_command:Invoking command in '/home/pip/robocon/ROS2_training/dog_ros2_ws1/build/node3_handle': CMAKE_PREFIX_PATH=/opt/ros/humble:/home/pip/robocon/ROS2_training/dog_ros2_ws1/install/dog_msgs LD_LIBRARY_PATH=/home/pip/robocon/ROS2_training/dog_ros2_ws1/install/dog_msgs/lib:${LD_LIBRARY_PATH} PKG_CONFIG_PATH=/home/pip/robocon/ROS2_training/dog_ros2_ws1/install/dog_msgs/lib/x86_64-linux-gnu/pkgconfig:/home/pip/robocon/ROS2_training/dog_ros2_ws1/install/dog_msgs/lib/pkgconfig PYTHONPATH=/home/pip/robocon/ROS2_training/dog_ros2_ws1/install/dog_msgs/local/lib/python3.10/dist-packages:${PYTHONPATH} ROS_PACKAGE_PATH=/home/pip/robocon/ROS2_training/dog_ros2_ws1/install/dog_msgs/share /usr/bin/cmake /home/pip/robocon/ROS2_training/dog_ros2_ws1/src/node3_handle -DAMENT_CMAKE_SYMLINK_INSTALL=1 -DCMAKE_INSTALL_PREFIX=/home/pip/robocon/ROS2_training/dog_ros2_ws1/install/node3_handle
[3.684s] DEBUG:colcon.colcon_core.event_handler.log_command:Invoked command in '/home/pip/robocon/ROS2_training/dog_ros2_ws1/build/node3_handle' returned '0': CMAKE_PREFIX_PATH=/opt/ros/humble:/home/pip/robocon/ROS2_training/dog_ros2_ws1/install/dog_msgs LD_LIBRARY_PATH=/home/pip/robocon/ROS2_training/dog_ros2_ws1/install/dog_msgs/lib:${LD_LIBRARY_PATH} PKG_CONFIG_PATH=/home/pip/robocon/ROS2_training/dog_ros2_ws1/install/dog_msgs/lib/x86_64-linux-gnu/pkgconfig:/home/pip/robocon/ROS2_training/dog_ros2_ws1/install/dog_msgs/lib/pkgconfig PYTHONPATH=/home/pip/robocon/ROS2_training/dog_ros2_ws1/install/dog_msgs/local/lib/python3.10/dist-packages:${PYTHONPATH} ROS_PACKAGE_PATH=/home/pip/robocon/ROS2_training/dog_ros2_ws1/install/dog_msgs/share /usr/bin/cmake /home/pip/robocon/ROS2_training/dog_ros2_ws1/src/node3_handle -DAMENT_CMAKE_SYMLINK_INSTALL=1 -DCMAKE_INSTALL_PREFIX=/home/pip/robocon/ROS2_training/dog_ros2_ws1/install/node3_handle
[3.685s] DEBUG:colcon.colcon_core.event_handler.log_command:Invoking command in '/home/pip/robocon/ROS2_training/dog_ros2_ws1/build/node3_handle': CMAKE_PREFIX_PATH=/opt/ros/humble:/home/pip/robocon/ROS2_training/dog_ros2_ws1/install/dog_msgs LD_LIBRARY_PATH=/home/pip/robocon/ROS2_training/dog_ros2_ws1/install/dog_msgs/lib:${LD_LIBRARY_PATH} PKG_CONFIG_PATH=/home/pip/robocon/ROS2_training/dog_ros2_ws1/install/dog_msgs/lib/x86_64-linux-gnu/pkgconfig:/home/pip/robocon/ROS2_training/dog_ros2_ws1/install/dog_msgs/lib/pkgconfig PYTHONPATH=/home/pip/robocon/ROS2_training/dog_ros2_ws1/install/dog_msgs/local/lib/python3.10/dist-packages:${PYTHONPATH} ROS_PACKAGE_PATH=/home/pip/robocon/ROS2_training/dog_ros2_ws1/install/dog_msgs/share /usr/bin/cmake --build /home/pip/robocon/ROS2_training/dog_ros2_ws1/build/node3_handle -- -j32 -l32
[3.687s] DEBUG:colcon.colcon_core.event_handler.log_command:Invoked command in '/home/pip/robocon/ROS2_training/dog_ros2_ws1/build/node1_controller' returned '0': CMAKE_PREFIX_PATH=/opt/ros/humble:/home/pip/robocon/ROS2_training/dog_ros2_ws1/install/dog_msgs LD_LIBRARY_PATH=/home/pip/robocon/ROS2_training/dog_ros2_ws1/install/dog_msgs/lib:${LD_LIBRARY_PATH} PKG_CONFIG_PATH=/home/pip/robocon/ROS2_training/dog_ros2_ws1/install/dog_msgs/lib/x86_64-linux-gnu/pkgconfig:/home/pip/robocon/ROS2_training/dog_ros2_ws1/install/dog_msgs/lib/pkgconfig PYTHONPATH=/home/pip/robocon/ROS2_training/dog_ros2_ws1/install/dog_msgs/local/lib/python3.10/dist-packages:${PYTHONPATH} ROS_PACKAGE_PATH=/home/pip/robocon/ROS2_training/dog_ros2_ws1/install/dog_msgs/share /usr/bin/cmake /home/pip/robocon/ROS2_training/dog_ros2_ws1/src/node1_controller -DAMENT_CMAKE_SYMLINK_INSTALL=1 -DCMAKE_INSTALL_PREFIX=/home/pip/robocon/ROS2_training/dog_ros2_ws1/install/node1_controller
[3.688s] DEBUG:colcon.colcon_core.event_handler.log_command:Invoking command in '/home/pip/robocon/ROS2_training/dog_ros2_ws1/build/node1_controller': CMAKE_PREFIX_PATH=/opt/ros/humble:/home/pip/robocon/ROS2_training/dog_ros2_ws1/install/dog_msgs LD_LIBRARY_PATH=/home/pip/robocon/ROS2_training/dog_ros2_ws1/install/dog_msgs/lib:${LD_LIBRARY_PATH} PKG_CONFIG_PATH=/home/pip/robocon/ROS2_training/dog_ros2_ws1/install/dog_msgs/lib/x86_64-linux-gnu/pkgconfig:/home/pip/robocon/ROS2_training/dog_ros2_ws1/install/dog_msgs/lib/pkgconfig PYTHONPATH=/home/pip/robocon/ROS2_training/dog_ros2_ws1/install/dog_msgs/local/lib/python3.10/dist-packages:${PYTHONPATH} ROS_PACKAGE_PATH=/home/pip/robocon/ROS2_training/dog_ros2_ws1/install/dog_msgs/share /usr/bin/cmake --build /home/pip/robocon/ROS2_training/dog_ros2_ws1/build/node1_controller -- -j32 -l32
[6.121s] DEBUG:colcon.colcon_core.event_handler.log_command:Invoked command in '/home/pip/robocon/ROS2_training/dog_ros2_ws1/build/node3_handle' returned '0': CMAKE_PREFIX_PATH=/opt/ros/humble:/home/pip/robocon/ROS2_training/dog_ros2_ws1/install/dog_msgs LD_LIBRARY_PATH=/home/pip/robocon/ROS2_training/dog_ros2_ws1/install/dog_msgs/lib:${LD_LIBRARY_PATH} PKG_CONFIG_PATH=/home/pip/robocon/ROS2_training/dog_ros2_ws1/install/dog_msgs/lib/x86_64-linux-gnu/pkgconfig:/home/pip/robocon/ROS2_training/dog_ros2_ws1/install/dog_msgs/lib/pkgconfig PYTHONPATH=/home/pip/robocon/ROS2_training/dog_ros2_ws1/install/dog_msgs/local/lib/python3.10/dist-packages:${PYTHONPATH} ROS_PACKAGE_PATH=/home/pip/robocon/ROS2_training/dog_ros2_ws1/install/dog_msgs/share /usr/bin/cmake --build /home/pip/robocon/ROS2_training/dog_ros2_ws1/build/node3_handle -- -j32 -l32
[6.122s] DEBUG:colcon.colcon_core.event_handler.log_command:Invoking command in '/home/pip/robocon/ROS2_training/dog_ros2_ws1/build/node3_handle': CMAKE_PREFIX_PATH=/opt/ros/humble:/home/pip/robocon/ROS2_training/dog_ros2_ws1/install/dog_msgs LD_LIBRARY_PATH=/home/pip/robocon/ROS2_training/dog_ros2_ws1/install/dog_msgs/lib:${LD_LIBRARY_PATH} PKG_CONFIG_PATH=/home/pip/robocon/ROS2_training/dog_ros2_ws1/install/dog_msgs/lib/x86_64-linux-gnu/pkgconfig:/home/pip/robocon/ROS2_training/dog_ros2_ws1/install/dog_msgs/lib/pkgconfig PYTHONPATH=/home/pip/robocon/ROS2_training/dog_ros2_ws1/install/dog_msgs/local/lib/python3.10/dist-packages:${PYTHONPATH} ROS_PACKAGE_PATH=/home/pip/robocon/ROS2_training/dog_ros2_ws1/install/dog_msgs/share /usr/bin/cmake --install /home/pip/robocon/ROS2_training/dog_ros2_ws1/build/node3_handle
[6.222s] Level 1:colcon.colcon_core.environment:create_environment_scripts_only(node3_handle)
[6.222s] Level 1:colcon.colcon_core.environment:checking '/home/pip/robocon/ROS2_training/dog_ros2_ws1/install/node3_handle' for CMake module files
[6.222s] DEBUG:colcon.colcon_core.event_handler.log_command:Invoked command in '/home/pip/robocon/ROS2_training/dog_ros2_ws1/build/node3_handle' returned '0': CMAKE_PREFIX_PATH=/opt/ros/humble:/home/pip/robocon/ROS2_training/dog_ros2_ws1/install/dog_msgs LD_LIBRARY_PATH=/home/pip/robocon/ROS2_training/dog_ros2_ws1/install/dog_msgs/lib:${LD_LIBRARY_PATH} PKG_CONFIG_PATH=/home/pip/robocon/ROS2_training/dog_ros2_ws1/install/dog_msgs/lib/x86_64-linux-gnu/pkgconfig:/home/pip/robocon/ROS2_training/dog_ros2_ws1/install/dog_msgs/lib/pkgconfig PYTHONPATH=/home/pip/robocon/ROS2_training/dog_ros2_ws1/install/dog_msgs/local/lib/python3.10/dist-packages:${PYTHONPATH} ROS_PACKAGE_PATH=/home/pip/robocon/ROS2_training/dog_ros2_ws1/install/dog_msgs/share /usr/bin/cmake --install /home/pip/robocon/ROS2_training/dog_ros2_ws1/build/node3_handle
[6.223s] Level 1:colcon.colcon_core.environment:checking '/home/pip/robocon/ROS2_training/dog_ros2_ws1/install/node3_handle' for CMake config files
[6.223s] Level 1:colcon.colcon_core.shell:create_environment_hook('node3_handle', 'cmake_prefix_path')
[6.223s] INFO:colcon.colcon_core.shell:Creating environment hook '/home/pip/robocon/ROS2_training/dog_ros2_ws1/install/node3_handle/share/node3_handle/hook/cmake_prefix_path.ps1'
[6.223s] INFO:colcon.colcon_core.shell:Creating environment descriptor '/home/pip/robocon/ROS2_training/dog_ros2_ws1/install/node3_handle/share/node3_handle/hook/cmake_prefix_path.dsv'
[6.223s] INFO:colcon.colcon_core.shell:Creating environment hook '/home/pip/robocon/ROS2_training/dog_ros2_ws1/install/node3_handle/share/node3_handle/hook/cmake_prefix_path.sh'
[6.224s] Level 1:colcon.colcon_core.environment:checking '/home/pip/robocon/ROS2_training/dog_ros2_ws1/install/node3_handle/lib'
[6.224s] Level 1:colcon.colcon_core.environment:checking '/home/pip/robocon/ROS2_training/dog_ros2_ws1/install/node3_handle/bin'
[6.224s] Level 1:colcon.colcon_core.environment:checking '/home/pip/robocon/ROS2_training/dog_ros2_ws1/install/node3_handle/lib/pkgconfig/node3_handle.pc'
[6.224s] Level 1:colcon.colcon_core.environment:checking '/home/pip/robocon/ROS2_training/dog_ros2_ws1/install/node3_handle/lib/python3.10/site-packages'
[6.224s] Level 1:colcon.colcon_core.environment:checking '/home/pip/robocon/ROS2_training/dog_ros2_ws1/install/node3_handle/bin'
[6.224s] INFO:colcon.colcon_core.shell:Creating package script '/home/pip/robocon/ROS2_training/dog_ros2_ws1/install/node3_handle/share/node3_handle/package.ps1'
[6.224s] INFO:colcon.colcon_core.shell:Creating package descriptor '/home/pip/robocon/ROS2_training/dog_ros2_ws1/install/node3_handle/share/node3_handle/package.dsv'
[6.225s] INFO:colcon.colcon_core.shell:Creating package script '/home/pip/robocon/ROS2_training/dog_ros2_ws1/install/node3_handle/share/node3_handle/package.sh'
[6.225s] INFO:colcon.colcon_core.shell:Creating package script '/home/pip/robocon/ROS2_training/dog_ros2_ws1/install/node3_handle/share/node3_handle/package.bash'
[6.225s] INFO:colcon.colcon_core.shell:Creating package script '/home/pip/robocon/ROS2_training/dog_ros2_ws1/install/node3_handle/share/node3_handle/package.zsh'
[6.225s] Level 1:colcon.colcon_core.environment:create_file_with_runtime_dependencies(/home/pip/robocon/ROS2_training/dog_ros2_ws1/install/node3_handle/share/colcon-core/packages/node3_handle)
[6.225s] Level 1:colcon.colcon_core.environment:create_environment_scripts_only(node3_handle)
[6.225s] Level 1:colcon.colcon_core.environment:checking '/home/pip/robocon/ROS2_training/dog_ros2_ws1/install/node3_handle' for CMake module files
[6.226s] Level 1:colcon.colcon_core.environment:checking '/home/pip/robocon/ROS2_training/dog_ros2_ws1/install/node3_handle' for CMake config files
[6.226s] Level 1:colcon.colcon_core.shell:create_environment_hook('node3_handle', 'cmake_prefix_path')
[6.226s] INFO:colcon.colcon_core.shell:Creating environment hook '/home/pip/robocon/ROS2_training/dog_ros2_ws1/install/node3_handle/share/node3_handle/hook/cmake_prefix_path.ps1'
[6.226s] INFO:colcon.colcon_core.shell:Creating environment descriptor '/home/pip/robocon/ROS2_training/dog_ros2_ws1/install/node3_handle/share/node3_handle/hook/cmake_prefix_path.dsv'
[6.227s] INFO:colcon.colcon_core.shell:Creating environment hook '/home/pip/robocon/ROS2_training/dog_ros2_ws1/install/node3_handle/share/node3_handle/hook/cmake_prefix_path.sh'
[6.227s] Level 1:colcon.colcon_core.environment:checking '/home/pip/robocon/ROS2_training/dog_ros2_ws1/install/node3_handle/lib'
[6.227s] Level 1:colcon.colcon_core.environment:checking '/home/pip/robocon/ROS2_training/dog_ros2_ws1/install/node3_handle/bin'
[6.227s] Level 1:colcon.colcon_core.environment:checking '/home/pip/robocon/ROS2_training/dog_ros2_ws1/install/node3_handle/lib/pkgconfig/node3_handle.pc'
[6.227s] Level 1:colcon.colcon_core.environment:checking '/home/pip/robocon/ROS2_training/dog_ros2_ws1/install/node3_handle/lib/python3.10/site-packages'
[6.227s] Level 1:colcon.colcon_core.environment:checking '/home/pip/robocon/ROS2_training/dog_ros2_ws1/install/node3_handle/bin'
[6.227s] INFO:colcon.colcon_core.shell:Creating package script '/home/pip/robocon/ROS2_training/dog_ros2_ws1/install/node3_handle/share/node3_handle/package.ps1'
[6.227s] INFO:colcon.colcon_core.shell:Creating package descriptor '/home/pip/robocon/ROS2_training/dog_ros2_ws1/install/node3_handle/share/node3_handle/package.dsv'
[6.228s] INFO:colcon.colcon_core.shell:Creating package script '/home/pip/robocon/ROS2_training/dog_ros2_ws1/install/node3_handle/share/node3_handle/package.sh'
[6.228s] INFO:colcon.colcon_core.shell:Creating package script '/home/pip/robocon/ROS2_training/dog_ros2_ws1/install/node3_handle/share/node3_handle/package.bash'
[6.228s] INFO:colcon.colcon_core.shell:Creating package script '/home/pip/robocon/ROS2_training/dog_ros2_ws1/install/node3_handle/share/node3_handle/package.zsh'
[6.228s] Level 1:colcon.colcon_core.environment:create_file_with_runtime_dependencies(/home/pip/robocon/ROS2_training/dog_ros2_ws1/install/node3_handle/share/colcon-core/packages/node3_handle)
[11.120s] DEBUG:colcon.colcon_core.event_handler.log_command:Invoked command in '/home/pip/robocon/ROS2_training/dog_ros2_ws1/build/node1_controller' returned '0': CMAKE_PREFIX_PATH=/opt/ros/humble:/home/pip/robocon/ROS2_training/dog_ros2_ws1/install/dog_msgs LD_LIBRARY_PATH=/home/pip/robocon/ROS2_training/dog_ros2_ws1/install/dog_msgs/lib:${LD_LIBRARY_PATH} PKG_CONFIG_PATH=/home/pip/robocon/ROS2_training/dog_ros2_ws1/install/dog_msgs/lib/x86_64-linux-gnu/pkgconfig:/home/pip/robocon/ROS2_training/dog_ros2_ws1/install/dog_msgs/lib/pkgconfig PYTHONPATH=/home/pip/robocon/ROS2_training/dog_ros2_ws1/install/dog_msgs/local/lib/python3.10/dist-packages:${PYTHONPATH} ROS_PACKAGE_PATH=/home/pip/robocon/ROS2_training/dog_ros2_ws1/install/dog_msgs/share /usr/bin/cmake --build /home/pip/robocon/ROS2_training/dog_ros2_ws1/build/node1_controller -- -j32 -l32
[11.121s] DEBUG:colcon.colcon_core.event_handler.log_command:Invoking command in '/home/pip/robocon/ROS2_training/dog_ros2_ws1/build/node1_controller': CMAKE_PREFIX_PATH=/opt/ros/humble:/home/pip/robocon/ROS2_training/dog_ros2_ws1/install/dog_msgs LD_LIBRARY_PATH=/home/pip/robocon/ROS2_training/dog_ros2_ws1/install/dog_msgs/lib:${LD_LIBRARY_PATH} PKG_CONFIG_PATH=/home/pip/robocon/ROS2_training/dog_ros2_ws1/install/dog_msgs/lib/x86_64-linux-gnu/pkgconfig:/home/pip/robocon/ROS2_training/dog_ros2_ws1/install/dog_msgs/lib/pkgconfig PYTHONPATH=/home/pip/robocon/ROS2_training/dog_ros2_ws1/install/dog_msgs/local/lib/python3.10/dist-packages:${PYTHONPATH} ROS_PACKAGE_PATH=/home/pip/robocon/ROS2_training/dog_ros2_ws1/install/dog_msgs/share /usr/bin/cmake --install /home/pip/robocon/ROS2_training/dog_ros2_ws1/build/node1_controller
[11.226s] Level 1:colcon.colcon_core.environment:create_environment_scripts_only(node1_controller)
[11.227s] Level 1:colcon.colcon_core.environment:checking '/home/pip/robocon/ROS2_training/dog_ros2_ws1/install/node1_controller' for CMake module files
[11.227s] DEBUG:colcon.colcon_core.event_handler.log_command:Invoked command in '/home/pip/robocon/ROS2_training/dog_ros2_ws1/build/node1_controller' returned '0': CMAKE_PREFIX_PATH=/opt/ros/humble:/home/pip/robocon/ROS2_training/dog_ros2_ws1/install/dog_msgs LD_LIBRARY_PATH=/home/pip/robocon/ROS2_training/dog_ros2_ws1/install/dog_msgs/lib:${LD_LIBRARY_PATH} PKG_CONFIG_PATH=/home/pip/robocon/ROS2_training/dog_ros2_ws1/install/dog_msgs/lib/x86_64-linux-gnu/pkgconfig:/home/pip/robocon/ROS2_training/dog_ros2_ws1/install/dog_msgs/lib/pkgconfig PYTHONPATH=/home/pip/robocon/ROS2_training/dog_ros2_ws1/install/dog_msgs/local/lib/python3.10/dist-packages:${PYTHONPATH} ROS_PACKAGE_PATH=/home/pip/robocon/ROS2_training/dog_ros2_ws1/install/dog_msgs/share /usr/bin/cmake --install /home/pip/robocon/ROS2_training/dog_ros2_ws1/build/node1_controller
[11.227s] Level 1:colcon.colcon_core.environment:checking '/home/pip/robocon/ROS2_training/dog_ros2_ws1/install/node1_controller' for CMake config files
[11.227s] Level 1:colcon.colcon_core.shell:create_environment_hook('node1_controller', 'cmake_prefix_path')
[11.228s] INFO:colcon.colcon_core.shell:Creating environment hook '/home/pip/robocon/ROS2_training/dog_ros2_ws1/install/node1_controller/share/node1_controller/hook/cmake_prefix_path.ps1'
[11.228s] INFO:colcon.colcon_core.shell:Creating environment descriptor '/home/pip/robocon/ROS2_training/dog_ros2_ws1/install/node1_controller/share/node1_controller/hook/cmake_prefix_path.dsv'
[11.228s] INFO:colcon.colcon_core.shell:Creating environment hook '/home/pip/robocon/ROS2_training/dog_ros2_ws1/install/node1_controller/share/node1_controller/hook/cmake_prefix_path.sh'
[11.228s] Level 1:colcon.colcon_core.environment:checking '/home/pip/robocon/ROS2_training/dog_ros2_ws1/install/node1_controller/lib'
[11.228s] Level 1:colcon.colcon_core.environment:checking '/home/pip/robocon/ROS2_training/dog_ros2_ws1/install/node1_controller/bin'
[11.228s] Level 1:colcon.colcon_core.environment:checking '/home/pip/robocon/ROS2_training/dog_ros2_ws1/install/node1_controller/lib/pkgconfig/node1_controller.pc'
[11.229s] Level 1:colcon.colcon_core.environment:checking '/home/pip/robocon/ROS2_training/dog_ros2_ws1/install/node1_controller/lib/python3.10/site-packages'
[11.229s] Level 1:colcon.colcon_core.environment:checking '/home/pip/robocon/ROS2_training/dog_ros2_ws1/install/node1_controller/bin'
[11.229s] INFO:colcon.colcon_core.shell:Creating package script '/home/pip/robocon/ROS2_training/dog_ros2_ws1/install/node1_controller/share/node1_controller/package.ps1'
[11.229s] INFO:colcon.colcon_core.shell:Creating package descriptor '/home/pip/robocon/ROS2_training/dog_ros2_ws1/install/node1_controller/share/node1_controller/package.dsv'
[11.229s] INFO:colcon.colcon_core.shell:Creating package script '/home/pip/robocon/ROS2_training/dog_ros2_ws1/install/node1_controller/share/node1_controller/package.sh'
[11.230s] INFO:colcon.colcon_core.shell:Creating package script '/home/pip/robocon/ROS2_training/dog_ros2_ws1/install/node1_controller/share/node1_controller/package.bash'
[11.230s] INFO:colcon.colcon_core.shell:Creating package script '/home/pip/robocon/ROS2_training/dog_ros2_ws1/install/node1_controller/share/node1_controller/package.zsh'
[11.230s] Level 1:colcon.colcon_core.environment:create_file_with_runtime_dependencies(/home/pip/robocon/ROS2_training/dog_ros2_ws1/install/node1_controller/share/colcon-core/packages/node1_controller)
[11.230s] Level 1:colcon.colcon_core.environment:create_environment_scripts_only(node1_controller)
[11.230s] Level 1:colcon.colcon_core.environment:checking '/home/pip/robocon/ROS2_training/dog_ros2_ws1/install/node1_controller' for CMake module files
[11.231s] Level 1:colcon.colcon_core.environment:checking '/home/pip/robocon/ROS2_training/dog_ros2_ws1/install/node1_controller' for CMake config files
[11.231s] Level 1:colcon.colcon_core.shell:create_environment_hook('node1_controller', 'cmake_prefix_path')
[11.231s] INFO:colcon.colcon_core.shell:Creating environment hook '/home/pip/robocon/ROS2_training/dog_ros2_ws1/install/node1_controller/share/node1_controller/hook/cmake_prefix_path.ps1'
[11.231s] INFO:colcon.colcon_core.shell:Creating environment descriptor '/home/pip/robocon/ROS2_training/dog_ros2_ws1/install/node1_controller/share/node1_controller/hook/cmake_prefix_path.dsv'
[11.231s] INFO:colcon.colcon_core.shell:Creating environment hook '/home/pip/robocon/ROS2_training/dog_ros2_ws1/install/node1_controller/share/node1_controller/hook/cmake_prefix_path.sh'
[11.231s] Level 1:colcon.colcon_core.environment:checking '/home/pip/robocon/ROS2_training/dog_ros2_ws1/install/node1_controller/lib'
[11.231s] Level 1:colcon.colcon_core.environment:checking '/home/pip/robocon/ROS2_training/dog_ros2_ws1/install/node1_controller/bin'
[11.231s] Level 1:colcon.colcon_core.environment:checking '/home/pip/robocon/ROS2_training/dog_ros2_ws1/install/node1_controller/lib/pkgconfig/node1_controller.pc'
[11.232s] Level 1:colcon.colcon_core.environment:checking '/home/pip/robocon/ROS2_training/dog_ros2_ws1/install/node1_controller/lib/python3.10/site-packages'
[11.232s] Level 1:colcon.colcon_core.environment:checking '/home/pip/robocon/ROS2_training/dog_ros2_ws1/install/node1_controller/bin'
[11.232s] INFO:colcon.colcon_core.shell:Creating package script '/home/pip/robocon/ROS2_training/dog_ros2_ws1/install/node1_controller/share/node1_controller/package.ps1'
[11.232s] INFO:colcon.colcon_core.shell:Creating package descriptor '/home/pip/robocon/ROS2_training/dog_ros2_ws1/install/node1_controller/share/node1_controller/package.dsv'
[11.232s] INFO:colcon.colcon_core.shell:Creating package script '/home/pip/robocon/ROS2_training/dog_ros2_ws1/install/node1_controller/share/node1_controller/package.sh'
[11.233s] INFO:colcon.colcon_core.shell:Creating package script '/home/pip/robocon/ROS2_training/dog_ros2_ws1/install/node1_controller/share/node1_controller/package.bash'
[11.233s] INFO:colcon.colcon_core.shell:Creating package script '/home/pip/robocon/ROS2_training/dog_ros2_ws1/install/node1_controller/share/node1_controller/package.zsh'
[11.233s] Level 1:colcon.colcon_core.environment:create_file_with_runtime_dependencies(/home/pip/robocon/ROS2_training/dog_ros2_ws1/install/node1_controller/share/colcon-core/packages/node1_controller)
[11.233s] DEBUG:colcon.colcon_parallel_executor.executor.parallel:closing loop
[11.234s] DEBUG:colcon.colcon_parallel_executor.executor.parallel:loop closed
[11.234s] DEBUG:colcon.colcon_parallel_executor.executor.parallel:run_until_complete finished with '0'
[11.234s] DEBUG:colcon.colcon_core.event_reactor:joining thread
[11.237s] INFO:colcon.colcon_core.plugin_system:Skipping extension 'colcon_notification.desktop_notification.terminal_notifier': Not used on non-Darwin systems
[11.237s] INFO:colcon.colcon_core.plugin_system:Skipping extension 'colcon_notification.desktop_notification.win32': Not used on non-Windows systems
[11.237s] INFO:colcon.colcon_notification.desktop_notification:Sending desktop notification using 'notify2'
[11.246s] DEBUG:colcon.colcon_core.event_reactor:joined thread
[11.247s] INFO:colcon.colcon_core.shell:Creating prefix script '/home/pip/robocon/ROS2_training/dog_ros2_ws1/install/local_setup.ps1'
[11.247s] INFO:colcon.colcon_core.shell:Creating prefix util module '/home/pip/robocon/ROS2_training/dog_ros2_ws1/install/_local_setup_util_ps1.py'
[11.248s] INFO:colcon.colcon_core.shell:Creating prefix chain script '/home/pip/robocon/ROS2_training/dog_ros2_ws1/install/setup.ps1'
[11.248s] INFO:colcon.colcon_core.shell:Creating prefix script '/home/pip/robocon/ROS2_training/dog_ros2_ws1/install/local_setup.sh'
[11.248s] INFO:colcon.colcon_core.shell:Creating prefix util module '/home/pip/robocon/ROS2_training/dog_ros2_ws1/install/_local_setup_util_sh.py'
[11.249s] INFO:colcon.colcon_core.shell:Creating prefix chain script '/home/pip/robocon/ROS2_training/dog_ros2_ws1/install/setup.sh'
[11.249s] INFO:colcon.colcon_core.shell:Creating prefix script '/home/pip/robocon/ROS2_training/dog_ros2_ws1/install/local_setup.bash'
[11.250s] INFO:colcon.colcon_core.shell:Creating prefix chain script '/home/pip/robocon/ROS2_training/dog_ros2_ws1/install/setup.bash'
[11.250s] INFO:colcon.colcon_core.shell:Creating prefix script '/home/pip/robocon/ROS2_training/dog_ros2_ws1/install/local_setup.zsh'
[11.250s] INFO:colcon.colcon_core.shell:Creating prefix chain script '/home/pip/robocon/ROS2_training/dog_ros2_ws1/install/setup.zsh'
