[0.006s] Invoking command in '/home/pip/robocon/ROS2_training/dog_ros2_ws1/build/node3_handle': CMAKE_PREFIX_PATH=/opt/ros/humble:/home/pip/robocon/ROS2_training/dog_ros2_ws1/install/dog_msgs LD_LIBRARY_PATH=/home/pip/robocon/ROS2_training/dog_ros2_ws1/install/dog_msgs/lib:${LD_LIBRARY_PATH} PKG_CONFIG_PATH=/home/pip/robocon/ROS2_training/dog_ros2_ws1/install/dog_msgs/lib/x86_64-linux-gnu/pkgconfig:/home/pip/robocon/ROS2_training/dog_ros2_ws1/install/dog_msgs/lib/pkgconfig PYTHONPATH=/home/pip/robocon/ROS2_training/dog_ros2_ws1/install/dog_msgs/local/lib/python3.10/dist-packages:${PYTHONPATH} ROS_PACKAGE_PATH=/home/pip/robocon/ROS2_training/dog_ros2_ws1/install/dog_msgs/share /usr/bin/cmake /home/pip/robocon/ROS2_training/dog_ros2_ws1/src/node3_handle -DAMENT_CMAKE_SYMLINK_INSTALL=1 -DCMAKE_INSTALL_PREFIX=/home/pip/robocon/ROS2_training/dog_ros2_ws1/install/node3_handle
[0.045s] -- The C compiler identification is GNU 11.4.0
[0.081s] -- The CXX compiler identification is GNU 11.4.0
[0.087s] -- Detecting C compiler ABI info
[0.137s] -- Detecting C compiler ABI info - done
[0.141s] -- Check for working C compiler: /usr/bin/cc - skipped
[0.141s] -- Detecting C compile features
[0.141s] -- Detecting C compile features - done
[0.143s] -- Detecting CXX compiler ABI info
[0.203s] -- Detecting CXX compiler ABI info - done
[0.207s] -- Check for working CXX compiler: /usr/bin/c++ - skipped
[0.207s] -- Detecting CXX compile features
[0.207s] -- Detecting CXX compile features - done
[0.209s] -- Found ament_cmake: 1.3.14 (/opt/ros/humble/share/ament_cmake/cmake)
[0.298s] -- Found Python3: /usr/bin/python3 (found version "3.10.12") found components: Interpreter 
[0.335s] -- Override CMake install command with custom implementation using symlinks instead of copying resources
[0.348s] -- Found rclcpp: 16.0.21 (/opt/ros/humble/share/rclcpp/cmake)
[0.369s] -- Found rosidl_generator_c: 3.1.9 (/opt/ros/humble/share/rosidl_generator_c/cmake)
[0.371s] -- Found rosidl_adapter: 3.1.9 (/opt/ros/humble/share/rosidl_adapter/cmake)
[0.375s] -- Found rosidl_generator_cpp: 3.1.9 (/opt/ros/humble/share/rosidl_generator_cpp/cmake)
[0.381s] -- Using all available rosidl_typesupport_c: rosidl_typesupport_fastrtps_c;rosidl_typesupport_introspection_c
[0.389s] -- Using all available rosidl_typesupport_cpp: rosidl_typesupport_fastrtps_cpp;rosidl_typesupport_introspection_cpp
[0.410s] -- Found rmw_implementation_cmake: 6.1.4 (/opt/ros/humble/share/rmw_implementation_cmake/cmake)
[0.411s] -- Found rmw_fastrtps_cpp: 6.2.10 (/opt/ros/humble/share/rmw_fastrtps_cpp/cmake)
[0.471s] -- Found OpenSSL: /usr/lib/x86_64-linux-gnu/libcrypto.so (found version "3.0.2")  
[0.488s] -- Found FastRTPS: /opt/ros/humble/include  
[0.512s] -- Using RMW implementation 'rmw_fastrtps_cpp' as default
[0.516s] -- Looking for pthread.h
[0.569s] -- Looking for pthread.h - found
[0.570s] -- Performing Test CMAKE_HAVE_LIBC_PTHREAD
[0.623s] -- Performing Test CMAKE_HAVE_LIBC_PTHREAD - Success
[0.623s] -- Found Threads: TRUE  
[0.652s] -- Found sensor_msgs: 4.9.2 (/opt/ros/humble/share/sensor_msgs/cmake)
[0.668s] -- Found dog_msgs: 0.0.0 (/home/pip/robocon/ROS2_training/dog_ros2_ws1/install/dog_msgs/share/dog_msgs/cmake)
[0.673s] -- Found ament_lint_auto: 0.12.15 (/opt/ros/humble/share/ament_lint_auto/cmake)
[0.717s] -- Added test 'cppcheck' to perform static code analysis on C / C++ code
[0.718s] -- Configured cppcheck include dirs: 
[0.718s] -- Configured cppcheck exclude dirs and/or files: 
[0.718s] -- Added test 'lint_cmake' to check CMake code style
[0.718s] -- Added test 'uncrustify' to check C / C++ code style
[0.718s] -- Configured uncrustify additional arguments: 
[0.719s] -- Added test 'xmllint' to check XML markup files
[0.719s] -- Configuring done
[0.728s] -- Generating done
[0.730s] -- Build files have been written to: /home/pip/robocon/ROS2_training/dog_ros2_ws1/build/node3_handle
[0.740s] Invoked command in '/home/pip/robocon/ROS2_training/dog_ros2_ws1/build/node3_handle' returned '0': CMAKE_PREFIX_PATH=/opt/ros/humble:/home/pip/robocon/ROS2_training/dog_ros2_ws1/install/dog_msgs LD_LIBRARY_PATH=/home/pip/robocon/ROS2_training/dog_ros2_ws1/install/dog_msgs/lib:${LD_LIBRARY_PATH} PKG_CONFIG_PATH=/home/pip/robocon/ROS2_training/dog_ros2_ws1/install/dog_msgs/lib/x86_64-linux-gnu/pkgconfig:/home/pip/robocon/ROS2_training/dog_ros2_ws1/install/dog_msgs/lib/pkgconfig PYTHONPATH=/home/pip/robocon/ROS2_training/dog_ros2_ws1/install/dog_msgs/local/lib/python3.10/dist-packages:${PYTHONPATH} ROS_PACKAGE_PATH=/home/pip/robocon/ROS2_training/dog_ros2_ws1/install/dog_msgs/share /usr/bin/cmake /home/pip/robocon/ROS2_training/dog_ros2_ws1/src/node3_handle -DAMENT_CMAKE_SYMLINK_INSTALL=1 -DCMAKE_INSTALL_PREFIX=/home/pip/robocon/ROS2_training/dog_ros2_ws1/install/node3_handle
[0.742s] Invoking command in '/home/pip/robocon/ROS2_training/dog_ros2_ws1/build/node3_handle': CMAKE_PREFIX_PATH=/opt/ros/humble:/home/pip/robocon/ROS2_training/dog_ros2_ws1/install/dog_msgs LD_LIBRARY_PATH=/home/pip/robocon/ROS2_training/dog_ros2_ws1/install/dog_msgs/lib:${LD_LIBRARY_PATH} PKG_CONFIG_PATH=/home/pip/robocon/ROS2_training/dog_ros2_ws1/install/dog_msgs/lib/x86_64-linux-gnu/pkgconfig:/home/pip/robocon/ROS2_training/dog_ros2_ws1/install/dog_msgs/lib/pkgconfig PYTHONPATH=/home/pip/robocon/ROS2_training/dog_ros2_ws1/install/dog_msgs/local/lib/python3.10/dist-packages:${PYTHONPATH} ROS_PACKAGE_PATH=/home/pip/robocon/ROS2_training/dog_ros2_ws1/install/dog_msgs/share /usr/bin/cmake --build /home/pip/robocon/ROS2_training/dog_ros2_ws1/build/node3_handle -- -j32 -l32
[0.782s] [ 50%] [32mBuilding CXX object CMakeFiles/node3_handle.dir/src/handle.cpp.o[0m
[3.072s] [100%] [32m[1mLinking CXX executable node3_handle[0m
[3.170s] [100%] Built target node3_handle
[3.178s] Invoked command in '/home/pip/robocon/ROS2_training/dog_ros2_ws1/build/node3_handle' returned '0': CMAKE_PREFIX_PATH=/opt/ros/humble:/home/pip/robocon/ROS2_training/dog_ros2_ws1/install/dog_msgs LD_LIBRARY_PATH=/home/pip/robocon/ROS2_training/dog_ros2_ws1/install/dog_msgs/lib:${LD_LIBRARY_PATH} PKG_CONFIG_PATH=/home/pip/robocon/ROS2_training/dog_ros2_ws1/install/dog_msgs/lib/x86_64-linux-gnu/pkgconfig:/home/pip/robocon/ROS2_training/dog_ros2_ws1/install/dog_msgs/lib/pkgconfig PYTHONPATH=/home/pip/robocon/ROS2_training/dog_ros2_ws1/install/dog_msgs/local/lib/python3.10/dist-packages:${PYTHONPATH} ROS_PACKAGE_PATH=/home/pip/robocon/ROS2_training/dog_ros2_ws1/install/dog_msgs/share /usr/bin/cmake --build /home/pip/robocon/ROS2_training/dog_ros2_ws1/build/node3_handle -- -j32 -l32
[3.179s] Invoking command in '/home/pip/robocon/ROS2_training/dog_ros2_ws1/build/node3_handle': CMAKE_PREFIX_PATH=/opt/ros/humble:/home/pip/robocon/ROS2_training/dog_ros2_ws1/install/dog_msgs LD_LIBRARY_PATH=/home/pip/robocon/ROS2_training/dog_ros2_ws1/install/dog_msgs/lib:${LD_LIBRARY_PATH} PKG_CONFIG_PATH=/home/pip/robocon/ROS2_training/dog_ros2_ws1/install/dog_msgs/lib/x86_64-linux-gnu/pkgconfig:/home/pip/robocon/ROS2_training/dog_ros2_ws1/install/dog_msgs/lib/pkgconfig PYTHONPATH=/home/pip/robocon/ROS2_training/dog_ros2_ws1/install/dog_msgs/local/lib/python3.10/dist-packages:${PYTHONPATH} ROS_PACKAGE_PATH=/home/pip/robocon/ROS2_training/dog_ros2_ws1/install/dog_msgs/share /usr/bin/cmake --install /home/pip/robocon/ROS2_training/dog_ros2_ws1/build/node3_handle
[3.184s] -- Install configuration: ""
[3.184s] -- Execute custom install script
[3.185s] -- Symlinking: /home/pip/robocon/ROS2_training/dog_ros2_ws1/install/node3_handle/lib/node3_handle/node3_handle
[3.190s] -- Symlinking: /home/pip/robocon/ROS2_training/dog_ros2_ws1/install/node3_handle/share/ament_index/resource_index/package_run_dependencies/node3_handle
[3.197s] -- Symlinking: /home/pip/robocon/ROS2_training/dog_ros2_ws1/install/node3_handle/share/ament_index/resource_index/parent_prefix_path/node3_handle
[3.203s] -- Symlinking: /home/pip/robocon/ROS2_training/dog_ros2_ws1/install/node3_handle/share/node3_handle/environment/ament_prefix_path.sh
[3.208s] -- Symlinking: /home/pip/robocon/ROS2_training/dog_ros2_ws1/install/node3_handle/share/node3_handle/environment/ament_prefix_path.dsv
[3.214s] -- Symlinking: /home/pip/robocon/ROS2_training/dog_ros2_ws1/install/node3_handle/share/node3_handle/environment/path.sh
[3.219s] -- Symlinking: /home/pip/robocon/ROS2_training/dog_ros2_ws1/install/node3_handle/share/node3_handle/environment/path.dsv
[3.224s] -- Symlinking: /home/pip/robocon/ROS2_training/dog_ros2_ws1/install/node3_handle/share/node3_handle/local_setup.bash
[3.231s] -- Symlinking: /home/pip/robocon/ROS2_training/dog_ros2_ws1/install/node3_handle/share/node3_handle/local_setup.sh
[3.237s] -- Symlinking: /home/pip/robocon/ROS2_training/dog_ros2_ws1/install/node3_handle/share/node3_handle/local_setup.zsh
[3.243s] -- Symlinking: /home/pip/robocon/ROS2_training/dog_ros2_ws1/install/node3_handle/share/node3_handle/local_setup.dsv
[3.248s] -- Symlinking: /home/pip/robocon/ROS2_training/dog_ros2_ws1/install/node3_handle/share/node3_handle/package.dsv
[3.253s] -- Symlinking: /home/pip/robocon/ROS2_training/dog_ros2_ws1/install/node3_handle/share/ament_index/resource_index/packages/node3_handle
[3.260s] -- Symlinking: /home/pip/robocon/ROS2_training/dog_ros2_ws1/install/node3_handle/share/node3_handle/cmake/node3_handleConfig.cmake
[3.266s] -- Symlinking: /home/pip/robocon/ROS2_training/dog_ros2_ws1/install/node3_handle/share/node3_handle/cmake/node3_handleConfig-version.cmake
[3.272s] -- Symlinking: /home/pip/robocon/ROS2_training/dog_ros2_ws1/install/node3_handle/share/node3_handle/package.xml
[3.279s] Invoked command in '/home/pip/robocon/ROS2_training/dog_ros2_ws1/build/node3_handle' returned '0': CMAKE_PREFIX_PATH=/opt/ros/humble:/home/pip/robocon/ROS2_training/dog_ros2_ws1/install/dog_msgs LD_LIBRARY_PATH=/home/pip/robocon/ROS2_training/dog_ros2_ws1/install/dog_msgs/lib:${LD_LIBRARY_PATH} PKG_CONFIG_PATH=/home/pip/robocon/ROS2_training/dog_ros2_ws1/install/dog_msgs/lib/x86_64-linux-gnu/pkgconfig:/home/pip/robocon/ROS2_training/dog_ros2_ws1/install/dog_msgs/lib/pkgconfig PYTHONPATH=/home/pip/robocon/ROS2_training/dog_ros2_ws1/install/dog_msgs/local/lib/python3.10/dist-packages:${PYTHONPATH} ROS_PACKAGE_PATH=/home/pip/robocon/ROS2_training/dog_ros2_ws1/install/dog_msgs/share /usr/bin/cmake --install /home/pip/robocon/ROS2_training/dog_ros2_ws1/build/node3_handle
