[0.006s] Invoking command in '/home/pip/robocon/ROS2_training/dog_ros2_ws_with_pc/build/node1_controller': CMAKE_PREFIX_PATH=/opt/ros/humble:/home/pip/robocon/ROS2_training/dog_ros2_ws_with_pc/install/dog_msgs LD_LIBRARY_PATH=/home/pip/robocon/ROS2_training/dog_ros2_ws_with_pc/install/dog_msgs/lib:${LD_LIBRARY_PATH} PKG_CONFIG_PATH=/home/pip/robocon/ROS2_training/dog_ros2_ws_with_pc/install/dog_msgs/lib/x86_64-linux-gnu/pkgconfig:/home/pip/robocon/ROS2_training/dog_ros2_ws_with_pc/install/dog_msgs/lib/pkgconfig PYTHONPATH=/home/pip/robocon/ROS2_training/dog_ros2_ws_with_pc/install/dog_msgs/local/lib/python3.10/dist-packages:${PYTHONPATH} ROS_PACKAGE_PATH=/home/pip/robocon/ROS2_training/dog_ros2_ws_with_pc/install/dog_msgs/share /usr/bin/cmake /home/pip/robocon/ROS2_training/dog_ros2_ws_with_pc/src/node1_controller -DAMENT_CMAKE_SYMLINK_INSTALL=1 -DCMAKE_INSTALL_PREFIX=/home/pip/robocon/ROS2_training/dog_ros2_ws_with_pc/install/node1_controller
[0.048s] -- The C compiler identification is GNU 11.4.0
[0.095s] -- The CXX compiler identification is GNU 11.4.0
[0.100s] -- Detecting C compiler ABI info
[0.150s] -- Detecting C compiler ABI info - done
[0.154s] -- Check for working C compiler: /usr/bin/cc - skipped
[0.154s] -- Detecting C compile features
[0.154s] -- Detecting C compile features - done
[0.156s] -- Detecting CXX compiler ABI info
[0.212s] -- Detecting CXX compiler ABI info - done
[0.216s] -- Check for working CXX compiler: /usr/bin/c++ - skipped
[0.216s] -- Detecting CXX compile features
[0.216s] -- Detecting CXX compile features - done
[0.218s] -- Found ament_cmake: 1.3.14 (/opt/ros/humble/share/ament_cmake/cmake)
[0.312s] -- Found Python3: /usr/bin/python3 (found version "3.10.12") found components: Interpreter 
[0.346s] -- Override CMake install command with custom implementation using symlinks instead of copying resources
[0.360s] -- Found rclcpp: 16.0.21 (/opt/ros/humble/share/rclcpp/cmake)
[0.381s] -- Found rosidl_generator_c: 3.1.9 (/opt/ros/humble/share/rosidl_generator_c/cmake)
[0.384s] -- Found rosidl_adapter: 3.1.9 (/opt/ros/humble/share/rosidl_adapter/cmake)
[0.388s] -- Found rosidl_generator_cpp: 3.1.9 (/opt/ros/humble/share/rosidl_generator_cpp/cmake)
[0.394s] -- Using all available rosidl_typesupport_c: rosidl_typesupport_fastrtps_c;rosidl_typesupport_introspection_c
[0.401s] -- Using all available rosidl_typesupport_cpp: rosidl_typesupport_fastrtps_cpp;rosidl_typesupport_introspection_cpp
[0.423s] -- Found rmw_implementation_cmake: 6.1.4 (/opt/ros/humble/share/rmw_implementation_cmake/cmake)
[0.424s] -- Found rmw_fastrtps_cpp: 6.2.10 (/opt/ros/humble/share/rmw_fastrtps_cpp/cmake)
[0.483s] -- Found OpenSSL: /usr/lib/x86_64-linux-gnu/libcrypto.so (found version "3.0.2")  
[0.500s] -- Found FastRTPS: /opt/ros/humble/include  
[0.526s] -- Using RMW implementation 'rmw_fastrtps_cpp' as default
[0.531s] -- Looking for pthread.h
[0.580s] -- Looking for pthread.h - found
[0.580s] -- Performing Test CMAKE_HAVE_LIBC_PTHREAD
[0.629s] -- Performing Test CMAKE_HAVE_LIBC_PTHREAD - Success
[0.630s] -- Found Threads: TRUE  
[0.658s] -- Found dog_msgs: 0.0.0 (/home/pip/robocon/ROS2_training/dog_ros2_ws_with_pc/install/dog_msgs/share/dog_msgs/cmake)
[0.664s] -- Found sensor_msgs: 4.9.2 (/opt/ros/humble/share/sensor_msgs/cmake)
[0.679s] -- Found ament_lint_auto: 0.12.15 (/opt/ros/humble/share/ament_lint_auto/cmake)
[0.724s] -- Added test 'cppcheck' to perform static code analysis on C / C++ code
[0.724s] -- Configured cppcheck include dirs: 
[0.724s] -- Configured cppcheck exclude dirs and/or files: 
[0.724s] -- Added test 'lint_cmake' to check CMake code style
[0.725s] -- Added test 'uncrustify' to check C / C++ code style
[0.725s] -- Configured uncrustify additional arguments: 
[0.725s] -- Added test 'xmllint' to check XML markup files
[0.726s] -- Configuring done
[0.735s] -- Generating done
[0.738s] -- Build files have been written to: /home/pip/robocon/ROS2_training/dog_ros2_ws_with_pc/build/node1_controller
[0.747s] Invoked command in '/home/pip/robocon/ROS2_training/dog_ros2_ws_with_pc/build/node1_controller' returned '0': CMAKE_PREFIX_PATH=/opt/ros/humble:/home/pip/robocon/ROS2_training/dog_ros2_ws_with_pc/install/dog_msgs LD_LIBRARY_PATH=/home/pip/robocon/ROS2_training/dog_ros2_ws_with_pc/install/dog_msgs/lib:${LD_LIBRARY_PATH} PKG_CONFIG_PATH=/home/pip/robocon/ROS2_training/dog_ros2_ws_with_pc/install/dog_msgs/lib/x86_64-linux-gnu/pkgconfig:/home/pip/robocon/ROS2_training/dog_ros2_ws_with_pc/install/dog_msgs/lib/pkgconfig PYTHONPATH=/home/pip/robocon/ROS2_training/dog_ros2_ws_with_pc/install/dog_msgs/local/lib/python3.10/dist-packages:${PYTHONPATH} ROS_PACKAGE_PATH=/home/pip/robocon/ROS2_training/dog_ros2_ws_with_pc/install/dog_msgs/share /usr/bin/cmake /home/pip/robocon/ROS2_training/dog_ros2_ws_with_pc/src/node1_controller -DAMENT_CMAKE_SYMLINK_INSTALL=1 -DCMAKE_INSTALL_PREFIX=/home/pip/robocon/ROS2_training/dog_ros2_ws_with_pc/install/node1_controller
[0.748s] Invoking command in '/home/pip/robocon/ROS2_training/dog_ros2_ws_with_pc/build/node1_controller': CMAKE_PREFIX_PATH=/opt/ros/humble:/home/pip/robocon/ROS2_training/dog_ros2_ws_with_pc/install/dog_msgs LD_LIBRARY_PATH=/home/pip/robocon/ROS2_training/dog_ros2_ws_with_pc/install/dog_msgs/lib:${LD_LIBRARY_PATH} PKG_CONFIG_PATH=/home/pip/robocon/ROS2_training/dog_ros2_ws_with_pc/install/dog_msgs/lib/x86_64-linux-gnu/pkgconfig:/home/pip/robocon/ROS2_training/dog_ros2_ws_with_pc/install/dog_msgs/lib/pkgconfig PYTHONPATH=/home/pip/robocon/ROS2_training/dog_ros2_ws_with_pc/install/dog_msgs/local/lib/python3.10/dist-packages:${PYTHONPATH} ROS_PACKAGE_PATH=/home/pip/robocon/ROS2_training/dog_ros2_ws_with_pc/install/dog_msgs/share /usr/bin/cmake --build /home/pip/robocon/ROS2_training/dog_ros2_ws_with_pc/build/node1_controller -- -j32 -l32
[0.786s] [ 50%] [32mBuilding CXX object CMakeFiles/node1_controller.dir/src/controller.cpp.o[0m
[2.248s] [01m[K/home/pip/robocon/ROS2_training/dog_ros2_ws_with_pc/src/node1_controller/src/controller.cpp:[m[K In member function ‘[01m[Kvoid controller::motor_state_callback(dog_msgs::msg::MotorState_<std::allocator<void> >::SharedPtr)[m[K’:
[2.248s] [01m[K/home/pip/robocon/ROS2_training/dog_ros2_ws_with_pc/src/node1_controller/src/controller.cpp:159:56:[m[K [01;35m[Kwarning: [m[Kunused parameter ‘[01m[Kmsg[m[K’ [[01;35m[K]8;;https://gcc.gnu.org/onlinedocs/gcc/Warning-Options.html#index-Wunused-parameter-Wunused-parameter]8;;[m[K]
[2.248s]   159 |             [01;35m[Kconst dog_msgs::msg::MotorState::SharedPtr msg[m[K
[2.248s]       |             [01;35m[K~~~~~~~~~~~~~~~~~~~~~~~~~~~~~~~~~~~~~~~~~~~^~~[m[K
[2.249s] [01m[K/home/pip/robocon/ROS2_training/dog_ros2_ws_with_pc/src/node1_controller/src/controller.cpp:[m[K In member function ‘[01m[Kvoid controller::imu_callback(sensor_msgs::msg::Imu_<std::allocator<void> >::SharedPtr)[m[K’:
[2.249s] [01m[K/home/pip/robocon/ROS2_training/dog_ros2_ws_with_pc/src/node1_controller/src/controller.cpp:167:52:[m[K [01;35m[Kwarning: [m[Kunused parameter ‘[01m[Kmsg[m[K’ [[01;35m[K]8;;https://gcc.gnu.org/onlinedocs/gcc/Warning-Options.html#index-Wunused-parameter-Wunused-parameter]8;;[m[K]
[2.249s]   167 |             [01;35m[Kconst sensor_msgs::msg::Imu::SharedPtr msg[m[K
[2.249s]       |             [01;35m[K~~~~~~~~~~~~~~~~~~~~~~~~~~~~~~~~~~~~~~~^~~[m[K
[7.694s] [100%] [32m[1mLinking CXX executable node1_controller[0m
[8.013s] [100%] Built target node1_controller
[8.023s] Invoked command in '/home/pip/robocon/ROS2_training/dog_ros2_ws_with_pc/build/node1_controller' returned '0': CMAKE_PREFIX_PATH=/opt/ros/humble:/home/pip/robocon/ROS2_training/dog_ros2_ws_with_pc/install/dog_msgs LD_LIBRARY_PATH=/home/pip/robocon/ROS2_training/dog_ros2_ws_with_pc/install/dog_msgs/lib:${LD_LIBRARY_PATH} PKG_CONFIG_PATH=/home/pip/robocon/ROS2_training/dog_ros2_ws_with_pc/install/dog_msgs/lib/x86_64-linux-gnu/pkgconfig:/home/pip/robocon/ROS2_training/dog_ros2_ws_with_pc/install/dog_msgs/lib/pkgconfig PYTHONPATH=/home/pip/robocon/ROS2_training/dog_ros2_ws_with_pc/install/dog_msgs/local/lib/python3.10/dist-packages:${PYTHONPATH} ROS_PACKAGE_PATH=/home/pip/robocon/ROS2_training/dog_ros2_ws_with_pc/install/dog_msgs/share /usr/bin/cmake --build /home/pip/robocon/ROS2_training/dog_ros2_ws_with_pc/build/node1_controller -- -j32 -l32
[8.024s] Invoking command in '/home/pip/robocon/ROS2_training/dog_ros2_ws_with_pc/build/node1_controller': CMAKE_PREFIX_PATH=/opt/ros/humble:/home/pip/robocon/ROS2_training/dog_ros2_ws_with_pc/install/dog_msgs LD_LIBRARY_PATH=/home/pip/robocon/ROS2_training/dog_ros2_ws_with_pc/install/dog_msgs/lib:${LD_LIBRARY_PATH} PKG_CONFIG_PATH=/home/pip/robocon/ROS2_training/dog_ros2_ws_with_pc/install/dog_msgs/lib/x86_64-linux-gnu/pkgconfig:/home/pip/robocon/ROS2_training/dog_ros2_ws_with_pc/install/dog_msgs/lib/pkgconfig PYTHONPATH=/home/pip/robocon/ROS2_training/dog_ros2_ws_with_pc/install/dog_msgs/local/lib/python3.10/dist-packages:${PYTHONPATH} ROS_PACKAGE_PATH=/home/pip/robocon/ROS2_training/dog_ros2_ws_with_pc/install/dog_msgs/share /usr/bin/cmake --install /home/pip/robocon/ROS2_training/dog_ros2_ws_with_pc/build/node1_controller
[8.028s] -- Install configuration: ""
[8.029s] -- Execute custom install script
[8.029s] -- Symlinking: /home/pip/robocon/ROS2_training/dog_ros2_ws_with_pc/install/node1_controller/lib/node1_controller/node1_controller
[8.034s] -- Symlinking: /home/pip/robocon/ROS2_training/dog_ros2_ws_with_pc/install/node1_controller/share/ament_index/resource_index/package_run_dependencies/node1_controller
[8.040s] -- Symlinking: /home/pip/robocon/ROS2_training/dog_ros2_ws_with_pc/install/node1_controller/share/ament_index/resource_index/parent_prefix_path/node1_controller
[8.045s] -- Symlinking: /home/pip/robocon/ROS2_training/dog_ros2_ws_with_pc/install/node1_controller/share/node1_controller/environment/ament_prefix_path.sh
[8.051s] -- Symlinking: /home/pip/robocon/ROS2_training/dog_ros2_ws_with_pc/install/node1_controller/share/node1_controller/environment/ament_prefix_path.dsv
[8.056s] -- Symlinking: /home/pip/robocon/ROS2_training/dog_ros2_ws_with_pc/install/node1_controller/share/node1_controller/environment/path.sh
[8.061s] -- Symlinking: /home/pip/robocon/ROS2_training/dog_ros2_ws_with_pc/install/node1_controller/share/node1_controller/environment/path.dsv
[8.067s] -- Symlinking: /home/pip/robocon/ROS2_training/dog_ros2_ws_with_pc/install/node1_controller/share/node1_controller/local_setup.bash
[8.072s] -- Symlinking: /home/pip/robocon/ROS2_training/dog_ros2_ws_with_pc/install/node1_controller/share/node1_controller/local_setup.sh
[8.077s] -- Symlinking: /home/pip/robocon/ROS2_training/dog_ros2_ws_with_pc/install/node1_controller/share/node1_controller/local_setup.zsh
[8.082s] -- Symlinking: /home/pip/robocon/ROS2_training/dog_ros2_ws_with_pc/install/node1_controller/share/node1_controller/local_setup.dsv
[8.088s] -- Symlinking: /home/pip/robocon/ROS2_training/dog_ros2_ws_with_pc/install/node1_controller/share/node1_controller/package.dsv
[8.093s] -- Symlinking: /home/pip/robocon/ROS2_training/dog_ros2_ws_with_pc/install/node1_controller/share/ament_index/resource_index/packages/node1_controller
[8.099s] -- Symlinking: /home/pip/robocon/ROS2_training/dog_ros2_ws_with_pc/install/node1_controller/share/node1_controller/cmake/node1_controllerConfig.cmake
[8.108s] -- Symlinking: /home/pip/robocon/ROS2_training/dog_ros2_ws_with_pc/install/node1_controller/share/node1_controller/cmake/node1_controllerConfig-version.cmake
[8.114s] -- Symlinking: /home/pip/robocon/ROS2_training/dog_ros2_ws_with_pc/install/node1_controller/share/node1_controller/package.xml
[8.122s] Invoked command in '/home/pip/robocon/ROS2_training/dog_ros2_ws_with_pc/build/node1_controller' returned '0': CMAKE_PREFIX_PATH=/opt/ros/humble:/home/pip/robocon/ROS2_training/dog_ros2_ws_with_pc/install/dog_msgs LD_LIBRARY_PATH=/home/pip/robocon/ROS2_training/dog_ros2_ws_with_pc/install/dog_msgs/lib:${LD_LIBRARY_PATH} PKG_CONFIG_PATH=/home/pip/robocon/ROS2_training/dog_ros2_ws_with_pc/install/dog_msgs/lib/x86_64-linux-gnu/pkgconfig:/home/pip/robocon/ROS2_training/dog_ros2_ws_with_pc/install/dog_msgs/lib/pkgconfig PYTHONPATH=/home/pip/robocon/ROS2_training/dog_ros2_ws_with_pc/install/dog_msgs/local/lib/python3.10/dist-packages:${PYTHONPATH} ROS_PACKAGE_PATH=/home/pip/robocon/ROS2_training/dog_ros2_ws_with_pc/install/dog_msgs/share /usr/bin/cmake --install /home/pip/robocon/ROS2_training/dog_ros2_ws_with_pc/build/node1_controller
