[0.006s] Invoking command in '/home/pip/robocon/ROS2_training/dog_ros2_ws_with_pc/build/node1_controller': CMAKE_PREFIX_PATH=/opt/ros/humble:/home/pip/robocon/ROS2_training/dog_ros2_ws_with_pc/install/dog_msgs LD_LIBRARY_PATH=/home/pip/robocon/ROS2_training/dog_ros2_ws_with_pc/install/dog_msgs/lib:${LD_LIBRARY_PATH} PKG_CONFIG_PATH=/home/pip/robocon/ROS2_training/dog_ros2_ws_with_pc/install/dog_msgs/lib/x86_64-linux-gnu/pkgconfig:/home/pip/robocon/ROS2_training/dog_ros2_ws_with_pc/install/dog_msgs/lib/pkgconfig PYTHONPATH=/home/pip/robocon/ROS2_training/dog_ros2_ws_with_pc/install/dog_msgs/local/lib/python3.10/dist-packages:${PYTHONPATH} ROS_PACKAGE_PATH=/home/pip/robocon/ROS2_training/dog_ros2_ws_with_pc/install/dog_msgs/share /usr/bin/cmake /home/pip/robocon/ROS2_training/dog_ros2_ws_with_pc/src/node1_controller -DAMENT_CMAKE_SYMLINK_INSTALL=1 -DCMAKE_INSTALL_PREFIX=/home/pip/robocon/ROS2_training/dog_ros2_ws_with_pc/install/node1_controller
[0.052s] -- The C compiler identification is GNU 11.4.0
[0.092s] -- The CXX compiler identification is GNU 11.4.0
[0.099s] -- Detecting C compiler ABI info
[0.156s] -- Detecting C compiler ABI info - done
[0.160s] -- Check for working C compiler: /usr/bin/cc - skipped
[0.160s] -- Detecting C compile features
[0.161s] -- Detecting C compile features - done
[0.162s] -- Detecting CXX compiler ABI info
[0.228s] -- Detecting CXX compiler ABI info - done
[0.232s] -- Check for working CXX compiler: /usr/bin/c++ - skipped
[0.233s] -- Detecting CXX compile features
[0.233s] -- Detecting CXX compile features - done
[0.234s] -- Found ament_cmake: 1.3.14 (/opt/ros/humble/share/ament_cmake/cmake)
[0.341s] -- Found Python3: /usr/bin/python3 (found version "3.10.12") found components: Interpreter 
[0.384s] -- Override CMake install command with custom implementation using symlinks instead of copying resources
[0.405s] -- Found rclcpp: 16.0.21 (/opt/ros/humble/share/rclcpp/cmake)
[0.430s] -- Found rosidl_generator_c: 3.1.9 (/opt/ros/humble/share/rosidl_generator_c/cmake)
[0.433s] -- Found rosidl_adapter: 3.1.9 (/opt/ros/humble/share/rosidl_adapter/cmake)
[0.437s] -- Found rosidl_generator_cpp: 3.1.9 (/opt/ros/humble/share/rosidl_generator_cpp/cmake)
[0.444s] -- Using all available rosidl_typesupport_c: rosidl_typesupport_fastrtps_c;rosidl_typesupport_introspection_c
[0.452s] -- Using all available rosidl_typesupport_cpp: rosidl_typesupport_fastrtps_cpp;rosidl_typesupport_introspection_cpp
[0.480s] -- Found rmw_implementation_cmake: 6.1.4 (/opt/ros/humble/share/rmw_implementation_cmake/cmake)
[0.481s] -- Found rmw_fastrtps_cpp: 6.2.10 (/opt/ros/humble/share/rmw_fastrtps_cpp/cmake)
[0.554s] -- Found OpenSSL: /usr/lib/x86_64-linux-gnu/libcrypto.so (found version "3.0.2")  
[0.574s] -- Found FastRTPS: /opt/ros/humble/include  
[0.602s] -- Using RMW implementation 'rmw_fastrtps_cpp' as default
[0.608s] -- Looking for pthread.h
[0.671s] -- Looking for pthread.h - found
[0.671s] -- Performing Test CMAKE_HAVE_LIBC_PTHREAD
[0.731s] -- Performing Test CMAKE_HAVE_LIBC_PTHREAD - Success
[0.732s] -- Found Threads: TRUE  
[0.770s] -- Found dog_msgs: 0.0.0 (/home/pip/robocon/ROS2_training/dog_ros2_ws_with_pc/install/dog_msgs/share/dog_msgs/cmake)
[0.776s] -- Found sensor_msgs: 4.9.2 (/opt/ros/humble/share/sensor_msgs/cmake)
[0.795s] -- Found ament_lint_auto: 0.12.15 (/opt/ros/humble/share/ament_lint_auto/cmake)
[0.853s] -- Added test 'cppcheck' to perform static code analysis on C / C++ code
[0.853s] -- Configured cppcheck include dirs: 
[0.853s] -- Configured cppcheck exclude dirs and/or files: 
[0.854s] -- Added test 'lint_cmake' to check CMake code style
[0.855s] -- Added test 'uncrustify' to check C / C++ code style
[0.855s] -- Configured uncrustify additional arguments: 
[0.855s] -- Added test 'xmllint' to check XML markup files
[0.856s] -- Configuring done
[0.864s] -- Generating done
[0.866s] -- Build files have been written to: /home/pip/robocon/ROS2_training/dog_ros2_ws_with_pc/build/node1_controller
[0.875s] Invoked command in '/home/pip/robocon/ROS2_training/dog_ros2_ws_with_pc/build/node1_controller' returned '0': CMAKE_PREFIX_PATH=/opt/ros/humble:/home/pip/robocon/ROS2_training/dog_ros2_ws_with_pc/install/dog_msgs LD_LIBRARY_PATH=/home/pip/robocon/ROS2_training/dog_ros2_ws_with_pc/install/dog_msgs/lib:${LD_LIBRARY_PATH} PKG_CONFIG_PATH=/home/pip/robocon/ROS2_training/dog_ros2_ws_with_pc/install/dog_msgs/lib/x86_64-linux-gnu/pkgconfig:/home/pip/robocon/ROS2_training/dog_ros2_ws_with_pc/install/dog_msgs/lib/pkgconfig PYTHONPATH=/home/pip/robocon/ROS2_training/dog_ros2_ws_with_pc/install/dog_msgs/local/lib/python3.10/dist-packages:${PYTHONPATH} ROS_PACKAGE_PATH=/home/pip/robocon/ROS2_training/dog_ros2_ws_with_pc/install/dog_msgs/share /usr/bin/cmake /home/pip/robocon/ROS2_training/dog_ros2_ws_with_pc/src/node1_controller -DAMENT_CMAKE_SYMLINK_INSTALL=1 -DCMAKE_INSTALL_PREFIX=/home/pip/robocon/ROS2_training/dog_ros2_ws_with_pc/install/node1_controller
[0.876s] Invoking command in '/home/pip/robocon/ROS2_training/dog_ros2_ws_with_pc/build/node1_controller': CMAKE_PREFIX_PATH=/opt/ros/humble:/home/pip/robocon/ROS2_training/dog_ros2_ws_with_pc/install/dog_msgs LD_LIBRARY_PATH=/home/pip/robocon/ROS2_training/dog_ros2_ws_with_pc/install/dog_msgs/lib:${LD_LIBRARY_PATH} PKG_CONFIG_PATH=/home/pip/robocon/ROS2_training/dog_ros2_ws_with_pc/install/dog_msgs/lib/x86_64-linux-gnu/pkgconfig:/home/pip/robocon/ROS2_training/dog_ros2_ws_with_pc/install/dog_msgs/lib/pkgconfig PYTHONPATH=/home/pip/robocon/ROS2_training/dog_ros2_ws_with_pc/install/dog_msgs/local/lib/python3.10/dist-packages:${PYTHONPATH} ROS_PACKAGE_PATH=/home/pip/robocon/ROS2_training/dog_ros2_ws_with_pc/install/dog_msgs/share /usr/bin/cmake --build /home/pip/robocon/ROS2_training/dog_ros2_ws_with_pc/build/node1_controller -- -j32 -l32
[0.913s] [ 50%] [32mBuilding CXX object CMakeFiles/node1_controller.dir/src/controller.cpp.o[0m
[2.727s] [01m[K/home/pip/robocon/ROS2_training/dog_ros2_ws_with_pc/src/node1_controller/src/controller.cpp:[m[K In member function ‘[01m[Kvoid controller::motor_state_callback(dog_msgs::msg::MotorState_<std::allocator<void> >::SharedPtr)[m[K’:
[2.727s] [01m[K/home/pip/robocon/ROS2_training/dog_ros2_ws_with_pc/src/node1_controller/src/controller.cpp:159:56:[m[K [01;35m[Kwarning: [m[Kunused parameter ‘[01m[Kmsg[m[K’ [[01;35m[K]8;;https://gcc.gnu.org/onlinedocs/gcc/Warning-Options.html#index-Wunused-parameter-Wunused-parameter]8;;[m[K]
[2.727s]   159 |             [01;35m[Kconst dog_msgs::msg::MotorState::SharedPtr msg[m[K
[2.727s]       |             [01;35m[K~~~~~~~~~~~~~~~~~~~~~~~~~~~~~~~~~~~~~~~~~~~^~~[m[K
[2.728s] [01m[K/home/pip/robocon/ROS2_training/dog_ros2_ws_with_pc/src/node1_controller/src/controller.cpp:[m[K In member function ‘[01m[Kvoid controller::imu_callback(sensor_msgs::msg::Imu_<std::allocator<void> >::SharedPtr)[m[K’:
[2.728s] [01m[K/home/pip/robocon/ROS2_training/dog_ros2_ws_with_pc/src/node1_controller/src/controller.cpp:167:52:[m[K [01;35m[Kwarning: [m[Kunused parameter ‘[01m[Kmsg[m[K’ [[01;35m[K]8;;https://gcc.gnu.org/onlinedocs/gcc/Warning-Options.html#index-Wunused-parameter-Wunused-parameter]8;;[m[K]
[2.728s]   167 |             [01;35m[Kconst sensor_msgs::msg::Imu::SharedPtr msg[m[K
[2.728s]       |             [01;35m[K~~~~~~~~~~~~~~~~~~~~~~~~~~~~~~~~~~~~~~~^~~[m[K
[9.118s] [100%] [32m[1mLinking CXX executable node1_controller[0m
[9.495s] [100%] Built target node1_controller
[9.505s] Invoked command in '/home/pip/robocon/ROS2_training/dog_ros2_ws_with_pc/build/node1_controller' returned '0': CMAKE_PREFIX_PATH=/opt/ros/humble:/home/pip/robocon/ROS2_training/dog_ros2_ws_with_pc/install/dog_msgs LD_LIBRARY_PATH=/home/pip/robocon/ROS2_training/dog_ros2_ws_with_pc/install/dog_msgs/lib:${LD_LIBRARY_PATH} PKG_CONFIG_PATH=/home/pip/robocon/ROS2_training/dog_ros2_ws_with_pc/install/dog_msgs/lib/x86_64-linux-gnu/pkgconfig:/home/pip/robocon/ROS2_training/dog_ros2_ws_with_pc/install/dog_msgs/lib/pkgconfig PYTHONPATH=/home/pip/robocon/ROS2_training/dog_ros2_ws_with_pc/install/dog_msgs/local/lib/python3.10/dist-packages:${PYTHONPATH} ROS_PACKAGE_PATH=/home/pip/robocon/ROS2_training/dog_ros2_ws_with_pc/install/dog_msgs/share /usr/bin/cmake --build /home/pip/robocon/ROS2_training/dog_ros2_ws_with_pc/build/node1_controller -- -j32 -l32
[9.506s] Invoking command in '/home/pip/robocon/ROS2_training/dog_ros2_ws_with_pc/build/node1_controller': CMAKE_PREFIX_PATH=/opt/ros/humble:/home/pip/robocon/ROS2_training/dog_ros2_ws_with_pc/install/dog_msgs LD_LIBRARY_PATH=/home/pip/robocon/ROS2_training/dog_ros2_ws_with_pc/install/dog_msgs/lib:${LD_LIBRARY_PATH} PKG_CONFIG_PATH=/home/pip/robocon/ROS2_training/dog_ros2_ws_with_pc/install/dog_msgs/lib/x86_64-linux-gnu/pkgconfig:/home/pip/robocon/ROS2_training/dog_ros2_ws_with_pc/install/dog_msgs/lib/pkgconfig PYTHONPATH=/home/pip/robocon/ROS2_training/dog_ros2_ws_with_pc/install/dog_msgs/local/lib/python3.10/dist-packages:${PYTHONPATH} ROS_PACKAGE_PATH=/home/pip/robocon/ROS2_training/dog_ros2_ws_with_pc/install/dog_msgs/share /usr/bin/cmake --install /home/pip/robocon/ROS2_training/dog_ros2_ws_with_pc/build/node1_controller
[9.511s] -- Install configuration: ""
[9.512s] -- Execute custom install script
[9.512s] -- Symlinking: /home/pip/robocon/ROS2_training/dog_ros2_ws_with_pc/install/node1_controller/lib/node1_controller/node1_controller
[9.517s] -- Symlinking: /home/pip/robocon/ROS2_training/dog_ros2_ws_with_pc/install/node1_controller/share/ament_index/resource_index/package_run_dependencies/node1_controller
[9.523s] -- Symlinking: /home/pip/robocon/ROS2_training/dog_ros2_ws_with_pc/install/node1_controller/share/ament_index/resource_index/parent_prefix_path/node1_controller
[9.530s] -- Symlinking: /home/pip/robocon/ROS2_training/dog_ros2_ws_with_pc/install/node1_controller/share/node1_controller/environment/ament_prefix_path.sh
[9.536s] -- Symlinking: /home/pip/robocon/ROS2_training/dog_ros2_ws_with_pc/install/node1_controller/share/node1_controller/environment/ament_prefix_path.dsv
[9.543s] -- Symlinking: /home/pip/robocon/ROS2_training/dog_ros2_ws_with_pc/install/node1_controller/share/node1_controller/environment/path.sh
[9.552s] -- Symlinking: /home/pip/robocon/ROS2_training/dog_ros2_ws_with_pc/install/node1_controller/share/node1_controller/environment/path.dsv
[9.558s] -- Symlinking: /home/pip/robocon/ROS2_training/dog_ros2_ws_with_pc/install/node1_controller/share/node1_controller/local_setup.bash
[9.564s] -- Symlinking: /home/pip/robocon/ROS2_training/dog_ros2_ws_with_pc/install/node1_controller/share/node1_controller/local_setup.sh
[9.569s] -- Symlinking: /home/pip/robocon/ROS2_training/dog_ros2_ws_with_pc/install/node1_controller/share/node1_controller/local_setup.zsh
[9.578s] -- Symlinking: /home/pip/robocon/ROS2_training/dog_ros2_ws_with_pc/install/node1_controller/share/node1_controller/local_setup.dsv
[9.584s] -- Symlinking: /home/pip/robocon/ROS2_training/dog_ros2_ws_with_pc/install/node1_controller/share/node1_controller/package.dsv
[9.593s] -- Symlinking: /home/pip/robocon/ROS2_training/dog_ros2_ws_with_pc/install/node1_controller/share/ament_index/resource_index/packages/node1_controller
[9.601s] -- Symlinking: /home/pip/robocon/ROS2_training/dog_ros2_ws_with_pc/install/node1_controller/share/node1_controller/cmake/node1_controllerConfig.cmake
[9.608s] -- Symlinking: /home/pip/robocon/ROS2_training/dog_ros2_ws_with_pc/install/node1_controller/share/node1_controller/cmake/node1_controllerConfig-version.cmake
[9.614s] -- Symlinking: /home/pip/robocon/ROS2_training/dog_ros2_ws_with_pc/install/node1_controller/share/node1_controller/package.xml
[9.623s] Invoked command in '/home/pip/robocon/ROS2_training/dog_ros2_ws_with_pc/build/node1_controller' returned '0': CMAKE_PREFIX_PATH=/opt/ros/humble:/home/pip/robocon/ROS2_training/dog_ros2_ws_with_pc/install/dog_msgs LD_LIBRARY_PATH=/home/pip/robocon/ROS2_training/dog_ros2_ws_with_pc/install/dog_msgs/lib:${LD_LIBRARY_PATH} PKG_CONFIG_PATH=/home/pip/robocon/ROS2_training/dog_ros2_ws_with_pc/install/dog_msgs/lib/x86_64-linux-gnu/pkgconfig:/home/pip/robocon/ROS2_training/dog_ros2_ws_with_pc/install/dog_msgs/lib/pkgconfig PYTHONPATH=/home/pip/robocon/ROS2_training/dog_ros2_ws_with_pc/install/dog_msgs/local/lib/python3.10/dist-packages:${PYTHONPATH} ROS_PACKAGE_PATH=/home/pip/robocon/ROS2_training/dog_ros2_ws_with_pc/install/dog_msgs/share /usr/bin/cmake --install /home/pip/robocon/ROS2_training/dog_ros2_ws_with_pc/build/node1_controller
