[0.071s] DEBUG:colcon:Command line arguments: ['/usr/bin/colcon', 'build', '--symlink-install']
[0.071s] DEBUG:colcon:Parsed command line arguments: Namespace(log_base=None, log_level=None, verb_name='build', build_base='build', install_base='install', merge_install=False, symlink_install=True, test_result_base=None, continue_on_error=False, executor='parallel', parallel_workers=32, event_handlers=None, ignore_user_meta=False, metas=['./colcon.meta'], base_paths=['.'], packages_ignore=None, packages_ignore_regex=None, paths=None, packages_up_to=None, packages_up_to_regex=None, packages_above=None, packages_above_and_dependencies=None, packages_above_depth=None, packages_select_by_dep=None, packages_skip_by_dep=None, packages_skip_up_to=None, packages_select_build_failed=False, packages_skip_build_finished=False, packages_select_test_failures=False, packages_skip_test_passed=False, packages_select=None, packages_skip=None, packages_select_regex=None, packages_skip_regex=None, packages_start=None, packages_end=None, allow_overriding=[], cmake_args=None, cmake_target=None, cmake_target_skip_unavailable=False, cmake_clean_cache=False, cmake_clean_first=False, cmake_force_configure=False, ament_cmake_args=None, catkin_cmake_args=None, catkin_skip_building_tests=False, verb_parser=<colcon_defaults.argument_parser.defaults.DefaultArgumentsDecorator object at 0x748892e03610>, verb_extension=<colcon_core.verb.build.BuildVerb object at 0x748892f6c250>, main=<bound method BuildVerb.main of <colcon_core.verb.build.BuildVerb object at 0x748892f6c250>>)
[0.180s] Level 1:colcon.colcon_core.package_discovery:discover_packages(colcon_meta) check parameters
[0.180s] Level 1:colcon.colcon_core.package_discovery:discover_packages(recursive) check parameters
[0.180s] Level 1:colcon.colcon_core.package_discovery:discover_packages(ignore) check parameters
[0.180s] Level 1:colcon.colcon_core.package_discovery:discover_packages(path) check parameters
[0.180s] Level 1:colcon.colcon_core.package_discovery:discover_packages(colcon_meta) discover
[0.180s] Level 1:colcon.colcon_core.package_discovery:discover_packages(recursive) discover
[0.180s] INFO:colcon.colcon_core.package_discovery:Crawling recursively for packages in '/home/pip/robocon/ROS2_training/dog_ros2_ws_with_pc'
[0.180s] Level 1:colcon.colcon_core.package_identification:_identify(.) by extensions ['ignore', 'ignore_ament_install']
[0.181s] Level 1:colcon.colcon_core.package_identification:_identify(.) by extension 'ignore'
[0.181s] Level 1:colcon.colcon_core.package_identification:_identify(.) by extension 'ignore_ament_install'
[0.181s] Level 1:colcon.colcon_core.package_identification:_identify(.) by extensions ['colcon_pkg']
[0.181s] Level 1:colcon.colcon_core.package_identification:_identify(.) by extension 'colcon_pkg'
[0.181s] Level 1:colcon.colcon_core.package_identification:_identify(.) by extensions ['colcon_meta']
[0.181s] Level 1:colcon.colcon_core.package_identification:_identify(.) by extension 'colcon_meta'
[0.181s] Level 1:colcon.colcon_core.package_identification:_identify(.) by extensions ['ros']
[0.181s] Level 1:colcon.colcon_core.package_identification:_identify(.) by extension 'ros'
[0.190s] Level 1:colcon.colcon_core.package_identification:_identify(.) by extensions ['cmake', 'python']
[0.190s] Level 1:colcon.colcon_core.package_identification:_identify(.) by extension 'cmake'
[0.190s] Level 1:colcon.colcon_core.package_identification:_identify(.) by extension 'python'
[0.191s] Level 1:colcon.colcon_core.package_identification:_identify(.) by extensions ['python_setup_py']
[0.191s] Level 1:colcon.colcon_core.package_identification:_identify(.) by extension 'python_setup_py'
[0.191s] Level 1:colcon.colcon_core.package_identification:_identify(build) by extensions ['ignore', 'ignore_ament_install']
[0.191s] Level 1:colcon.colcon_core.package_identification:_identify(build) by extension 'ignore'
[0.191s] Level 1:colcon.colcon_core.package_identification:_identify(build) ignored
[0.191s] Level 1:colcon.colcon_core.package_identification:_identify(install) by extensions ['ignore', 'ignore_ament_install']
[0.191s] Level 1:colcon.colcon_core.package_identification:_identify(install) by extension 'ignore'
[0.191s] Level 1:colcon.colcon_core.package_identification:_identify(install) ignored
[0.191s] Level 1:colcon.colcon_core.package_identification:_identify(log) by extensions ['ignore', 'ignore_ament_install']
[0.191s] Level 1:colcon.colcon_core.package_identification:_identify(log) by extension 'ignore'
[0.191s] Level 1:colcon.colcon_core.package_identification:_identify(log) ignored
[0.191s] Level 1:colcon.colcon_core.package_identification:_identify(src) by extensions ['ignore', 'ignore_ament_install']
[0.191s] Level 1:colcon.colcon_core.package_identification:_identify(src) by extension 'ignore'
[0.191s] Level 1:colcon.colcon_core.package_identification:_identify(src) by extension 'ignore_ament_install'
[0.191s] Level 1:colcon.colcon_core.package_identification:_identify(src) by extensions ['colcon_pkg']
[0.191s] Level 1:colcon.colcon_core.package_identification:_identify(src) by extension 'colcon_pkg'
[0.191s] Level 1:colcon.colcon_core.package_identification:_identify(src) by extensions ['colcon_meta']
[0.191s] Level 1:colcon.colcon_core.package_identification:_identify(src) by extension 'colcon_meta'
[0.191s] Level 1:colcon.colcon_core.package_identification:_identify(src) by extensions ['ros']
[0.191s] Level 1:colcon.colcon_core.package_identification:_identify(src) by extension 'ros'
[0.191s] Level 1:colcon.colcon_core.package_identification:_identify(src) by extensions ['cmake', 'python']
[0.191s] Level 1:colcon.colcon_core.package_identification:_identify(src) by extension 'cmake'
[0.191s] Level 1:colcon.colcon_core.package_identification:_identify(src) by extension 'python'
[0.191s] Level 1:colcon.colcon_core.package_identification:_identify(src) by extensions ['python_setup_py']
[0.191s] Level 1:colcon.colcon_core.package_identification:_identify(src) by extension 'python_setup_py'
[0.191s] Level 1:colcon.colcon_core.package_identification:_identify(src/dog_msgs) by extensions ['ignore', 'ignore_ament_install']
[0.191s] Level 1:colcon.colcon_core.package_identification:_identify(src/dog_msgs) by extension 'ignore'
[0.191s] Level 1:colcon.colcon_core.package_identification:_identify(src/dog_msgs) by extension 'ignore_ament_install'
[0.191s] Level 1:colcon.colcon_core.package_identification:_identify(src/dog_msgs) by extensions ['colcon_pkg']
[0.192s] Level 1:colcon.colcon_core.package_identification:_identify(src/dog_msgs) by extension 'colcon_pkg'
[0.192s] Level 1:colcon.colcon_core.package_identification:_identify(src/dog_msgs) by extensions ['colcon_meta']
[0.192s] Level 1:colcon.colcon_core.package_identification:_identify(src/dog_msgs) by extension 'colcon_meta'
[0.192s] Level 1:colcon.colcon_core.package_identification:_identify(src/dog_msgs) by extensions ['ros']
[0.192s] Level 1:colcon.colcon_core.package_identification:_identify(src/dog_msgs) by extension 'ros'
[0.193s] DEBUG:colcon.colcon_core.package_identification:Package 'src/dog_msgs' with type 'ros.catkin' and name 'dog_msgs'
[0.193s] Level 1:colcon.colcon_core.package_identification:_identify(src/node1_controller) by extensions ['ignore', 'ignore_ament_install']
[0.193s] Level 1:colcon.colcon_core.package_identification:_identify(src/node1_controller) by extension 'ignore'
[0.193s] Level 1:colcon.colcon_core.package_identification:_identify(src/node1_controller) by extension 'ignore_ament_install'
[0.193s] Level 1:colcon.colcon_core.package_identification:_identify(src/node1_controller) by extensions ['colcon_pkg']
[0.193s] Level 1:colcon.colcon_core.package_identification:_identify(src/node1_controller) by extension 'colcon_pkg'
[0.193s] Level 1:colcon.colcon_core.package_identification:_identify(src/node1_controller) by extensions ['colcon_meta']
[0.193s] Level 1:colcon.colcon_core.package_identification:_identify(src/node1_controller) by extension 'colcon_meta'
[0.193s] Level 1:colcon.colcon_core.package_identification:_identify(src/node1_controller) by extensions ['ros']
[0.194s] Level 1:colcon.colcon_core.package_identification:_identify(src/node1_controller) by extension 'ros'
[0.194s] DEBUG:colcon.colcon_core.package_identification:Package 'src/node1_controller' with type 'ros.ament_cmake' and name 'node1_controller'
[0.194s] Level 1:colcon.colcon_core.package_identification:_identify(src/node2_simulation) by extensions ['ignore', 'ignore_ament_install']
[0.194s] Level 1:colcon.colcon_core.package_identification:_identify(src/node2_simulation) by extension 'ignore'
[0.194s] Level 1:colcon.colcon_core.package_identification:_identify(src/node2_simulation) by extension 'ignore_ament_install'
[0.194s] Level 1:colcon.colcon_core.package_identification:_identify(src/node2_simulation) by extensions ['colcon_pkg']
[0.194s] Level 1:colcon.colcon_core.package_identification:_identify(src/node2_simulation) by extension 'colcon_pkg'
[0.194s] Level 1:colcon.colcon_core.package_identification:_identify(src/node2_simulation) by extensions ['colcon_meta']
[0.194s] Level 1:colcon.colcon_core.package_identification:_identify(src/node2_simulation) by extension 'colcon_meta'
[0.194s] Level 1:colcon.colcon_core.package_identification:_identify(src/node2_simulation) by extensions ['ros']
[0.194s] Level 1:colcon.colcon_core.package_identification:_identify(src/node2_simulation) by extension 'ros'
[0.195s] DEBUG:colcon.colcon_core.package_identification:Package 'src/node2_simulation' with type 'ros.ament_python' and name 'node2_simulation'
[0.195s] Level 1:colcon.colcon_core.package_identification:_identify(src/node3_handle) by extensions ['ignore', 'ignore_ament_install']
[0.195s] Level 1:colcon.colcon_core.package_identification:_identify(src/node3_handle) by extension 'ignore'
[0.195s] Level 1:colcon.colcon_core.package_identification:_identify(src/node3_handle) by extension 'ignore_ament_install'
[0.195s] Level 1:colcon.colcon_core.package_identification:_identify(src/node3_handle) by extensions ['colcon_pkg']
[0.195s] Level 1:colcon.colcon_core.package_identification:_identify(src/node3_handle) by extension 'colcon_pkg'
[0.195s] Level 1:colcon.colcon_core.package_identification:_identify(src/node3_handle) by extensions ['colcon_meta']
[0.195s] Level 1:colcon.colcon_core.package_identification:_identify(src/node3_handle) by extension 'colcon_meta'
[0.195s] Level 1:colcon.colcon_core.package_identification:_identify(src/node3_handle) by extensions ['ros']
[0.195s] Level 1:colcon.colcon_core.package_identification:_identify(src/node3_handle) by extension 'ros'
[0.195s] DEBUG:colcon.colcon_core.package_identification:Package 'src/node3_handle' with type 'ros.ament_cmake' and name 'node3_handle'
[0.196s] Level 1:colcon.colcon_core.package_discovery:discover_packages(recursive) using defaults
[0.196s] Level 1:colcon.colcon_core.package_discovery:discover_packages(ignore) discover
[0.196s] Level 1:colcon.colcon_core.package_discovery:discover_packages(ignore) using defaults
[0.196s] Level 1:colcon.colcon_core.package_discovery:discover_packages(path) discover
[0.196s] Level 1:colcon.colcon_core.package_discovery:discover_packages(path) using defaults
[0.210s] Level 1:colcon.colcon_core.package_discovery:discover_packages(prefix_path) check parameters
[0.210s] Level 1:colcon.colcon_core.package_discovery:discover_packages(prefix_path) discover
[0.212s] DEBUG:colcon.colcon_installed_package_information.package_discovery:Found 273 installed packages in /opt/ros/humble
[0.220s] Level 1:colcon.colcon_core.package_discovery:discover_packages(prefix_path) using defaults
[0.247s] Level 5:colcon.colcon_core.verb:set package 'dog_msgs' build argument 'cmake_args' from command line to 'None'
[0.247s] Level 5:colcon.colcon_core.verb:set package 'dog_msgs' build argument 'cmake_target' from command line to 'None'
[0.247s] Level 5:colcon.colcon_core.verb:set package 'dog_msgs' build argument 'cmake_target_skip_unavailable' from command line to 'False'
[0.247s] Level 5:colcon.colcon_core.verb:set package 'dog_msgs' build argument 'cmake_clean_cache' from command line to 'False'
[0.247s] Level 5:colcon.colcon_core.verb:set package 'dog_msgs' build argument 'cmake_clean_first' from command line to 'False'
[0.247s] Level 5:colcon.colcon_core.verb:set package 'dog_msgs' build argument 'cmake_force_configure' from command line to 'False'
[0.247s] Level 5:colcon.colcon_core.verb:set package 'dog_msgs' build argument 'ament_cmake_args' from command line to 'None'
[0.247s] Level 5:colcon.colcon_core.verb:set package 'dog_msgs' build argument 'catkin_cmake_args' from command line to 'None'
[0.247s] Level 5:colcon.colcon_core.verb:set package 'dog_msgs' build argument 'catkin_skip_building_tests' from command line to 'False'
[0.247s] DEBUG:colcon.colcon_core.verb:Building package 'dog_msgs' with the following arguments: {'ament_cmake_args': None, 'build_base': '/home/pip/robocon/ROS2_training/dog_ros2_ws_with_pc/build/dog_msgs', 'catkin_cmake_args': None, 'catkin_skip_building_tests': False, 'cmake_args': None, 'cmake_clean_cache': False, 'cmake_clean_first': False, 'cmake_force_configure': False, 'cmake_target': None, 'cmake_target_skip_unavailable': False, 'install_base': '/home/pip/robocon/ROS2_training/dog_ros2_ws_with_pc/install/dog_msgs', 'merge_install': False, 'path': '/home/pip/robocon/ROS2_training/dog_ros2_ws_with_pc/src/dog_msgs', 'symlink_install': True, 'test_result_base': None}
[0.247s] Level 5:colcon.colcon_core.verb:set package 'node2_simulation' build argument 'cmake_args' from command line to 'None'
[0.247s] Level 5:colcon.colcon_core.verb:set package 'node2_simulation' build argument 'cmake_target' from command line to 'None'
[0.247s] Level 5:colcon.colcon_core.verb:set package 'node2_simulation' build argument 'cmake_target_skip_unavailable' from command line to 'False'
[0.247s] Level 5:colcon.colcon_core.verb:set package 'node2_simulation' build argument 'cmake_clean_cache' from command line to 'False'
[0.247s] Level 5:colcon.colcon_core.verb:set package 'node2_simulation' build argument 'cmake_clean_first' from command line to 'False'
[0.247s] Level 5:colcon.colcon_core.verb:set package 'node2_simulation' build argument 'cmake_force_configure' from command line to 'False'
[0.247s] Level 5:colcon.colcon_core.verb:set package 'node2_simulation' build argument 'ament_cmake_args' from command line to 'None'
[0.247s] Level 5:colcon.colcon_core.verb:set package 'node2_simulation' build argument 'catkin_cmake_args' from command line to 'None'
[0.247s] Level 5:colcon.colcon_core.verb:set package 'node2_simulation' build argument 'catkin_skip_building_tests' from command line to 'False'
[0.247s] DEBUG:colcon.colcon_core.verb:Building package 'node2_simulation' with the following arguments: {'ament_cmake_args': None, 'build_base': '/home/pip/robocon/ROS2_training/dog_ros2_ws_with_pc/build/node2_simulation', 'catkin_cmake_args': None, 'catkin_skip_building_tests': False, 'cmake_args': None, 'cmake_clean_cache': False, 'cmake_clean_first': False, 'cmake_force_configure': False, 'cmake_target': None, 'cmake_target_skip_unavailable': False, 'install_base': '/home/pip/robocon/ROS2_training/dog_ros2_ws_with_pc/install/node2_simulation', 'merge_install': False, 'path': '/home/pip/robocon/ROS2_training/dog_ros2_ws_with_pc/src/node2_simulation', 'symlink_install': True, 'test_result_base': None}
[0.247s] Level 5:colcon.colcon_core.verb:set package 'node1_controller' build argument 'cmake_args' from command line to 'None'
[0.247s] Level 5:colcon.colcon_core.verb:set package 'node1_controller' build argument 'cmake_target' from command line to 'None'
[0.247s] Level 5:colcon.colcon_core.verb:set package 'node1_controller' build argument 'cmake_target_skip_unavailable' from command line to 'False'
[0.247s] Level 5:colcon.colcon_core.verb:set package 'node1_controller' build argument 'cmake_clean_cache' from command line to 'False'
[0.247s] Level 5:colcon.colcon_core.verb:set package 'node1_controller' build argument 'cmake_clean_first' from command line to 'False'
[0.247s] Level 5:colcon.colcon_core.verb:set package 'node1_controller' build argument 'cmake_force_configure' from command line to 'False'
[0.247s] Level 5:colcon.colcon_core.verb:set package 'node1_controller' build argument 'ament_cmake_args' from command line to 'None'
[0.247s] Level 5:colcon.colcon_core.verb:set package 'node1_controller' build argument 'catkin_cmake_args' from command line to 'None'
[0.247s] Level 5:colcon.colcon_core.verb:set package 'node1_controller' build argument 'catkin_skip_building_tests' from command line to 'False'
[0.247s] DEBUG:colcon.colcon_core.verb:Building package 'node1_controller' with the following arguments: {'ament_cmake_args': None, 'build_base': '/home/pip/robocon/ROS2_training/dog_ros2_ws_with_pc/build/node1_controller', 'catkin_cmake_args': None, 'catkin_skip_building_tests': False, 'cmake_args': None, 'cmake_clean_cache': False, 'cmake_clean_first': False, 'cmake_force_configure': False, 'cmake_target': None, 'cmake_target_skip_unavailable': False, 'install_base': '/home/pip/robocon/ROS2_training/dog_ros2_ws_with_pc/install/node1_controller', 'merge_install': False, 'path': '/home/pip/robocon/ROS2_training/dog_ros2_ws_with_pc/src/node1_controller', 'symlink_install': True, 'test_result_base': None}
[0.248s] Level 5:colcon.colcon_core.verb:set package 'node3_handle' build argument 'cmake_args' from command line to 'None'
[0.248s] Level 5:colcon.colcon_core.verb:set package 'node3_handle' build argument 'cmake_target' from command line to 'None'
[0.248s] Level 5:colcon.colcon_core.verb:set package 'node3_handle' build argument 'cmake_target_skip_unavailable' from command line to 'False'
[0.248s] Level 5:colcon.colcon_core.verb:set package 'node3_handle' build argument 'cmake_clean_cache' from command line to 'False'
[0.248s] Level 5:colcon.colcon_core.verb:set package 'node3_handle' build argument 'cmake_clean_first' from command line to 'False'
[0.248s] Level 5:colcon.colcon_core.verb:set package 'node3_handle' build argument 'cmake_force_configure' from command line to 'False'
[0.248s] Level 5:colcon.colcon_core.verb:set package 'node3_handle' build argument 'ament_cmake_args' from command line to 'None'
[0.248s] Level 5:colcon.colcon_core.verb:set package 'node3_handle' build argument 'catkin_cmake_args' from command line to 'None'
[0.248s] Level 5:colcon.colcon_core.verb:set package 'node3_handle' build argument 'catkin_skip_building_tests' from command line to 'False'
[0.248s] DEBUG:colcon.colcon_core.verb:Building package 'node3_handle' with the following arguments: {'ament_cmake_args': None, 'build_base': '/home/pip/robocon/ROS2_training/dog_ros2_ws_with_pc/build/node3_handle', 'catkin_cmake_args': None, 'catkin_skip_building_tests': False, 'cmake_args': None, 'cmake_clean_cache': False, 'cmake_clean_first': False, 'cmake_force_configure': False, 'cmake_target': None, 'cmake_target_skip_unavailable': False, 'install_base': '/home/pip/robocon/ROS2_training/dog_ros2_ws_with_pc/install/node3_handle', 'merge_install': False, 'path': '/home/pip/robocon/ROS2_training/dog_ros2_ws_with_pc/src/node3_handle', 'symlink_install': True, 'test_result_base': None}
[0.248s] INFO:colcon.colcon_core.executor:Executing jobs using 'parallel' executor
[0.249s] DEBUG:colcon.colcon_parallel_executor.executor.parallel:run_until_complete
[0.249s] INFO:colcon.colcon_ros.task.catkin.build:Building ROS package in '/home/pip/robocon/ROS2_training/dog_ros2_ws_with_pc/src/dog_msgs' with build type 'catkin'
[0.249s] INFO:colcon.colcon_cmake.task.cmake.build:Building CMake package in '/home/pip/robocon/ROS2_training/dog_ros2_ws_with_pc/src/dog_msgs'
[0.250s] INFO:colcon.colcon_core.plugin_system:Skipping extension 'colcon_core.shell.bat': Not used on non-Windows systems
[0.250s] INFO:colcon.colcon_core.shell:Skip shell extension 'powershell' for command environment: Not usable outside of PowerShell
[0.250s] DEBUG:colcon.colcon_core.shell:Skip shell extension 'dsv' for command environment
[0.253s] INFO:colcon.colcon_ros.task.ament_python.build:Building ROS package in '/home/pip/robocon/ROS2_training/dog_ros2_ws_with_pc/src/node2_simulation' with build type 'ament_python'
[0.253s] Level 1:colcon.colcon_core.shell:create_environment_hook('node2_simulation', 'ament_prefix_path')
[0.253s] INFO:colcon.colcon_core.shell:Creating environment hook '/home/pip/robocon/ROS2_training/dog_ros2_ws_with_pc/install/node2_simulation/share/node2_simulation/hook/ament_prefix_path.ps1'
[0.254s] INFO:colcon.colcon_core.shell:Creating environment descriptor '/home/pip/robocon/ROS2_training/dog_ros2_ws_with_pc/install/node2_simulation/share/node2_simulation/hook/ament_prefix_path.dsv'
[0.254s] INFO:colcon.colcon_core.shell:Creating environment hook '/home/pip/robocon/ROS2_training/dog_ros2_ws_with_pc/install/node2_simulation/share/node2_simulation/hook/ament_prefix_path.sh'
[0.255s] INFO:colcon.colcon_core.shell:Skip shell extension 'powershell' for command environment: Not usable outside of PowerShell
[0.255s] DEBUG:colcon.colcon_core.shell:Skip shell extension 'dsv' for command environment
[0.260s] DEBUG:colcon.colcon_core.event_handler.log_command:Invoking command in '/home/pip/robocon/ROS2_training/dog_ros2_ws_with_pc/build/dog_msgs': /usr/bin/cmake /home/pip/robocon/ROS2_training/dog_ros2_ws_with_pc/src/dog_msgs -DCATKIN_INSTALL_INTO_PREFIX_ROOT=0 -DCATKIN_SYMLINK_INSTALL=ON -DCMAKE_INSTALL_PREFIX=/home/pip/robocon/ROS2_training/dog_ros2_ws_with_pc/install/dog_msgs
[0.427s] INFO:colcon.colcon_core.task.python.build:Building Python package in '/home/pip/robocon/ROS2_training/dog_ros2_ws_with_pc/src/node2_simulation'
[0.428s] INFO:colcon.colcon_core.shell:Skip shell extension 'powershell' for command environment: Not usable outside of PowerShell
[0.428s] DEBUG:colcon.colcon_core.shell:Skip shell extension 'dsv' for command environment
[0.650s] DEBUG:colcon.colcon_core.task.python.build:Available setuptools commands: install, bdist_dumb, rotate, install_data, install_lib, upload, install_egg_info, setopt, test, alias, bdist, clean, register, sdist, develop, upload_docs, saveopts, symlink_data, bdist_rpm, easy_install, bdist_wheel, build_py, check, build_clib, build, install_scripts, build_scripts, dist_info, egg_info, install_headers, build_ext, bdist_egg
[0.812s] DEBUG:colcon.colcon_core.task.python.build:Available setuptools 'develop' options: --upgrade, --exclude-scripts, --install-dir, --no-user-cfg, --version, --find-links, --verbose, --force-installation-into-system-dir, --dry-run, --quiet, --always-unzip, --no-find-links, --no-deps, --site-dirs, --optimize, --prefix, --script-dir, --index-url, --allow-hosts, --always-copy, --editable, --record, --uninstall, --install-layout, --help, --user, --build-directory, --zip-ok, --egg-path, --local-snapshots-ok, --multi-version
[0.813s] DEBUG:colcon.colcon_core.event_handler.log_command:Invoking command in '/home/pip/robocon/ROS2_training/dog_ros2_ws_with_pc/build/node2_simulation': PYTHONPATH=/home/pip/robocon/ROS2_training/dog_ros2_ws_with_pc/build/node2_simulation/prefix_override:/usr/lib/python3/dist-packages/colcon_core/task/python/colcon_distutils_commands:/home/pip/robocon/ROS2_training/dog_ros2_ws_with_pc/install/node2_simulation/lib/python3.10/site-packages:${PYTHONPATH} /usr/bin/python3 -W ignore:setup.py install is deprecated -W ignore:easy_install command is deprecated setup.py develop --editable --build-directory /home/pip/robocon/ROS2_training/dog_ros2_ws_with_pc/build/node2_simulation/build --no-deps symlink_data
[1.030s] Level 1:colcon.colcon_core.shell:create_environment_hook('node2_simulation', 'pythonpath_develop')
[1.030s] INFO:colcon.colcon_core.shell:Creating environment hook '/home/pip/robocon/ROS2_training/dog_ros2_ws_with_pc/build/node2_simulation/share/node2_simulation/hook/pythonpath_develop.ps1'
[1.030s] DEBUG:colcon.colcon_core.event_handler.log_command:Invoked command in '/home/pip/robocon/ROS2_training/dog_ros2_ws_with_pc/build/node2_simulation' returned '0': PYTHONPATH=/home/pip/robocon/ROS2_training/dog_ros2_ws_with_pc/build/node2_simulation/prefix_override:/usr/lib/python3/dist-packages/colcon_core/task/python/colcon_distutils_commands:/home/pip/robocon/ROS2_training/dog_ros2_ws_with_pc/install/node2_simulation/lib/python3.10/site-packages:${PYTHONPATH} /usr/bin/python3 -W ignore:setup.py install is deprecated -W ignore:easy_install command is deprecated setup.py develop --editable --build-directory /home/pip/robocon/ROS2_training/dog_ros2_ws_with_pc/build/node2_simulation/build --no-deps symlink_data
[1.031s] INFO:colcon.colcon_core.shell:Creating environment descriptor '/home/pip/robocon/ROS2_training/dog_ros2_ws_with_pc/build/node2_simulation/share/node2_simulation/hook/pythonpath_develop.dsv'
[1.031s] INFO:colcon.colcon_core.shell:Creating environment hook '/home/pip/robocon/ROS2_training/dog_ros2_ws_with_pc/build/node2_simulation/share/node2_simulation/hook/pythonpath_develop.sh'
[1.032s] Level 1:colcon.colcon_core.environment:checking '/home/pip/robocon/ROS2_training/dog_ros2_ws_with_pc/install/node2_simulation' for CMake module files
[1.032s] Level 1:colcon.colcon_core.environment:checking '/home/pip/robocon/ROS2_training/dog_ros2_ws_with_pc/install/node2_simulation' for CMake config files
[1.033s] Level 1:colcon.colcon_core.environment:checking '/home/pip/robocon/ROS2_training/dog_ros2_ws_with_pc/install/node2_simulation/lib'
[1.033s] Level 1:colcon.colcon_core.environment:checking '/home/pip/robocon/ROS2_training/dog_ros2_ws_with_pc/install/node2_simulation/bin'
[1.033s] Level 1:colcon.colcon_core.environment:checking '/home/pip/robocon/ROS2_training/dog_ros2_ws_with_pc/install/node2_simulation/lib/pkgconfig/node2_simulation.pc'
[1.033s] Level 1:colcon.colcon_core.environment:checking '/home/pip/robocon/ROS2_training/dog_ros2_ws_with_pc/install/node2_simulation/lib/python3.10/site-packages'
[1.033s] Level 1:colcon.colcon_core.shell:create_environment_hook('node2_simulation', 'pythonpath')
[1.033s] INFO:colcon.colcon_core.shell:Creating environment hook '/home/pip/robocon/ROS2_training/dog_ros2_ws_with_pc/install/node2_simulation/share/node2_simulation/hook/pythonpath.ps1'
[1.033s] INFO:colcon.colcon_core.shell:Creating environment descriptor '/home/pip/robocon/ROS2_training/dog_ros2_ws_with_pc/install/node2_simulation/share/node2_simulation/hook/pythonpath.dsv'
[1.034s] INFO:colcon.colcon_core.shell:Creating environment hook '/home/pip/robocon/ROS2_training/dog_ros2_ws_with_pc/install/node2_simulation/share/node2_simulation/hook/pythonpath.sh'
[1.034s] Level 1:colcon.colcon_core.environment:checking '/home/pip/robocon/ROS2_training/dog_ros2_ws_with_pc/install/node2_simulation/bin'
[1.034s] Level 1:colcon.colcon_core.environment:create_environment_scripts_only(node2_simulation)
[1.034s] INFO:colcon.colcon_core.shell:Creating package script '/home/pip/robocon/ROS2_training/dog_ros2_ws_with_pc/install/node2_simulation/share/node2_simulation/package.ps1'
[1.035s] INFO:colcon.colcon_core.shell:Creating package descriptor '/home/pip/robocon/ROS2_training/dog_ros2_ws_with_pc/install/node2_simulation/share/node2_simulation/package.dsv'
[1.035s] INFO:colcon.colcon_core.shell:Creating package script '/home/pip/robocon/ROS2_training/dog_ros2_ws_with_pc/install/node2_simulation/share/node2_simulation/package.sh'
[1.035s] INFO:colcon.colcon_core.shell:Creating package script '/home/pip/robocon/ROS2_training/dog_ros2_ws_with_pc/install/node2_simulation/share/node2_simulation/package.bash'
[1.036s] INFO:colcon.colcon_core.shell:Creating package script '/home/pip/robocon/ROS2_training/dog_ros2_ws_with_pc/install/node2_simulation/share/node2_simulation/package.zsh'
[1.036s] Level 1:colcon.colcon_core.environment:create_file_with_runtime_dependencies(/home/pip/robocon/ROS2_training/dog_ros2_ws_with_pc/install/node2_simulation/share/colcon-core/packages/node2_simulation)
[1.318s] DEBUG:colcon.colcon_core.event_handler.log_command:Invoked command in '/home/pip/robocon/ROS2_training/dog_ros2_ws_with_pc/build/dog_msgs' returned '0': /usr/bin/cmake /home/pip/robocon/ROS2_training/dog_ros2_ws_with_pc/src/dog_msgs -DCATKIN_INSTALL_INTO_PREFIX_ROOT=0 -DCATKIN_SYMLINK_INSTALL=ON -DCMAKE_INSTALL_PREFIX=/home/pip/robocon/ROS2_training/dog_ros2_ws_with_pc/install/dog_msgs
[1.319s] DEBUG:colcon.colcon_core.event_handler.log_command:Invoking command in '/home/pip/robocon/ROS2_training/dog_ros2_ws_with_pc/build/dog_msgs': /usr/bin/cmake --build /home/pip/robocon/ROS2_training/dog_ros2_ws_with_pc/build/dog_msgs -- -j32 -l32
[2.725s] DEBUG:colcon.colcon_core.event_handler.log_command:Invoked command in '/home/pip/robocon/ROS2_training/dog_ros2_ws_with_pc/build/dog_msgs' returned '0': /usr/bin/cmake --build /home/pip/robocon/ROS2_training/dog_ros2_ws_with_pc/build/dog_msgs -- -j32 -l32
[2.731s] DEBUG:colcon.colcon_core.event_handler.log_command:Invoking command in '/home/pip/robocon/ROS2_training/dog_ros2_ws_with_pc/build/dog_msgs': /usr/bin/cmake --install /home/pip/robocon/ROS2_training/dog_ros2_ws_with_pc/build/dog_msgs
[2.783s] DEBUG:colcon.colcon_core.event_handler.log_command:Invoked command in '/home/pip/robocon/ROS2_training/dog_ros2_ws_with_pc/build/dog_msgs' returned '0': /usr/bin/cmake --install /home/pip/robocon/ROS2_training/dog_ros2_ws_with_pc/build/dog_msgs
[2.783s] Level 1:colcon.colcon_core.shell:create_environment_hook('dog_msgs', 'ros_package_path')
[2.784s] INFO:colcon.colcon_core.shell:Creating environment hook '/home/pip/robocon/ROS2_training/dog_ros2_ws_with_pc/install/dog_msgs/share/dog_msgs/hook/ros_package_path.ps1'
[2.784s] INFO:colcon.colcon_core.shell:Creating environment descriptor '/home/pip/robocon/ROS2_training/dog_ros2_ws_with_pc/install/dog_msgs/share/dog_msgs/hook/ros_package_path.dsv'
[2.784s] INFO:colcon.colcon_core.shell:Creating environment hook '/home/pip/robocon/ROS2_training/dog_ros2_ws_with_pc/install/dog_msgs/share/dog_msgs/hook/ros_package_path.sh'
[2.784s] Level 1:colcon.colcon_ros.task.catkin:checking '/home/pip/robocon/ROS2_training/dog_ros2_ws_with_pc/install/dog_msgs/local/lib/python3.10/dist-packages'
[2.784s] Level 1:colcon.colcon_core.shell:create_environment_hook('dog_msgs', 'catkin_pythonpath')
[2.785s] INFO:colcon.colcon_core.shell:Creating environment hook '/home/pip/robocon/ROS2_training/dog_ros2_ws_with_pc/install/dog_msgs/share/dog_msgs/hook/catkin_pythonpath.ps1'
[2.785s] INFO:colcon.colcon_core.shell:Creating environment descriptor '/home/pip/robocon/ROS2_training/dog_ros2_ws_with_pc/install/dog_msgs/share/dog_msgs/hook/catkin_pythonpath.dsv'
[2.785s] INFO:colcon.colcon_core.shell:Creating environment hook '/home/pip/robocon/ROS2_training/dog_ros2_ws_with_pc/install/dog_msgs/share/dog_msgs/hook/catkin_pythonpath.sh'
[2.785s] Level 1:colcon.colcon_core.shell:create_environment_hook('dog_msgs', 'pkg_config_path')
[2.785s] INFO:colcon.colcon_core.shell:Creating environment hook '/home/pip/robocon/ROS2_training/dog_ros2_ws_with_pc/install/dog_msgs/share/dog_msgs/hook/pkg_config_path.ps1'
[2.785s] INFO:colcon.colcon_core.shell:Creating environment descriptor '/home/pip/robocon/ROS2_training/dog_ros2_ws_with_pc/install/dog_msgs/share/dog_msgs/hook/pkg_config_path.dsv'
[2.785s] INFO:colcon.colcon_core.shell:Creating environment hook '/home/pip/robocon/ROS2_training/dog_ros2_ws_with_pc/install/dog_msgs/share/dog_msgs/hook/pkg_config_path.sh'
[2.787s] Level 1:colcon.colcon_core.shell:create_environment_hook('dog_msgs', 'pkg_config_path_multiarch')
[2.787s] INFO:colcon.colcon_core.shell:Creating environment hook '/home/pip/robocon/ROS2_training/dog_ros2_ws_with_pc/install/dog_msgs/share/dog_msgs/hook/pkg_config_path_multiarch.ps1'
[2.787s] INFO:colcon.colcon_core.shell:Creating environment descriptor '/home/pip/robocon/ROS2_training/dog_ros2_ws_with_pc/install/dog_msgs/share/dog_msgs/hook/pkg_config_path_multiarch.dsv'
[2.788s] INFO:colcon.colcon_core.shell:Creating environment hook '/home/pip/robocon/ROS2_training/dog_ros2_ws_with_pc/install/dog_msgs/share/dog_msgs/hook/pkg_config_path_multiarch.sh'
[2.788s] Level 1:colcon.colcon_core.environment:create_environment_scripts_only(dog_msgs)
[2.788s] Level 1:colcon.colcon_core.environment:checking '/home/pip/robocon/ROS2_training/dog_ros2_ws_with_pc/install/dog_msgs' for CMake module files
[2.789s] Level 1:colcon.colcon_core.environment:checking '/home/pip/robocon/ROS2_training/dog_ros2_ws_with_pc/install/dog_msgs' for CMake config files
[2.789s] Level 1:colcon.colcon_core.shell:create_environment_hook('dog_msgs', 'cmake_prefix_path')
[2.789s] INFO:colcon.colcon_core.shell:Creating environment hook '/home/pip/robocon/ROS2_training/dog_ros2_ws_with_pc/install/dog_msgs/share/dog_msgs/hook/cmake_prefix_path.ps1'
[2.789s] INFO:colcon.colcon_core.shell:Creating environment descriptor '/home/pip/robocon/ROS2_training/dog_ros2_ws_with_pc/install/dog_msgs/share/dog_msgs/hook/cmake_prefix_path.dsv'
[2.789s] INFO:colcon.colcon_core.shell:Creating environment hook '/home/pip/robocon/ROS2_training/dog_ros2_ws_with_pc/install/dog_msgs/share/dog_msgs/hook/cmake_prefix_path.sh'
[2.790s] Level 1:colcon.colcon_core.environment:checking '/home/pip/robocon/ROS2_training/dog_ros2_ws_with_pc/install/dog_msgs/lib'
[2.790s] Level 1:colcon.colcon_core.shell:create_environment_hook('dog_msgs', 'ld_library_path_lib')
[2.790s] INFO:colcon.colcon_core.shell:Creating environment hook '/home/pip/robocon/ROS2_training/dog_ros2_ws_with_pc/install/dog_msgs/share/dog_msgs/hook/ld_library_path_lib.ps1'
[2.790s] INFO:colcon.colcon_core.shell:Creating environment descriptor '/home/pip/robocon/ROS2_training/dog_ros2_ws_with_pc/install/dog_msgs/share/dog_msgs/hook/ld_library_path_lib.dsv'
[2.790s] INFO:colcon.colcon_core.shell:Creating environment hook '/home/pip/robocon/ROS2_training/dog_ros2_ws_with_pc/install/dog_msgs/share/dog_msgs/hook/ld_library_path_lib.sh'
[2.790s] Level 1:colcon.colcon_core.environment:checking '/home/pip/robocon/ROS2_training/dog_ros2_ws_with_pc/install/dog_msgs/bin'
[2.791s] Level 1:colcon.colcon_core.environment:checking '/home/pip/robocon/ROS2_training/dog_ros2_ws_with_pc/install/dog_msgs/lib/pkgconfig/dog_msgs.pc'
[2.791s] Level 1:colcon.colcon_core.environment:checking '/home/pip/robocon/ROS2_training/dog_ros2_ws_with_pc/install/dog_msgs/lib/python3.10/site-packages'
[2.791s] Level 1:colcon.colcon_core.environment:checking '/home/pip/robocon/ROS2_training/dog_ros2_ws_with_pc/install/dog_msgs/bin'
[2.791s] INFO:colcon.colcon_core.shell:Creating package script '/home/pip/robocon/ROS2_training/dog_ros2_ws_with_pc/install/dog_msgs/share/dog_msgs/package.ps1'
[2.791s] INFO:colcon.colcon_core.shell:Creating package descriptor '/home/pip/robocon/ROS2_training/dog_ros2_ws_with_pc/install/dog_msgs/share/dog_msgs/package.dsv'
[2.792s] INFO:colcon.colcon_core.shell:Creating package script '/home/pip/robocon/ROS2_training/dog_ros2_ws_with_pc/install/dog_msgs/share/dog_msgs/package.sh'
[2.792s] INFO:colcon.colcon_core.shell:Creating package script '/home/pip/robocon/ROS2_training/dog_ros2_ws_with_pc/install/dog_msgs/share/dog_msgs/package.bash'
[2.792s] INFO:colcon.colcon_core.shell:Creating package script '/home/pip/robocon/ROS2_training/dog_ros2_ws_with_pc/install/dog_msgs/share/dog_msgs/package.zsh'
[2.792s] Level 1:colcon.colcon_core.environment:create_file_with_runtime_dependencies(/home/pip/robocon/ROS2_training/dog_ros2_ws_with_pc/install/dog_msgs/share/colcon-core/packages/dog_msgs)
[2.793s] INFO:colcon.colcon_ros.task.ament_cmake.build:Building ROS package in '/home/pip/robocon/ROS2_training/dog_ros2_ws_with_pc/src/node1_controller' with build type 'ament_cmake'
[2.793s] INFO:colcon.colcon_cmake.task.cmake.build:Building CMake package in '/home/pip/robocon/ROS2_training/dog_ros2_ws_with_pc/src/node1_controller'
[2.793s] INFO:colcon.colcon_core.shell:Skip shell extension 'powershell' for command environment: Not usable outside of PowerShell
[2.793s] DEBUG:colcon.colcon_core.shell:Skip shell extension 'dsv' for command environment
[2.794s] INFO:colcon.colcon_ros.task.ament_cmake.build:Building ROS package in '/home/pip/robocon/ROS2_training/dog_ros2_ws_with_pc/src/node3_handle' with build type 'ament_cmake'
[2.795s] INFO:colcon.colcon_cmake.task.cmake.build:Building CMake package in '/home/pip/robocon/ROS2_training/dog_ros2_ws_with_pc/src/node3_handle'
[2.795s] INFO:colcon.colcon_core.shell:Skip shell extension 'powershell' for command environment: Not usable outside of PowerShell
[2.795s] DEBUG:colcon.colcon_core.shell:Skip shell extension 'dsv' for command environment
[2.800s] DEBUG:colcon.colcon_core.event_handler.log_command:Invoking command in '/home/pip/robocon/ROS2_training/dog_ros2_ws_with_pc/build/node1_controller': CMAKE_PREFIX_PATH=/opt/ros/humble:/home/pip/robocon/ROS2_training/dog_ros2_ws_with_pc/install/dog_msgs LD_LIBRARY_PATH=/home/pip/robocon/ROS2_training/dog_ros2_ws_with_pc/install/dog_msgs/lib:${LD_LIBRARY_PATH} PKG_CONFIG_PATH=/home/pip/robocon/ROS2_training/dog_ros2_ws_with_pc/install/dog_msgs/lib/x86_64-linux-gnu/pkgconfig:/home/pip/robocon/ROS2_training/dog_ros2_ws_with_pc/install/dog_msgs/lib/pkgconfig PYTHONPATH=/home/pip/robocon/ROS2_training/dog_ros2_ws_with_pc/install/dog_msgs/local/lib/python3.10/dist-packages:${PYTHONPATH} ROS_PACKAGE_PATH=/home/pip/robocon/ROS2_training/dog_ros2_ws_with_pc/install/dog_msgs/share /usr/bin/cmake /home/pip/robocon/ROS2_training/dog_ros2_ws_with_pc/src/node1_controller -DAMENT_CMAKE_SYMLINK_INSTALL=1 -DCMAKE_INSTALL_PREFIX=/home/pip/robocon/ROS2_training/dog_ros2_ws_with_pc/install/node1_controller
[2.801s] DEBUG:colcon.colcon_core.event_handler.log_command:Invoking command in '/home/pip/robocon/ROS2_training/dog_ros2_ws_with_pc/build/node3_handle': CMAKE_PREFIX_PATH=/opt/ros/humble:/home/pip/robocon/ROS2_training/dog_ros2_ws_with_pc/install/dog_msgs LD_LIBRARY_PATH=/home/pip/robocon/ROS2_training/dog_ros2_ws_with_pc/install/dog_msgs/lib:${LD_LIBRARY_PATH} PKG_CONFIG_PATH=/home/pip/robocon/ROS2_training/dog_ros2_ws_with_pc/install/dog_msgs/lib/x86_64-linux-gnu/pkgconfig:/home/pip/robocon/ROS2_training/dog_ros2_ws_with_pc/install/dog_msgs/lib/pkgconfig PYTHONPATH=/home/pip/robocon/ROS2_training/dog_ros2_ws_with_pc/install/dog_msgs/local/lib/python3.10/dist-packages:${PYTHONPATH} ROS_PACKAGE_PATH=/home/pip/robocon/ROS2_training/dog_ros2_ws_with_pc/install/dog_msgs/share /usr/bin/cmake /home/pip/robocon/ROS2_training/dog_ros2_ws_with_pc/src/node3_handle -DAMENT_CMAKE_SYMLINK_INSTALL=1 -DCMAKE_INSTALL_PREFIX=/home/pip/robocon/ROS2_training/dog_ros2_ws_with_pc/install/node3_handle
[3.540s] DEBUG:colcon.colcon_core.event_handler.log_command:Invoked command in '/home/pip/robocon/ROS2_training/dog_ros2_ws_with_pc/build/node1_controller' returned '0': CMAKE_PREFIX_PATH=/opt/ros/humble:/home/pip/robocon/ROS2_training/dog_ros2_ws_with_pc/install/dog_msgs LD_LIBRARY_PATH=/home/pip/robocon/ROS2_training/dog_ros2_ws_with_pc/install/dog_msgs/lib:${LD_LIBRARY_PATH} PKG_CONFIG_PATH=/home/pip/robocon/ROS2_training/dog_ros2_ws_with_pc/install/dog_msgs/lib/x86_64-linux-gnu/pkgconfig:/home/pip/robocon/ROS2_training/dog_ros2_ws_with_pc/install/dog_msgs/lib/pkgconfig PYTHONPATH=/home/pip/robocon/ROS2_training/dog_ros2_ws_with_pc/install/dog_msgs/local/lib/python3.10/dist-packages:${PYTHONPATH} ROS_PACKAGE_PATH=/home/pip/robocon/ROS2_training/dog_ros2_ws_with_pc/install/dog_msgs/share /usr/bin/cmake /home/pip/robocon/ROS2_training/dog_ros2_ws_with_pc/src/node1_controller -DAMENT_CMAKE_SYMLINK_INSTALL=1 -DCMAKE_INSTALL_PREFIX=/home/pip/robocon/ROS2_training/dog_ros2_ws_with_pc/install/node1_controller
[3.541s] DEBUG:colcon.colcon_core.event_handler.log_command:Invoking command in '/home/pip/robocon/ROS2_training/dog_ros2_ws_with_pc/build/node1_controller': CMAKE_PREFIX_PATH=/opt/ros/humble:/home/pip/robocon/ROS2_training/dog_ros2_ws_with_pc/install/dog_msgs LD_LIBRARY_PATH=/home/pip/robocon/ROS2_training/dog_ros2_ws_with_pc/install/dog_msgs/lib:${LD_LIBRARY_PATH} PKG_CONFIG_PATH=/home/pip/robocon/ROS2_training/dog_ros2_ws_with_pc/install/dog_msgs/lib/x86_64-linux-gnu/pkgconfig:/home/pip/robocon/ROS2_training/dog_ros2_ws_with_pc/install/dog_msgs/lib/pkgconfig PYTHONPATH=/home/pip/robocon/ROS2_training/dog_ros2_ws_with_pc/install/dog_msgs/local/lib/python3.10/dist-packages:${PYTHONPATH} ROS_PACKAGE_PATH=/home/pip/robocon/ROS2_training/dog_ros2_ws_with_pc/install/dog_msgs/share /usr/bin/cmake --build /home/pip/robocon/ROS2_training/dog_ros2_ws_with_pc/build/node1_controller -- -j32 -l32
[3.541s] DEBUG:colcon.colcon_core.event_handler.log_command:Invoked command in '/home/pip/robocon/ROS2_training/dog_ros2_ws_with_pc/build/node3_handle' returned '0': CMAKE_PREFIX_PATH=/opt/ros/humble:/home/pip/robocon/ROS2_training/dog_ros2_ws_with_pc/install/dog_msgs LD_LIBRARY_PATH=/home/pip/robocon/ROS2_training/dog_ros2_ws_with_pc/install/dog_msgs/lib:${LD_LIBRARY_PATH} PKG_CONFIG_PATH=/home/pip/robocon/ROS2_training/dog_ros2_ws_with_pc/install/dog_msgs/lib/x86_64-linux-gnu/pkgconfig:/home/pip/robocon/ROS2_training/dog_ros2_ws_with_pc/install/dog_msgs/lib/pkgconfig PYTHONPATH=/home/pip/robocon/ROS2_training/dog_ros2_ws_with_pc/install/dog_msgs/local/lib/python3.10/dist-packages:${PYTHONPATH} ROS_PACKAGE_PATH=/home/pip/robocon/ROS2_training/dog_ros2_ws_with_pc/install/dog_msgs/share /usr/bin/cmake /home/pip/robocon/ROS2_training/dog_ros2_ws_with_pc/src/node3_handle -DAMENT_CMAKE_SYMLINK_INSTALL=1 -DCMAKE_INSTALL_PREFIX=/home/pip/robocon/ROS2_training/dog_ros2_ws_with_pc/install/node3_handle
[3.541s] DEBUG:colcon.colcon_core.event_handler.log_command:Invoking command in '/home/pip/robocon/ROS2_training/dog_ros2_ws_with_pc/build/node3_handle': CMAKE_PREFIX_PATH=/opt/ros/humble:/home/pip/robocon/ROS2_training/dog_ros2_ws_with_pc/install/dog_msgs LD_LIBRARY_PATH=/home/pip/robocon/ROS2_training/dog_ros2_ws_with_pc/install/dog_msgs/lib:${LD_LIBRARY_PATH} PKG_CONFIG_PATH=/home/pip/robocon/ROS2_training/dog_ros2_ws_with_pc/install/dog_msgs/lib/x86_64-linux-gnu/pkgconfig:/home/pip/robocon/ROS2_training/dog_ros2_ws_with_pc/install/dog_msgs/lib/pkgconfig PYTHONPATH=/home/pip/robocon/ROS2_training/dog_ros2_ws_with_pc/install/dog_msgs/local/lib/python3.10/dist-packages:${PYTHONPATH} ROS_PACKAGE_PATH=/home/pip/robocon/ROS2_training/dog_ros2_ws_with_pc/install/dog_msgs/share /usr/bin/cmake --build /home/pip/robocon/ROS2_training/dog_ros2_ws_with_pc/build/node3_handle -- -j32 -l32
[5.792s] DEBUG:colcon.colcon_core.event_handler.log_command:Invoked command in '/home/pip/robocon/ROS2_training/dog_ros2_ws_with_pc/build/node3_handle' returned '0': CMAKE_PREFIX_PATH=/opt/ros/humble:/home/pip/robocon/ROS2_training/dog_ros2_ws_with_pc/install/dog_msgs LD_LIBRARY_PATH=/home/pip/robocon/ROS2_training/dog_ros2_ws_with_pc/install/dog_msgs/lib:${LD_LIBRARY_PATH} PKG_CONFIG_PATH=/home/pip/robocon/ROS2_training/dog_ros2_ws_with_pc/install/dog_msgs/lib/x86_64-linux-gnu/pkgconfig:/home/pip/robocon/ROS2_training/dog_ros2_ws_with_pc/install/dog_msgs/lib/pkgconfig PYTHONPATH=/home/pip/robocon/ROS2_training/dog_ros2_ws_with_pc/install/dog_msgs/local/lib/python3.10/dist-packages:${PYTHONPATH} ROS_PACKAGE_PATH=/home/pip/robocon/ROS2_training/dog_ros2_ws_with_pc/install/dog_msgs/share /usr/bin/cmake --build /home/pip/robocon/ROS2_training/dog_ros2_ws_with_pc/build/node3_handle -- -j32 -l32
[5.793s] DEBUG:colcon.colcon_core.event_handler.log_command:Invoking command in '/home/pip/robocon/ROS2_training/dog_ros2_ws_with_pc/build/node3_handle': CMAKE_PREFIX_PATH=/opt/ros/humble:/home/pip/robocon/ROS2_training/dog_ros2_ws_with_pc/install/dog_msgs LD_LIBRARY_PATH=/home/pip/robocon/ROS2_training/dog_ros2_ws_with_pc/install/dog_msgs/lib:${LD_LIBRARY_PATH} PKG_CONFIG_PATH=/home/pip/robocon/ROS2_training/dog_ros2_ws_with_pc/install/dog_msgs/lib/x86_64-linux-gnu/pkgconfig:/home/pip/robocon/ROS2_training/dog_ros2_ws_with_pc/install/dog_msgs/lib/pkgconfig PYTHONPATH=/home/pip/robocon/ROS2_training/dog_ros2_ws_with_pc/install/dog_msgs/local/lib/python3.10/dist-packages:${PYTHONPATH} ROS_PACKAGE_PATH=/home/pip/robocon/ROS2_training/dog_ros2_ws_with_pc/install/dog_msgs/share /usr/bin/cmake --install /home/pip/robocon/ROS2_training/dog_ros2_ws_with_pc/build/node3_handle
[5.900s] Level 1:colcon.colcon_core.environment:create_environment_scripts_only(node3_handle)
[5.900s] Level 1:colcon.colcon_core.environment:checking '/home/pip/robocon/ROS2_training/dog_ros2_ws_with_pc/install/node3_handle' for CMake module files
[5.901s] DEBUG:colcon.colcon_core.event_handler.log_command:Invoked command in '/home/pip/robocon/ROS2_training/dog_ros2_ws_with_pc/build/node3_handle' returned '0': CMAKE_PREFIX_PATH=/opt/ros/humble:/home/pip/robocon/ROS2_training/dog_ros2_ws_with_pc/install/dog_msgs LD_LIBRARY_PATH=/home/pip/robocon/ROS2_training/dog_ros2_ws_with_pc/install/dog_msgs/lib:${LD_LIBRARY_PATH} PKG_CONFIG_PATH=/home/pip/robocon/ROS2_training/dog_ros2_ws_with_pc/install/dog_msgs/lib/x86_64-linux-gnu/pkgconfig:/home/pip/robocon/ROS2_training/dog_ros2_ws_with_pc/install/dog_msgs/lib/pkgconfig PYTHONPATH=/home/pip/robocon/ROS2_training/dog_ros2_ws_with_pc/install/dog_msgs/local/lib/python3.10/dist-packages:${PYTHONPATH} ROS_PACKAGE_PATH=/home/pip/robocon/ROS2_training/dog_ros2_ws_with_pc/install/dog_msgs/share /usr/bin/cmake --install /home/pip/robocon/ROS2_training/dog_ros2_ws_with_pc/build/node3_handle
[5.901s] Level 1:colcon.colcon_core.environment:checking '/home/pip/robocon/ROS2_training/dog_ros2_ws_with_pc/install/node3_handle' for CMake config files
[5.901s] Level 1:colcon.colcon_core.shell:create_environment_hook('node3_handle', 'cmake_prefix_path')
[5.901s] INFO:colcon.colcon_core.shell:Creating environment hook '/home/pip/robocon/ROS2_training/dog_ros2_ws_with_pc/install/node3_handle/share/node3_handle/hook/cmake_prefix_path.ps1'
[5.901s] INFO:colcon.colcon_core.shell:Creating environment descriptor '/home/pip/robocon/ROS2_training/dog_ros2_ws_with_pc/install/node3_handle/share/node3_handle/hook/cmake_prefix_path.dsv'
[5.902s] INFO:colcon.colcon_core.shell:Creating environment hook '/home/pip/robocon/ROS2_training/dog_ros2_ws_with_pc/install/node3_handle/share/node3_handle/hook/cmake_prefix_path.sh'
[5.902s] Level 1:colcon.colcon_core.environment:checking '/home/pip/robocon/ROS2_training/dog_ros2_ws_with_pc/install/node3_handle/lib'
[5.902s] Level 1:colcon.colcon_core.environment:checking '/home/pip/robocon/ROS2_training/dog_ros2_ws_with_pc/install/node3_handle/bin'
[5.902s] Level 1:colcon.colcon_core.environment:checking '/home/pip/robocon/ROS2_training/dog_ros2_ws_with_pc/install/node3_handle/lib/pkgconfig/node3_handle.pc'
[5.902s] Level 1:colcon.colcon_core.environment:checking '/home/pip/robocon/ROS2_training/dog_ros2_ws_with_pc/install/node3_handle/lib/python3.10/site-packages'
[5.902s] Level 1:colcon.colcon_core.environment:checking '/home/pip/robocon/ROS2_training/dog_ros2_ws_with_pc/install/node3_handle/bin'
[5.902s] INFO:colcon.colcon_core.shell:Creating package script '/home/pip/robocon/ROS2_training/dog_ros2_ws_with_pc/install/node3_handle/share/node3_handle/package.ps1'
[5.903s] INFO:colcon.colcon_core.shell:Creating package descriptor '/home/pip/robocon/ROS2_training/dog_ros2_ws_with_pc/install/node3_handle/share/node3_handle/package.dsv'
[5.903s] INFO:colcon.colcon_core.shell:Creating package script '/home/pip/robocon/ROS2_training/dog_ros2_ws_with_pc/install/node3_handle/share/node3_handle/package.sh'
[5.903s] INFO:colcon.colcon_core.shell:Creating package script '/home/pip/robocon/ROS2_training/dog_ros2_ws_with_pc/install/node3_handle/share/node3_handle/package.bash'
[5.903s] INFO:colcon.colcon_core.shell:Creating package script '/home/pip/robocon/ROS2_training/dog_ros2_ws_with_pc/install/node3_handle/share/node3_handle/package.zsh'
[5.904s] Level 1:colcon.colcon_core.environment:create_file_with_runtime_dependencies(/home/pip/robocon/ROS2_training/dog_ros2_ws_with_pc/install/node3_handle/share/colcon-core/packages/node3_handle)
[5.904s] Level 1:colcon.colcon_core.environment:create_environment_scripts_only(node3_handle)
[5.904s] Level 1:colcon.colcon_core.environment:checking '/home/pip/robocon/ROS2_training/dog_ros2_ws_with_pc/install/node3_handle' for CMake module files
[5.904s] Level 1:colcon.colcon_core.environment:checking '/home/pip/robocon/ROS2_training/dog_ros2_ws_with_pc/install/node3_handle' for CMake config files
[5.905s] Level 1:colcon.colcon_core.shell:create_environment_hook('node3_handle', 'cmake_prefix_path')
[5.905s] INFO:colcon.colcon_core.shell:Creating environment hook '/home/pip/robocon/ROS2_training/dog_ros2_ws_with_pc/install/node3_handle/share/node3_handle/hook/cmake_prefix_path.ps1'
[5.905s] INFO:colcon.colcon_core.shell:Creating environment descriptor '/home/pip/robocon/ROS2_training/dog_ros2_ws_with_pc/install/node3_handle/share/node3_handle/hook/cmake_prefix_path.dsv'
[5.905s] INFO:colcon.colcon_core.shell:Creating environment hook '/home/pip/robocon/ROS2_training/dog_ros2_ws_with_pc/install/node3_handle/share/node3_handle/hook/cmake_prefix_path.sh'
[5.905s] Level 1:colcon.colcon_core.environment:checking '/home/pip/robocon/ROS2_training/dog_ros2_ws_with_pc/install/node3_handle/lib'
[5.905s] Level 1:colcon.colcon_core.environment:checking '/home/pip/robocon/ROS2_training/dog_ros2_ws_with_pc/install/node3_handle/bin'
[5.905s] Level 1:colcon.colcon_core.environment:checking '/home/pip/robocon/ROS2_training/dog_ros2_ws_with_pc/install/node3_handle/lib/pkgconfig/node3_handle.pc'
[5.906s] Level 1:colcon.colcon_core.environment:checking '/home/pip/robocon/ROS2_training/dog_ros2_ws_with_pc/install/node3_handle/lib/python3.10/site-packages'
[5.906s] Level 1:colcon.colcon_core.environment:checking '/home/pip/robocon/ROS2_training/dog_ros2_ws_with_pc/install/node3_handle/bin'
[5.906s] INFO:colcon.colcon_core.shell:Creating package script '/home/pip/robocon/ROS2_training/dog_ros2_ws_with_pc/install/node3_handle/share/node3_handle/package.ps1'
[5.906s] INFO:colcon.colcon_core.shell:Creating package descriptor '/home/pip/robocon/ROS2_training/dog_ros2_ws_with_pc/install/node3_handle/share/node3_handle/package.dsv'
[5.906s] INFO:colcon.colcon_core.shell:Creating package script '/home/pip/robocon/ROS2_training/dog_ros2_ws_with_pc/install/node3_handle/share/node3_handle/package.sh'
[5.907s] INFO:colcon.colcon_core.shell:Creating package script '/home/pip/robocon/ROS2_training/dog_ros2_ws_with_pc/install/node3_handle/share/node3_handle/package.bash'
[5.907s] INFO:colcon.colcon_core.shell:Creating package script '/home/pip/robocon/ROS2_training/dog_ros2_ws_with_pc/install/node3_handle/share/node3_handle/package.zsh'
[5.907s] Level 1:colcon.colcon_core.environment:create_file_with_runtime_dependencies(/home/pip/robocon/ROS2_training/dog_ros2_ws_with_pc/install/node3_handle/share/colcon-core/packages/node3_handle)
[10.816s] DEBUG:colcon.colcon_core.event_handler.log_command:Invoked command in '/home/pip/robocon/ROS2_training/dog_ros2_ws_with_pc/build/node1_controller' returned '0': CMAKE_PREFIX_PATH=/opt/ros/humble:/home/pip/robocon/ROS2_training/dog_ros2_ws_with_pc/install/dog_msgs LD_LIBRARY_PATH=/home/pip/robocon/ROS2_training/dog_ros2_ws_with_pc/install/dog_msgs/lib:${LD_LIBRARY_PATH} PKG_CONFIG_PATH=/home/pip/robocon/ROS2_training/dog_ros2_ws_with_pc/install/dog_msgs/lib/x86_64-linux-gnu/pkgconfig:/home/pip/robocon/ROS2_training/dog_ros2_ws_with_pc/install/dog_msgs/lib/pkgconfig PYTHONPATH=/home/pip/robocon/ROS2_training/dog_ros2_ws_with_pc/install/dog_msgs/local/lib/python3.10/dist-packages:${PYTHONPATH} ROS_PACKAGE_PATH=/home/pip/robocon/ROS2_training/dog_ros2_ws_with_pc/install/dog_msgs/share /usr/bin/cmake --build /home/pip/robocon/ROS2_training/dog_ros2_ws_with_pc/build/node1_controller -- -j32 -l32
[10.817s] DEBUG:colcon.colcon_core.event_handler.log_command:Invoking command in '/home/pip/robocon/ROS2_training/dog_ros2_ws_with_pc/build/node1_controller': CMAKE_PREFIX_PATH=/opt/ros/humble:/home/pip/robocon/ROS2_training/dog_ros2_ws_with_pc/install/dog_msgs LD_LIBRARY_PATH=/home/pip/robocon/ROS2_training/dog_ros2_ws_with_pc/install/dog_msgs/lib:${LD_LIBRARY_PATH} PKG_CONFIG_PATH=/home/pip/robocon/ROS2_training/dog_ros2_ws_with_pc/install/dog_msgs/lib/x86_64-linux-gnu/pkgconfig:/home/pip/robocon/ROS2_training/dog_ros2_ws_with_pc/install/dog_msgs/lib/pkgconfig PYTHONPATH=/home/pip/robocon/ROS2_training/dog_ros2_ws_with_pc/install/dog_msgs/local/lib/python3.10/dist-packages:${PYTHONPATH} ROS_PACKAGE_PATH=/home/pip/robocon/ROS2_training/dog_ros2_ws_with_pc/install/dog_msgs/share /usr/bin/cmake --install /home/pip/robocon/ROS2_training/dog_ros2_ws_with_pc/build/node1_controller
[10.915s] Level 1:colcon.colcon_core.environment:create_environment_scripts_only(node1_controller)
[10.915s] Level 1:colcon.colcon_core.environment:checking '/home/pip/robocon/ROS2_training/dog_ros2_ws_with_pc/install/node1_controller' for CMake module files
[10.915s] DEBUG:colcon.colcon_core.event_handler.log_command:Invoked command in '/home/pip/robocon/ROS2_training/dog_ros2_ws_with_pc/build/node1_controller' returned '0': CMAKE_PREFIX_PATH=/opt/ros/humble:/home/pip/robocon/ROS2_training/dog_ros2_ws_with_pc/install/dog_msgs LD_LIBRARY_PATH=/home/pip/robocon/ROS2_training/dog_ros2_ws_with_pc/install/dog_msgs/lib:${LD_LIBRARY_PATH} PKG_CONFIG_PATH=/home/pip/robocon/ROS2_training/dog_ros2_ws_with_pc/install/dog_msgs/lib/x86_64-linux-gnu/pkgconfig:/home/pip/robocon/ROS2_training/dog_ros2_ws_with_pc/install/dog_msgs/lib/pkgconfig PYTHONPATH=/home/pip/robocon/ROS2_training/dog_ros2_ws_with_pc/install/dog_msgs/local/lib/python3.10/dist-packages:${PYTHONPATH} ROS_PACKAGE_PATH=/home/pip/robocon/ROS2_training/dog_ros2_ws_with_pc/install/dog_msgs/share /usr/bin/cmake --install /home/pip/robocon/ROS2_training/dog_ros2_ws_with_pc/build/node1_controller
[10.916s] Level 1:colcon.colcon_core.environment:checking '/home/pip/robocon/ROS2_training/dog_ros2_ws_with_pc/install/node1_controller' for CMake config files
[10.916s] Level 1:colcon.colcon_core.shell:create_environment_hook('node1_controller', 'cmake_prefix_path')
[10.916s] INFO:colcon.colcon_core.shell:Creating environment hook '/home/pip/robocon/ROS2_training/dog_ros2_ws_with_pc/install/node1_controller/share/node1_controller/hook/cmake_prefix_path.ps1'
[10.916s] INFO:colcon.colcon_core.shell:Creating environment descriptor '/home/pip/robocon/ROS2_training/dog_ros2_ws_with_pc/install/node1_controller/share/node1_controller/hook/cmake_prefix_path.dsv'
[10.917s] INFO:colcon.colcon_core.shell:Creating environment hook '/home/pip/robocon/ROS2_training/dog_ros2_ws_with_pc/install/node1_controller/share/node1_controller/hook/cmake_prefix_path.sh'
[10.917s] Level 1:colcon.colcon_core.environment:checking '/home/pip/robocon/ROS2_training/dog_ros2_ws_with_pc/install/node1_controller/lib'
[10.917s] Level 1:colcon.colcon_core.environment:checking '/home/pip/robocon/ROS2_training/dog_ros2_ws_with_pc/install/node1_controller/bin'
[10.917s] Level 1:colcon.colcon_core.environment:checking '/home/pip/robocon/ROS2_training/dog_ros2_ws_with_pc/install/node1_controller/lib/pkgconfig/node1_controller.pc'
[10.917s] Level 1:colcon.colcon_core.environment:checking '/home/pip/robocon/ROS2_training/dog_ros2_ws_with_pc/install/node1_controller/lib/python3.10/site-packages'
[10.917s] Level 1:colcon.colcon_core.environment:checking '/home/pip/robocon/ROS2_training/dog_ros2_ws_with_pc/install/node1_controller/bin'
[10.917s] INFO:colcon.colcon_core.shell:Creating package script '/home/pip/robocon/ROS2_training/dog_ros2_ws_with_pc/install/node1_controller/share/node1_controller/package.ps1'
[10.918s] INFO:colcon.colcon_core.shell:Creating package descriptor '/home/pip/robocon/ROS2_training/dog_ros2_ws_with_pc/install/node1_controller/share/node1_controller/package.dsv'
[10.918s] INFO:colcon.colcon_core.shell:Creating package script '/home/pip/robocon/ROS2_training/dog_ros2_ws_with_pc/install/node1_controller/share/node1_controller/package.sh'
[10.918s] INFO:colcon.colcon_core.shell:Creating package script '/home/pip/robocon/ROS2_training/dog_ros2_ws_with_pc/install/node1_controller/share/node1_controller/package.bash'
[10.918s] INFO:colcon.colcon_core.shell:Creating package script '/home/pip/robocon/ROS2_training/dog_ros2_ws_with_pc/install/node1_controller/share/node1_controller/package.zsh'
[10.918s] Level 1:colcon.colcon_core.environment:create_file_with_runtime_dependencies(/home/pip/robocon/ROS2_training/dog_ros2_ws_with_pc/install/node1_controller/share/colcon-core/packages/node1_controller)
[10.919s] Level 1:colcon.colcon_core.environment:create_environment_scripts_only(node1_controller)
[10.919s] Level 1:colcon.colcon_core.environment:checking '/home/pip/robocon/ROS2_training/dog_ros2_ws_with_pc/install/node1_controller' for CMake module files
[10.919s] Level 1:colcon.colcon_core.environment:checking '/home/pip/robocon/ROS2_training/dog_ros2_ws_with_pc/install/node1_controller' for CMake config files
[10.919s] Level 1:colcon.colcon_core.shell:create_environment_hook('node1_controller', 'cmake_prefix_path')
[10.919s] INFO:colcon.colcon_core.shell:Creating environment hook '/home/pip/robocon/ROS2_training/dog_ros2_ws_with_pc/install/node1_controller/share/node1_controller/hook/cmake_prefix_path.ps1'
[10.919s] INFO:colcon.colcon_core.shell:Creating environment descriptor '/home/pip/robocon/ROS2_training/dog_ros2_ws_with_pc/install/node1_controller/share/node1_controller/hook/cmake_prefix_path.dsv'
[10.920s] INFO:colcon.colcon_core.shell:Creating environment hook '/home/pip/robocon/ROS2_training/dog_ros2_ws_with_pc/install/node1_controller/share/node1_controller/hook/cmake_prefix_path.sh'
[10.920s] Level 1:colcon.colcon_core.environment:checking '/home/pip/robocon/ROS2_training/dog_ros2_ws_with_pc/install/node1_controller/lib'
[10.920s] Level 1:colcon.colcon_core.environment:checking '/home/pip/robocon/ROS2_training/dog_ros2_ws_with_pc/install/node1_controller/bin'
[10.920s] Level 1:colcon.colcon_core.environment:checking '/home/pip/robocon/ROS2_training/dog_ros2_ws_with_pc/install/node1_controller/lib/pkgconfig/node1_controller.pc'
[10.920s] Level 1:colcon.colcon_core.environment:checking '/home/pip/robocon/ROS2_training/dog_ros2_ws_with_pc/install/node1_controller/lib/python3.10/site-packages'
[10.920s] Level 1:colcon.colcon_core.environment:checking '/home/pip/robocon/ROS2_training/dog_ros2_ws_with_pc/install/node1_controller/bin'
[10.920s] INFO:colcon.colcon_core.shell:Creating package script '/home/pip/robocon/ROS2_training/dog_ros2_ws_with_pc/install/node1_controller/share/node1_controller/package.ps1'
[10.921s] INFO:colcon.colcon_core.shell:Creating package descriptor '/home/pip/robocon/ROS2_training/dog_ros2_ws_with_pc/install/node1_controller/share/node1_controller/package.dsv'
[10.921s] INFO:colcon.colcon_core.shell:Creating package script '/home/pip/robocon/ROS2_training/dog_ros2_ws_with_pc/install/node1_controller/share/node1_controller/package.sh'
[10.921s] INFO:colcon.colcon_core.shell:Creating package script '/home/pip/robocon/ROS2_training/dog_ros2_ws_with_pc/install/node1_controller/share/node1_controller/package.bash'
[10.921s] INFO:colcon.colcon_core.shell:Creating package script '/home/pip/robocon/ROS2_training/dog_ros2_ws_with_pc/install/node1_controller/share/node1_controller/package.zsh'
[10.922s] Level 1:colcon.colcon_core.environment:create_file_with_runtime_dependencies(/home/pip/robocon/ROS2_training/dog_ros2_ws_with_pc/install/node1_controller/share/colcon-core/packages/node1_controller)
[10.922s] DEBUG:colcon.colcon_parallel_executor.executor.parallel:closing loop
[10.922s] DEBUG:colcon.colcon_parallel_executor.executor.parallel:loop closed
[10.922s] DEBUG:colcon.colcon_parallel_executor.executor.parallel:run_until_complete finished with '0'
[10.922s] DEBUG:colcon.colcon_core.event_reactor:joining thread
[10.925s] INFO:colcon.colcon_core.plugin_system:Skipping extension 'colcon_notification.desktop_notification.terminal_notifier': Not used on non-Darwin systems
[10.925s] INFO:colcon.colcon_core.plugin_system:Skipping extension 'colcon_notification.desktop_notification.win32': Not used on non-Windows systems
[10.926s] INFO:colcon.colcon_notification.desktop_notification:Sending desktop notification using 'notify2'
[10.934s] DEBUG:colcon.colcon_core.event_reactor:joined thread
[10.935s] INFO:colcon.colcon_core.shell:Creating prefix script '/home/pip/robocon/ROS2_training/dog_ros2_ws_with_pc/install/local_setup.ps1'
[10.935s] INFO:colcon.colcon_core.shell:Creating prefix util module '/home/pip/robocon/ROS2_training/dog_ros2_ws_with_pc/install/_local_setup_util_ps1.py'
[10.936s] INFO:colcon.colcon_core.shell:Creating prefix chain script '/home/pip/robocon/ROS2_training/dog_ros2_ws_with_pc/install/setup.ps1'
[10.936s] INFO:colcon.colcon_core.shell:Creating prefix script '/home/pip/robocon/ROS2_training/dog_ros2_ws_with_pc/install/local_setup.sh'
[10.937s] INFO:colcon.colcon_core.shell:Creating prefix util module '/home/pip/robocon/ROS2_training/dog_ros2_ws_with_pc/install/_local_setup_util_sh.py'
[10.937s] INFO:colcon.colcon_core.shell:Creating prefix chain script '/home/pip/robocon/ROS2_training/dog_ros2_ws_with_pc/install/setup.sh'
[10.938s] INFO:colcon.colcon_core.shell:Creating prefix script '/home/pip/robocon/ROS2_training/dog_ros2_ws_with_pc/install/local_setup.bash'
[10.938s] INFO:colcon.colcon_core.shell:Creating prefix chain script '/home/pip/robocon/ROS2_training/dog_ros2_ws_with_pc/install/setup.bash'
[10.938s] INFO:colcon.colcon_core.shell:Creating prefix script '/home/pip/robocon/ROS2_training/dog_ros2_ws_with_pc/install/local_setup.zsh'
[10.939s] INFO:colcon.colcon_core.shell:Creating prefix chain script '/home/pip/robocon/ROS2_training/dog_ros2_ws_with_pc/install/setup.zsh'
