[0.010s] Invoking command in '/home/pip/robocon/ROS2_training/dog_ros2_ws1/build/dog_msgs': /usr/bin/cmake /home/pip/robocon/ROS2_training/dog_ros2_ws1/src/dog_msgs -DCATKIN_INSTALL_INTO_PREFIX_ROOT=0 -DCATKIN_SYMLINK_INSTALL=ON -DCMAKE_INSTALL_PREFIX=/home/pip/robocon/ROS2_training/dog_ros2_ws1/install/dog_msgs
[0.065s] -- The C compiler identification is GNU 11.4.0
[0.112s] -- The CXX compiler identification is GNU 11.4.0
[0.118s] -- Detecting C compiler ABI info
[0.181s] -- Detecting C compiler ABI info - done
[0.187s] -- Check for working C compiler: /usr/bin/cc - skipped
[0.187s] -- Detecting C compile features
[0.187s] -- Detecting C compile features - done
[0.190s] -- Detecting CXX compiler ABI info
[0.260s] -- Detecting CXX compiler ABI info - done
[0.265s] -- Check for working CXX compiler: /usr/bin/c++ - skipped
[0.265s] -- Detecting CXX compile features
[0.266s] -- Detecting CXX compile features - done
[0.268s] -- Found ament_cmake: 1.3.14 (/opt/ros/humble/share/ament_cmake/cmake)
[0.390s] -- Found Python3: /usr/bin/python3 (found version "3.10.12") found components: Interpreter 
[0.462s] -- Found rosidl_default_generators: 1.2.1 (/opt/ros/humble/share/rosidl_default_generators/cmake)
[0.464s] -- Using all available rosidl_typesupport_c: rosidl_typesupport_fastrtps_c;rosidl_typesupport_introspection_c
[0.467s] -- Found rosidl_adapter: 3.1.9 (/opt/ros/humble/share/rosidl_adapter/cmake)
[0.489s] -- Using all available rosidl_typesupport_cpp: rosidl_typesupport_fastrtps_cpp;rosidl_typesupport_introspection_cpp
[0.676s] -- Found ament_cmake_ros: 0.10.1 (/opt/ros/humble/share/ament_cmake_ros/cmake)
[0.797s] -- Using all available rosidl_typesupport_c: rosidl_typesupport_fastrtps_c;rosidl_typesupport_introspection_c
[0.948s] -- Using all available rosidl_typesupport_cpp: rosidl_typesupport_fastrtps_cpp;rosidl_typesupport_introspection_cpp
[0.963s] -- Found PythonInterp: /usr/bin/python3 (found suitable version "3.10.12", minimum required is "3.6") 
[0.963s] -- Found python_cmake_module: 0.10.0 (/opt/ros/humble/share/python_cmake_module/cmake)
[0.980s] -- Found PythonLibs: /usr/lib/x86_64-linux-gnu/libpython3.10.so (found suitable version "3.10.12", minimum required is "3.5") 
[0.980s] -- Using PYTHON_EXECUTABLE: /usr/bin/python3
[0.981s] -- Using PYTHON_INCLUDE_DIRS: /usr/include/python3.10
[0.981s] -- Using PYTHON_LIBRARIES: /usr/lib/x86_64-linux-gnu/libpython3.10.so
[0.993s] -- Found PythonExtra: .so  
[1.054s] -- Configuring done
[1.077s] -- Generating done
[1.078s] [33mCMake Warning:
[1.078s]   Manually-specified variables were not used by the project:
[1.078s] 
[1.078s]     CATKIN_INSTALL_INTO_PREFIX_ROOT
[1.078s]     CATKIN_SYMLINK_INSTALL
[1.078s] 
[1.078s] [0m
[1.083s] -- Build files have been written to: /home/pip/robocon/ROS2_training/dog_ros2_ws1/build/dog_msgs
[1.090s] Invoked command in '/home/pip/robocon/ROS2_training/dog_ros2_ws1/build/dog_msgs' returned '0': /usr/bin/cmake /home/pip/robocon/ROS2_training/dog_ros2_ws1/src/dog_msgs -DCATKIN_INSTALL_INTO_PREFIX_ROOT=0 -DCATKIN_SYMLINK_INSTALL=ON -DCMAKE_INSTALL_PREFIX=/home/pip/robocon/ROS2_training/dog_ros2_ws1/install/dog_msgs
[1.091s] Invoking command in '/home/pip/robocon/ROS2_training/dog_ros2_ws1/build/dog_msgs': /usr/bin/cmake --build /home/pip/robocon/ROS2_training/dog_ros2_ws1/build/dog_msgs -- -j32 -l32
[1.121s] [  2%] [34m[1mGenerating C code for ROS interfaces[0m
[1.131s] [  4%] [34m[1mGenerating Rust code for ROS interfaces[0m
[1.132s] [  6%] [34m[1mGenerating C++ code for ROS interfaces[0m
[1.137s] [  6%] Built target ament_cmake_python_copy_dog_msgs
[1.275s] running egg_info
[1.276s] creating dog_msgs.egg-info
[1.276s] writing dog_msgs.egg-info/PKG-INFO
[1.276s] writing dependency_links to dog_msgs.egg-info/dependency_links.txt
[1.276s] writing top-level names to dog_msgs.egg-info/top_level.txt
[1.276s] writing manifest file 'dog_msgs.egg-info/SOURCES.txt'
[1.277s] reading manifest file 'dog_msgs.egg-info/SOURCES.txt'
[1.277s] writing manifest file 'dog_msgs.egg-info/SOURCES.txt'
[1.297s] [  6%] Built target ament_cmake_python_build_dog_msgs_egg
[1.297s] [  6%] Built target dog_msgs__rs
[1.366s] [  6%] Built target dog_msgs__cpp
[1.373s] [ 12%] [34m[1mGenerating C++ type support dispatch for ROS interfaces[0m
[1.373s] [ 12%] [32mBuilding C object CMakeFiles/dog_msgs__rosidl_generator_c.dir/rosidl_generator_c/dog_msgs/msg/detail/controller_command__functions.c.o[0m
[1.373s] [ 12%] [34m[1mGenerating C++ type support for eProsima Fast-RTPS[0m
[1.373s] [ 14%] [32mBuilding C object CMakeFiles/dog_msgs__rosidl_generator_c.dir/rosidl_generator_c/dog_msgs/srv/detail/handle_command__functions.c.o[0m
[1.374s] [ 18%] [34m[1mGenerating C++ introspection for ROS interfaces[0m
[1.374s] [ 18%] [32mBuilding C object CMakeFiles/dog_msgs__rosidl_generator_c.dir/rosidl_generator_c/dog_msgs/msg/detail/motor_state__functions.c.o[0m
[1.411s] [ 20%] [32m[1mLinking C shared library libdog_msgs__rosidl_generator_c.so[0m
[1.444s] [ 20%] Built target dog_msgs__rosidl_generator_c
[1.452s] [ 25%] [34m[1mGenerating C type support dispatch for ROS interfaces[0m
[1.452s] [ 25%] [34m[1mGenerating C type support for eProsima Fast-RTPS[0m
[1.453s] [ 27%] [34m[1mGenerating C introspection for ROS interfaces[0m
[1.533s] [ 29%] [32mBuilding CXX object CMakeFiles/dog_msgs__rosidl_typesupport_cpp.dir/rosidl_typesupport_cpp/dog_msgs/msg/controller_command__type_support.cpp.o[0m
[1.533s] [ 31%] [32mBuilding CXX object CMakeFiles/dog_msgs__rosidl_typesupport_cpp.dir/rosidl_typesupport_cpp/dog_msgs/msg/motor_state__type_support.cpp.o[0m
[1.533s] [ 33%] [32mBuilding CXX object CMakeFiles/dog_msgs__rosidl_typesupport_cpp.dir/rosidl_typesupport_cpp/dog_msgs/srv/handle_command__type_support.cpp.o[0m
[1.560s] [ 37%] [32mBuilding CXX object CMakeFiles/dog_msgs__rosidl_typesupport_introspection_cpp.dir/rosidl_typesupport_introspection_cpp/dog_msgs/msg/detail/controller_command__type_support.cpp.o[0m
[1.560s] [ 37%] [32mBuilding CXX object CMakeFiles/dog_msgs__rosidl_typesupport_introspection_cpp.dir/rosidl_typesupport_introspection_cpp/dog_msgs/srv/detail/handle_command__type_support.cpp.o[0m
[1.560s] [ 39%] [32mBuilding CXX object CMakeFiles/dog_msgs__rosidl_typesupport_introspection_cpp.dir/rosidl_typesupport_introspection_cpp/dog_msgs/msg/detail/motor_state__type_support.cpp.o[0m
[1.571s] [ 43%] [32mBuilding CXX object CMakeFiles/dog_msgs__rosidl_typesupport_fastrtps_cpp.dir/rosidl_typesupport_fastrtps_cpp/dog_msgs/msg/detail/dds_fastrtps/controller_command__type_support.cpp.o[0m
[1.571s] [ 43%] [32mBuilding CXX object CMakeFiles/dog_msgs__rosidl_typesupport_fastrtps_cpp.dir/rosidl_typesupport_fastrtps_cpp/dog_msgs/srv/detail/dds_fastrtps/handle_command__type_support.cpp.o[0m
[1.573s] [ 45%] [32mBuilding CXX object CMakeFiles/dog_msgs__rosidl_typesupport_fastrtps_cpp.dir/rosidl_typesupport_fastrtps_cpp/dog_msgs/msg/detail/dds_fastrtps/motor_state__type_support.cpp.o[0m
[1.645s] [ 47%] [32mBuilding CXX object CMakeFiles/dog_msgs__rosidl_typesupport_c.dir/rosidl_typesupport_c/dog_msgs/srv/handle_command__type_support.cpp.o[0m
[1.646s] [ 50%] [32mBuilding CXX object CMakeFiles/dog_msgs__rosidl_typesupport_c.dir/rosidl_typesupport_c/dog_msgs/msg/controller_command__type_support.cpp.o[0m
[1.646s] [ 52%] [32mBuilding CXX object CMakeFiles/dog_msgs__rosidl_typesupport_c.dir/rosidl_typesupport_c/dog_msgs/msg/motor_state__type_support.cpp.o[0m
[1.699s] [ 54%] [32m[1mLinking CXX shared library libdog_msgs__rosidl_typesupport_c.so[0m
[1.708s] [ 58%] [32mBuilding CXX object CMakeFiles/dog_msgs__rosidl_typesupport_fastrtps_c.dir/rosidl_typesupport_fastrtps_c/dog_msgs/msg/detail/controller_command__type_support_c.cpp.o[0m
[1.708s] [ 58%] [32mBuilding CXX object CMakeFiles/dog_msgs__rosidl_typesupport_fastrtps_c.dir/rosidl_typesupport_fastrtps_c/dog_msgs/srv/detail/handle_command__type_support_c.cpp.o[0m
[1.709s] [ 60%] [32mBuilding C object CMakeFiles/dog_msgs__rosidl_typesupport_introspection_c.dir/rosidl_typesupport_introspection_c/dog_msgs/srv/detail/handle_command__type_support.c.o[0m
[1.712s] [ 66%] [32mBuilding CXX object CMakeFiles/dog_msgs__rosidl_typesupport_fastrtps_c.dir/rosidl_typesupport_fastrtps_c/dog_msgs/msg/detail/motor_state__type_support_c.cpp.o[0m
[1.712s] [ 66%] [32mBuilding C object CMakeFiles/dog_msgs__rosidl_typesupport_introspection_c.dir/rosidl_typesupport_introspection_c/dog_msgs/msg/detail/motor_state__type_support.c.o[0m
[1.712s] [ 66%] [32mBuilding C object CMakeFiles/dog_msgs__rosidl_typesupport_introspection_c.dir/rosidl_typesupport_introspection_c/dog_msgs/msg/detail/controller_command__type_support.c.o[0m
[1.765s] [ 68%] [32m[1mLinking C shared library libdog_msgs__rosidl_typesupport_introspection_c.so[0m
[1.766s] [ 68%] Built target dog_msgs__rosidl_typesupport_c
[1.788s] [ 70%] [32m[1mLinking CXX shared library libdog_msgs__rosidl_typesupport_cpp.so[0m
[1.809s] [ 70%] Built target dog_msgs__rosidl_typesupport_introspection_c
[1.841s] [ 70%] Built target dog_msgs__rosidl_typesupport_cpp
[1.939s] [ 72%] [32m[1mLinking CXX shared library libdog_msgs__rosidl_typesupport_introspection_cpp.so[0m
[1.951s] [ 75%] [32m[1mLinking CXX shared library libdog_msgs__rosidl_typesupport_fastrtps_cpp.so[0m
[2.008s] [ 77%] [32m[1mLinking CXX shared library libdog_msgs__rosidl_typesupport_fastrtps_c.so[0m
[2.015s] [ 77%] Built target dog_msgs__rosidl_typesupport_introspection_cpp
[2.016s] [ 77%] Built target dog_msgs__rosidl_typesupport_fastrtps_cpp
[2.065s] [ 77%] Built target dog_msgs__rosidl_typesupport_fastrtps_c
[2.082s] [ 77%] Built target dog_msgs
[2.098s] [ 79%] [34m[1mGenerating Python code for ROS interfaces[0m
[2.371s] [ 79%] Built target dog_msgs__py
[2.384s] [ 81%] [32mBuilding C object CMakeFiles/dog_msgs__rosidl_generator_py.dir/rosidl_generator_py/dog_msgs/msg/_controller_command_s.c.o[0m
[2.385s] [ 83%] [32mBuilding C object CMakeFiles/dog_msgs__rosidl_generator_py.dir/rosidl_generator_py/dog_msgs/srv/_handle_command_s.c.o[0m
[2.386s] [ 85%] [32mBuilding C object CMakeFiles/dog_msgs__rosidl_generator_py.dir/rosidl_generator_py/dog_msgs/msg/_motor_state_s.c.o[0m
[2.455s] [ 87%] [32m[1mLinking C shared library rosidl_generator_py/dog_msgs/libdog_msgs__rosidl_generator_py.so[0m
[2.483s] [ 87%] Built target dog_msgs__rosidl_generator_py
[2.498s] [ 89%] [32mBuilding C object CMakeFiles/dog_msgs__rosidl_typesupport_introspection_c__pyext.dir/rosidl_generator_py/dog_msgs/_dog_msgs_s.ep.rosidl_typesupport_introspection_c.c.o[0m
[2.500s] [ 91%] [32mBuilding C object CMakeFiles/dog_msgs__rosidl_typesupport_fastrtps_c__pyext.dir/rosidl_generator_py/dog_msgs/_dog_msgs_s.ep.rosidl_typesupport_fastrtps_c.c.o[0m
[2.500s] [ 93%] [32mBuilding C object CMakeFiles/dog_msgs__rosidl_typesupport_c__pyext.dir/rosidl_generator_py/dog_msgs/_dog_msgs_s.ep.rosidl_typesupport_c.c.o[0m
[2.560s] [ 97%] [32m[1mLinking C shared library rosidl_generator_py/dog_msgs/dog_msgs_s__rosidl_typesupport_c.cpython-310-x86_64-linux-gnu.so[0m
[2.560s] [ 97%] [32m[1mLinking C shared library rosidl_generator_py/dog_msgs/dog_msgs_s__rosidl_typesupport_introspection_c.cpython-310-x86_64-linux-gnu.so[0m
[2.567s] [100%] [32m[1mLinking C shared library rosidl_generator_py/dog_msgs/dog_msgs_s__rosidl_typesupport_fastrtps_c.cpython-310-x86_64-linux-gnu.so[0m
[2.584s] [100%] Built target dog_msgs__rosidl_typesupport_introspection_c__pyext
[2.585s] [100%] Built target dog_msgs__rosidl_typesupport_c__pyext
[2.593s] [100%] Built target dog_msgs__rosidl_typesupport_fastrtps_c__pyext
[2.602s] Invoked command in '/home/pip/robocon/ROS2_training/dog_ros2_ws1/build/dog_msgs' returned '0': /usr/bin/cmake --build /home/pip/robocon/ROS2_training/dog_ros2_ws1/build/dog_msgs -- -j32 -l32
[2.609s] Invoking command in '/home/pip/robocon/ROS2_training/dog_ros2_ws1/build/dog_msgs': /usr/bin/cmake --install /home/pip/robocon/ROS2_training/dog_ros2_ws1/build/dog_msgs
[2.615s] -- Install configuration: ""
[2.615s] -- Installing: /home/pip/robocon/ROS2_training/dog_ros2_ws1/install/dog_msgs/share/ament_index/resource_index/rosidl_interfaces/dog_msgs
[2.615s] -- Installing: /home/pip/robocon/ROS2_training/dog_ros2_ws1/install/dog_msgs/include/dog_msgs/dog_msgs
[2.615s] -- Installing: /home/pip/robocon/ROS2_training/dog_ros2_ws1/install/dog_msgs/include/dog_msgs/dog_msgs/msg
[2.615s] -- Installing: /home/pip/robocon/ROS2_training/dog_ros2_ws1/install/dog_msgs/include/dog_msgs/dog_msgs/msg/motor_state.h
[2.615s] -- Installing: /home/pip/robocon/ROS2_training/dog_ros2_ws1/install/dog_msgs/include/dog_msgs/dog_msgs/msg/rosidl_generator_c__visibility_control.h
[2.615s] -- Installing: /home/pip/robocon/ROS2_training/dog_ros2_ws1/install/dog_msgs/include/dog_msgs/dog_msgs/msg/controller_command.h
[2.615s] -- Installing: /home/pip/robocon/ROS2_training/dog_ros2_ws1/install/dog_msgs/include/dog_msgs/dog_msgs/msg/detail
[2.615s] -- Installing: /home/pip/robocon/ROS2_training/dog_ros2_ws1/install/dog_msgs/include/dog_msgs/dog_msgs/msg/detail/controller_command__functions.h
[2.615s] -- Installing: /home/pip/robocon/ROS2_training/dog_ros2_ws1/install/dog_msgs/include/dog_msgs/dog_msgs/msg/detail/motor_state__functions.h
[2.616s] -- Installing: /home/pip/robocon/ROS2_training/dog_ros2_ws1/install/dog_msgs/include/dog_msgs/dog_msgs/msg/detail/controller_command__struct.h
[2.616s] -- Installing: /home/pip/robocon/ROS2_training/dog_ros2_ws1/install/dog_msgs/include/dog_msgs/dog_msgs/msg/detail/motor_state__struct.h
[2.616s] -- Installing: /home/pip/robocon/ROS2_training/dog_ros2_ws1/install/dog_msgs/include/dog_msgs/dog_msgs/msg/detail/controller_command__functions.c
[2.616s] -- Installing: /home/pip/robocon/ROS2_training/dog_ros2_ws1/install/dog_msgs/include/dog_msgs/dog_msgs/msg/detail/motor_state__type_support.h
[2.616s] -- Installing: /home/pip/robocon/ROS2_training/dog_ros2_ws1/install/dog_msgs/include/dog_msgs/dog_msgs/msg/detail/motor_state__functions.c
[2.616s] -- Installing: /home/pip/robocon/ROS2_training/dog_ros2_ws1/install/dog_msgs/include/dog_msgs/dog_msgs/msg/detail/controller_command__type_support.h
[2.616s] -- Installing: /home/pip/robocon/ROS2_training/dog_ros2_ws1/install/dog_msgs/include/dog_msgs/dog_msgs/srv
[2.616s] -- Installing: /home/pip/robocon/ROS2_training/dog_ros2_ws1/install/dog_msgs/include/dog_msgs/dog_msgs/srv/handle_command.h
[2.616s] -- Installing: /home/pip/robocon/ROS2_training/dog_ros2_ws1/install/dog_msgs/include/dog_msgs/dog_msgs/srv/detail
[2.616s] -- Installing: /home/pip/robocon/ROS2_training/dog_ros2_ws1/install/dog_msgs/include/dog_msgs/dog_msgs/srv/detail/handle_command__functions.c
[2.616s] -- Installing: /home/pip/robocon/ROS2_training/dog_ros2_ws1/install/dog_msgs/include/dog_msgs/dog_msgs/srv/detail/handle_command__functions.h
[2.616s] -- Installing: /home/pip/robocon/ROS2_training/dog_ros2_ws1/install/dog_msgs/include/dog_msgs/dog_msgs/srv/detail/handle_command__struct.h
[2.617s] -- Installing: /home/pip/robocon/ROS2_training/dog_ros2_ws1/install/dog_msgs/include/dog_msgs/dog_msgs/srv/detail/handle_command__type_support.h
[2.617s] -- Installing: /home/pip/robocon/ROS2_training/dog_ros2_ws1/install/dog_msgs/share/dog_msgs/environment/library_path.sh
[2.617s] -- Installing: /home/pip/robocon/ROS2_training/dog_ros2_ws1/install/dog_msgs/share/dog_msgs/environment/library_path.dsv
[2.617s] -- Installing: /home/pip/robocon/ROS2_training/dog_ros2_ws1/install/dog_msgs/lib/libdog_msgs__rosidl_generator_c.so
[2.617s] -- Set runtime path of "/home/pip/robocon/ROS2_training/dog_ros2_ws1/install/dog_msgs/lib/libdog_msgs__rosidl_generator_c.so" to ""
[2.617s] -- Up-to-date: /home/pip/robocon/ROS2_training/dog_ros2_ws1/install/dog_msgs/include/dog_msgs/dog_msgs
[2.617s] -- Up-to-date: /home/pip/robocon/ROS2_training/dog_ros2_ws1/install/dog_msgs/include/dog_msgs/dog_msgs/msg
[2.617s] -- Installing: /home/pip/robocon/ROS2_training/dog_ros2_ws1/install/dog_msgs/include/dog_msgs/dog_msgs/msg/rosidl_typesupport_fastrtps_c__visibility_control.h
[2.617s] -- Up-to-date: /home/pip/robocon/ROS2_training/dog_ros2_ws1/install/dog_msgs/include/dog_msgs/dog_msgs/msg/detail
[2.617s] -- Installing: /home/pip/robocon/ROS2_training/dog_ros2_ws1/install/dog_msgs/include/dog_msgs/dog_msgs/msg/detail/motor_state__rosidl_typesupport_fastrtps_c.h
[2.618s] -- Installing: /home/pip/robocon/ROS2_training/dog_ros2_ws1/install/dog_msgs/include/dog_msgs/dog_msgs/msg/detail/controller_command__rosidl_typesupport_fastrtps_c.h
[2.618s] -- Up-to-date: /home/pip/robocon/ROS2_training/dog_ros2_ws1/install/dog_msgs/include/dog_msgs/dog_msgs/srv
[2.618s] -- Up-to-date: /home/pip/robocon/ROS2_training/dog_ros2_ws1/install/dog_msgs/include/dog_msgs/dog_msgs/srv/detail
[2.618s] -- Installing: /home/pip/robocon/ROS2_training/dog_ros2_ws1/install/dog_msgs/include/dog_msgs/dog_msgs/srv/detail/handle_command__rosidl_typesupport_fastrtps_c.h
[2.618s] -- Installing: /home/pip/robocon/ROS2_training/dog_ros2_ws1/install/dog_msgs/lib/libdog_msgs__rosidl_typesupport_fastrtps_c.so
[2.618s] -- Set runtime path of "/home/pip/robocon/ROS2_training/dog_ros2_ws1/install/dog_msgs/lib/libdog_msgs__rosidl_typesupport_fastrtps_c.so" to ""
[2.618s] -- Up-to-date: /home/pip/robocon/ROS2_training/dog_ros2_ws1/install/dog_msgs/include/dog_msgs/dog_msgs
[2.618s] -- Up-to-date: /home/pip/robocon/ROS2_training/dog_ros2_ws1/install/dog_msgs/include/dog_msgs/dog_msgs/msg
[2.618s] -- Installing: /home/pip/robocon/ROS2_training/dog_ros2_ws1/install/dog_msgs/include/dog_msgs/dog_msgs/msg/rosidl_typesupport_introspection_c__visibility_control.h
[2.618s] -- Up-to-date: /home/pip/robocon/ROS2_training/dog_ros2_ws1/install/dog_msgs/include/dog_msgs/dog_msgs/msg/detail
[2.618s] -- Installing: /home/pip/robocon/ROS2_training/dog_ros2_ws1/install/dog_msgs/include/dog_msgs/dog_msgs/msg/detail/controller_command__type_support.c
[2.618s] -- Installing: /home/pip/robocon/ROS2_training/dog_ros2_ws1/install/dog_msgs/include/dog_msgs/dog_msgs/msg/detail/motor_state__rosidl_typesupport_introspection_c.h
[2.618s] -- Installing: /home/pip/robocon/ROS2_training/dog_ros2_ws1/install/dog_msgs/include/dog_msgs/dog_msgs/msg/detail/controller_command__rosidl_typesupport_introspection_c.h
[2.619s] -- Installing: /home/pip/robocon/ROS2_training/dog_ros2_ws1/install/dog_msgs/include/dog_msgs/dog_msgs/msg/detail/motor_state__type_support.c
[2.619s] -- Up-to-date: /home/pip/robocon/ROS2_training/dog_ros2_ws1/install/dog_msgs/include/dog_msgs/dog_msgs/srv
[2.619s] -- Up-to-date: /home/pip/robocon/ROS2_training/dog_ros2_ws1/install/dog_msgs/include/dog_msgs/dog_msgs/srv/detail
[2.619s] -- Installing: /home/pip/robocon/ROS2_training/dog_ros2_ws1/install/dog_msgs/include/dog_msgs/dog_msgs/srv/detail/handle_command__type_support.c
[2.619s] -- Installing: /home/pip/robocon/ROS2_training/dog_ros2_ws1/install/dog_msgs/include/dog_msgs/dog_msgs/srv/detail/handle_command__rosidl_typesupport_introspection_c.h
[2.619s] -- Installing: /home/pip/robocon/ROS2_training/dog_ros2_ws1/install/dog_msgs/lib/libdog_msgs__rosidl_typesupport_introspection_c.so
[2.619s] -- Set runtime path of "/home/pip/robocon/ROS2_training/dog_ros2_ws1/install/dog_msgs/lib/libdog_msgs__rosidl_typesupport_introspection_c.so" to ""
[2.619s] -- Installing: /home/pip/robocon/ROS2_training/dog_ros2_ws1/install/dog_msgs/lib/libdog_msgs__rosidl_typesupport_c.so
[2.620s] -- Set runtime path of "/home/pip/robocon/ROS2_training/dog_ros2_ws1/install/dog_msgs/lib/libdog_msgs__rosidl_typesupport_c.so" to ""
[2.620s] -- Up-to-date: /home/pip/robocon/ROS2_training/dog_ros2_ws1/install/dog_msgs/include/dog_msgs/dog_msgs
[2.620s] -- Up-to-date: /home/pip/robocon/ROS2_training/dog_ros2_ws1/install/dog_msgs/include/dog_msgs/dog_msgs/msg
[2.620s] -- Installing: /home/pip/robocon/ROS2_training/dog_ros2_ws1/install/dog_msgs/include/dog_msgs/dog_msgs/msg/rosidl_generator_cpp__visibility_control.hpp
[2.620s] -- Installing: /home/pip/robocon/ROS2_training/dog_ros2_ws1/install/dog_msgs/include/dog_msgs/dog_msgs/msg/motor_state.hpp
[2.620s] -- Installing: /home/pip/robocon/ROS2_training/dog_ros2_ws1/install/dog_msgs/include/dog_msgs/dog_msgs/msg/controller_command.hpp
[2.620s] -- Up-to-date: /home/pip/robocon/ROS2_training/dog_ros2_ws1/install/dog_msgs/include/dog_msgs/dog_msgs/msg/detail
[2.620s] -- Installing: /home/pip/robocon/ROS2_training/dog_ros2_ws1/install/dog_msgs/include/dog_msgs/dog_msgs/msg/detail/controller_command__builder.hpp
[2.620s] -- Installing: /home/pip/robocon/ROS2_training/dog_ros2_ws1/install/dog_msgs/include/dog_msgs/dog_msgs/msg/detail/controller_command__struct.hpp
[2.620s] -- Installing: /home/pip/robocon/ROS2_training/dog_ros2_ws1/install/dog_msgs/include/dog_msgs/dog_msgs/msg/detail/motor_state__builder.hpp
[2.620s] -- Installing: /home/pip/robocon/ROS2_training/dog_ros2_ws1/install/dog_msgs/include/dog_msgs/dog_msgs/msg/detail/controller_command__type_support.hpp
[2.620s] -- Installing: /home/pip/robocon/ROS2_training/dog_ros2_ws1/install/dog_msgs/include/dog_msgs/dog_msgs/msg/detail/motor_state__type_support.hpp
[2.620s] -- Installing: /home/pip/robocon/ROS2_training/dog_ros2_ws1/install/dog_msgs/include/dog_msgs/dog_msgs/msg/detail/motor_state__struct.hpp
[2.620s] -- Installing: /home/pip/robocon/ROS2_training/dog_ros2_ws1/install/dog_msgs/include/dog_msgs/dog_msgs/msg/detail/controller_command__traits.hpp
[2.621s] -- Installing: /home/pip/robocon/ROS2_training/dog_ros2_ws1/install/dog_msgs/include/dog_msgs/dog_msgs/msg/detail/motor_state__traits.hpp
[2.621s] -- Up-to-date: /home/pip/robocon/ROS2_training/dog_ros2_ws1/install/dog_msgs/include/dog_msgs/dog_msgs/srv
[2.621s] -- Installing: /home/pip/robocon/ROS2_training/dog_ros2_ws1/install/dog_msgs/include/dog_msgs/dog_msgs/srv/handle_command.hpp
[2.621s] -- Up-to-date: /home/pip/robocon/ROS2_training/dog_ros2_ws1/install/dog_msgs/include/dog_msgs/dog_msgs/srv/detail
[2.621s] -- Installing: /home/pip/robocon/ROS2_training/dog_ros2_ws1/install/dog_msgs/include/dog_msgs/dog_msgs/srv/detail/handle_command__struct.hpp
[2.621s] -- Installing: /home/pip/robocon/ROS2_training/dog_ros2_ws1/install/dog_msgs/include/dog_msgs/dog_msgs/srv/detail/handle_command__builder.hpp
[2.621s] -- Installing: /home/pip/robocon/ROS2_training/dog_ros2_ws1/install/dog_msgs/include/dog_msgs/dog_msgs/srv/detail/handle_command__type_support.hpp
[2.621s] -- Installing: /home/pip/robocon/ROS2_training/dog_ros2_ws1/install/dog_msgs/include/dog_msgs/dog_msgs/srv/detail/handle_command__traits.hpp
[2.621s] -- Up-to-date: /home/pip/robocon/ROS2_training/dog_ros2_ws1/install/dog_msgs/include/dog_msgs/dog_msgs
[2.621s] -- Up-to-date: /home/pip/robocon/ROS2_training/dog_ros2_ws1/install/dog_msgs/include/dog_msgs/dog_msgs/msg
[2.621s] -- Installing: /home/pip/robocon/ROS2_training/dog_ros2_ws1/install/dog_msgs/include/dog_msgs/dog_msgs/msg/rosidl_typesupport_fastrtps_cpp__visibility_control.h
[2.621s] -- Up-to-date: /home/pip/robocon/ROS2_training/dog_ros2_ws1/install/dog_msgs/include/dog_msgs/dog_msgs/msg/detail
[2.621s] -- Installing: /home/pip/robocon/ROS2_training/dog_ros2_ws1/install/dog_msgs/include/dog_msgs/dog_msgs/msg/detail/motor_state__rosidl_typesupport_fastrtps_cpp.hpp
[2.621s] -- Installing: /home/pip/robocon/ROS2_training/dog_ros2_ws1/install/dog_msgs/include/dog_msgs/dog_msgs/msg/detail/controller_command__rosidl_typesupport_fastrtps_cpp.hpp
[2.621s] -- Installing: /home/pip/robocon/ROS2_training/dog_ros2_ws1/install/dog_msgs/include/dog_msgs/dog_msgs/msg/detail/dds_fastrtps
[2.622s] -- Up-to-date: /home/pip/robocon/ROS2_training/dog_ros2_ws1/install/dog_msgs/include/dog_msgs/dog_msgs/srv
[2.622s] -- Up-to-date: /home/pip/robocon/ROS2_training/dog_ros2_ws1/install/dog_msgs/include/dog_msgs/dog_msgs/srv/detail
[2.622s] -- Installing: /home/pip/robocon/ROS2_training/dog_ros2_ws1/install/dog_msgs/include/dog_msgs/dog_msgs/srv/detail/handle_command__rosidl_typesupport_fastrtps_cpp.hpp
[2.622s] -- Installing: /home/pip/robocon/ROS2_training/dog_ros2_ws1/install/dog_msgs/include/dog_msgs/dog_msgs/srv/detail/dds_fastrtps
[2.622s] -- Installing: /home/pip/robocon/ROS2_training/dog_ros2_ws1/install/dog_msgs/lib/libdog_msgs__rosidl_typesupport_fastrtps_cpp.so
[2.622s] -- Set runtime path of "/home/pip/robocon/ROS2_training/dog_ros2_ws1/install/dog_msgs/lib/libdog_msgs__rosidl_typesupport_fastrtps_cpp.so" to ""
[2.622s] -- Up-to-date: /home/pip/robocon/ROS2_training/dog_ros2_ws1/install/dog_msgs/include/dog_msgs/dog_msgs
[2.622s] -- Up-to-date: /home/pip/robocon/ROS2_training/dog_ros2_ws1/install/dog_msgs/include/dog_msgs/dog_msgs/msg
[2.622s] -- Up-to-date: /home/pip/robocon/ROS2_training/dog_ros2_ws1/install/dog_msgs/include/dog_msgs/dog_msgs/msg/detail
[2.622s] -- Installing: /home/pip/robocon/ROS2_training/dog_ros2_ws1/install/dog_msgs/include/dog_msgs/dog_msgs/msg/detail/controller_command__rosidl_typesupport_introspection_cpp.hpp
[2.622s] -- Installing: /home/pip/robocon/ROS2_training/dog_ros2_ws1/install/dog_msgs/include/dog_msgs/dog_msgs/msg/detail/motor_state__rosidl_typesupport_introspection_cpp.hpp
[2.622s] -- Installing: /home/pip/robocon/ROS2_training/dog_ros2_ws1/install/dog_msgs/include/dog_msgs/dog_msgs/msg/detail/motor_state__type_support.cpp
[2.623s] -- Installing: /home/pip/robocon/ROS2_training/dog_ros2_ws1/install/dog_msgs/include/dog_msgs/dog_msgs/msg/detail/controller_command__type_support.cpp
[2.623s] -- Up-to-date: /home/pip/robocon/ROS2_training/dog_ros2_ws1/install/dog_msgs/include/dog_msgs/dog_msgs/srv
[2.623s] -- Up-to-date: /home/pip/robocon/ROS2_training/dog_ros2_ws1/install/dog_msgs/include/dog_msgs/dog_msgs/srv/detail
[2.623s] -- Installing: /home/pip/robocon/ROS2_training/dog_ros2_ws1/install/dog_msgs/include/dog_msgs/dog_msgs/srv/detail/handle_command__rosidl_typesupport_introspection_cpp.hpp
[2.623s] -- Installing: /home/pip/robocon/ROS2_training/dog_ros2_ws1/install/dog_msgs/include/dog_msgs/dog_msgs/srv/detail/handle_command__type_support.cpp
[2.623s] -- Installing: /home/pip/robocon/ROS2_training/dog_ros2_ws1/install/dog_msgs/lib/libdog_msgs__rosidl_typesupport_introspection_cpp.so
[2.623s] -- Set runtime path of "/home/pip/robocon/ROS2_training/dog_ros2_ws1/install/dog_msgs/lib/libdog_msgs__rosidl_typesupport_introspection_cpp.so" to ""
[2.623s] -- Installing: /home/pip/robocon/ROS2_training/dog_ros2_ws1/install/dog_msgs/lib/libdog_msgs__rosidl_typesupport_cpp.so
[2.624s] -- Set runtime path of "/home/pip/robocon/ROS2_training/dog_ros2_ws1/install/dog_msgs/lib/libdog_msgs__rosidl_typesupport_cpp.so" to ""
[2.624s] -- Installing: /home/pip/robocon/ROS2_training/dog_ros2_ws1/install/dog_msgs/share/dog_msgs/environment/pythonpath.sh
[2.624s] -- Installing: /home/pip/robocon/ROS2_training/dog_ros2_ws1/install/dog_msgs/share/dog_msgs/environment/pythonpath.dsv
[2.624s] -- Installing: /home/pip/robocon/ROS2_training/dog_ros2_ws1/install/dog_msgs/local/lib/python3.10/dist-packages/dog_msgs-0.0.0-py3.10.egg-info
[2.624s] -- Installing: /home/pip/robocon/ROS2_training/dog_ros2_ws1/install/dog_msgs/local/lib/python3.10/dist-packages/dog_msgs-0.0.0-py3.10.egg-info/dependency_links.txt
[2.624s] -- Installing: /home/pip/robocon/ROS2_training/dog_ros2_ws1/install/dog_msgs/local/lib/python3.10/dist-packages/dog_msgs-0.0.0-py3.10.egg-info/SOURCES.txt
[2.624s] -- Installing: /home/pip/robocon/ROS2_training/dog_ros2_ws1/install/dog_msgs/local/lib/python3.10/dist-packages/dog_msgs-0.0.0-py3.10.egg-info/PKG-INFO
[2.624s] -- Installing: /home/pip/robocon/ROS2_training/dog_ros2_ws1/install/dog_msgs/local/lib/python3.10/dist-packages/dog_msgs-0.0.0-py3.10.egg-info/top_level.txt
[2.624s] -- Installing: /home/pip/robocon/ROS2_training/dog_ros2_ws1/install/dog_msgs/local/lib/python3.10/dist-packages/dog_msgs
[2.625s] -- Installing: /home/pip/robocon/ROS2_training/dog_ros2_ws1/install/dog_msgs/local/lib/python3.10/dist-packages/dog_msgs/msg
[2.625s] -- Installing: /home/pip/robocon/ROS2_training/dog_ros2_ws1/install/dog_msgs/local/lib/python3.10/dist-packages/dog_msgs/msg/_controller_command.py
[2.625s] -- Installing: /home/pip/robocon/ROS2_training/dog_ros2_ws1/install/dog_msgs/local/lib/python3.10/dist-packages/dog_msgs/msg/__init__.py
[2.625s] -- Installing: /home/pip/robocon/ROS2_training/dog_ros2_ws1/install/dog_msgs/local/lib/python3.10/dist-packages/dog_msgs/msg/_controller_command_s.c
[2.625s] -- Installing: /home/pip/robocon/ROS2_training/dog_ros2_ws1/install/dog_msgs/local/lib/python3.10/dist-packages/dog_msgs/msg/_motor_state.py
[2.625s] -- Installing: /home/pip/robocon/ROS2_training/dog_ros2_ws1/install/dog_msgs/local/lib/python3.10/dist-packages/dog_msgs/msg/_motor_state_s.c
[2.625s] -- Installing: /home/pip/robocon/ROS2_training/dog_ros2_ws1/install/dog_msgs/local/lib/python3.10/dist-packages/dog_msgs/_dog_msgs_s.ep.rosidl_typesupport_c.c
[2.625s] -- Installing: /home/pip/robocon/ROS2_training/dog_ros2_ws1/install/dog_msgs/local/lib/python3.10/dist-packages/dog_msgs/_dog_msgs_s.ep.rosidl_typesupport_introspection_c.c
[2.625s] -- Installing: /home/pip/robocon/ROS2_training/dog_ros2_ws1/install/dog_msgs/local/lib/python3.10/dist-packages/dog_msgs/__init__.py
[2.626s] -- Installing: /home/pip/robocon/ROS2_training/dog_ros2_ws1/install/dog_msgs/local/lib/python3.10/dist-packages/dog_msgs/dog_msgs_s__rosidl_typesupport_introspection_c.cpython-310-x86_64-linux-gnu.so
[2.626s] -- Installing: /home/pip/robocon/ROS2_training/dog_ros2_ws1/install/dog_msgs/local/lib/python3.10/dist-packages/dog_msgs/srv
[2.626s] -- Installing: /home/pip/robocon/ROS2_training/dog_ros2_ws1/install/dog_msgs/local/lib/python3.10/dist-packages/dog_msgs/srv/_handle_command.py
[2.626s] -- Installing: /home/pip/robocon/ROS2_training/dog_ros2_ws1/install/dog_msgs/local/lib/python3.10/dist-packages/dog_msgs/srv/__init__.py
[2.626s] -- Installing: /home/pip/robocon/ROS2_training/dog_ros2_ws1/install/dog_msgs/local/lib/python3.10/dist-packages/dog_msgs/srv/_handle_command_s.c
[2.626s] -- Installing: /home/pip/robocon/ROS2_training/dog_ros2_ws1/install/dog_msgs/local/lib/python3.10/dist-packages/dog_msgs/dog_msgs_s__rosidl_typesupport_c.cpython-310-x86_64-linux-gnu.so
[2.626s] -- Installing: /home/pip/robocon/ROS2_training/dog_ros2_ws1/install/dog_msgs/local/lib/python3.10/dist-packages/dog_msgs/dog_msgs_s__rosidl_typesupport_fastrtps_c.cpython-310-x86_64-linux-gnu.so
[2.626s] -- Installing: /home/pip/robocon/ROS2_training/dog_ros2_ws1/install/dog_msgs/local/lib/python3.10/dist-packages/dog_msgs/_dog_msgs_s.ep.rosidl_typesupport_fastrtps_c.c
[2.626s] -- Installing: /home/pip/robocon/ROS2_training/dog_ros2_ws1/install/dog_msgs/local/lib/python3.10/dist-packages/dog_msgs/libdog_msgs__rosidl_generator_py.so
[2.650s] Listing '/home/pip/robocon/ROS2_training/dog_ros2_ws1/install/dog_msgs/local/lib/python3.10/dist-packages/dog_msgs'...
[2.650s] Compiling '/home/pip/robocon/ROS2_training/dog_ros2_ws1/install/dog_msgs/local/lib/python3.10/dist-packages/dog_msgs/__init__.py'...
[2.650s] Listing '/home/pip/robocon/ROS2_training/dog_ros2_ws1/install/dog_msgs/local/lib/python3.10/dist-packages/dog_msgs/msg'...
[2.650s] Compiling '/home/pip/robocon/ROS2_training/dog_ros2_ws1/install/dog_msgs/local/lib/python3.10/dist-packages/dog_msgs/msg/__init__.py'...
[2.650s] Compiling '/home/pip/robocon/ROS2_training/dog_ros2_ws1/install/dog_msgs/local/lib/python3.10/dist-packages/dog_msgs/msg/_controller_command.py'...
[2.650s] Compiling '/home/pip/robocon/ROS2_training/dog_ros2_ws1/install/dog_msgs/local/lib/python3.10/dist-packages/dog_msgs/msg/_motor_state.py'...
[2.650s] Listing '/home/pip/robocon/ROS2_training/dog_ros2_ws1/install/dog_msgs/local/lib/python3.10/dist-packages/dog_msgs/srv'...
[2.650s] Compiling '/home/pip/robocon/ROS2_training/dog_ros2_ws1/install/dog_msgs/local/lib/python3.10/dist-packages/dog_msgs/srv/__init__.py'...
[2.650s] Compiling '/home/pip/robocon/ROS2_training/dog_ros2_ws1/install/dog_msgs/local/lib/python3.10/dist-packages/dog_msgs/srv/_handle_command.py'...
[2.654s] -- Installing: /home/pip/robocon/ROS2_training/dog_ros2_ws1/install/dog_msgs/local/lib/python3.10/dist-packages/dog_msgs/dog_msgs_s__rosidl_typesupport_fastrtps_c.cpython-310-x86_64-linux-gnu.so
[2.655s] -- Set runtime path of "/home/pip/robocon/ROS2_training/dog_ros2_ws1/install/dog_msgs/local/lib/python3.10/dist-packages/dog_msgs/dog_msgs_s__rosidl_typesupport_fastrtps_c.cpython-310-x86_64-linux-gnu.so" to ""
[2.655s] -- Installing: /home/pip/robocon/ROS2_training/dog_ros2_ws1/install/dog_msgs/local/lib/python3.10/dist-packages/dog_msgs/dog_msgs_s__rosidl_typesupport_introspection_c.cpython-310-x86_64-linux-gnu.so
[2.655s] -- Set runtime path of "/home/pip/robocon/ROS2_training/dog_ros2_ws1/install/dog_msgs/local/lib/python3.10/dist-packages/dog_msgs/dog_msgs_s__rosidl_typesupport_introspection_c.cpython-310-x86_64-linux-gnu.so" to ""
[2.656s] -- Installing: /home/pip/robocon/ROS2_training/dog_ros2_ws1/install/dog_msgs/local/lib/python3.10/dist-packages/dog_msgs/dog_msgs_s__rosidl_typesupport_c.cpython-310-x86_64-linux-gnu.so
[2.656s] -- Set runtime path of "/home/pip/robocon/ROS2_training/dog_ros2_ws1/install/dog_msgs/local/lib/python3.10/dist-packages/dog_msgs/dog_msgs_s__rosidl_typesupport_c.cpython-310-x86_64-linux-gnu.so" to ""
[2.656s] -- Installing: /home/pip/robocon/ROS2_training/dog_ros2_ws1/install/dog_msgs/lib/libdog_msgs__rosidl_generator_py.so
[2.657s] -- Set runtime path of "/home/pip/robocon/ROS2_training/dog_ros2_ws1/install/dog_msgs/lib/libdog_msgs__rosidl_generator_py.so" to ""
[2.657s] -- Installing: /home/pip/robocon/ROS2_training/dog_ros2_ws1/install/dog_msgs/share/dog_msgs/rust
[2.657s] -- Installing: /home/pip/robocon/ROS2_training/dog_ros2_ws1/install/dog_msgs/share/dog_msgs/rust/Cargo.toml
[2.657s] -- Installing: /home/pip/robocon/ROS2_training/dog_ros2_ws1/install/dog_msgs/share/dog_msgs/rust/src
[2.657s] -- Installing: /home/pip/robocon/ROS2_training/dog_ros2_ws1/install/dog_msgs/share/dog_msgs/rust/src/msg
[2.657s] -- Installing: /home/pip/robocon/ROS2_training/dog_ros2_ws1/install/dog_msgs/share/dog_msgs/rust/src/msg/rmw.rs
[2.657s] -- Installing: /home/pip/robocon/ROS2_training/dog_ros2_ws1/install/dog_msgs/share/dog_msgs/rust/src/msg.rs
[2.657s] -- Installing: /home/pip/robocon/ROS2_training/dog_ros2_ws1/install/dog_msgs/share/dog_msgs/rust/src/srv
[2.657s] -- Installing: /home/pip/robocon/ROS2_training/dog_ros2_ws1/install/dog_msgs/share/dog_msgs/rust/src/srv/rmw.rs
[2.657s] -- Installing: /home/pip/robocon/ROS2_training/dog_ros2_ws1/install/dog_msgs/share/dog_msgs/rust/src/lib.rs
[2.658s] -- Installing: /home/pip/robocon/ROS2_training/dog_ros2_ws1/install/dog_msgs/share/dog_msgs/rust/src/srv.rs
[2.658s] -- Installing: /home/pip/robocon/ROS2_training/dog_ros2_ws1/install/dog_msgs/share/dog_msgs/rust/build.rs
[2.658s] -- Installing: /home/pip/robocon/ROS2_training/dog_ros2_ws1/install/dog_msgs/share/dog_msgs/msg/ControllerCommand.idl
[2.658s] -- Installing: /home/pip/robocon/ROS2_training/dog_ros2_ws1/install/dog_msgs/share/dog_msgs/msg/MotorState.idl
[2.658s] -- Installing: /home/pip/robocon/ROS2_training/dog_ros2_ws1/install/dog_msgs/share/dog_msgs/srv/HandleCommand.idl
[2.658s] -- Installing: /home/pip/robocon/ROS2_training/dog_ros2_ws1/install/dog_msgs/share/dog_msgs/msg/ControllerCommand.msg
[2.658s] -- Installing: /home/pip/robocon/ROS2_training/dog_ros2_ws1/install/dog_msgs/share/dog_msgs/msg/MotorState.msg
[2.659s] -- Installing: /home/pip/robocon/ROS2_training/dog_ros2_ws1/install/dog_msgs/share/dog_msgs/srv/HandleCommand.srv
[2.659s] -- Installing: /home/pip/robocon/ROS2_training/dog_ros2_ws1/install/dog_msgs/share/dog_msgs/srv/HandleCommand_Request.msg
[2.659s] -- Installing: /home/pip/robocon/ROS2_training/dog_ros2_ws1/install/dog_msgs/share/dog_msgs/srv/HandleCommand_Response.msg
[2.659s] -- Installing: /home/pip/robocon/ROS2_training/dog_ros2_ws1/install/dog_msgs/share/ament_index/resource_index/package_run_dependencies/dog_msgs
[2.659s] -- Installing: /home/pip/robocon/ROS2_training/dog_ros2_ws1/install/dog_msgs/share/ament_index/resource_index/parent_prefix_path/dog_msgs
[2.659s] -- Installing: /home/pip/robocon/ROS2_training/dog_ros2_ws1/install/dog_msgs/share/dog_msgs/environment/ament_prefix_path.sh
[2.660s] -- Installing: /home/pip/robocon/ROS2_training/dog_ros2_ws1/install/dog_msgs/share/dog_msgs/environment/ament_prefix_path.dsv
[2.660s] -- Installing: /home/pip/robocon/ROS2_training/dog_ros2_ws1/install/dog_msgs/share/dog_msgs/environment/path.sh
[2.660s] -- Installing: /home/pip/robocon/ROS2_training/dog_ros2_ws1/install/dog_msgs/share/dog_msgs/environment/path.dsv
[2.660s] -- Installing: /home/pip/robocon/ROS2_training/dog_ros2_ws1/install/dog_msgs/share/dog_msgs/local_setup.bash
[2.660s] -- Installing: /home/pip/robocon/ROS2_training/dog_ros2_ws1/install/dog_msgs/share/dog_msgs/local_setup.sh
[2.660s] -- Installing: /home/pip/robocon/ROS2_training/dog_ros2_ws1/install/dog_msgs/share/dog_msgs/local_setup.zsh
[2.660s] -- Installing: /home/pip/robocon/ROS2_training/dog_ros2_ws1/install/dog_msgs/share/dog_msgs/local_setup.dsv
[2.661s] -- Installing: /home/pip/robocon/ROS2_training/dog_ros2_ws1/install/dog_msgs/share/dog_msgs/package.dsv
[2.661s] -- Installing: /home/pip/robocon/ROS2_training/dog_ros2_ws1/install/dog_msgs/share/ament_index/resource_index/packages/dog_msgs
[2.661s] -- Installing: /home/pip/robocon/ROS2_training/dog_ros2_ws1/install/dog_msgs/share/dog_msgs/cmake/export_dog_msgs__rosidl_generator_cExport.cmake
[2.661s] -- Installing: /home/pip/robocon/ROS2_training/dog_ros2_ws1/install/dog_msgs/share/dog_msgs/cmake/export_dog_msgs__rosidl_generator_cExport-noconfig.cmake
[2.661s] -- Installing: /home/pip/robocon/ROS2_training/dog_ros2_ws1/install/dog_msgs/share/dog_msgs/cmake/export_dog_msgs__rosidl_typesupport_fastrtps_cExport.cmake
[2.661s] -- Installing: /home/pip/robocon/ROS2_training/dog_ros2_ws1/install/dog_msgs/share/dog_msgs/cmake/export_dog_msgs__rosidl_typesupport_fastrtps_cExport-noconfig.cmake
[2.662s] -- Installing: /home/pip/robocon/ROS2_training/dog_ros2_ws1/install/dog_msgs/share/dog_msgs/cmake/dog_msgs__rosidl_typesupport_introspection_cExport.cmake
[2.662s] -- Installing: /home/pip/robocon/ROS2_training/dog_ros2_ws1/install/dog_msgs/share/dog_msgs/cmake/dog_msgs__rosidl_typesupport_introspection_cExport-noconfig.cmake
[2.662s] -- Installing: /home/pip/robocon/ROS2_training/dog_ros2_ws1/install/dog_msgs/share/dog_msgs/cmake/dog_msgs__rosidl_typesupport_cExport.cmake
[2.662s] -- Installing: /home/pip/robocon/ROS2_training/dog_ros2_ws1/install/dog_msgs/share/dog_msgs/cmake/dog_msgs__rosidl_typesupport_cExport-noconfig.cmake
[2.662s] -- Installing: /home/pip/robocon/ROS2_training/dog_ros2_ws1/install/dog_msgs/share/dog_msgs/cmake/export_dog_msgs__rosidl_generator_cppExport.cmake
[2.662s] -- Installing: /home/pip/robocon/ROS2_training/dog_ros2_ws1/install/dog_msgs/share/dog_msgs/cmake/export_dog_msgs__rosidl_typesupport_fastrtps_cppExport.cmake
[2.662s] -- Installing: /home/pip/robocon/ROS2_training/dog_ros2_ws1/install/dog_msgs/share/dog_msgs/cmake/export_dog_msgs__rosidl_typesupport_fastrtps_cppExport-noconfig.cmake
[2.663s] -- Installing: /home/pip/robocon/ROS2_training/dog_ros2_ws1/install/dog_msgs/share/dog_msgs/cmake/dog_msgs__rosidl_typesupport_introspection_cppExport.cmake
[2.663s] -- Installing: /home/pip/robocon/ROS2_training/dog_ros2_ws1/install/dog_msgs/share/dog_msgs/cmake/dog_msgs__rosidl_typesupport_introspection_cppExport-noconfig.cmake
[2.663s] -- Installing: /home/pip/robocon/ROS2_training/dog_ros2_ws1/install/dog_msgs/share/dog_msgs/cmake/dog_msgs__rosidl_typesupport_cppExport.cmake
[2.663s] -- Installing: /home/pip/robocon/ROS2_training/dog_ros2_ws1/install/dog_msgs/share/dog_msgs/cmake/dog_msgs__rosidl_typesupport_cppExport-noconfig.cmake
[2.663s] -- Installing: /home/pip/robocon/ROS2_training/dog_ros2_ws1/install/dog_msgs/share/dog_msgs/cmake/export_dog_msgs__rosidl_generator_pyExport.cmake
[2.663s] -- Installing: /home/pip/robocon/ROS2_training/dog_ros2_ws1/install/dog_msgs/share/dog_msgs/cmake/export_dog_msgs__rosidl_generator_pyExport-noconfig.cmake
[2.663s] -- Installing: /home/pip/robocon/ROS2_training/dog_ros2_ws1/install/dog_msgs/share/dog_msgs/cmake/rosidl_cmake-extras.cmake
[2.664s] -- Installing: /home/pip/robocon/ROS2_training/dog_ros2_ws1/install/dog_msgs/share/dog_msgs/cmake/ament_cmake_export_include_directories-extras.cmake
[2.664s] -- Installing: /home/pip/robocon/ROS2_training/dog_ros2_ws1/install/dog_msgs/share/dog_msgs/cmake/ament_cmake_export_libraries-extras.cmake
[2.664s] -- Installing: /home/pip/robocon/ROS2_training/dog_ros2_ws1/install/dog_msgs/share/dog_msgs/cmake/ament_cmake_export_targets-extras.cmake
[2.664s] -- Installing: /home/pip/robocon/ROS2_training/dog_ros2_ws1/install/dog_msgs/share/dog_msgs/cmake/rosidl_cmake_export_typesupport_targets-extras.cmake
[2.664s] -- Installing: /home/pip/robocon/ROS2_training/dog_ros2_ws1/install/dog_msgs/share/dog_msgs/cmake/ament_cmake_export_dependencies-extras.cmake
[2.664s] -- Installing: /home/pip/robocon/ROS2_training/dog_ros2_ws1/install/dog_msgs/share/dog_msgs/cmake/rosidl_cmake_export_typesupport_libraries-extras.cmake
[2.664s] -- Installing: /home/pip/robocon/ROS2_training/dog_ros2_ws1/install/dog_msgs/share/dog_msgs/cmake/rosidl_cmake_aggregate_target-extras.cmake
[2.664s] -- Installing: /home/pip/robocon/ROS2_training/dog_ros2_ws1/install/dog_msgs/share/dog_msgs/cmake/dog_msgsConfig.cmake
[2.664s] -- Installing: /home/pip/robocon/ROS2_training/dog_ros2_ws1/install/dog_msgs/share/dog_msgs/cmake/dog_msgsConfig-version.cmake
[2.665s] -- Installing: /home/pip/robocon/ROS2_training/dog_ros2_ws1/install/dog_msgs/share/dog_msgs/package.xml
[2.667s] Invoked command in '/home/pip/robocon/ROS2_training/dog_ros2_ws1/build/dog_msgs' returned '0': /usr/bin/cmake --install /home/pip/robocon/ROS2_training/dog_ros2_ws1/build/dog_msgs
