[0.560s] Invoking command in '/home/pip/robocon/ROS2_training/dog_ros2_ws_with_pc/build/node2_simulation': PYTHONPATH=/home/pip/robocon/ROS2_training/dog_ros2_ws_with_pc/build/node2_simulation/prefix_override:/usr/lib/python3/dist-packages/colcon_core/task/python/colcon_distutils_commands:/home/pip/robocon/ROS2_training/dog_ros2_ws_with_pc/install/node2_simulation/lib/python3.10/site-packages:${PYTHONPATH} /usr/bin/python3 -W ignore:setup.py install is deprecated -W ignore:easy_install command is deprecated setup.py develop --editable --build-directory /home/pip/robocon/ROS2_training/dog_ros2_ws_with_pc/build/node2_simulation/build --no-deps symlink_data
[0.682s] running develop
[0.757s] running egg_info
[0.757s] creating node2_simulation.egg-info
[0.757s] writing node2_simulation.egg-info/PKG-INFO
[0.757s] writing dependency_links to node2_simulation.egg-info/dependency_links.txt
[0.757s] writing entry points to node2_simulation.egg-info/entry_points.txt
[0.757s] writing requirements to node2_simulation.egg-info/requires.txt
[0.757s] writing top-level names to node2_simulation.egg-info/top_level.txt
[0.758s] writing manifest file 'node2_simulation.egg-info/SOURCES.txt'
[0.759s] reading manifest file 'node2_simulation.egg-info/SOURCES.txt'
[0.759s] writing manifest file 'node2_simulation.egg-info/SOURCES.txt'
[0.760s] running build_ext
[0.760s] Creating /home/pip/robocon/ROS2_training/dog_ros2_ws_with_pc/install/node2_simulation/lib/python3.10/site-packages/node2-simulation.egg-link (link to .)
[0.760s] Installing node2_simulation script to /home/pip/robocon/ROS2_training/dog_ros2_ws_with_pc/install/node2_simulation/lib/node2_simulation
[0.760s] 
[0.760s] Installed /home/pip/robocon/ROS2_training/dog_ros2_ws_with_pc/build/node2_simulation
[0.761s] running symlink_data
[0.761s] creating /home/pip/robocon/ROS2_training/dog_ros2_ws_with_pc/install/node2_simulation/share/ament_index
[0.761s] creating /home/pip/robocon/ROS2_training/dog_ros2_ws_with_pc/install/node2_simulation/share/ament_index/resource_index
[0.761s] creating /home/pip/robocon/ROS2_training/dog_ros2_ws_with_pc/install/node2_simulation/share/ament_index/resource_index/packages
[0.761s] symbolically linking /home/pip/robocon/ROS2_training/dog_ros2_ws_with_pc/build/node2_simulation/resource/node2_simulation -> /home/pip/robocon/ROS2_training/dog_ros2_ws_with_pc/install/node2_simulation/share/ament_index/resource_index/packages
[0.761s] symbolically linking /home/pip/robocon/ROS2_training/dog_ros2_ws_with_pc/build/node2_simulation/package.xml -> /home/pip/robocon/ROS2_training/dog_ros2_ws_with_pc/install/node2_simulation/share/node2_simulation
[0.761s] creating /home/pip/robocon/ROS2_training/dog_ros2_ws_with_pc/install/node2_simulation/share/node2_simulation/launch
[0.761s] symbolically linking /home/pip/robocon/ROS2_training/dog_ros2_ws_with_pc/build/node2_simulation/launch/start_all.launch.py -> /home/pip/robocon/ROS2_training/dog_ros2_ws_with_pc/install/node2_simulation/share/node2_simulation/launch
[0.777s] Invoked command in '/home/pip/robocon/ROS2_training/dog_ros2_ws_with_pc/build/node2_simulation' returned '0': PYTHONPATH=/home/pip/robocon/ROS2_training/dog_ros2_ws_with_pc/build/node2_simulation/prefix_override:/usr/lib/python3/dist-packages/colcon_core/task/python/colcon_distutils_commands:/home/pip/robocon/ROS2_training/dog_ros2_ws_with_pc/install/node2_simulation/lib/python3.10/site-packages:${PYTHONPATH} /usr/bin/python3 -W ignore:setup.py install is deprecated -W ignore:easy_install command is deprecated setup.py develop --editable --build-directory /home/pip/robocon/ROS2_training/dog_ros2_ws_with_pc/build/node2_simulation/build --no-deps symlink_data
