[0.070s] DEBUG:colcon:Command line arguments: ['/usr/bin/colcon', 'build', '--symlink-install']
[0.070s] DEBUG:colcon:Parsed command line arguments: Namespace(log_base=None, log_level=None, verb_name='build', build_base='build', install_base='install', merge_install=False, symlink_install=True, test_result_base=None, continue_on_error=False, executor='parallel', parallel_workers=32, event_handlers=None, ignore_user_meta=False, metas=['./colcon.meta'], base_paths=['.'], packages_ignore=None, packages_ignore_regex=None, paths=None, packages_up_to=None, packages_up_to_regex=None, packages_above=None, packages_above_and_dependencies=None, packages_above_depth=None, packages_select_by_dep=None, packages_skip_by_dep=None, packages_skip_up_to=None, packages_select_build_failed=False, packages_skip_build_finished=False, packages_select_test_failures=False, packages_skip_test_passed=False, packages_select=None, packages_skip=None, packages_select_regex=None, packages_skip_regex=None, packages_start=None, packages_end=None, allow_overriding=[], cmake_args=None, cmake_target=None, cmake_target_skip_unavailable=False, cmake_clean_cache=False, cmake_clean_first=False, cmake_force_configure=False, ament_cmake_args=None, catkin_cmake_args=None, catkin_skip_building_tests=False, verb_parser=<colcon_defaults.argument_parser.defaults.DefaultArgumentsDecorator object at 0x7455fb51bfa0>, verb_extension=<colcon_core.verb.build.BuildVerb object at 0x7455fb65d6f0>, main=<bound method BuildVerb.main of <colcon_core.verb.build.BuildVerb object at 0x7455fb65d6f0>>)
[0.175s] Level 1:colcon.colcon_core.package_discovery:discover_packages(colcon_meta) check parameters
[0.175s] Level 1:colcon.colcon_core.package_discovery:discover_packages(recursive) check parameters
[0.175s] Level 1:colcon.colcon_core.package_discovery:discover_packages(ignore) check parameters
[0.175s] Level 1:colcon.colcon_core.package_discovery:discover_packages(path) check parameters
[0.175s] Level 1:colcon.colcon_core.package_discovery:discover_packages(colcon_meta) discover
[0.175s] Level 1:colcon.colcon_core.package_discovery:discover_packages(recursive) discover
[0.175s] INFO:colcon.colcon_core.package_discovery:Crawling recursively for packages in '/home/pip/robocon/ROS2_training/dog_ros2_ws_with_js'
[0.175s] Level 1:colcon.colcon_core.package_identification:_identify(.) by extensions ['ignore', 'ignore_ament_install']
[0.175s] Level 1:colcon.colcon_core.package_identification:_identify(.) by extension 'ignore'
[0.175s] Level 1:colcon.colcon_core.package_identification:_identify(.) by extension 'ignore_ament_install'
[0.175s] Level 1:colcon.colcon_core.package_identification:_identify(.) by extensions ['colcon_pkg']
[0.175s] Level 1:colcon.colcon_core.package_identification:_identify(.) by extension 'colcon_pkg'
[0.175s] Level 1:colcon.colcon_core.package_identification:_identify(.) by extensions ['colcon_meta']
[0.175s] Level 1:colcon.colcon_core.package_identification:_identify(.) by extension 'colcon_meta'
[0.175s] Level 1:colcon.colcon_core.package_identification:_identify(.) by extensions ['ros']
[0.175s] Level 1:colcon.colcon_core.package_identification:_identify(.) by extension 'ros'
[0.185s] Level 1:colcon.colcon_core.package_identification:_identify(.) by extensions ['cmake', 'python']
[0.185s] Level 1:colcon.colcon_core.package_identification:_identify(.) by extension 'cmake'
[0.185s] Level 1:colcon.colcon_core.package_identification:_identify(.) by extension 'python'
[0.185s] Level 1:colcon.colcon_core.package_identification:_identify(.) by extensions ['python_setup_py']
[0.185s] Level 1:colcon.colcon_core.package_identification:_identify(.) by extension 'python_setup_py'
[0.185s] Level 1:colcon.colcon_core.package_identification:_identify(build) by extensions ['ignore', 'ignore_ament_install']
[0.185s] Level 1:colcon.colcon_core.package_identification:_identify(build) by extension 'ignore'
[0.185s] Level 1:colcon.colcon_core.package_identification:_identify(build) ignored
[0.185s] Level 1:colcon.colcon_core.package_identification:_identify(install) by extensions ['ignore', 'ignore_ament_install']
[0.185s] Level 1:colcon.colcon_core.package_identification:_identify(install) by extension 'ignore'
[0.185s] Level 1:colcon.colcon_core.package_identification:_identify(install) ignored
[0.185s] Level 1:colcon.colcon_core.package_identification:_identify(log) by extensions ['ignore', 'ignore_ament_install']
[0.185s] Level 1:colcon.colcon_core.package_identification:_identify(log) by extension 'ignore'
[0.185s] Level 1:colcon.colcon_core.package_identification:_identify(log) ignored
[0.185s] Level 1:colcon.colcon_core.package_identification:_identify(src) by extensions ['ignore', 'ignore_ament_install']
[0.186s] Level 1:colcon.colcon_core.package_identification:_identify(src) by extension 'ignore'
[0.186s] Level 1:colcon.colcon_core.package_identification:_identify(src) by extension 'ignore_ament_install'
[0.186s] Level 1:colcon.colcon_core.package_identification:_identify(src) by extensions ['colcon_pkg']
[0.186s] Level 1:colcon.colcon_core.package_identification:_identify(src) by extension 'colcon_pkg'
[0.186s] Level 1:colcon.colcon_core.package_identification:_identify(src) by extensions ['colcon_meta']
[0.186s] Level 1:colcon.colcon_core.package_identification:_identify(src) by extension 'colcon_meta'
[0.186s] Level 1:colcon.colcon_core.package_identification:_identify(src) by extensions ['ros']
[0.186s] Level 1:colcon.colcon_core.package_identification:_identify(src) by extension 'ros'
[0.186s] Level 1:colcon.colcon_core.package_identification:_identify(src) by extensions ['cmake', 'python']
[0.186s] Level 1:colcon.colcon_core.package_identification:_identify(src) by extension 'cmake'
[0.186s] Level 1:colcon.colcon_core.package_identification:_identify(src) by extension 'python'
[0.186s] Level 1:colcon.colcon_core.package_identification:_identify(src) by extensions ['python_setup_py']
[0.186s] Level 1:colcon.colcon_core.package_identification:_identify(src) by extension 'python_setup_py'
[0.186s] Level 1:colcon.colcon_core.package_identification:_identify(src/dog_msgs) by extensions ['ignore', 'ignore_ament_install']
[0.186s] Level 1:colcon.colcon_core.package_identification:_identify(src/dog_msgs) by extension 'ignore'
[0.186s] Level 1:colcon.colcon_core.package_identification:_identify(src/dog_msgs) by extension 'ignore_ament_install'
[0.186s] Level 1:colcon.colcon_core.package_identification:_identify(src/dog_msgs) by extensions ['colcon_pkg']
[0.186s] Level 1:colcon.colcon_core.package_identification:_identify(src/dog_msgs) by extension 'colcon_pkg'
[0.186s] Level 1:colcon.colcon_core.package_identification:_identify(src/dog_msgs) by extensions ['colcon_meta']
[0.186s] Level 1:colcon.colcon_core.package_identification:_identify(src/dog_msgs) by extension 'colcon_meta'
[0.186s] Level 1:colcon.colcon_core.package_identification:_identify(src/dog_msgs) by extensions ['ros']
[0.186s] Level 1:colcon.colcon_core.package_identification:_identify(src/dog_msgs) by extension 'ros'
[0.188s] DEBUG:colcon.colcon_core.package_identification:Package 'src/dog_msgs' with type 'ros.catkin' and name 'dog_msgs'
[0.188s] Level 1:colcon.colcon_core.package_identification:_identify(src/node1_controller) by extensions ['ignore', 'ignore_ament_install']
[0.188s] Level 1:colcon.colcon_core.package_identification:_identify(src/node1_controller) by extension 'ignore'
[0.188s] Level 1:colcon.colcon_core.package_identification:_identify(src/node1_controller) by extension 'ignore_ament_install'
[0.188s] Level 1:colcon.colcon_core.package_identification:_identify(src/node1_controller) by extensions ['colcon_pkg']
[0.188s] Level 1:colcon.colcon_core.package_identification:_identify(src/node1_controller) by extension 'colcon_pkg'
[0.188s] Level 1:colcon.colcon_core.package_identification:_identify(src/node1_controller) by extensions ['colcon_meta']
[0.188s] Level 1:colcon.colcon_core.package_identification:_identify(src/node1_controller) by extension 'colcon_meta'
[0.188s] Level 1:colcon.colcon_core.package_identification:_identify(src/node1_controller) by extensions ['ros']
[0.188s] Level 1:colcon.colcon_core.package_identification:_identify(src/node1_controller) by extension 'ros'
[0.189s] DEBUG:colcon.colcon_core.package_identification:Package 'src/node1_controller' with type 'ros.ament_cmake' and name 'node1_controller'
[0.189s] Level 1:colcon.colcon_core.package_identification:_identify(src/node2_simulation) by extensions ['ignore', 'ignore_ament_install']
[0.189s] Level 1:colcon.colcon_core.package_identification:_identify(src/node2_simulation) by extension 'ignore'
[0.189s] Level 1:colcon.colcon_core.package_identification:_identify(src/node2_simulation) by extension 'ignore_ament_install'
[0.189s] Level 1:colcon.colcon_core.package_identification:_identify(src/node2_simulation) by extensions ['colcon_pkg']
[0.189s] Level 1:colcon.colcon_core.package_identification:_identify(src/node2_simulation) by extension 'colcon_pkg'
[0.189s] Level 1:colcon.colcon_core.package_identification:_identify(src/node2_simulation) by extensions ['colcon_meta']
[0.189s] Level 1:colcon.colcon_core.package_identification:_identify(src/node2_simulation) by extension 'colcon_meta'
[0.189s] Level 1:colcon.colcon_core.package_identification:_identify(src/node2_simulation) by extensions ['ros']
[0.189s] Level 1:colcon.colcon_core.package_identification:_identify(src/node2_simulation) by extension 'ros'
[0.189s] DEBUG:colcon.colcon_core.package_identification:Package 'src/node2_simulation' with type 'ros.ament_python' and name 'node2_simulation'
[0.190s] Level 1:colcon.colcon_core.package_identification:_identify(src/node3_handle) by extensions ['ignore', 'ignore_ament_install']
[0.190s] Level 1:colcon.colcon_core.package_identification:_identify(src/node3_handle) by extension 'ignore'
[0.190s] Level 1:colcon.colcon_core.package_identification:_identify(src/node3_handle) by extension 'ignore_ament_install'
[0.190s] Level 1:colcon.colcon_core.package_identification:_identify(src/node3_handle) by extensions ['colcon_pkg']
[0.190s] Level 1:colcon.colcon_core.package_identification:_identify(src/node3_handle) by extension 'colcon_pkg'
[0.190s] Level 1:colcon.colcon_core.package_identification:_identify(src/node3_handle) by extensions ['colcon_meta']
[0.190s] Level 1:colcon.colcon_core.package_identification:_identify(src/node3_handle) by extension 'colcon_meta'
[0.190s] Level 1:colcon.colcon_core.package_identification:_identify(src/node3_handle) by extensions ['ros']
[0.190s] Level 1:colcon.colcon_core.package_identification:_identify(src/node3_handle) by extension 'ros'
[0.190s] DEBUG:colcon.colcon_core.package_identification:Package 'src/node3_handle' with type 'ros.ament_cmake' and name 'node3_handle'
[0.190s] Level 1:colcon.colcon_core.package_discovery:discover_packages(recursive) using defaults
[0.190s] Level 1:colcon.colcon_core.package_discovery:discover_packages(ignore) discover
[0.190s] Level 1:colcon.colcon_core.package_discovery:discover_packages(ignore) using defaults
[0.190s] Level 1:colcon.colcon_core.package_discovery:discover_packages(path) discover
[0.190s] Level 1:colcon.colcon_core.package_discovery:discover_packages(path) using defaults
[0.206s] Level 1:colcon.colcon_core.package_discovery:discover_packages(prefix_path) check parameters
[0.206s] Level 1:colcon.colcon_core.package_discovery:discover_packages(prefix_path) discover
[0.207s] WARNING:colcon.colcon_ros.prefix_path.ament:The path '/home/pip/robocon/ROS2_training/dog_ros2_ws_with_js/install/node3_handle' in the environment variable AMENT_PREFIX_PATH doesn't exist
[0.207s] WARNING:colcon.colcon_ros.prefix_path.ament:The path '/home/pip/robocon/ROS2_training/dog_ros2_ws_with_js/install/node2_simulation' in the environment variable AMENT_PREFIX_PATH doesn't exist
[0.207s] WARNING:colcon.colcon_ros.prefix_path.ament:The path '/home/pip/robocon/ROS2_training/dog_ros2_ws_with_js/install/node1_controller' in the environment variable AMENT_PREFIX_PATH doesn't exist
[0.207s] WARNING:colcon.colcon_ros.prefix_path.catkin:The path '/home/pip/robocon/ROS2_training/dog_ros2_ws_with_js/install/node3_handle' in the environment variable CMAKE_PREFIX_PATH doesn't exist
[0.207s] WARNING:colcon.colcon_ros.prefix_path.catkin:The path '/home/pip/robocon/ROS2_training/dog_ros2_ws_with_js/install/node1_controller' in the environment variable CMAKE_PREFIX_PATH doesn't exist
[0.207s] WARNING:colcon.colcon_ros.prefix_path.catkin:The path '/home/pip/robocon/ROS2_training/dog_ros2_ws_with_js/install/dog_msgs' in the environment variable CMAKE_PREFIX_PATH doesn't exist
[0.207s] DEBUG:colcon.colcon_installed_package_information.package_discovery:Found 0 installed packages in /home/pip/robocon/ROS2_training/dog_ros2_ws_with_js/install
[0.208s] DEBUG:colcon.colcon_installed_package_information.package_discovery:Found 273 installed packages in /opt/ros/humble
[0.217s] Level 1:colcon.colcon_core.package_discovery:discover_packages(prefix_path) using defaults
[0.245s] Level 5:colcon.colcon_core.verb:set package 'dog_msgs' build argument 'cmake_args' from command line to 'None'
[0.245s] Level 5:colcon.colcon_core.verb:set package 'dog_msgs' build argument 'cmake_target' from command line to 'None'
[0.245s] Level 5:colcon.colcon_core.verb:set package 'dog_msgs' build argument 'cmake_target_skip_unavailable' from command line to 'False'
[0.245s] Level 5:colcon.colcon_core.verb:set package 'dog_msgs' build argument 'cmake_clean_cache' from command line to 'False'
[0.245s] Level 5:colcon.colcon_core.verb:set package 'dog_msgs' build argument 'cmake_clean_first' from command line to 'False'
[0.245s] Level 5:colcon.colcon_core.verb:set package 'dog_msgs' build argument 'cmake_force_configure' from command line to 'False'
[0.245s] Level 5:colcon.colcon_core.verb:set package 'dog_msgs' build argument 'ament_cmake_args' from command line to 'None'
[0.245s] Level 5:colcon.colcon_core.verb:set package 'dog_msgs' build argument 'catkin_cmake_args' from command line to 'None'
[0.245s] Level 5:colcon.colcon_core.verb:set package 'dog_msgs' build argument 'catkin_skip_building_tests' from command line to 'False'
[0.245s] DEBUG:colcon.colcon_core.verb:Building package 'dog_msgs' with the following arguments: {'ament_cmake_args': None, 'build_base': '/home/pip/robocon/ROS2_training/dog_ros2_ws_with_js/build/dog_msgs', 'catkin_cmake_args': None, 'catkin_skip_building_tests': False, 'cmake_args': None, 'cmake_clean_cache': False, 'cmake_clean_first': False, 'cmake_force_configure': False, 'cmake_target': None, 'cmake_target_skip_unavailable': False, 'install_base': '/home/pip/robocon/ROS2_training/dog_ros2_ws_with_js/install/dog_msgs', 'merge_install': False, 'path': '/home/pip/robocon/ROS2_training/dog_ros2_ws_with_js/src/dog_msgs', 'symlink_install': True, 'test_result_base': None}
[0.245s] Level 5:colcon.colcon_core.verb:set package 'node2_simulation' build argument 'cmake_args' from command line to 'None'
[0.245s] Level 5:colcon.colcon_core.verb:set package 'node2_simulation' build argument 'cmake_target' from command line to 'None'
[0.245s] Level 5:colcon.colcon_core.verb:set package 'node2_simulation' build argument 'cmake_target_skip_unavailable' from command line to 'False'
[0.245s] Level 5:colcon.colcon_core.verb:set package 'node2_simulation' build argument 'cmake_clean_cache' from command line to 'False'
[0.245s] Level 5:colcon.colcon_core.verb:set package 'node2_simulation' build argument 'cmake_clean_first' from command line to 'False'
[0.245s] Level 5:colcon.colcon_core.verb:set package 'node2_simulation' build argument 'cmake_force_configure' from command line to 'False'
[0.245s] Level 5:colcon.colcon_core.verb:set package 'node2_simulation' build argument 'ament_cmake_args' from command line to 'None'
[0.245s] Level 5:colcon.colcon_core.verb:set package 'node2_simulation' build argument 'catkin_cmake_args' from command line to 'None'
[0.245s] Level 5:colcon.colcon_core.verb:set package 'node2_simulation' build argument 'catkin_skip_building_tests' from command line to 'False'
[0.245s] DEBUG:colcon.colcon_core.verb:Building package 'node2_simulation' with the following arguments: {'ament_cmake_args': None, 'build_base': '/home/pip/robocon/ROS2_training/dog_ros2_ws_with_js/build/node2_simulation', 'catkin_cmake_args': None, 'catkin_skip_building_tests': False, 'cmake_args': None, 'cmake_clean_cache': False, 'cmake_clean_first': False, 'cmake_force_configure': False, 'cmake_target': None, 'cmake_target_skip_unavailable': False, 'install_base': '/home/pip/robocon/ROS2_training/dog_ros2_ws_with_js/install/node2_simulation', 'merge_install': False, 'path': '/home/pip/robocon/ROS2_training/dog_ros2_ws_with_js/src/node2_simulation', 'symlink_install': True, 'test_result_base': None}
[0.245s] Level 5:colcon.colcon_core.verb:set package 'node1_controller' build argument 'cmake_args' from command line to 'None'
[0.245s] Level 5:colcon.colcon_core.verb:set package 'node1_controller' build argument 'cmake_target' from command line to 'None'
[0.246s] Level 5:colcon.colcon_core.verb:set package 'node1_controller' build argument 'cmake_target_skip_unavailable' from command line to 'False'
[0.246s] Level 5:colcon.colcon_core.verb:set package 'node1_controller' build argument 'cmake_clean_cache' from command line to 'False'
[0.246s] Level 5:colcon.colcon_core.verb:set package 'node1_controller' build argument 'cmake_clean_first' from command line to 'False'
[0.246s] Level 5:colcon.colcon_core.verb:set package 'node1_controller' build argument 'cmake_force_configure' from command line to 'False'
[0.246s] Level 5:colcon.colcon_core.verb:set package 'node1_controller' build argument 'ament_cmake_args' from command line to 'None'
[0.246s] Level 5:colcon.colcon_core.verb:set package 'node1_controller' build argument 'catkin_cmake_args' from command line to 'None'
[0.246s] Level 5:colcon.colcon_core.verb:set package 'node1_controller' build argument 'catkin_skip_building_tests' from command line to 'False'
[0.246s] DEBUG:colcon.colcon_core.verb:Building package 'node1_controller' with the following arguments: {'ament_cmake_args': None, 'build_base': '/home/pip/robocon/ROS2_training/dog_ros2_ws_with_js/build/node1_controller', 'catkin_cmake_args': None, 'catkin_skip_building_tests': False, 'cmake_args': None, 'cmake_clean_cache': False, 'cmake_clean_first': False, 'cmake_force_configure': False, 'cmake_target': None, 'cmake_target_skip_unavailable': False, 'install_base': '/home/pip/robocon/ROS2_training/dog_ros2_ws_with_js/install/node1_controller', 'merge_install': False, 'path': '/home/pip/robocon/ROS2_training/dog_ros2_ws_with_js/src/node1_controller', 'symlink_install': True, 'test_result_base': None}
[0.246s] Level 5:colcon.colcon_core.verb:set package 'node3_handle' build argument 'cmake_args' from command line to 'None'
[0.246s] Level 5:colcon.colcon_core.verb:set package 'node3_handle' build argument 'cmake_target' from command line to 'None'
[0.246s] Level 5:colcon.colcon_core.verb:set package 'node3_handle' build argument 'cmake_target_skip_unavailable' from command line to 'False'
[0.246s] Level 5:colcon.colcon_core.verb:set package 'node3_handle' build argument 'cmake_clean_cache' from command line to 'False'
[0.246s] Level 5:colcon.colcon_core.verb:set package 'node3_handle' build argument 'cmake_clean_first' from command line to 'False'
[0.246s] Level 5:colcon.colcon_core.verb:set package 'node3_handle' build argument 'cmake_force_configure' from command line to 'False'
[0.246s] Level 5:colcon.colcon_core.verb:set package 'node3_handle' build argument 'ament_cmake_args' from command line to 'None'
[0.246s] Level 5:colcon.colcon_core.verb:set package 'node3_handle' build argument 'catkin_cmake_args' from command line to 'None'
[0.246s] Level 5:colcon.colcon_core.verb:set package 'node3_handle' build argument 'catkin_skip_building_tests' from command line to 'False'
[0.246s] DEBUG:colcon.colcon_core.verb:Building package 'node3_handle' with the following arguments: {'ament_cmake_args': None, 'build_base': '/home/pip/robocon/ROS2_training/dog_ros2_ws_with_js/build/node3_handle', 'catkin_cmake_args': None, 'catkin_skip_building_tests': False, 'cmake_args': None, 'cmake_clean_cache': False, 'cmake_clean_first': False, 'cmake_force_configure': False, 'cmake_target': None, 'cmake_target_skip_unavailable': False, 'install_base': '/home/pip/robocon/ROS2_training/dog_ros2_ws_with_js/install/node3_handle', 'merge_install': False, 'path': '/home/pip/robocon/ROS2_training/dog_ros2_ws_with_js/src/node3_handle', 'symlink_install': True, 'test_result_base': None}
[0.246s] INFO:colcon.colcon_core.executor:Executing jobs using 'parallel' executor
[0.247s] DEBUG:colcon.colcon_parallel_executor.executor.parallel:run_until_complete
[0.247s] INFO:colcon.colcon_ros.task.catkin.build:Building ROS package in '/home/pip/robocon/ROS2_training/dog_ros2_ws_with_js/src/dog_msgs' with build type 'catkin'
[0.247s] INFO:colcon.colcon_cmake.task.cmake.build:Building CMake package in '/home/pip/robocon/ROS2_training/dog_ros2_ws_with_js/src/dog_msgs'
[0.248s] INFO:colcon.colcon_core.plugin_system:Skipping extension 'colcon_core.shell.bat': Not used on non-Windows systems
[0.249s] INFO:colcon.colcon_core.shell:Skip shell extension 'powershell' for command environment: Not usable outside of PowerShell
[0.249s] DEBUG:colcon.colcon_core.shell:Skip shell extension 'dsv' for command environment
[0.251s] INFO:colcon.colcon_ros.task.ament_python.build:Building ROS package in '/home/pip/robocon/ROS2_training/dog_ros2_ws_with_js/src/node2_simulation' with build type 'ament_python'
[0.251s] Level 1:colcon.colcon_core.shell:create_environment_hook('node2_simulation', 'ament_prefix_path')
[0.251s] INFO:colcon.colcon_core.shell:Creating environment hook '/home/pip/robocon/ROS2_training/dog_ros2_ws_with_js/install/node2_simulation/share/node2_simulation/hook/ament_prefix_path.ps1'
[0.252s] INFO:colcon.colcon_core.shell:Creating environment descriptor '/home/pip/robocon/ROS2_training/dog_ros2_ws_with_js/install/node2_simulation/share/node2_simulation/hook/ament_prefix_path.dsv'
[0.252s] INFO:colcon.colcon_core.shell:Creating environment hook '/home/pip/robocon/ROS2_training/dog_ros2_ws_with_js/install/node2_simulation/share/node2_simulation/hook/ament_prefix_path.sh'
[0.253s] INFO:colcon.colcon_core.shell:Skip shell extension 'powershell' for command environment: Not usable outside of PowerShell
[0.253s] DEBUG:colcon.colcon_core.shell:Skip shell extension 'dsv' for command environment
[0.258s] DEBUG:colcon.colcon_core.event_handler.log_command:Invoking command in '/home/pip/robocon/ROS2_training/dog_ros2_ws_with_js/build/dog_msgs': /usr/bin/cmake /home/pip/robocon/ROS2_training/dog_ros2_ws_with_js/src/dog_msgs -DCATKIN_INSTALL_INTO_PREFIX_ROOT=0 -DCATKIN_SYMLINK_INSTALL=ON -DCMAKE_INSTALL_PREFIX=/home/pip/robocon/ROS2_training/dog_ros2_ws_with_js/install/dog_msgs
[0.442s] INFO:colcon.colcon_core.task.python.build:Building Python package in '/home/pip/robocon/ROS2_training/dog_ros2_ws_with_js/src/node2_simulation'
[0.442s] INFO:colcon.colcon_core.shell:Skip shell extension 'powershell' for command environment: Not usable outside of PowerShell
[0.442s] DEBUG:colcon.colcon_core.shell:Skip shell extension 'dsv' for command environment
[0.701s] DEBUG:colcon.colcon_core.task.python.build:Available setuptools commands: egg_info, alias, rotate, develop, install_egg_info, saveopts, clean, check, install_headers, build_scripts, build_ext, bdist_dumb, dist_info, upload, bdist_egg, install_data, bdist_wheel, bdist_rpm, bdist, install, build_clib, register, install_scripts, build_py, symlink_data, test, sdist, install_lib, setopt, easy_install, build, upload_docs
[0.862s] DEBUG:colcon.colcon_core.task.python.build:Available setuptools 'develop' options: --force-installation-into-system-dir, --script-dir, --version, --optimize, --allow-hosts, --prefix, --verbose, --index-url, --record, --no-user-cfg, --install-dir, --uninstall, --user, --no-deps, --upgrade, --multi-version, --find-links, --quiet, --exclude-scripts, --editable, --always-copy, --install-layout, --zip-ok, --build-directory, --help, --no-find-links, --egg-path, --local-snapshots-ok, --always-unzip, --site-dirs, --dry-run
[0.864s] DEBUG:colcon.colcon_core.event_handler.log_command:Invoking command in '/home/pip/robocon/ROS2_training/dog_ros2_ws_with_js/build/node2_simulation': PYTHONPATH=/home/pip/robocon/ROS2_training/dog_ros2_ws_with_js/build/node2_simulation/prefix_override:/usr/lib/python3/dist-packages/colcon_core/task/python/colcon_distutils_commands:/home/pip/robocon/ROS2_training/dog_ros2_ws_with_js/install/node2_simulation/lib/python3.10/site-packages:${PYTHONPATH} /usr/bin/python3 -W ignore:setup.py install is deprecated -W ignore:easy_install command is deprecated setup.py develop --editable --build-directory /home/pip/robocon/ROS2_training/dog_ros2_ws_with_js/build/node2_simulation/build --no-deps symlink_data
[1.104s] Level 1:colcon.colcon_core.shell:create_environment_hook('node2_simulation', 'pythonpath_develop')
[1.104s] INFO:colcon.colcon_core.shell:Creating environment hook '/home/pip/robocon/ROS2_training/dog_ros2_ws_with_js/build/node2_simulation/share/node2_simulation/hook/pythonpath_develop.ps1'
[1.105s] DEBUG:colcon.colcon_core.event_handler.log_command:Invoked command in '/home/pip/robocon/ROS2_training/dog_ros2_ws_with_js/build/node2_simulation' returned '0': PYTHONPATH=/home/pip/robocon/ROS2_training/dog_ros2_ws_with_js/build/node2_simulation/prefix_override:/usr/lib/python3/dist-packages/colcon_core/task/python/colcon_distutils_commands:/home/pip/robocon/ROS2_training/dog_ros2_ws_with_js/install/node2_simulation/lib/python3.10/site-packages:${PYTHONPATH} /usr/bin/python3 -W ignore:setup.py install is deprecated -W ignore:easy_install command is deprecated setup.py develop --editable --build-directory /home/pip/robocon/ROS2_training/dog_ros2_ws_with_js/build/node2_simulation/build --no-deps symlink_data
[1.105s] INFO:colcon.colcon_core.shell:Creating environment descriptor '/home/pip/robocon/ROS2_training/dog_ros2_ws_with_js/build/node2_simulation/share/node2_simulation/hook/pythonpath_develop.dsv'
[1.105s] INFO:colcon.colcon_core.shell:Creating environment hook '/home/pip/robocon/ROS2_training/dog_ros2_ws_with_js/build/node2_simulation/share/node2_simulation/hook/pythonpath_develop.sh'
[1.107s] Level 1:colcon.colcon_core.environment:checking '/home/pip/robocon/ROS2_training/dog_ros2_ws_with_js/install/node2_simulation' for CMake module files
[1.107s] Level 1:colcon.colcon_core.environment:checking '/home/pip/robocon/ROS2_training/dog_ros2_ws_with_js/install/node2_simulation' for CMake config files
[1.108s] Level 1:colcon.colcon_core.environment:checking '/home/pip/robocon/ROS2_training/dog_ros2_ws_with_js/install/node2_simulation/lib'
[1.108s] Level 1:colcon.colcon_core.environment:checking '/home/pip/robocon/ROS2_training/dog_ros2_ws_with_js/install/node2_simulation/bin'
[1.108s] Level 1:colcon.colcon_core.environment:checking '/home/pip/robocon/ROS2_training/dog_ros2_ws_with_js/install/node2_simulation/lib/pkgconfig/node2_simulation.pc'
[1.108s] Level 1:colcon.colcon_core.environment:checking '/home/pip/robocon/ROS2_training/dog_ros2_ws_with_js/install/node2_simulation/lib/python3.10/site-packages'
[1.108s] Level 1:colcon.colcon_core.shell:create_environment_hook('node2_simulation', 'pythonpath')
[1.108s] INFO:colcon.colcon_core.shell:Creating environment hook '/home/pip/robocon/ROS2_training/dog_ros2_ws_with_js/install/node2_simulation/share/node2_simulation/hook/pythonpath.ps1'
[1.108s] INFO:colcon.colcon_core.shell:Creating environment descriptor '/home/pip/robocon/ROS2_training/dog_ros2_ws_with_js/install/node2_simulation/share/node2_simulation/hook/pythonpath.dsv'
[1.108s] INFO:colcon.colcon_core.shell:Creating environment hook '/home/pip/robocon/ROS2_training/dog_ros2_ws_with_js/install/node2_simulation/share/node2_simulation/hook/pythonpath.sh'
[1.109s] Level 1:colcon.colcon_core.environment:checking '/home/pip/robocon/ROS2_training/dog_ros2_ws_with_js/install/node2_simulation/bin'
[1.109s] Level 1:colcon.colcon_core.environment:create_environment_scripts_only(node2_simulation)
[1.109s] INFO:colcon.colcon_core.shell:Creating package script '/home/pip/robocon/ROS2_training/dog_ros2_ws_with_js/install/node2_simulation/share/node2_simulation/package.ps1'
[1.110s] INFO:colcon.colcon_core.shell:Creating package descriptor '/home/pip/robocon/ROS2_training/dog_ros2_ws_with_js/install/node2_simulation/share/node2_simulation/package.dsv'
[1.110s] INFO:colcon.colcon_core.shell:Creating package script '/home/pip/robocon/ROS2_training/dog_ros2_ws_with_js/install/node2_simulation/share/node2_simulation/package.sh'
[1.110s] INFO:colcon.colcon_core.shell:Creating package script '/home/pip/robocon/ROS2_training/dog_ros2_ws_with_js/install/node2_simulation/share/node2_simulation/package.bash'
[1.111s] INFO:colcon.colcon_core.shell:Creating package script '/home/pip/robocon/ROS2_training/dog_ros2_ws_with_js/install/node2_simulation/share/node2_simulation/package.zsh'
[1.111s] Level 1:colcon.colcon_core.environment:create_file_with_runtime_dependencies(/home/pip/robocon/ROS2_training/dog_ros2_ws_with_js/install/node2_simulation/share/colcon-core/packages/node2_simulation)
[1.385s] DEBUG:colcon.colcon_core.event_handler.log_command:Invoked command in '/home/pip/robocon/ROS2_training/dog_ros2_ws_with_js/build/dog_msgs' returned '0': /usr/bin/cmake /home/pip/robocon/ROS2_training/dog_ros2_ws_with_js/src/dog_msgs -DCATKIN_INSTALL_INTO_PREFIX_ROOT=0 -DCATKIN_SYMLINK_INSTALL=ON -DCMAKE_INSTALL_PREFIX=/home/pip/robocon/ROS2_training/dog_ros2_ws_with_js/install/dog_msgs
[1.386s] DEBUG:colcon.colcon_core.event_handler.log_command:Invoking command in '/home/pip/robocon/ROS2_training/dog_ros2_ws_with_js/build/dog_msgs': /usr/bin/cmake --build /home/pip/robocon/ROS2_training/dog_ros2_ws_with_js/build/dog_msgs -- -j32 -l32
[2.797s] DEBUG:colcon.colcon_core.event_handler.log_command:Invoked command in '/home/pip/robocon/ROS2_training/dog_ros2_ws_with_js/build/dog_msgs' returned '0': /usr/bin/cmake --build /home/pip/robocon/ROS2_training/dog_ros2_ws_with_js/build/dog_msgs -- -j32 -l32
[2.804s] DEBUG:colcon.colcon_core.event_handler.log_command:Invoking command in '/home/pip/robocon/ROS2_training/dog_ros2_ws_with_js/build/dog_msgs': /usr/bin/cmake --install /home/pip/robocon/ROS2_training/dog_ros2_ws_with_js/build/dog_msgs
[2.854s] DEBUG:colcon.colcon_core.event_handler.log_command:Invoked command in '/home/pip/robocon/ROS2_training/dog_ros2_ws_with_js/build/dog_msgs' returned '0': /usr/bin/cmake --install /home/pip/robocon/ROS2_training/dog_ros2_ws_with_js/build/dog_msgs
[2.855s] Level 1:colcon.colcon_core.shell:create_environment_hook('dog_msgs', 'ros_package_path')
[2.855s] INFO:colcon.colcon_core.shell:Creating environment hook '/home/pip/robocon/ROS2_training/dog_ros2_ws_with_js/install/dog_msgs/share/dog_msgs/hook/ros_package_path.ps1'
[2.855s] INFO:colcon.colcon_core.shell:Creating environment descriptor '/home/pip/robocon/ROS2_training/dog_ros2_ws_with_js/install/dog_msgs/share/dog_msgs/hook/ros_package_path.dsv'
[2.855s] INFO:colcon.colcon_core.shell:Creating environment hook '/home/pip/robocon/ROS2_training/dog_ros2_ws_with_js/install/dog_msgs/share/dog_msgs/hook/ros_package_path.sh'
[2.855s] Level 1:colcon.colcon_ros.task.catkin:checking '/home/pip/robocon/ROS2_training/dog_ros2_ws_with_js/install/dog_msgs/local/lib/python3.10/dist-packages'
[2.855s] Level 1:colcon.colcon_core.shell:create_environment_hook('dog_msgs', 'catkin_pythonpath')
[2.856s] INFO:colcon.colcon_core.shell:Creating environment hook '/home/pip/robocon/ROS2_training/dog_ros2_ws_with_js/install/dog_msgs/share/dog_msgs/hook/catkin_pythonpath.ps1'
[2.856s] INFO:colcon.colcon_core.shell:Creating environment descriptor '/home/pip/robocon/ROS2_training/dog_ros2_ws_with_js/install/dog_msgs/share/dog_msgs/hook/catkin_pythonpath.dsv'
[2.856s] INFO:colcon.colcon_core.shell:Creating environment hook '/home/pip/robocon/ROS2_training/dog_ros2_ws_with_js/install/dog_msgs/share/dog_msgs/hook/catkin_pythonpath.sh'
[2.856s] Level 1:colcon.colcon_core.shell:create_environment_hook('dog_msgs', 'pkg_config_path')
[2.856s] INFO:colcon.colcon_core.shell:Creating environment hook '/home/pip/robocon/ROS2_training/dog_ros2_ws_with_js/install/dog_msgs/share/dog_msgs/hook/pkg_config_path.ps1'
[2.856s] INFO:colcon.colcon_core.shell:Creating environment descriptor '/home/pip/robocon/ROS2_training/dog_ros2_ws_with_js/install/dog_msgs/share/dog_msgs/hook/pkg_config_path.dsv'
[2.856s] INFO:colcon.colcon_core.shell:Creating environment hook '/home/pip/robocon/ROS2_training/dog_ros2_ws_with_js/install/dog_msgs/share/dog_msgs/hook/pkg_config_path.sh'
[2.858s] Level 1:colcon.colcon_core.shell:create_environment_hook('dog_msgs', 'pkg_config_path_multiarch')
[2.858s] INFO:colcon.colcon_core.shell:Creating environment hook '/home/pip/robocon/ROS2_training/dog_ros2_ws_with_js/install/dog_msgs/share/dog_msgs/hook/pkg_config_path_multiarch.ps1'
[2.858s] INFO:colcon.colcon_core.shell:Creating environment descriptor '/home/pip/robocon/ROS2_training/dog_ros2_ws_with_js/install/dog_msgs/share/dog_msgs/hook/pkg_config_path_multiarch.dsv'
[2.858s] INFO:colcon.colcon_core.shell:Creating environment hook '/home/pip/robocon/ROS2_training/dog_ros2_ws_with_js/install/dog_msgs/share/dog_msgs/hook/pkg_config_path_multiarch.sh'
[2.859s] Level 1:colcon.colcon_core.environment:create_environment_scripts_only(dog_msgs)
[2.859s] Level 1:colcon.colcon_core.environment:checking '/home/pip/robocon/ROS2_training/dog_ros2_ws_with_js/install/dog_msgs' for CMake module files
[2.859s] Level 1:colcon.colcon_core.environment:checking '/home/pip/robocon/ROS2_training/dog_ros2_ws_with_js/install/dog_msgs' for CMake config files
[2.860s] Level 1:colcon.colcon_core.shell:create_environment_hook('dog_msgs', 'cmake_prefix_path')
[2.860s] INFO:colcon.colcon_core.shell:Creating environment hook '/home/pip/robocon/ROS2_training/dog_ros2_ws_with_js/install/dog_msgs/share/dog_msgs/hook/cmake_prefix_path.ps1'
[2.860s] INFO:colcon.colcon_core.shell:Creating environment descriptor '/home/pip/robocon/ROS2_training/dog_ros2_ws_with_js/install/dog_msgs/share/dog_msgs/hook/cmake_prefix_path.dsv'
[2.860s] INFO:colcon.colcon_core.shell:Creating environment hook '/home/pip/robocon/ROS2_training/dog_ros2_ws_with_js/install/dog_msgs/share/dog_msgs/hook/cmake_prefix_path.sh'
[2.860s] Level 1:colcon.colcon_core.environment:checking '/home/pip/robocon/ROS2_training/dog_ros2_ws_with_js/install/dog_msgs/lib'
[2.861s] Level 1:colcon.colcon_core.shell:create_environment_hook('dog_msgs', 'ld_library_path_lib')
[2.861s] INFO:colcon.colcon_core.shell:Creating environment hook '/home/pip/robocon/ROS2_training/dog_ros2_ws_with_js/install/dog_msgs/share/dog_msgs/hook/ld_library_path_lib.ps1'
[2.861s] INFO:colcon.colcon_core.shell:Creating environment descriptor '/home/pip/robocon/ROS2_training/dog_ros2_ws_with_js/install/dog_msgs/share/dog_msgs/hook/ld_library_path_lib.dsv'
[2.861s] INFO:colcon.colcon_core.shell:Creating environment hook '/home/pip/robocon/ROS2_training/dog_ros2_ws_with_js/install/dog_msgs/share/dog_msgs/hook/ld_library_path_lib.sh'
[2.861s] Level 1:colcon.colcon_core.environment:checking '/home/pip/robocon/ROS2_training/dog_ros2_ws_with_js/install/dog_msgs/bin'
[2.861s] Level 1:colcon.colcon_core.environment:checking '/home/pip/robocon/ROS2_training/dog_ros2_ws_with_js/install/dog_msgs/lib/pkgconfig/dog_msgs.pc'
[2.861s] Level 1:colcon.colcon_core.environment:checking '/home/pip/robocon/ROS2_training/dog_ros2_ws_with_js/install/dog_msgs/lib/python3.10/site-packages'
[2.862s] Level 1:colcon.colcon_core.environment:checking '/home/pip/robocon/ROS2_training/dog_ros2_ws_with_js/install/dog_msgs/bin'
[2.862s] INFO:colcon.colcon_core.shell:Creating package script '/home/pip/robocon/ROS2_training/dog_ros2_ws_with_js/install/dog_msgs/share/dog_msgs/package.ps1'
[2.862s] INFO:colcon.colcon_core.shell:Creating package descriptor '/home/pip/robocon/ROS2_training/dog_ros2_ws_with_js/install/dog_msgs/share/dog_msgs/package.dsv'
[2.862s] INFO:colcon.colcon_core.shell:Creating package script '/home/pip/robocon/ROS2_training/dog_ros2_ws_with_js/install/dog_msgs/share/dog_msgs/package.sh'
[2.863s] INFO:colcon.colcon_core.shell:Creating package script '/home/pip/robocon/ROS2_training/dog_ros2_ws_with_js/install/dog_msgs/share/dog_msgs/package.bash'
[2.863s] INFO:colcon.colcon_core.shell:Creating package script '/home/pip/robocon/ROS2_training/dog_ros2_ws_with_js/install/dog_msgs/share/dog_msgs/package.zsh'
[2.863s] Level 1:colcon.colcon_core.environment:create_file_with_runtime_dependencies(/home/pip/robocon/ROS2_training/dog_ros2_ws_with_js/install/dog_msgs/share/colcon-core/packages/dog_msgs)
[2.863s] INFO:colcon.colcon_ros.task.ament_cmake.build:Building ROS package in '/home/pip/robocon/ROS2_training/dog_ros2_ws_with_js/src/node1_controller' with build type 'ament_cmake'
[2.863s] INFO:colcon.colcon_cmake.task.cmake.build:Building CMake package in '/home/pip/robocon/ROS2_training/dog_ros2_ws_with_js/src/node1_controller'
[2.863s] INFO:colcon.colcon_core.shell:Skip shell extension 'powershell' for command environment: Not usable outside of PowerShell
[2.863s] DEBUG:colcon.colcon_core.shell:Skip shell extension 'dsv' for command environment
[2.866s] INFO:colcon.colcon_ros.task.ament_cmake.build:Building ROS package in '/home/pip/robocon/ROS2_training/dog_ros2_ws_with_js/src/node3_handle' with build type 'ament_cmake'
[2.866s] INFO:colcon.colcon_cmake.task.cmake.build:Building CMake package in '/home/pip/robocon/ROS2_training/dog_ros2_ws_with_js/src/node3_handle'
[2.866s] INFO:colcon.colcon_core.shell:Skip shell extension 'powershell' for command environment: Not usable outside of PowerShell
[2.866s] DEBUG:colcon.colcon_core.shell:Skip shell extension 'dsv' for command environment
[2.870s] DEBUG:colcon.colcon_core.event_handler.log_command:Invoking command in '/home/pip/robocon/ROS2_training/dog_ros2_ws_with_js/build/node1_controller': CMAKE_PREFIX_PATH=/home/pip/robocon/ROS2_training/dog_ros2_ws_with_js/install/node2_simulation:/opt/ros/humble:/home/pip/robocon/ROS2_training/dog_ros2_ws_with_js/install/dog_msgs:/home/pip/robocon/ROS2_training/dog_ros2_ws_with_js/install/node3_handle:/home/pip/robocon/ROS2_training/dog_ros2_ws_with_js/install/node1_controller PYTHONPATH=/home/pip/robocon/ROS2_training/dog_ros2_ws_with_js/install/dog_msgs/local/lib/python3.10/dist-packages:/home/pip/robocon/ROS2_training/dog_ros2_ws_with_js/build/node2_simulation:/home/pip/robocon/ROS2_training/dog_ros2_ws_with_js/install/node2_simulation/lib/python3.10/site-packages:/opt/ros/humble/lib/python3.10/site-packages:/opt/ros/humble/local/lib/python3.10/dist-packages /usr/bin/cmake /home/pip/robocon/ROS2_training/dog_ros2_ws_with_js/src/node1_controller -DAMENT_CMAKE_SYMLINK_INSTALL=1 -DCMAKE_INSTALL_PREFIX=/home/pip/robocon/ROS2_training/dog_ros2_ws_with_js/install/node1_controller
[2.872s] DEBUG:colcon.colcon_core.event_handler.log_command:Invoking command in '/home/pip/robocon/ROS2_training/dog_ros2_ws_with_js/build/node3_handle': CMAKE_PREFIX_PATH=/home/pip/robocon/ROS2_training/dog_ros2_ws_with_js/install/node2_simulation:/opt/ros/humble:/home/pip/robocon/ROS2_training/dog_ros2_ws_with_js/install/dog_msgs:/home/pip/robocon/ROS2_training/dog_ros2_ws_with_js/install/node3_handle:/home/pip/robocon/ROS2_training/dog_ros2_ws_with_js/install/node1_controller PYTHONPATH=/home/pip/robocon/ROS2_training/dog_ros2_ws_with_js/install/dog_msgs/local/lib/python3.10/dist-packages:/home/pip/robocon/ROS2_training/dog_ros2_ws_with_js/build/node2_simulation:/home/pip/robocon/ROS2_training/dog_ros2_ws_with_js/install/node2_simulation/lib/python3.10/site-packages:/opt/ros/humble/lib/python3.10/site-packages:/opt/ros/humble/local/lib/python3.10/dist-packages /usr/bin/cmake /home/pip/robocon/ROS2_training/dog_ros2_ws_with_js/src/node3_handle -DAMENT_CMAKE_SYMLINK_INSTALL=1 -DCMAKE_INSTALL_PREFIX=/home/pip/robocon/ROS2_training/dog_ros2_ws_with_js/install/node3_handle
[3.605s] DEBUG:colcon.colcon_core.event_handler.log_command:Invoked command in '/home/pip/robocon/ROS2_training/dog_ros2_ws_with_js/build/node1_controller' returned '0': CMAKE_PREFIX_PATH=/home/pip/robocon/ROS2_training/dog_ros2_ws_with_js/install/node2_simulation:/opt/ros/humble:/home/pip/robocon/ROS2_training/dog_ros2_ws_with_js/install/dog_msgs:/home/pip/robocon/ROS2_training/dog_ros2_ws_with_js/install/node3_handle:/home/pip/robocon/ROS2_training/dog_ros2_ws_with_js/install/node1_controller PYTHONPATH=/home/pip/robocon/ROS2_training/dog_ros2_ws_with_js/install/dog_msgs/local/lib/python3.10/dist-packages:/home/pip/robocon/ROS2_training/dog_ros2_ws_with_js/build/node2_simulation:/home/pip/robocon/ROS2_training/dog_ros2_ws_with_js/install/node2_simulation/lib/python3.10/site-packages:/opt/ros/humble/lib/python3.10/site-packages:/opt/ros/humble/local/lib/python3.10/dist-packages /usr/bin/cmake /home/pip/robocon/ROS2_training/dog_ros2_ws_with_js/src/node1_controller -DAMENT_CMAKE_SYMLINK_INSTALL=1 -DCMAKE_INSTALL_PREFIX=/home/pip/robocon/ROS2_training/dog_ros2_ws_with_js/install/node1_controller
[3.606s] DEBUG:colcon.colcon_core.event_handler.log_command:Invoking command in '/home/pip/robocon/ROS2_training/dog_ros2_ws_with_js/build/node1_controller': CMAKE_PREFIX_PATH=/home/pip/robocon/ROS2_training/dog_ros2_ws_with_js/install/node2_simulation:/opt/ros/humble:/home/pip/robocon/ROS2_training/dog_ros2_ws_with_js/install/dog_msgs:/home/pip/robocon/ROS2_training/dog_ros2_ws_with_js/install/node3_handle:/home/pip/robocon/ROS2_training/dog_ros2_ws_with_js/install/node1_controller PYTHONPATH=/home/pip/robocon/ROS2_training/dog_ros2_ws_with_js/install/dog_msgs/local/lib/python3.10/dist-packages:/home/pip/robocon/ROS2_training/dog_ros2_ws_with_js/build/node2_simulation:/home/pip/robocon/ROS2_training/dog_ros2_ws_with_js/install/node2_simulation/lib/python3.10/site-packages:/opt/ros/humble/lib/python3.10/site-packages:/opt/ros/humble/local/lib/python3.10/dist-packages /usr/bin/cmake --build /home/pip/robocon/ROS2_training/dog_ros2_ws_with_js/build/node1_controller -- -j32 -l32
[3.608s] DEBUG:colcon.colcon_core.event_handler.log_command:Invoked command in '/home/pip/robocon/ROS2_training/dog_ros2_ws_with_js/build/node3_handle' returned '0': CMAKE_PREFIX_PATH=/home/pip/robocon/ROS2_training/dog_ros2_ws_with_js/install/node2_simulation:/opt/ros/humble:/home/pip/robocon/ROS2_training/dog_ros2_ws_with_js/install/dog_msgs:/home/pip/robocon/ROS2_training/dog_ros2_ws_with_js/install/node3_handle:/home/pip/robocon/ROS2_training/dog_ros2_ws_with_js/install/node1_controller PYTHONPATH=/home/pip/robocon/ROS2_training/dog_ros2_ws_with_js/install/dog_msgs/local/lib/python3.10/dist-packages:/home/pip/robocon/ROS2_training/dog_ros2_ws_with_js/build/node2_simulation:/home/pip/robocon/ROS2_training/dog_ros2_ws_with_js/install/node2_simulation/lib/python3.10/site-packages:/opt/ros/humble/lib/python3.10/site-packages:/opt/ros/humble/local/lib/python3.10/dist-packages /usr/bin/cmake /home/pip/robocon/ROS2_training/dog_ros2_ws_with_js/src/node3_handle -DAMENT_CMAKE_SYMLINK_INSTALL=1 -DCMAKE_INSTALL_PREFIX=/home/pip/robocon/ROS2_training/dog_ros2_ws_with_js/install/node3_handle
[3.609s] DEBUG:colcon.colcon_core.event_handler.log_command:Invoking command in '/home/pip/robocon/ROS2_training/dog_ros2_ws_with_js/build/node3_handle': CMAKE_PREFIX_PATH=/home/pip/robocon/ROS2_training/dog_ros2_ws_with_js/install/node2_simulation:/opt/ros/humble:/home/pip/robocon/ROS2_training/dog_ros2_ws_with_js/install/dog_msgs:/home/pip/robocon/ROS2_training/dog_ros2_ws_with_js/install/node3_handle:/home/pip/robocon/ROS2_training/dog_ros2_ws_with_js/install/node1_controller PYTHONPATH=/home/pip/robocon/ROS2_training/dog_ros2_ws_with_js/install/dog_msgs/local/lib/python3.10/dist-packages:/home/pip/robocon/ROS2_training/dog_ros2_ws_with_js/build/node2_simulation:/home/pip/robocon/ROS2_training/dog_ros2_ws_with_js/install/node2_simulation/lib/python3.10/site-packages:/opt/ros/humble/lib/python3.10/site-packages:/opt/ros/humble/local/lib/python3.10/dist-packages /usr/bin/cmake --build /home/pip/robocon/ROS2_training/dog_ros2_ws_with_js/build/node3_handle -- -j32 -l32
[5.952s] DEBUG:colcon.colcon_core.event_handler.log_command:Invoked command in '/home/pip/robocon/ROS2_training/dog_ros2_ws_with_js/build/node3_handle' returned '0': CMAKE_PREFIX_PATH=/home/pip/robocon/ROS2_training/dog_ros2_ws_with_js/install/node2_simulation:/opt/ros/humble:/home/pip/robocon/ROS2_training/dog_ros2_ws_with_js/install/dog_msgs:/home/pip/robocon/ROS2_training/dog_ros2_ws_with_js/install/node3_handle:/home/pip/robocon/ROS2_training/dog_ros2_ws_with_js/install/node1_controller PYTHONPATH=/home/pip/robocon/ROS2_training/dog_ros2_ws_with_js/install/dog_msgs/local/lib/python3.10/dist-packages:/home/pip/robocon/ROS2_training/dog_ros2_ws_with_js/build/node2_simulation:/home/pip/robocon/ROS2_training/dog_ros2_ws_with_js/install/node2_simulation/lib/python3.10/site-packages:/opt/ros/humble/lib/python3.10/site-packages:/opt/ros/humble/local/lib/python3.10/dist-packages /usr/bin/cmake --build /home/pip/robocon/ROS2_training/dog_ros2_ws_with_js/build/node3_handle -- -j32 -l32
[5.953s] DEBUG:colcon.colcon_core.event_handler.log_command:Invoking command in '/home/pip/robocon/ROS2_training/dog_ros2_ws_with_js/build/node3_handle': CMAKE_PREFIX_PATH=/home/pip/robocon/ROS2_training/dog_ros2_ws_with_js/install/node2_simulation:/opt/ros/humble:/home/pip/robocon/ROS2_training/dog_ros2_ws_with_js/install/dog_msgs:/home/pip/robocon/ROS2_training/dog_ros2_ws_with_js/install/node3_handle:/home/pip/robocon/ROS2_training/dog_ros2_ws_with_js/install/node1_controller PYTHONPATH=/home/pip/robocon/ROS2_training/dog_ros2_ws_with_js/install/dog_msgs/local/lib/python3.10/dist-packages:/home/pip/robocon/ROS2_training/dog_ros2_ws_with_js/build/node2_simulation:/home/pip/robocon/ROS2_training/dog_ros2_ws_with_js/install/node2_simulation/lib/python3.10/site-packages:/opt/ros/humble/lib/python3.10/site-packages:/opt/ros/humble/local/lib/python3.10/dist-packages /usr/bin/cmake --install /home/pip/robocon/ROS2_training/dog_ros2_ws_with_js/build/node3_handle
[6.054s] Level 1:colcon.colcon_core.environment:create_environment_scripts_only(node3_handle)
[6.054s] Level 1:colcon.colcon_core.environment:checking '/home/pip/robocon/ROS2_training/dog_ros2_ws_with_js/install/node3_handle' for CMake module files
[6.055s] DEBUG:colcon.colcon_core.event_handler.log_command:Invoked command in '/home/pip/robocon/ROS2_training/dog_ros2_ws_with_js/build/node3_handle' returned '0': CMAKE_PREFIX_PATH=/home/pip/robocon/ROS2_training/dog_ros2_ws_with_js/install/node2_simulation:/opt/ros/humble:/home/pip/robocon/ROS2_training/dog_ros2_ws_with_js/install/dog_msgs:/home/pip/robocon/ROS2_training/dog_ros2_ws_with_js/install/node3_handle:/home/pip/robocon/ROS2_training/dog_ros2_ws_with_js/install/node1_controller PYTHONPATH=/home/pip/robocon/ROS2_training/dog_ros2_ws_with_js/install/dog_msgs/local/lib/python3.10/dist-packages:/home/pip/robocon/ROS2_training/dog_ros2_ws_with_js/build/node2_simulation:/home/pip/robocon/ROS2_training/dog_ros2_ws_with_js/install/node2_simulation/lib/python3.10/site-packages:/opt/ros/humble/lib/python3.10/site-packages:/opt/ros/humble/local/lib/python3.10/dist-packages /usr/bin/cmake --install /home/pip/robocon/ROS2_training/dog_ros2_ws_with_js/build/node3_handle
[6.055s] Level 1:colcon.colcon_core.environment:checking '/home/pip/robocon/ROS2_training/dog_ros2_ws_with_js/install/node3_handle' for CMake config files
[6.055s] Level 1:colcon.colcon_core.shell:create_environment_hook('node3_handle', 'cmake_prefix_path')
[6.055s] INFO:colcon.colcon_core.shell:Creating environment hook '/home/pip/robocon/ROS2_training/dog_ros2_ws_with_js/install/node3_handle/share/node3_handle/hook/cmake_prefix_path.ps1'
[6.056s] INFO:colcon.colcon_core.shell:Creating environment descriptor '/home/pip/robocon/ROS2_training/dog_ros2_ws_with_js/install/node3_handle/share/node3_handle/hook/cmake_prefix_path.dsv'
[6.056s] INFO:colcon.colcon_core.shell:Creating environment hook '/home/pip/robocon/ROS2_training/dog_ros2_ws_with_js/install/node3_handle/share/node3_handle/hook/cmake_prefix_path.sh'
[6.056s] Level 1:colcon.colcon_core.environment:checking '/home/pip/robocon/ROS2_training/dog_ros2_ws_with_js/install/node3_handle/lib'
[6.056s] Level 1:colcon.colcon_core.environment:checking '/home/pip/robocon/ROS2_training/dog_ros2_ws_with_js/install/node3_handle/bin'
[6.056s] Level 1:colcon.colcon_core.environment:checking '/home/pip/robocon/ROS2_training/dog_ros2_ws_with_js/install/node3_handle/lib/pkgconfig/node3_handle.pc'
[6.056s] Level 1:colcon.colcon_core.environment:checking '/home/pip/robocon/ROS2_training/dog_ros2_ws_with_js/install/node3_handle/lib/python3.10/site-packages'
[6.056s] Level 1:colcon.colcon_core.environment:checking '/home/pip/robocon/ROS2_training/dog_ros2_ws_with_js/install/node3_handle/bin'
[6.057s] INFO:colcon.colcon_core.shell:Creating package script '/home/pip/robocon/ROS2_training/dog_ros2_ws_with_js/install/node3_handle/share/node3_handle/package.ps1'
[6.057s] INFO:colcon.colcon_core.shell:Creating package descriptor '/home/pip/robocon/ROS2_training/dog_ros2_ws_with_js/install/node3_handle/share/node3_handle/package.dsv'
[6.057s] INFO:colcon.colcon_core.shell:Creating package script '/home/pip/robocon/ROS2_training/dog_ros2_ws_with_js/install/node3_handle/share/node3_handle/package.sh'
[6.057s] INFO:colcon.colcon_core.shell:Creating package script '/home/pip/robocon/ROS2_training/dog_ros2_ws_with_js/install/node3_handle/share/node3_handle/package.bash'
[6.057s] INFO:colcon.colcon_core.shell:Creating package script '/home/pip/robocon/ROS2_training/dog_ros2_ws_with_js/install/node3_handle/share/node3_handle/package.zsh'
[6.058s] Level 1:colcon.colcon_core.environment:create_file_with_runtime_dependencies(/home/pip/robocon/ROS2_training/dog_ros2_ws_with_js/install/node3_handle/share/colcon-core/packages/node3_handle)
[6.058s] Level 1:colcon.colcon_core.environment:create_environment_scripts_only(node3_handle)
[6.058s] Level 1:colcon.colcon_core.environment:checking '/home/pip/robocon/ROS2_training/dog_ros2_ws_with_js/install/node3_handle' for CMake module files
[6.058s] Level 1:colcon.colcon_core.environment:checking '/home/pip/robocon/ROS2_training/dog_ros2_ws_with_js/install/node3_handle' for CMake config files
[6.058s] Level 1:colcon.colcon_core.shell:create_environment_hook('node3_handle', 'cmake_prefix_path')
[6.058s] INFO:colcon.colcon_core.shell:Creating environment hook '/home/pip/robocon/ROS2_training/dog_ros2_ws_with_js/install/node3_handle/share/node3_handle/hook/cmake_prefix_path.ps1'
[6.059s] INFO:colcon.colcon_core.shell:Creating environment descriptor '/home/pip/robocon/ROS2_training/dog_ros2_ws_with_js/install/node3_handle/share/node3_handle/hook/cmake_prefix_path.dsv'
[6.059s] INFO:colcon.colcon_core.shell:Creating environment hook '/home/pip/robocon/ROS2_training/dog_ros2_ws_with_js/install/node3_handle/share/node3_handle/hook/cmake_prefix_path.sh'
[6.059s] Level 1:colcon.colcon_core.environment:checking '/home/pip/robocon/ROS2_training/dog_ros2_ws_with_js/install/node3_handle/lib'
[6.059s] Level 1:colcon.colcon_core.environment:checking '/home/pip/robocon/ROS2_training/dog_ros2_ws_with_js/install/node3_handle/bin'
[6.059s] Level 1:colcon.colcon_core.environment:checking '/home/pip/robocon/ROS2_training/dog_ros2_ws_with_js/install/node3_handle/lib/pkgconfig/node3_handle.pc'
[6.059s] Level 1:colcon.colcon_core.environment:checking '/home/pip/robocon/ROS2_training/dog_ros2_ws_with_js/install/node3_handle/lib/python3.10/site-packages'
[6.059s] Level 1:colcon.colcon_core.environment:checking '/home/pip/robocon/ROS2_training/dog_ros2_ws_with_js/install/node3_handle/bin'
[6.060s] INFO:colcon.colcon_core.shell:Creating package script '/home/pip/robocon/ROS2_training/dog_ros2_ws_with_js/install/node3_handle/share/node3_handle/package.ps1'
[6.060s] INFO:colcon.colcon_core.shell:Creating package descriptor '/home/pip/robocon/ROS2_training/dog_ros2_ws_with_js/install/node3_handle/share/node3_handle/package.dsv'
[6.060s] INFO:colcon.colcon_core.shell:Creating package script '/home/pip/robocon/ROS2_training/dog_ros2_ws_with_js/install/node3_handle/share/node3_handle/package.sh'
[6.060s] INFO:colcon.colcon_core.shell:Creating package script '/home/pip/robocon/ROS2_training/dog_ros2_ws_with_js/install/node3_handle/share/node3_handle/package.bash'
[6.060s] INFO:colcon.colcon_core.shell:Creating package script '/home/pip/robocon/ROS2_training/dog_ros2_ws_with_js/install/node3_handle/share/node3_handle/package.zsh'
[6.061s] Level 1:colcon.colcon_core.environment:create_file_with_runtime_dependencies(/home/pip/robocon/ROS2_training/dog_ros2_ws_with_js/install/node3_handle/share/colcon-core/packages/node3_handle)
[10.940s] DEBUG:colcon.colcon_core.event_handler.log_command:Invoked command in '/home/pip/robocon/ROS2_training/dog_ros2_ws_with_js/build/node1_controller' returned '0': CMAKE_PREFIX_PATH=/home/pip/robocon/ROS2_training/dog_ros2_ws_with_js/install/node2_simulation:/opt/ros/humble:/home/pip/robocon/ROS2_training/dog_ros2_ws_with_js/install/dog_msgs:/home/pip/robocon/ROS2_training/dog_ros2_ws_with_js/install/node3_handle:/home/pip/robocon/ROS2_training/dog_ros2_ws_with_js/install/node1_controller PYTHONPATH=/home/pip/robocon/ROS2_training/dog_ros2_ws_with_js/install/dog_msgs/local/lib/python3.10/dist-packages:/home/pip/robocon/ROS2_training/dog_ros2_ws_with_js/build/node2_simulation:/home/pip/robocon/ROS2_training/dog_ros2_ws_with_js/install/node2_simulation/lib/python3.10/site-packages:/opt/ros/humble/lib/python3.10/site-packages:/opt/ros/humble/local/lib/python3.10/dist-packages /usr/bin/cmake --build /home/pip/robocon/ROS2_training/dog_ros2_ws_with_js/build/node1_controller -- -j32 -l32
[10.941s] DEBUG:colcon.colcon_core.event_handler.log_command:Invoking command in '/home/pip/robocon/ROS2_training/dog_ros2_ws_with_js/build/node1_controller': CMAKE_PREFIX_PATH=/home/pip/robocon/ROS2_training/dog_ros2_ws_with_js/install/node2_simulation:/opt/ros/humble:/home/pip/robocon/ROS2_training/dog_ros2_ws_with_js/install/dog_msgs:/home/pip/robocon/ROS2_training/dog_ros2_ws_with_js/install/node3_handle:/home/pip/robocon/ROS2_training/dog_ros2_ws_with_js/install/node1_controller PYTHONPATH=/home/pip/robocon/ROS2_training/dog_ros2_ws_with_js/install/dog_msgs/local/lib/python3.10/dist-packages:/home/pip/robocon/ROS2_training/dog_ros2_ws_with_js/build/node2_simulation:/home/pip/robocon/ROS2_training/dog_ros2_ws_with_js/install/node2_simulation/lib/python3.10/site-packages:/opt/ros/humble/lib/python3.10/site-packages:/opt/ros/humble/local/lib/python3.10/dist-packages /usr/bin/cmake --install /home/pip/robocon/ROS2_training/dog_ros2_ws_with_js/build/node1_controller
[11.036s] Level 1:colcon.colcon_core.environment:create_environment_scripts_only(node1_controller)
[11.036s] Level 1:colcon.colcon_core.environment:checking '/home/pip/robocon/ROS2_training/dog_ros2_ws_with_js/install/node1_controller' for CMake module files
[11.036s] DEBUG:colcon.colcon_core.event_handler.log_command:Invoked command in '/home/pip/robocon/ROS2_training/dog_ros2_ws_with_js/build/node1_controller' returned '0': CMAKE_PREFIX_PATH=/home/pip/robocon/ROS2_training/dog_ros2_ws_with_js/install/node2_simulation:/opt/ros/humble:/home/pip/robocon/ROS2_training/dog_ros2_ws_with_js/install/dog_msgs:/home/pip/robocon/ROS2_training/dog_ros2_ws_with_js/install/node3_handle:/home/pip/robocon/ROS2_training/dog_ros2_ws_with_js/install/node1_controller PYTHONPATH=/home/pip/robocon/ROS2_training/dog_ros2_ws_with_js/install/dog_msgs/local/lib/python3.10/dist-packages:/home/pip/robocon/ROS2_training/dog_ros2_ws_with_js/build/node2_simulation:/home/pip/robocon/ROS2_training/dog_ros2_ws_with_js/install/node2_simulation/lib/python3.10/site-packages:/opt/ros/humble/lib/python3.10/site-packages:/opt/ros/humble/local/lib/python3.10/dist-packages /usr/bin/cmake --install /home/pip/robocon/ROS2_training/dog_ros2_ws_with_js/build/node1_controller
[11.037s] Level 1:colcon.colcon_core.environment:checking '/home/pip/robocon/ROS2_training/dog_ros2_ws_with_js/install/node1_controller' for CMake config files
[11.037s] Level 1:colcon.colcon_core.shell:create_environment_hook('node1_controller', 'cmake_prefix_path')
[11.037s] INFO:colcon.colcon_core.shell:Creating environment hook '/home/pip/robocon/ROS2_training/dog_ros2_ws_with_js/install/node1_controller/share/node1_controller/hook/cmake_prefix_path.ps1'
[11.037s] INFO:colcon.colcon_core.shell:Creating environment descriptor '/home/pip/robocon/ROS2_training/dog_ros2_ws_with_js/install/node1_controller/share/node1_controller/hook/cmake_prefix_path.dsv'
[11.037s] INFO:colcon.colcon_core.shell:Creating environment hook '/home/pip/robocon/ROS2_training/dog_ros2_ws_with_js/install/node1_controller/share/node1_controller/hook/cmake_prefix_path.sh'
[11.038s] Level 1:colcon.colcon_core.environment:checking '/home/pip/robocon/ROS2_training/dog_ros2_ws_with_js/install/node1_controller/lib'
[11.038s] Level 1:colcon.colcon_core.environment:checking '/home/pip/robocon/ROS2_training/dog_ros2_ws_with_js/install/node1_controller/bin'
[11.038s] Level 1:colcon.colcon_core.environment:checking '/home/pip/robocon/ROS2_training/dog_ros2_ws_with_js/install/node1_controller/lib/pkgconfig/node1_controller.pc'
[11.038s] Level 1:colcon.colcon_core.environment:checking '/home/pip/robocon/ROS2_training/dog_ros2_ws_with_js/install/node1_controller/lib/python3.10/site-packages'
[11.038s] Level 1:colcon.colcon_core.environment:checking '/home/pip/robocon/ROS2_training/dog_ros2_ws_with_js/install/node1_controller/bin'
[11.038s] INFO:colcon.colcon_core.shell:Creating package script '/home/pip/robocon/ROS2_training/dog_ros2_ws_with_js/install/node1_controller/share/node1_controller/package.ps1'
[11.039s] INFO:colcon.colcon_core.shell:Creating package descriptor '/home/pip/robocon/ROS2_training/dog_ros2_ws_with_js/install/node1_controller/share/node1_controller/package.dsv'
[11.039s] INFO:colcon.colcon_core.shell:Creating package script '/home/pip/robocon/ROS2_training/dog_ros2_ws_with_js/install/node1_controller/share/node1_controller/package.sh'
[11.039s] INFO:colcon.colcon_core.shell:Creating package script '/home/pip/robocon/ROS2_training/dog_ros2_ws_with_js/install/node1_controller/share/node1_controller/package.bash'
[11.039s] INFO:colcon.colcon_core.shell:Creating package script '/home/pip/robocon/ROS2_training/dog_ros2_ws_with_js/install/node1_controller/share/node1_controller/package.zsh'
[11.039s] Level 1:colcon.colcon_core.environment:create_file_with_runtime_dependencies(/home/pip/robocon/ROS2_training/dog_ros2_ws_with_js/install/node1_controller/share/colcon-core/packages/node1_controller)
[11.040s] Level 1:colcon.colcon_core.environment:create_environment_scripts_only(node1_controller)
[11.040s] Level 1:colcon.colcon_core.environment:checking '/home/pip/robocon/ROS2_training/dog_ros2_ws_with_js/install/node1_controller' for CMake module files
[11.040s] Level 1:colcon.colcon_core.environment:checking '/home/pip/robocon/ROS2_training/dog_ros2_ws_with_js/install/node1_controller' for CMake config files
[11.040s] Level 1:colcon.colcon_core.shell:create_environment_hook('node1_controller', 'cmake_prefix_path')
[11.040s] INFO:colcon.colcon_core.shell:Creating environment hook '/home/pip/robocon/ROS2_training/dog_ros2_ws_with_js/install/node1_controller/share/node1_controller/hook/cmake_prefix_path.ps1'
[11.040s] INFO:colcon.colcon_core.shell:Creating environment descriptor '/home/pip/robocon/ROS2_training/dog_ros2_ws_with_js/install/node1_controller/share/node1_controller/hook/cmake_prefix_path.dsv'
[11.041s] INFO:colcon.colcon_core.shell:Creating environment hook '/home/pip/robocon/ROS2_training/dog_ros2_ws_with_js/install/node1_controller/share/node1_controller/hook/cmake_prefix_path.sh'
[11.041s] Level 1:colcon.colcon_core.environment:checking '/home/pip/robocon/ROS2_training/dog_ros2_ws_with_js/install/node1_controller/lib'
[11.041s] Level 1:colcon.colcon_core.environment:checking '/home/pip/robocon/ROS2_training/dog_ros2_ws_with_js/install/node1_controller/bin'
[11.041s] Level 1:colcon.colcon_core.environment:checking '/home/pip/robocon/ROS2_training/dog_ros2_ws_with_js/install/node1_controller/lib/pkgconfig/node1_controller.pc'
[11.041s] Level 1:colcon.colcon_core.environment:checking '/home/pip/robocon/ROS2_training/dog_ros2_ws_with_js/install/node1_controller/lib/python3.10/site-packages'
[11.041s] Level 1:colcon.colcon_core.environment:checking '/home/pip/robocon/ROS2_training/dog_ros2_ws_with_js/install/node1_controller/bin'
[11.041s] INFO:colcon.colcon_core.shell:Creating package script '/home/pip/robocon/ROS2_training/dog_ros2_ws_with_js/install/node1_controller/share/node1_controller/package.ps1'
[11.042s] INFO:colcon.colcon_core.shell:Creating package descriptor '/home/pip/robocon/ROS2_training/dog_ros2_ws_with_js/install/node1_controller/share/node1_controller/package.dsv'
[11.042s] INFO:colcon.colcon_core.shell:Creating package script '/home/pip/robocon/ROS2_training/dog_ros2_ws_with_js/install/node1_controller/share/node1_controller/package.sh'
[11.042s] INFO:colcon.colcon_core.shell:Creating package script '/home/pip/robocon/ROS2_training/dog_ros2_ws_with_js/install/node1_controller/share/node1_controller/package.bash'
[11.042s] INFO:colcon.colcon_core.shell:Creating package script '/home/pip/robocon/ROS2_training/dog_ros2_ws_with_js/install/node1_controller/share/node1_controller/package.zsh'
[11.043s] Level 1:colcon.colcon_core.environment:create_file_with_runtime_dependencies(/home/pip/robocon/ROS2_training/dog_ros2_ws_with_js/install/node1_controller/share/colcon-core/packages/node1_controller)
[11.043s] DEBUG:colcon.colcon_parallel_executor.executor.parallel:closing loop
[11.043s] DEBUG:colcon.colcon_parallel_executor.executor.parallel:loop closed
[11.043s] DEBUG:colcon.colcon_parallel_executor.executor.parallel:run_until_complete finished with '0'
[11.043s] DEBUG:colcon.colcon_core.event_reactor:joining thread
[11.046s] INFO:colcon.colcon_core.plugin_system:Skipping extension 'colcon_notification.desktop_notification.terminal_notifier': Not used on non-Darwin systems
[11.046s] INFO:colcon.colcon_core.plugin_system:Skipping extension 'colcon_notification.desktop_notification.win32': Not used on non-Windows systems
[11.046s] INFO:colcon.colcon_notification.desktop_notification:Sending desktop notification using 'notify2'
[11.053s] DEBUG:colcon.colcon_core.event_reactor:joined thread
[11.054s] INFO:colcon.colcon_core.shell:Creating prefix script '/home/pip/robocon/ROS2_training/dog_ros2_ws_with_js/install/local_setup.ps1'
[11.054s] INFO:colcon.colcon_core.shell:Creating prefix util module '/home/pip/robocon/ROS2_training/dog_ros2_ws_with_js/install/_local_setup_util_ps1.py'
[11.055s] INFO:colcon.colcon_core.shell:Creating prefix chain script '/home/pip/robocon/ROS2_training/dog_ros2_ws_with_js/install/setup.ps1'
[11.055s] INFO:colcon.colcon_core.shell:Creating prefix script '/home/pip/robocon/ROS2_training/dog_ros2_ws_with_js/install/local_setup.sh'
[11.056s] INFO:colcon.colcon_core.shell:Creating prefix util module '/home/pip/robocon/ROS2_training/dog_ros2_ws_with_js/install/_local_setup_util_sh.py'
[11.056s] INFO:colcon.colcon_core.shell:Creating prefix chain script '/home/pip/robocon/ROS2_training/dog_ros2_ws_with_js/install/setup.sh'
[11.056s] INFO:colcon.colcon_core.shell:Creating prefix script '/home/pip/robocon/ROS2_training/dog_ros2_ws_with_js/install/local_setup.bash'
[11.057s] INFO:colcon.colcon_core.shell:Creating prefix chain script '/home/pip/robocon/ROS2_training/dog_ros2_ws_with_js/install/setup.bash'
[11.057s] INFO:colcon.colcon_core.shell:Creating prefix script '/home/pip/robocon/ROS2_training/dog_ros2_ws_with_js/install/local_setup.zsh'
[11.057s] INFO:colcon.colcon_core.shell:Creating prefix chain script '/home/pip/robocon/ROS2_training/dog_ros2_ws_with_js/install/setup.zsh'
