[0.095s] DEBUG:colcon:Command line arguments: ['/usr/bin/colcon', 'build', '--symlink-install']
[0.095s] DEBUG:colcon:Parsed command line arguments: Namespace(log_base=None, log_level=None, verb_name='build', build_base='build', install_base='install', merge_install=False, symlink_install=True, test_result_base=None, continue_on_error=False, executor='parallel', parallel_workers=32, event_handlers=None, ignore_user_meta=False, metas=['./colcon.meta'], base_paths=['.'], packages_ignore=None, packages_ignore_regex=None, paths=None, packages_up_to=None, packages_up_to_regex=None, packages_above=None, packages_above_and_dependencies=None, packages_above_depth=None, packages_select_by_dep=None, packages_skip_by_dep=None, packages_skip_up_to=None, packages_select_build_failed=False, packages_skip_build_finished=False, packages_select_test_failures=False, packages_skip_test_passed=False, packages_select=None, packages_skip=None, packages_select_regex=None, packages_skip_regex=None, packages_start=None, packages_end=None, allow_overriding=[], cmake_args=None, cmake_target=None, cmake_target_skip_unavailable=False, cmake_clean_cache=False, cmake_clean_first=False, cmake_force_configure=False, ament_cmake_args=None, catkin_cmake_args=None, catkin_skip_building_tests=False, verb_parser=<colcon_defaults.argument_parser.defaults.DefaultArgumentsDecorator object at 0x7a7b430a3610>, verb_extension=<colcon_core.verb.build.BuildVerb object at 0x7a7b4326c250>, main=<bound method BuildVerb.main of <colcon_core.verb.build.BuildVerb object at 0x7a7b4326c250>>)
[0.227s] Level 1:colcon.colcon_core.package_discovery:discover_packages(colcon_meta) check parameters
[0.228s] Level 1:colcon.colcon_core.package_discovery:discover_packages(recursive) check parameters
[0.228s] Level 1:colcon.colcon_core.package_discovery:discover_packages(ignore) check parameters
[0.228s] Level 1:colcon.colcon_core.package_discovery:discover_packages(path) check parameters
[0.228s] Level 1:colcon.colcon_core.package_discovery:discover_packages(colcon_meta) discover
[0.228s] Level 1:colcon.colcon_core.package_discovery:discover_packages(recursive) discover
[0.228s] INFO:colcon.colcon_core.package_discovery:Crawling recursively for packages in '/home/pip/robocon/ROS2_training/dog_ros2_ws_with_pc'
[0.228s] Level 1:colcon.colcon_core.package_identification:_identify(.) by extensions ['ignore', 'ignore_ament_install']
[0.228s] Level 1:colcon.colcon_core.package_identification:_identify(.) by extension 'ignore'
[0.228s] Level 1:colcon.colcon_core.package_identification:_identify(.) by extension 'ignore_ament_install'
[0.228s] Level 1:colcon.colcon_core.package_identification:_identify(.) by extensions ['colcon_pkg']
[0.228s] Level 1:colcon.colcon_core.package_identification:_identify(.) by extension 'colcon_pkg'
[0.228s] Level 1:colcon.colcon_core.package_identification:_identify(.) by extensions ['colcon_meta']
[0.228s] Level 1:colcon.colcon_core.package_identification:_identify(.) by extension 'colcon_meta'
[0.228s] Level 1:colcon.colcon_core.package_identification:_identify(.) by extensions ['ros']
[0.228s] Level 1:colcon.colcon_core.package_identification:_identify(.) by extension 'ros'
[0.239s] Level 1:colcon.colcon_core.package_identification:_identify(.) by extensions ['cmake', 'python']
[0.239s] Level 1:colcon.colcon_core.package_identification:_identify(.) by extension 'cmake'
[0.239s] Level 1:colcon.colcon_core.package_identification:_identify(.) by extension 'python'
[0.239s] Level 1:colcon.colcon_core.package_identification:_identify(.) by extensions ['python_setup_py']
[0.239s] Level 1:colcon.colcon_core.package_identification:_identify(.) by extension 'python_setup_py'
[0.239s] Level 1:colcon.colcon_core.package_identification:_identify(build) by extensions ['ignore', 'ignore_ament_install']
[0.239s] Level 1:colcon.colcon_core.package_identification:_identify(build) by extension 'ignore'
[0.239s] Level 1:colcon.colcon_core.package_identification:_identify(build) ignored
[0.239s] Level 1:colcon.colcon_core.package_identification:_identify(install) by extensions ['ignore', 'ignore_ament_install']
[0.239s] Level 1:colcon.colcon_core.package_identification:_identify(install) by extension 'ignore'
[0.239s] Level 1:colcon.colcon_core.package_identification:_identify(install) ignored
[0.239s] Level 1:colcon.colcon_core.package_identification:_identify(log) by extensions ['ignore', 'ignore_ament_install']
[0.239s] Level 1:colcon.colcon_core.package_identification:_identify(log) by extension 'ignore'
[0.239s] Level 1:colcon.colcon_core.package_identification:_identify(log) ignored
[0.240s] Level 1:colcon.colcon_core.package_identification:_identify(src) by extensions ['ignore', 'ignore_ament_install']
[0.240s] Level 1:colcon.colcon_core.package_identification:_identify(src) by extension 'ignore'
[0.240s] Level 1:colcon.colcon_core.package_identification:_identify(src) by extension 'ignore_ament_install'
[0.240s] Level 1:colcon.colcon_core.package_identification:_identify(src) by extensions ['colcon_pkg']
[0.240s] Level 1:colcon.colcon_core.package_identification:_identify(src) by extension 'colcon_pkg'
[0.240s] Level 1:colcon.colcon_core.package_identification:_identify(src) by extensions ['colcon_meta']
[0.240s] Level 1:colcon.colcon_core.package_identification:_identify(src) by extension 'colcon_meta'
[0.240s] Level 1:colcon.colcon_core.package_identification:_identify(src) by extensions ['ros']
[0.240s] Level 1:colcon.colcon_core.package_identification:_identify(src) by extension 'ros'
[0.240s] Level 1:colcon.colcon_core.package_identification:_identify(src) by extensions ['cmake', 'python']
[0.240s] Level 1:colcon.colcon_core.package_identification:_identify(src) by extension 'cmake'
[0.240s] Level 1:colcon.colcon_core.package_identification:_identify(src) by extension 'python'
[0.240s] Level 1:colcon.colcon_core.package_identification:_identify(src) by extensions ['python_setup_py']
[0.240s] Level 1:colcon.colcon_core.package_identification:_identify(src) by extension 'python_setup_py'
[0.240s] Level 1:colcon.colcon_core.package_identification:_identify(src/dog_msgs) by extensions ['ignore', 'ignore_ament_install']
[0.240s] Level 1:colcon.colcon_core.package_identification:_identify(src/dog_msgs) by extension 'ignore'
[0.240s] Level 1:colcon.colcon_core.package_identification:_identify(src/dog_msgs) by extension 'ignore_ament_install'
[0.240s] Level 1:colcon.colcon_core.package_identification:_identify(src/dog_msgs) by extensions ['colcon_pkg']
[0.240s] Level 1:colcon.colcon_core.package_identification:_identify(src/dog_msgs) by extension 'colcon_pkg'
[0.240s] Level 1:colcon.colcon_core.package_identification:_identify(src/dog_msgs) by extensions ['colcon_meta']
[0.240s] Level 1:colcon.colcon_core.package_identification:_identify(src/dog_msgs) by extension 'colcon_meta'
[0.240s] Level 1:colcon.colcon_core.package_identification:_identify(src/dog_msgs) by extensions ['ros']
[0.240s] Level 1:colcon.colcon_core.package_identification:_identify(src/dog_msgs) by extension 'ros'
[0.243s] DEBUG:colcon.colcon_core.package_identification:Package 'src/dog_msgs' with type 'ros.catkin' and name 'dog_msgs'
[0.243s] Level 1:colcon.colcon_core.package_identification:_identify(src/node1_controller) by extensions ['ignore', 'ignore_ament_install']
[0.243s] Level 1:colcon.colcon_core.package_identification:_identify(src/node1_controller) by extension 'ignore'
[0.243s] Level 1:colcon.colcon_core.package_identification:_identify(src/node1_controller) by extension 'ignore_ament_install'
[0.243s] Level 1:colcon.colcon_core.package_identification:_identify(src/node1_controller) by extensions ['colcon_pkg']
[0.243s] Level 1:colcon.colcon_core.package_identification:_identify(src/node1_controller) by extension 'colcon_pkg'
[0.244s] Level 1:colcon.colcon_core.package_identification:_identify(src/node1_controller) by extensions ['colcon_meta']
[0.244s] Level 1:colcon.colcon_core.package_identification:_identify(src/node1_controller) by extension 'colcon_meta'
[0.244s] Level 1:colcon.colcon_core.package_identification:_identify(src/node1_controller) by extensions ['ros']
[0.244s] Level 1:colcon.colcon_core.package_identification:_identify(src/node1_controller) by extension 'ros'
[0.244s] DEBUG:colcon.colcon_core.package_identification:Package 'src/node1_controller' with type 'ros.ament_cmake' and name 'node1_controller'
[0.244s] Level 1:colcon.colcon_core.package_identification:_identify(src/node2_simulation) by extensions ['ignore', 'ignore_ament_install']
[0.244s] Level 1:colcon.colcon_core.package_identification:_identify(src/node2_simulation) by extension 'ignore'
[0.244s] Level 1:colcon.colcon_core.package_identification:_identify(src/node2_simulation) by extension 'ignore_ament_install'
[0.244s] Level 1:colcon.colcon_core.package_identification:_identify(src/node2_simulation) by extensions ['colcon_pkg']
[0.244s] Level 1:colcon.colcon_core.package_identification:_identify(src/node2_simulation) by extension 'colcon_pkg'
[0.244s] Level 1:colcon.colcon_core.package_identification:_identify(src/node2_simulation) by extensions ['colcon_meta']
[0.244s] Level 1:colcon.colcon_core.package_identification:_identify(src/node2_simulation) by extension 'colcon_meta'
[0.244s] Level 1:colcon.colcon_core.package_identification:_identify(src/node2_simulation) by extensions ['ros']
[0.244s] Level 1:colcon.colcon_core.package_identification:_identify(src/node2_simulation) by extension 'ros'
[0.245s] DEBUG:colcon.colcon_core.package_identification:Package 'src/node2_simulation' with type 'ros.ament_python' and name 'node2_simulation'
[0.245s] Level 1:colcon.colcon_core.package_identification:_identify(src/node3_handle) by extensions ['ignore', 'ignore_ament_install']
[0.245s] Level 1:colcon.colcon_core.package_identification:_identify(src/node3_handle) by extension 'ignore'
[0.245s] Level 1:colcon.colcon_core.package_identification:_identify(src/node3_handle) by extension 'ignore_ament_install'
[0.245s] Level 1:colcon.colcon_core.package_identification:_identify(src/node3_handle) by extensions ['colcon_pkg']
[0.245s] Level 1:colcon.colcon_core.package_identification:_identify(src/node3_handle) by extension 'colcon_pkg'
[0.245s] Level 1:colcon.colcon_core.package_identification:_identify(src/node3_handle) by extensions ['colcon_meta']
[0.245s] Level 1:colcon.colcon_core.package_identification:_identify(src/node3_handle) by extension 'colcon_meta'
[0.245s] Level 1:colcon.colcon_core.package_identification:_identify(src/node3_handle) by extensions ['ros']
[0.245s] Level 1:colcon.colcon_core.package_identification:_identify(src/node3_handle) by extension 'ros'
[0.246s] DEBUG:colcon.colcon_core.package_identification:Package 'src/node3_handle' with type 'ros.ament_cmake' and name 'node3_handle'
[0.246s] Level 1:colcon.colcon_core.package_discovery:discover_packages(recursive) using defaults
[0.246s] Level 1:colcon.colcon_core.package_discovery:discover_packages(ignore) discover
[0.246s] Level 1:colcon.colcon_core.package_discovery:discover_packages(ignore) using defaults
[0.246s] Level 1:colcon.colcon_core.package_discovery:discover_packages(path) discover
[0.246s] Level 1:colcon.colcon_core.package_discovery:discover_packages(path) using defaults
[0.262s] Level 1:colcon.colcon_core.package_discovery:discover_packages(prefix_path) check parameters
[0.262s] Level 1:colcon.colcon_core.package_discovery:discover_packages(prefix_path) discover
[0.265s] DEBUG:colcon.colcon_installed_package_information.package_discovery:Found 273 installed packages in /opt/ros/humble
[0.274s] Level 1:colcon.colcon_core.package_discovery:discover_packages(prefix_path) using defaults
[0.302s] Level 5:colcon.colcon_core.verb:set package 'dog_msgs' build argument 'cmake_args' from command line to 'None'
[0.303s] Level 5:colcon.colcon_core.verb:set package 'dog_msgs' build argument 'cmake_target' from command line to 'None'
[0.303s] Level 5:colcon.colcon_core.verb:set package 'dog_msgs' build argument 'cmake_target_skip_unavailable' from command line to 'False'
[0.303s] Level 5:colcon.colcon_core.verb:set package 'dog_msgs' build argument 'cmake_clean_cache' from command line to 'False'
[0.303s] Level 5:colcon.colcon_core.verb:set package 'dog_msgs' build argument 'cmake_clean_first' from command line to 'False'
[0.303s] Level 5:colcon.colcon_core.verb:set package 'dog_msgs' build argument 'cmake_force_configure' from command line to 'False'
[0.303s] Level 5:colcon.colcon_core.verb:set package 'dog_msgs' build argument 'ament_cmake_args' from command line to 'None'
[0.303s] Level 5:colcon.colcon_core.verb:set package 'dog_msgs' build argument 'catkin_cmake_args' from command line to 'None'
[0.303s] Level 5:colcon.colcon_core.verb:set package 'dog_msgs' build argument 'catkin_skip_building_tests' from command line to 'False'
[0.303s] DEBUG:colcon.colcon_core.verb:Building package 'dog_msgs' with the following arguments: {'ament_cmake_args': None, 'build_base': '/home/pip/robocon/ROS2_training/dog_ros2_ws_with_pc/build/dog_msgs', 'catkin_cmake_args': None, 'catkin_skip_building_tests': False, 'cmake_args': None, 'cmake_clean_cache': False, 'cmake_clean_first': False, 'cmake_force_configure': False, 'cmake_target': None, 'cmake_target_skip_unavailable': False, 'install_base': '/home/pip/robocon/ROS2_training/dog_ros2_ws_with_pc/install/dog_msgs', 'merge_install': False, 'path': '/home/pip/robocon/ROS2_training/dog_ros2_ws_with_pc/src/dog_msgs', 'symlink_install': True, 'test_result_base': None}
[0.303s] Level 5:colcon.colcon_core.verb:set package 'node2_simulation' build argument 'cmake_args' from command line to 'None'
[0.303s] Level 5:colcon.colcon_core.verb:set package 'node2_simulation' build argument 'cmake_target' from command line to 'None'
[0.303s] Level 5:colcon.colcon_core.verb:set package 'node2_simulation' build argument 'cmake_target_skip_unavailable' from command line to 'False'
[0.303s] Level 5:colcon.colcon_core.verb:set package 'node2_simulation' build argument 'cmake_clean_cache' from command line to 'False'
[0.303s] Level 5:colcon.colcon_core.verb:set package 'node2_simulation' build argument 'cmake_clean_first' from command line to 'False'
[0.303s] Level 5:colcon.colcon_core.verb:set package 'node2_simulation' build argument 'cmake_force_configure' from command line to 'False'
[0.303s] Level 5:colcon.colcon_core.verb:set package 'node2_simulation' build argument 'ament_cmake_args' from command line to 'None'
[0.303s] Level 5:colcon.colcon_core.verb:set package 'node2_simulation' build argument 'catkin_cmake_args' from command line to 'None'
[0.303s] Level 5:colcon.colcon_core.verb:set package 'node2_simulation' build argument 'catkin_skip_building_tests' from command line to 'False'
[0.303s] DEBUG:colcon.colcon_core.verb:Building package 'node2_simulation' with the following arguments: {'ament_cmake_args': None, 'build_base': '/home/pip/robocon/ROS2_training/dog_ros2_ws_with_pc/build/node2_simulation', 'catkin_cmake_args': None, 'catkin_skip_building_tests': False, 'cmake_args': None, 'cmake_clean_cache': False, 'cmake_clean_first': False, 'cmake_force_configure': False, 'cmake_target': None, 'cmake_target_skip_unavailable': False, 'install_base': '/home/pip/robocon/ROS2_training/dog_ros2_ws_with_pc/install/node2_simulation', 'merge_install': False, 'path': '/home/pip/robocon/ROS2_training/dog_ros2_ws_with_pc/src/node2_simulation', 'symlink_install': True, 'test_result_base': None}
[0.303s] Level 5:colcon.colcon_core.verb:set package 'node1_controller' build argument 'cmake_args' from command line to 'None'
[0.303s] Level 5:colcon.colcon_core.verb:set package 'node1_controller' build argument 'cmake_target' from command line to 'None'
[0.303s] Level 5:colcon.colcon_core.verb:set package 'node1_controller' build argument 'cmake_target_skip_unavailable' from command line to 'False'
[0.303s] Level 5:colcon.colcon_core.verb:set package 'node1_controller' build argument 'cmake_clean_cache' from command line to 'False'
[0.303s] Level 5:colcon.colcon_core.verb:set package 'node1_controller' build argument 'cmake_clean_first' from command line to 'False'
[0.303s] Level 5:colcon.colcon_core.verb:set package 'node1_controller' build argument 'cmake_force_configure' from command line to 'False'
[0.303s] Level 5:colcon.colcon_core.verb:set package 'node1_controller' build argument 'ament_cmake_args' from command line to 'None'
[0.303s] Level 5:colcon.colcon_core.verb:set package 'node1_controller' build argument 'catkin_cmake_args' from command line to 'None'
[0.303s] Level 5:colcon.colcon_core.verb:set package 'node1_controller' build argument 'catkin_skip_building_tests' from command line to 'False'
[0.303s] DEBUG:colcon.colcon_core.verb:Building package 'node1_controller' with the following arguments: {'ament_cmake_args': None, 'build_base': '/home/pip/robocon/ROS2_training/dog_ros2_ws_with_pc/build/node1_controller', 'catkin_cmake_args': None, 'catkin_skip_building_tests': False, 'cmake_args': None, 'cmake_clean_cache': False, 'cmake_clean_first': False, 'cmake_force_configure': False, 'cmake_target': None, 'cmake_target_skip_unavailable': False, 'install_base': '/home/pip/robocon/ROS2_training/dog_ros2_ws_with_pc/install/node1_controller', 'merge_install': False, 'path': '/home/pip/robocon/ROS2_training/dog_ros2_ws_with_pc/src/node1_controller', 'symlink_install': True, 'test_result_base': None}
[0.304s] Level 5:colcon.colcon_core.verb:set package 'node3_handle' build argument 'cmake_args' from command line to 'None'
[0.304s] Level 5:colcon.colcon_core.verb:set package 'node3_handle' build argument 'cmake_target' from command line to 'None'
[0.304s] Level 5:colcon.colcon_core.verb:set package 'node3_handle' build argument 'cmake_target_skip_unavailable' from command line to 'False'
[0.304s] Level 5:colcon.colcon_core.verb:set package 'node3_handle' build argument 'cmake_clean_cache' from command line to 'False'
[0.304s] Level 5:colcon.colcon_core.verb:set package 'node3_handle' build argument 'cmake_clean_first' from command line to 'False'
[0.304s] Level 5:colcon.colcon_core.verb:set package 'node3_handle' build argument 'cmake_force_configure' from command line to 'False'
[0.304s] Level 5:colcon.colcon_core.verb:set package 'node3_handle' build argument 'ament_cmake_args' from command line to 'None'
[0.304s] Level 5:colcon.colcon_core.verb:set package 'node3_handle' build argument 'catkin_cmake_args' from command line to 'None'
[0.304s] Level 5:colcon.colcon_core.verb:set package 'node3_handle' build argument 'catkin_skip_building_tests' from command line to 'False'
[0.304s] DEBUG:colcon.colcon_core.verb:Building package 'node3_handle' with the following arguments: {'ament_cmake_args': None, 'build_base': '/home/pip/robocon/ROS2_training/dog_ros2_ws_with_pc/build/node3_handle', 'catkin_cmake_args': None, 'catkin_skip_building_tests': False, 'cmake_args': None, 'cmake_clean_cache': False, 'cmake_clean_first': False, 'cmake_force_configure': False, 'cmake_target': None, 'cmake_target_skip_unavailable': False, 'install_base': '/home/pip/robocon/ROS2_training/dog_ros2_ws_with_pc/install/node3_handle', 'merge_install': False, 'path': '/home/pip/robocon/ROS2_training/dog_ros2_ws_with_pc/src/node3_handle', 'symlink_install': True, 'test_result_base': None}
[0.304s] INFO:colcon.colcon_core.executor:Executing jobs using 'parallel' executor
[0.305s] DEBUG:colcon.colcon_parallel_executor.executor.parallel:run_until_complete
[0.305s] INFO:colcon.colcon_ros.task.catkin.build:Building ROS package in '/home/pip/robocon/ROS2_training/dog_ros2_ws_with_pc/src/dog_msgs' with build type 'catkin'
[0.305s] INFO:colcon.colcon_cmake.task.cmake.build:Building CMake package in '/home/pip/robocon/ROS2_training/dog_ros2_ws_with_pc/src/dog_msgs'
[0.308s] INFO:colcon.colcon_core.plugin_system:Skipping extension 'colcon_core.shell.bat': Not used on non-Windows systems
[0.308s] INFO:colcon.colcon_core.shell:Skip shell extension 'powershell' for command environment: Not usable outside of PowerShell
[0.308s] DEBUG:colcon.colcon_core.shell:Skip shell extension 'dsv' for command environment
[0.311s] INFO:colcon.colcon_ros.task.ament_python.build:Building ROS package in '/home/pip/robocon/ROS2_training/dog_ros2_ws_with_pc/src/node2_simulation' with build type 'ament_python'
[0.311s] Level 1:colcon.colcon_core.shell:create_environment_hook('node2_simulation', 'ament_prefix_path')
[0.311s] INFO:colcon.colcon_core.shell:Creating environment hook '/home/pip/robocon/ROS2_training/dog_ros2_ws_with_pc/install/node2_simulation/share/node2_simulation/hook/ament_prefix_path.ps1'
[0.312s] INFO:colcon.colcon_core.shell:Creating environment descriptor '/home/pip/robocon/ROS2_training/dog_ros2_ws_with_pc/install/node2_simulation/share/node2_simulation/hook/ament_prefix_path.dsv'
[0.313s] INFO:colcon.colcon_core.shell:Creating environment hook '/home/pip/robocon/ROS2_training/dog_ros2_ws_with_pc/install/node2_simulation/share/node2_simulation/hook/ament_prefix_path.sh'
[0.313s] INFO:colcon.colcon_core.shell:Skip shell extension 'powershell' for command environment: Not usable outside of PowerShell
[0.313s] DEBUG:colcon.colcon_core.shell:Skip shell extension 'dsv' for command environment
[0.318s] DEBUG:colcon.colcon_core.event_handler.log_command:Invoking command in '/home/pip/robocon/ROS2_training/dog_ros2_ws_with_pc/build/dog_msgs': /usr/bin/cmake /home/pip/robocon/ROS2_training/dog_ros2_ws_with_pc/src/dog_msgs -DCATKIN_INSTALL_INTO_PREFIX_ROOT=0 -DCATKIN_SYMLINK_INSTALL=ON -DCMAKE_INSTALL_PREFIX=/home/pip/robocon/ROS2_training/dog_ros2_ws_with_pc/install/dog_msgs
[0.514s] INFO:colcon.colcon_core.task.python.build:Building Python package in '/home/pip/robocon/ROS2_training/dog_ros2_ws_with_pc/src/node2_simulation'
[0.514s] INFO:colcon.colcon_core.shell:Skip shell extension 'powershell' for command environment: Not usable outside of PowerShell
[0.514s] DEBUG:colcon.colcon_core.shell:Skip shell extension 'dsv' for command environment
[0.828s] DEBUG:colcon.colcon_core.task.python.build:Available setuptools commands: upload, develop, symlink_data, sdist, check, install_data, egg_info, bdist_dumb, bdist_egg, bdist_rpm, saveopts, clean, build_py, install_scripts, build_scripts, build_clib, install, dist_info, setopt, upload_docs, easy_install, bdist, build, install_lib, install_egg_info, test, build_ext, alias, install_headers, rotate, bdist_wheel, register
[1.009s] DEBUG:colcon.colcon_core.task.python.build:Available setuptools 'develop' options: --user, --dry-run, --install-dir, --version, --exclude-scripts, --editable, --zip-ok, --always-unzip, --find-links, --verbose, --local-snapshots-ok, --site-dirs, --egg-path, --prefix, --force-installation-into-system-dir, --build-directory, --script-dir, --no-find-links, --install-layout, --always-copy, --optimize, --quiet, --help, --index-url, --no-user-cfg, --record, --upgrade, --no-deps, --uninstall, --multi-version, --allow-hosts
[1.011s] DEBUG:colcon.colcon_core.event_handler.log_command:Invoking command in '/home/pip/robocon/ROS2_training/dog_ros2_ws_with_pc/build/node2_simulation': PYTHONPATH=/home/pip/robocon/ROS2_training/dog_ros2_ws_with_pc/build/node2_simulation/prefix_override:/usr/lib/python3/dist-packages/colcon_core/task/python/colcon_distutils_commands:/home/pip/robocon/ROS2_training/dog_ros2_ws_with_pc/install/node2_simulation/lib/python3.10/site-packages:${PYTHONPATH} /usr/bin/python3 -W ignore:setup.py install is deprecated -W ignore:easy_install command is deprecated setup.py develop --editable --build-directory /home/pip/robocon/ROS2_training/dog_ros2_ws_with_pc/build/node2_simulation/build --no-deps symlink_data
[1.361s] Level 1:colcon.colcon_core.shell:create_environment_hook('node2_simulation', 'pythonpath_develop')
[1.362s] INFO:colcon.colcon_core.shell:Creating environment hook '/home/pip/robocon/ROS2_training/dog_ros2_ws_with_pc/build/node2_simulation/share/node2_simulation/hook/pythonpath_develop.ps1'
[1.363s] DEBUG:colcon.colcon_core.event_handler.log_command:Invoked command in '/home/pip/robocon/ROS2_training/dog_ros2_ws_with_pc/build/node2_simulation' returned '0': PYTHONPATH=/home/pip/robocon/ROS2_training/dog_ros2_ws_with_pc/build/node2_simulation/prefix_override:/usr/lib/python3/dist-packages/colcon_core/task/python/colcon_distutils_commands:/home/pip/robocon/ROS2_training/dog_ros2_ws_with_pc/install/node2_simulation/lib/python3.10/site-packages:${PYTHONPATH} /usr/bin/python3 -W ignore:setup.py install is deprecated -W ignore:easy_install command is deprecated setup.py develop --editable --build-directory /home/pip/robocon/ROS2_training/dog_ros2_ws_with_pc/build/node2_simulation/build --no-deps symlink_data
[1.364s] INFO:colcon.colcon_core.shell:Creating environment descriptor '/home/pip/robocon/ROS2_training/dog_ros2_ws_with_pc/build/node2_simulation/share/node2_simulation/hook/pythonpath_develop.dsv'
[1.364s] INFO:colcon.colcon_core.shell:Creating environment hook '/home/pip/robocon/ROS2_training/dog_ros2_ws_with_pc/build/node2_simulation/share/node2_simulation/hook/pythonpath_develop.sh'
[1.368s] Level 1:colcon.colcon_core.environment:checking '/home/pip/robocon/ROS2_training/dog_ros2_ws_with_pc/install/node2_simulation' for CMake module files
[1.369s] Level 1:colcon.colcon_core.environment:checking '/home/pip/robocon/ROS2_training/dog_ros2_ws_with_pc/install/node2_simulation' for CMake config files
[1.369s] Level 1:colcon.colcon_core.environment:checking '/home/pip/robocon/ROS2_training/dog_ros2_ws_with_pc/install/node2_simulation/lib'
[1.369s] Level 1:colcon.colcon_core.environment:checking '/home/pip/robocon/ROS2_training/dog_ros2_ws_with_pc/install/node2_simulation/bin'
[1.369s] Level 1:colcon.colcon_core.environment:checking '/home/pip/robocon/ROS2_training/dog_ros2_ws_with_pc/install/node2_simulation/lib/pkgconfig/node2_simulation.pc'
[1.370s] Level 1:colcon.colcon_core.environment:checking '/home/pip/robocon/ROS2_training/dog_ros2_ws_with_pc/install/node2_simulation/lib/python3.10/site-packages'
[1.370s] Level 1:colcon.colcon_core.shell:create_environment_hook('node2_simulation', 'pythonpath')
[1.370s] INFO:colcon.colcon_core.shell:Creating environment hook '/home/pip/robocon/ROS2_training/dog_ros2_ws_with_pc/install/node2_simulation/share/node2_simulation/hook/pythonpath.ps1'
[1.370s] INFO:colcon.colcon_core.shell:Creating environment descriptor '/home/pip/robocon/ROS2_training/dog_ros2_ws_with_pc/install/node2_simulation/share/node2_simulation/hook/pythonpath.dsv'
[1.370s] INFO:colcon.colcon_core.shell:Creating environment hook '/home/pip/robocon/ROS2_training/dog_ros2_ws_with_pc/install/node2_simulation/share/node2_simulation/hook/pythonpath.sh'
[1.371s] Level 1:colcon.colcon_core.environment:checking '/home/pip/robocon/ROS2_training/dog_ros2_ws_with_pc/install/node2_simulation/bin'
[1.371s] Level 1:colcon.colcon_core.environment:create_environment_scripts_only(node2_simulation)
[1.371s] INFO:colcon.colcon_core.shell:Creating package script '/home/pip/robocon/ROS2_training/dog_ros2_ws_with_pc/install/node2_simulation/share/node2_simulation/package.ps1'
[1.372s] INFO:colcon.colcon_core.shell:Creating package descriptor '/home/pip/robocon/ROS2_training/dog_ros2_ws_with_pc/install/node2_simulation/share/node2_simulation/package.dsv'
[1.372s] INFO:colcon.colcon_core.shell:Creating package script '/home/pip/robocon/ROS2_training/dog_ros2_ws_with_pc/install/node2_simulation/share/node2_simulation/package.sh'
[1.373s] INFO:colcon.colcon_core.shell:Creating package script '/home/pip/robocon/ROS2_training/dog_ros2_ws_with_pc/install/node2_simulation/share/node2_simulation/package.bash'
[1.373s] INFO:colcon.colcon_core.shell:Creating package script '/home/pip/robocon/ROS2_training/dog_ros2_ws_with_pc/install/node2_simulation/share/node2_simulation/package.zsh'
[1.373s] Level 1:colcon.colcon_core.environment:create_file_with_runtime_dependencies(/home/pip/robocon/ROS2_training/dog_ros2_ws_with_pc/install/node2_simulation/share/colcon-core/packages/node2_simulation)
[1.653s] DEBUG:colcon.colcon_core.event_handler.log_command:Invoked command in '/home/pip/robocon/ROS2_training/dog_ros2_ws_with_pc/build/dog_msgs' returned '0': /usr/bin/cmake /home/pip/robocon/ROS2_training/dog_ros2_ws_with_pc/src/dog_msgs -DCATKIN_INSTALL_INTO_PREFIX_ROOT=0 -DCATKIN_SYMLINK_INSTALL=ON -DCMAKE_INSTALL_PREFIX=/home/pip/robocon/ROS2_training/dog_ros2_ws_with_pc/install/dog_msgs
[1.655s] DEBUG:colcon.colcon_core.event_handler.log_command:Invoking command in '/home/pip/robocon/ROS2_training/dog_ros2_ws_with_pc/build/dog_msgs': /usr/bin/cmake --build /home/pip/robocon/ROS2_training/dog_ros2_ws_with_pc/build/dog_msgs -- -j32 -l32
[3.318s] DEBUG:colcon.colcon_core.event_handler.log_command:Invoked command in '/home/pip/robocon/ROS2_training/dog_ros2_ws_with_pc/build/dog_msgs' returned '0': /usr/bin/cmake --build /home/pip/robocon/ROS2_training/dog_ros2_ws_with_pc/build/dog_msgs -- -j32 -l32
[3.325s] DEBUG:colcon.colcon_core.event_handler.log_command:Invoking command in '/home/pip/robocon/ROS2_training/dog_ros2_ws_with_pc/build/dog_msgs': /usr/bin/cmake --install /home/pip/robocon/ROS2_training/dog_ros2_ws_with_pc/build/dog_msgs
[3.380s] DEBUG:colcon.colcon_core.event_handler.log_command:Invoked command in '/home/pip/robocon/ROS2_training/dog_ros2_ws_with_pc/build/dog_msgs' returned '0': /usr/bin/cmake --install /home/pip/robocon/ROS2_training/dog_ros2_ws_with_pc/build/dog_msgs
[3.380s] Level 1:colcon.colcon_core.shell:create_environment_hook('dog_msgs', 'ros_package_path')
[3.381s] INFO:colcon.colcon_core.shell:Creating environment hook '/home/pip/robocon/ROS2_training/dog_ros2_ws_with_pc/install/dog_msgs/share/dog_msgs/hook/ros_package_path.ps1'
[3.381s] INFO:colcon.colcon_core.shell:Creating environment descriptor '/home/pip/robocon/ROS2_training/dog_ros2_ws_with_pc/install/dog_msgs/share/dog_msgs/hook/ros_package_path.dsv'
[3.381s] INFO:colcon.colcon_core.shell:Creating environment hook '/home/pip/robocon/ROS2_training/dog_ros2_ws_with_pc/install/dog_msgs/share/dog_msgs/hook/ros_package_path.sh'
[3.382s] Level 1:colcon.colcon_ros.task.catkin:checking '/home/pip/robocon/ROS2_training/dog_ros2_ws_with_pc/install/dog_msgs/local/lib/python3.10/dist-packages'
[3.382s] Level 1:colcon.colcon_core.shell:create_environment_hook('dog_msgs', 'catkin_pythonpath')
[3.382s] INFO:colcon.colcon_core.shell:Creating environment hook '/home/pip/robocon/ROS2_training/dog_ros2_ws_with_pc/install/dog_msgs/share/dog_msgs/hook/catkin_pythonpath.ps1'
[3.382s] INFO:colcon.colcon_core.shell:Creating environment descriptor '/home/pip/robocon/ROS2_training/dog_ros2_ws_with_pc/install/dog_msgs/share/dog_msgs/hook/catkin_pythonpath.dsv'
[3.382s] INFO:colcon.colcon_core.shell:Creating environment hook '/home/pip/robocon/ROS2_training/dog_ros2_ws_with_pc/install/dog_msgs/share/dog_msgs/hook/catkin_pythonpath.sh'
[3.382s] Level 1:colcon.colcon_core.shell:create_environment_hook('dog_msgs', 'pkg_config_path')
[3.382s] INFO:colcon.colcon_core.shell:Creating environment hook '/home/pip/robocon/ROS2_training/dog_ros2_ws_with_pc/install/dog_msgs/share/dog_msgs/hook/pkg_config_path.ps1'
[3.383s] INFO:colcon.colcon_core.shell:Creating environment descriptor '/home/pip/robocon/ROS2_training/dog_ros2_ws_with_pc/install/dog_msgs/share/dog_msgs/hook/pkg_config_path.dsv'
[3.383s] INFO:colcon.colcon_core.shell:Creating environment hook '/home/pip/robocon/ROS2_training/dog_ros2_ws_with_pc/install/dog_msgs/share/dog_msgs/hook/pkg_config_path.sh'
[3.385s] Level 1:colcon.colcon_core.shell:create_environment_hook('dog_msgs', 'pkg_config_path_multiarch')
[3.385s] INFO:colcon.colcon_core.shell:Creating environment hook '/home/pip/robocon/ROS2_training/dog_ros2_ws_with_pc/install/dog_msgs/share/dog_msgs/hook/pkg_config_path_multiarch.ps1'
[3.385s] INFO:colcon.colcon_core.shell:Creating environment descriptor '/home/pip/robocon/ROS2_training/dog_ros2_ws_with_pc/install/dog_msgs/share/dog_msgs/hook/pkg_config_path_multiarch.dsv'
[3.385s] INFO:colcon.colcon_core.shell:Creating environment hook '/home/pip/robocon/ROS2_training/dog_ros2_ws_with_pc/install/dog_msgs/share/dog_msgs/hook/pkg_config_path_multiarch.sh'
[3.386s] Level 1:colcon.colcon_core.environment:create_environment_scripts_only(dog_msgs)
[3.386s] Level 1:colcon.colcon_core.environment:checking '/home/pip/robocon/ROS2_training/dog_ros2_ws_with_pc/install/dog_msgs' for CMake module files
[3.386s] Level 1:colcon.colcon_core.environment:checking '/home/pip/robocon/ROS2_training/dog_ros2_ws_with_pc/install/dog_msgs' for CMake config files
[3.387s] Level 1:colcon.colcon_core.shell:create_environment_hook('dog_msgs', 'cmake_prefix_path')
[3.387s] INFO:colcon.colcon_core.shell:Creating environment hook '/home/pip/robocon/ROS2_training/dog_ros2_ws_with_pc/install/dog_msgs/share/dog_msgs/hook/cmake_prefix_path.ps1'
[3.387s] INFO:colcon.colcon_core.shell:Creating environment descriptor '/home/pip/robocon/ROS2_training/dog_ros2_ws_with_pc/install/dog_msgs/share/dog_msgs/hook/cmake_prefix_path.dsv'
[3.387s] INFO:colcon.colcon_core.shell:Creating environment hook '/home/pip/robocon/ROS2_training/dog_ros2_ws_with_pc/install/dog_msgs/share/dog_msgs/hook/cmake_prefix_path.sh'
[3.388s] Level 1:colcon.colcon_core.environment:checking '/home/pip/robocon/ROS2_training/dog_ros2_ws_with_pc/install/dog_msgs/lib'
[3.388s] Level 1:colcon.colcon_core.shell:create_environment_hook('dog_msgs', 'ld_library_path_lib')
[3.388s] INFO:colcon.colcon_core.shell:Creating environment hook '/home/pip/robocon/ROS2_training/dog_ros2_ws_with_pc/install/dog_msgs/share/dog_msgs/hook/ld_library_path_lib.ps1'
[3.389s] INFO:colcon.colcon_core.shell:Creating environment descriptor '/home/pip/robocon/ROS2_training/dog_ros2_ws_with_pc/install/dog_msgs/share/dog_msgs/hook/ld_library_path_lib.dsv'
[3.389s] INFO:colcon.colcon_core.shell:Creating environment hook '/home/pip/robocon/ROS2_training/dog_ros2_ws_with_pc/install/dog_msgs/share/dog_msgs/hook/ld_library_path_lib.sh'
[3.389s] Level 1:colcon.colcon_core.environment:checking '/home/pip/robocon/ROS2_training/dog_ros2_ws_with_pc/install/dog_msgs/bin'
[3.390s] Level 1:colcon.colcon_core.environment:checking '/home/pip/robocon/ROS2_training/dog_ros2_ws_with_pc/install/dog_msgs/lib/pkgconfig/dog_msgs.pc'
[3.390s] Level 1:colcon.colcon_core.environment:checking '/home/pip/robocon/ROS2_training/dog_ros2_ws_with_pc/install/dog_msgs/lib/python3.10/site-packages'
[3.390s] Level 1:colcon.colcon_core.environment:checking '/home/pip/robocon/ROS2_training/dog_ros2_ws_with_pc/install/dog_msgs/bin'
[3.391s] INFO:colcon.colcon_core.shell:Creating package script '/home/pip/robocon/ROS2_training/dog_ros2_ws_with_pc/install/dog_msgs/share/dog_msgs/package.ps1'
[3.391s] INFO:colcon.colcon_core.shell:Creating package descriptor '/home/pip/robocon/ROS2_training/dog_ros2_ws_with_pc/install/dog_msgs/share/dog_msgs/package.dsv'
[3.392s] INFO:colcon.colcon_core.shell:Creating package script '/home/pip/robocon/ROS2_training/dog_ros2_ws_with_pc/install/dog_msgs/share/dog_msgs/package.sh'
[3.392s] INFO:colcon.colcon_core.shell:Creating package script '/home/pip/robocon/ROS2_training/dog_ros2_ws_with_pc/install/dog_msgs/share/dog_msgs/package.bash'
[3.392s] INFO:colcon.colcon_core.shell:Creating package script '/home/pip/robocon/ROS2_training/dog_ros2_ws_with_pc/install/dog_msgs/share/dog_msgs/package.zsh'
[3.392s] Level 1:colcon.colcon_core.environment:create_file_with_runtime_dependencies(/home/pip/robocon/ROS2_training/dog_ros2_ws_with_pc/install/dog_msgs/share/colcon-core/packages/dog_msgs)
[3.393s] INFO:colcon.colcon_ros.task.ament_cmake.build:Building ROS package in '/home/pip/robocon/ROS2_training/dog_ros2_ws_with_pc/src/node1_controller' with build type 'ament_cmake'
[3.393s] INFO:colcon.colcon_cmake.task.cmake.build:Building CMake package in '/home/pip/robocon/ROS2_training/dog_ros2_ws_with_pc/src/node1_controller'
[3.393s] INFO:colcon.colcon_core.shell:Skip shell extension 'powershell' for command environment: Not usable outside of PowerShell
[3.393s] DEBUG:colcon.colcon_core.shell:Skip shell extension 'dsv' for command environment
[3.395s] INFO:colcon.colcon_ros.task.ament_cmake.build:Building ROS package in '/home/pip/robocon/ROS2_training/dog_ros2_ws_with_pc/src/node3_handle' with build type 'ament_cmake'
[3.395s] INFO:colcon.colcon_cmake.task.cmake.build:Building CMake package in '/home/pip/robocon/ROS2_training/dog_ros2_ws_with_pc/src/node3_handle'
[3.395s] INFO:colcon.colcon_core.shell:Skip shell extension 'powershell' for command environment: Not usable outside of PowerShell
[3.395s] DEBUG:colcon.colcon_core.shell:Skip shell extension 'dsv' for command environment
[3.399s] DEBUG:colcon.colcon_core.event_handler.log_command:Invoking command in '/home/pip/robocon/ROS2_training/dog_ros2_ws_with_pc/build/node1_controller': CMAKE_PREFIX_PATH=/opt/ros/humble:/home/pip/robocon/ROS2_training/dog_ros2_ws_with_pc/install/dog_msgs LD_LIBRARY_PATH=/home/pip/robocon/ROS2_training/dog_ros2_ws_with_pc/install/dog_msgs/lib:${LD_LIBRARY_PATH} PKG_CONFIG_PATH=/home/pip/robocon/ROS2_training/dog_ros2_ws_with_pc/install/dog_msgs/lib/x86_64-linux-gnu/pkgconfig:/home/pip/robocon/ROS2_training/dog_ros2_ws_with_pc/install/dog_msgs/lib/pkgconfig PYTHONPATH=/home/pip/robocon/ROS2_training/dog_ros2_ws_with_pc/install/dog_msgs/local/lib/python3.10/dist-packages:${PYTHONPATH} ROS_PACKAGE_PATH=/home/pip/robocon/ROS2_training/dog_ros2_ws_with_pc/install/dog_msgs/share /usr/bin/cmake /home/pip/robocon/ROS2_training/dog_ros2_ws_with_pc/src/node1_controller -DAMENT_CMAKE_SYMLINK_INSTALL=1 -DCMAKE_INSTALL_PREFIX=/home/pip/robocon/ROS2_training/dog_ros2_ws_with_pc/install/node1_controller
[3.401s] DEBUG:colcon.colcon_core.event_handler.log_command:Invoking command in '/home/pip/robocon/ROS2_training/dog_ros2_ws_with_pc/build/node3_handle': CMAKE_PREFIX_PATH=/opt/ros/humble:/home/pip/robocon/ROS2_training/dog_ros2_ws_with_pc/install/dog_msgs LD_LIBRARY_PATH=/home/pip/robocon/ROS2_training/dog_ros2_ws_with_pc/install/dog_msgs/lib:${LD_LIBRARY_PATH} PKG_CONFIG_PATH=/home/pip/robocon/ROS2_training/dog_ros2_ws_with_pc/install/dog_msgs/lib/x86_64-linux-gnu/pkgconfig:/home/pip/robocon/ROS2_training/dog_ros2_ws_with_pc/install/dog_msgs/lib/pkgconfig PYTHONPATH=/home/pip/robocon/ROS2_training/dog_ros2_ws_with_pc/install/dog_msgs/local/lib/python3.10/dist-packages:${PYTHONPATH} ROS_PACKAGE_PATH=/home/pip/robocon/ROS2_training/dog_ros2_ws_with_pc/install/dog_msgs/share /usr/bin/cmake /home/pip/robocon/ROS2_training/dog_ros2_ws_with_pc/src/node3_handle -DAMENT_CMAKE_SYMLINK_INSTALL=1 -DCMAKE_INSTALL_PREFIX=/home/pip/robocon/ROS2_training/dog_ros2_ws_with_pc/install/node3_handle
[4.267s] DEBUG:colcon.colcon_core.event_handler.log_command:Invoked command in '/home/pip/robocon/ROS2_training/dog_ros2_ws_with_pc/build/node3_handle' returned '0': CMAKE_PREFIX_PATH=/opt/ros/humble:/home/pip/robocon/ROS2_training/dog_ros2_ws_with_pc/install/dog_msgs LD_LIBRARY_PATH=/home/pip/robocon/ROS2_training/dog_ros2_ws_with_pc/install/dog_msgs/lib:${LD_LIBRARY_PATH} PKG_CONFIG_PATH=/home/pip/robocon/ROS2_training/dog_ros2_ws_with_pc/install/dog_msgs/lib/x86_64-linux-gnu/pkgconfig:/home/pip/robocon/ROS2_training/dog_ros2_ws_with_pc/install/dog_msgs/lib/pkgconfig PYTHONPATH=/home/pip/robocon/ROS2_training/dog_ros2_ws_with_pc/install/dog_msgs/local/lib/python3.10/dist-packages:${PYTHONPATH} ROS_PACKAGE_PATH=/home/pip/robocon/ROS2_training/dog_ros2_ws_with_pc/install/dog_msgs/share /usr/bin/cmake /home/pip/robocon/ROS2_training/dog_ros2_ws_with_pc/src/node3_handle -DAMENT_CMAKE_SYMLINK_INSTALL=1 -DCMAKE_INSTALL_PREFIX=/home/pip/robocon/ROS2_training/dog_ros2_ws_with_pc/install/node3_handle
[4.268s] DEBUG:colcon.colcon_core.event_handler.log_command:Invoking command in '/home/pip/robocon/ROS2_training/dog_ros2_ws_with_pc/build/node3_handle': CMAKE_PREFIX_PATH=/opt/ros/humble:/home/pip/robocon/ROS2_training/dog_ros2_ws_with_pc/install/dog_msgs LD_LIBRARY_PATH=/home/pip/robocon/ROS2_training/dog_ros2_ws_with_pc/install/dog_msgs/lib:${LD_LIBRARY_PATH} PKG_CONFIG_PATH=/home/pip/robocon/ROS2_training/dog_ros2_ws_with_pc/install/dog_msgs/lib/x86_64-linux-gnu/pkgconfig:/home/pip/robocon/ROS2_training/dog_ros2_ws_with_pc/install/dog_msgs/lib/pkgconfig PYTHONPATH=/home/pip/robocon/ROS2_training/dog_ros2_ws_with_pc/install/dog_msgs/local/lib/python3.10/dist-packages:${PYTHONPATH} ROS_PACKAGE_PATH=/home/pip/robocon/ROS2_training/dog_ros2_ws_with_pc/install/dog_msgs/share /usr/bin/cmake --build /home/pip/robocon/ROS2_training/dog_ros2_ws_with_pc/build/node3_handle -- -j32 -l32
[4.269s] DEBUG:colcon.colcon_core.event_handler.log_command:Invoked command in '/home/pip/robocon/ROS2_training/dog_ros2_ws_with_pc/build/node1_controller' returned '0': CMAKE_PREFIX_PATH=/opt/ros/humble:/home/pip/robocon/ROS2_training/dog_ros2_ws_with_pc/install/dog_msgs LD_LIBRARY_PATH=/home/pip/robocon/ROS2_training/dog_ros2_ws_with_pc/install/dog_msgs/lib:${LD_LIBRARY_PATH} PKG_CONFIG_PATH=/home/pip/robocon/ROS2_training/dog_ros2_ws_with_pc/install/dog_msgs/lib/x86_64-linux-gnu/pkgconfig:/home/pip/robocon/ROS2_training/dog_ros2_ws_with_pc/install/dog_msgs/lib/pkgconfig PYTHONPATH=/home/pip/robocon/ROS2_training/dog_ros2_ws_with_pc/install/dog_msgs/local/lib/python3.10/dist-packages:${PYTHONPATH} ROS_PACKAGE_PATH=/home/pip/robocon/ROS2_training/dog_ros2_ws_with_pc/install/dog_msgs/share /usr/bin/cmake /home/pip/robocon/ROS2_training/dog_ros2_ws_with_pc/src/node1_controller -DAMENT_CMAKE_SYMLINK_INSTALL=1 -DCMAKE_INSTALL_PREFIX=/home/pip/robocon/ROS2_training/dog_ros2_ws_with_pc/install/node1_controller
[4.270s] DEBUG:colcon.colcon_core.event_handler.log_command:Invoking command in '/home/pip/robocon/ROS2_training/dog_ros2_ws_with_pc/build/node1_controller': CMAKE_PREFIX_PATH=/opt/ros/humble:/home/pip/robocon/ROS2_training/dog_ros2_ws_with_pc/install/dog_msgs LD_LIBRARY_PATH=/home/pip/robocon/ROS2_training/dog_ros2_ws_with_pc/install/dog_msgs/lib:${LD_LIBRARY_PATH} PKG_CONFIG_PATH=/home/pip/robocon/ROS2_training/dog_ros2_ws_with_pc/install/dog_msgs/lib/x86_64-linux-gnu/pkgconfig:/home/pip/robocon/ROS2_training/dog_ros2_ws_with_pc/install/dog_msgs/lib/pkgconfig PYTHONPATH=/home/pip/robocon/ROS2_training/dog_ros2_ws_with_pc/install/dog_msgs/local/lib/python3.10/dist-packages:${PYTHONPATH} ROS_PACKAGE_PATH=/home/pip/robocon/ROS2_training/dog_ros2_ws_with_pc/install/dog_msgs/share /usr/bin/cmake --build /home/pip/robocon/ROS2_training/dog_ros2_ws_with_pc/build/node1_controller -- -j32 -l32
[6.961s] DEBUG:colcon.colcon_core.event_handler.log_command:Invoked command in '/home/pip/robocon/ROS2_training/dog_ros2_ws_with_pc/build/node3_handle' returned '0': CMAKE_PREFIX_PATH=/opt/ros/humble:/home/pip/robocon/ROS2_training/dog_ros2_ws_with_pc/install/dog_msgs LD_LIBRARY_PATH=/home/pip/robocon/ROS2_training/dog_ros2_ws_with_pc/install/dog_msgs/lib:${LD_LIBRARY_PATH} PKG_CONFIG_PATH=/home/pip/robocon/ROS2_training/dog_ros2_ws_with_pc/install/dog_msgs/lib/x86_64-linux-gnu/pkgconfig:/home/pip/robocon/ROS2_training/dog_ros2_ws_with_pc/install/dog_msgs/lib/pkgconfig PYTHONPATH=/home/pip/robocon/ROS2_training/dog_ros2_ws_with_pc/install/dog_msgs/local/lib/python3.10/dist-packages:${PYTHONPATH} ROS_PACKAGE_PATH=/home/pip/robocon/ROS2_training/dog_ros2_ws_with_pc/install/dog_msgs/share /usr/bin/cmake --build /home/pip/robocon/ROS2_training/dog_ros2_ws_with_pc/build/node3_handle -- -j32 -l32
[6.963s] DEBUG:colcon.colcon_core.event_handler.log_command:Invoking command in '/home/pip/robocon/ROS2_training/dog_ros2_ws_with_pc/build/node3_handle': CMAKE_PREFIX_PATH=/opt/ros/humble:/home/pip/robocon/ROS2_training/dog_ros2_ws_with_pc/install/dog_msgs LD_LIBRARY_PATH=/home/pip/robocon/ROS2_training/dog_ros2_ws_with_pc/install/dog_msgs/lib:${LD_LIBRARY_PATH} PKG_CONFIG_PATH=/home/pip/robocon/ROS2_training/dog_ros2_ws_with_pc/install/dog_msgs/lib/x86_64-linux-gnu/pkgconfig:/home/pip/robocon/ROS2_training/dog_ros2_ws_with_pc/install/dog_msgs/lib/pkgconfig PYTHONPATH=/home/pip/robocon/ROS2_training/dog_ros2_ws_with_pc/install/dog_msgs/local/lib/python3.10/dist-packages:${PYTHONPATH} ROS_PACKAGE_PATH=/home/pip/robocon/ROS2_training/dog_ros2_ws_with_pc/install/dog_msgs/share /usr/bin/cmake --install /home/pip/robocon/ROS2_training/dog_ros2_ws_with_pc/build/node3_handle
[7.080s] Level 1:colcon.colcon_core.environment:create_environment_scripts_only(node3_handle)
[7.080s] Level 1:colcon.colcon_core.environment:checking '/home/pip/robocon/ROS2_training/dog_ros2_ws_with_pc/install/node3_handle' for CMake module files
[7.081s] DEBUG:colcon.colcon_core.event_handler.log_command:Invoked command in '/home/pip/robocon/ROS2_training/dog_ros2_ws_with_pc/build/node3_handle' returned '0': CMAKE_PREFIX_PATH=/opt/ros/humble:/home/pip/robocon/ROS2_training/dog_ros2_ws_with_pc/install/dog_msgs LD_LIBRARY_PATH=/home/pip/robocon/ROS2_training/dog_ros2_ws_with_pc/install/dog_msgs/lib:${LD_LIBRARY_PATH} PKG_CONFIG_PATH=/home/pip/robocon/ROS2_training/dog_ros2_ws_with_pc/install/dog_msgs/lib/x86_64-linux-gnu/pkgconfig:/home/pip/robocon/ROS2_training/dog_ros2_ws_with_pc/install/dog_msgs/lib/pkgconfig PYTHONPATH=/home/pip/robocon/ROS2_training/dog_ros2_ws_with_pc/install/dog_msgs/local/lib/python3.10/dist-packages:${PYTHONPATH} ROS_PACKAGE_PATH=/home/pip/robocon/ROS2_training/dog_ros2_ws_with_pc/install/dog_msgs/share /usr/bin/cmake --install /home/pip/robocon/ROS2_training/dog_ros2_ws_with_pc/build/node3_handle
[7.081s] Level 1:colcon.colcon_core.environment:checking '/home/pip/robocon/ROS2_training/dog_ros2_ws_with_pc/install/node3_handle' for CMake config files
[7.081s] Level 1:colcon.colcon_core.shell:create_environment_hook('node3_handle', 'cmake_prefix_path')
[7.082s] INFO:colcon.colcon_core.shell:Creating environment hook '/home/pip/robocon/ROS2_training/dog_ros2_ws_with_pc/install/node3_handle/share/node3_handle/hook/cmake_prefix_path.ps1'
[7.083s] INFO:colcon.colcon_core.shell:Creating environment descriptor '/home/pip/robocon/ROS2_training/dog_ros2_ws_with_pc/install/node3_handle/share/node3_handle/hook/cmake_prefix_path.dsv'
[7.083s] INFO:colcon.colcon_core.shell:Creating environment hook '/home/pip/robocon/ROS2_training/dog_ros2_ws_with_pc/install/node3_handle/share/node3_handle/hook/cmake_prefix_path.sh'
[7.083s] Level 1:colcon.colcon_core.environment:checking '/home/pip/robocon/ROS2_training/dog_ros2_ws_with_pc/install/node3_handle/lib'
[7.084s] Level 1:colcon.colcon_core.environment:checking '/home/pip/robocon/ROS2_training/dog_ros2_ws_with_pc/install/node3_handle/bin'
[7.084s] Level 1:colcon.colcon_core.environment:checking '/home/pip/robocon/ROS2_training/dog_ros2_ws_with_pc/install/node3_handle/lib/pkgconfig/node3_handle.pc'
[7.084s] Level 1:colcon.colcon_core.environment:checking '/home/pip/robocon/ROS2_training/dog_ros2_ws_with_pc/install/node3_handle/lib/python3.10/site-packages'
[7.084s] Level 1:colcon.colcon_core.environment:checking '/home/pip/robocon/ROS2_training/dog_ros2_ws_with_pc/install/node3_handle/bin'
[7.084s] INFO:colcon.colcon_core.shell:Creating package script '/home/pip/robocon/ROS2_training/dog_ros2_ws_with_pc/install/node3_handle/share/node3_handle/package.ps1'
[7.085s] INFO:colcon.colcon_core.shell:Creating package descriptor '/home/pip/robocon/ROS2_training/dog_ros2_ws_with_pc/install/node3_handle/share/node3_handle/package.dsv'
[7.085s] INFO:colcon.colcon_core.shell:Creating package script '/home/pip/robocon/ROS2_training/dog_ros2_ws_with_pc/install/node3_handle/share/node3_handle/package.sh'
[7.085s] INFO:colcon.colcon_core.shell:Creating package script '/home/pip/robocon/ROS2_training/dog_ros2_ws_with_pc/install/node3_handle/share/node3_handle/package.bash'
[7.085s] INFO:colcon.colcon_core.shell:Creating package script '/home/pip/robocon/ROS2_training/dog_ros2_ws_with_pc/install/node3_handle/share/node3_handle/package.zsh'
[7.086s] Level 1:colcon.colcon_core.environment:create_file_with_runtime_dependencies(/home/pip/robocon/ROS2_training/dog_ros2_ws_with_pc/install/node3_handle/share/colcon-core/packages/node3_handle)
[7.086s] Level 1:colcon.colcon_core.environment:create_environment_scripts_only(node3_handle)
[7.086s] Level 1:colcon.colcon_core.environment:checking '/home/pip/robocon/ROS2_training/dog_ros2_ws_with_pc/install/node3_handle' for CMake module files
[7.086s] Level 1:colcon.colcon_core.environment:checking '/home/pip/robocon/ROS2_training/dog_ros2_ws_with_pc/install/node3_handle' for CMake config files
[7.086s] Level 1:colcon.colcon_core.shell:create_environment_hook('node3_handle', 'cmake_prefix_path')
[7.087s] INFO:colcon.colcon_core.shell:Creating environment hook '/home/pip/robocon/ROS2_training/dog_ros2_ws_with_pc/install/node3_handle/share/node3_handle/hook/cmake_prefix_path.ps1'
[7.087s] INFO:colcon.colcon_core.shell:Creating environment descriptor '/home/pip/robocon/ROS2_training/dog_ros2_ws_with_pc/install/node3_handle/share/node3_handle/hook/cmake_prefix_path.dsv'
[7.087s] INFO:colcon.colcon_core.shell:Creating environment hook '/home/pip/robocon/ROS2_training/dog_ros2_ws_with_pc/install/node3_handle/share/node3_handle/hook/cmake_prefix_path.sh'
[7.087s] Level 1:colcon.colcon_core.environment:checking '/home/pip/robocon/ROS2_training/dog_ros2_ws_with_pc/install/node3_handle/lib'
[7.087s] Level 1:colcon.colcon_core.environment:checking '/home/pip/robocon/ROS2_training/dog_ros2_ws_with_pc/install/node3_handle/bin'
[7.088s] Level 1:colcon.colcon_core.environment:checking '/home/pip/robocon/ROS2_training/dog_ros2_ws_with_pc/install/node3_handle/lib/pkgconfig/node3_handle.pc'
[7.088s] Level 1:colcon.colcon_core.environment:checking '/home/pip/robocon/ROS2_training/dog_ros2_ws_with_pc/install/node3_handle/lib/python3.10/site-packages'
[7.088s] Level 1:colcon.colcon_core.environment:checking '/home/pip/robocon/ROS2_training/dog_ros2_ws_with_pc/install/node3_handle/bin'
[7.088s] INFO:colcon.colcon_core.shell:Creating package script '/home/pip/robocon/ROS2_training/dog_ros2_ws_with_pc/install/node3_handle/share/node3_handle/package.ps1'
[7.088s] INFO:colcon.colcon_core.shell:Creating package descriptor '/home/pip/robocon/ROS2_training/dog_ros2_ws_with_pc/install/node3_handle/share/node3_handle/package.dsv'
[7.088s] INFO:colcon.colcon_core.shell:Creating package script '/home/pip/robocon/ROS2_training/dog_ros2_ws_with_pc/install/node3_handle/share/node3_handle/package.sh'
[7.089s] INFO:colcon.colcon_core.shell:Creating package script '/home/pip/robocon/ROS2_training/dog_ros2_ws_with_pc/install/node3_handle/share/node3_handle/package.bash'
[7.089s] INFO:colcon.colcon_core.shell:Creating package script '/home/pip/robocon/ROS2_training/dog_ros2_ws_with_pc/install/node3_handle/share/node3_handle/package.zsh'
[7.089s] Level 1:colcon.colcon_core.environment:create_file_with_runtime_dependencies(/home/pip/robocon/ROS2_training/dog_ros2_ws_with_pc/install/node3_handle/share/colcon-core/packages/node3_handle)
[12.899s] DEBUG:colcon.colcon_core.event_handler.log_command:Invoked command in '/home/pip/robocon/ROS2_training/dog_ros2_ws_with_pc/build/node1_controller' returned '0': CMAKE_PREFIX_PATH=/opt/ros/humble:/home/pip/robocon/ROS2_training/dog_ros2_ws_with_pc/install/dog_msgs LD_LIBRARY_PATH=/home/pip/robocon/ROS2_training/dog_ros2_ws_with_pc/install/dog_msgs/lib:${LD_LIBRARY_PATH} PKG_CONFIG_PATH=/home/pip/robocon/ROS2_training/dog_ros2_ws_with_pc/install/dog_msgs/lib/x86_64-linux-gnu/pkgconfig:/home/pip/robocon/ROS2_training/dog_ros2_ws_with_pc/install/dog_msgs/lib/pkgconfig PYTHONPATH=/home/pip/robocon/ROS2_training/dog_ros2_ws_with_pc/install/dog_msgs/local/lib/python3.10/dist-packages:${PYTHONPATH} ROS_PACKAGE_PATH=/home/pip/robocon/ROS2_training/dog_ros2_ws_with_pc/install/dog_msgs/share /usr/bin/cmake --build /home/pip/robocon/ROS2_training/dog_ros2_ws_with_pc/build/node1_controller -- -j32 -l32
[12.900s] DEBUG:colcon.colcon_core.event_handler.log_command:Invoking command in '/home/pip/robocon/ROS2_training/dog_ros2_ws_with_pc/build/node1_controller': CMAKE_PREFIX_PATH=/opt/ros/humble:/home/pip/robocon/ROS2_training/dog_ros2_ws_with_pc/install/dog_msgs LD_LIBRARY_PATH=/home/pip/robocon/ROS2_training/dog_ros2_ws_with_pc/install/dog_msgs/lib:${LD_LIBRARY_PATH} PKG_CONFIG_PATH=/home/pip/robocon/ROS2_training/dog_ros2_ws_with_pc/install/dog_msgs/lib/x86_64-linux-gnu/pkgconfig:/home/pip/robocon/ROS2_training/dog_ros2_ws_with_pc/install/dog_msgs/lib/pkgconfig PYTHONPATH=/home/pip/robocon/ROS2_training/dog_ros2_ws_with_pc/install/dog_msgs/local/lib/python3.10/dist-packages:${PYTHONPATH} ROS_PACKAGE_PATH=/home/pip/robocon/ROS2_training/dog_ros2_ws_with_pc/install/dog_msgs/share /usr/bin/cmake --install /home/pip/robocon/ROS2_training/dog_ros2_ws_with_pc/build/node1_controller
[13.016s] Level 1:colcon.colcon_core.environment:create_environment_scripts_only(node1_controller)
[13.016s] Level 1:colcon.colcon_core.environment:checking '/home/pip/robocon/ROS2_training/dog_ros2_ws_with_pc/install/node1_controller' for CMake module files
[13.017s] DEBUG:colcon.colcon_core.event_handler.log_command:Invoked command in '/home/pip/robocon/ROS2_training/dog_ros2_ws_with_pc/build/node1_controller' returned '0': CMAKE_PREFIX_PATH=/opt/ros/humble:/home/pip/robocon/ROS2_training/dog_ros2_ws_with_pc/install/dog_msgs LD_LIBRARY_PATH=/home/pip/robocon/ROS2_training/dog_ros2_ws_with_pc/install/dog_msgs/lib:${LD_LIBRARY_PATH} PKG_CONFIG_PATH=/home/pip/robocon/ROS2_training/dog_ros2_ws_with_pc/install/dog_msgs/lib/x86_64-linux-gnu/pkgconfig:/home/pip/robocon/ROS2_training/dog_ros2_ws_with_pc/install/dog_msgs/lib/pkgconfig PYTHONPATH=/home/pip/robocon/ROS2_training/dog_ros2_ws_with_pc/install/dog_msgs/local/lib/python3.10/dist-packages:${PYTHONPATH} ROS_PACKAGE_PATH=/home/pip/robocon/ROS2_training/dog_ros2_ws_with_pc/install/dog_msgs/share /usr/bin/cmake --install /home/pip/robocon/ROS2_training/dog_ros2_ws_with_pc/build/node1_controller
[13.017s] Level 1:colcon.colcon_core.environment:checking '/home/pip/robocon/ROS2_training/dog_ros2_ws_with_pc/install/node1_controller' for CMake config files
[13.017s] Level 1:colcon.colcon_core.shell:create_environment_hook('node1_controller', 'cmake_prefix_path')
[13.017s] INFO:colcon.colcon_core.shell:Creating environment hook '/home/pip/robocon/ROS2_training/dog_ros2_ws_with_pc/install/node1_controller/share/node1_controller/hook/cmake_prefix_path.ps1'
[13.017s] INFO:colcon.colcon_core.shell:Creating environment descriptor '/home/pip/robocon/ROS2_training/dog_ros2_ws_with_pc/install/node1_controller/share/node1_controller/hook/cmake_prefix_path.dsv'
[13.018s] INFO:colcon.colcon_core.shell:Creating environment hook '/home/pip/robocon/ROS2_training/dog_ros2_ws_with_pc/install/node1_controller/share/node1_controller/hook/cmake_prefix_path.sh'
[13.018s] Level 1:colcon.colcon_core.environment:checking '/home/pip/robocon/ROS2_training/dog_ros2_ws_with_pc/install/node1_controller/lib'
[13.018s] Level 1:colcon.colcon_core.environment:checking '/home/pip/robocon/ROS2_training/dog_ros2_ws_with_pc/install/node1_controller/bin'
[13.018s] Level 1:colcon.colcon_core.environment:checking '/home/pip/robocon/ROS2_training/dog_ros2_ws_with_pc/install/node1_controller/lib/pkgconfig/node1_controller.pc'
[13.018s] Level 1:colcon.colcon_core.environment:checking '/home/pip/robocon/ROS2_training/dog_ros2_ws_with_pc/install/node1_controller/lib/python3.10/site-packages'
[13.018s] Level 1:colcon.colcon_core.environment:checking '/home/pip/robocon/ROS2_training/dog_ros2_ws_with_pc/install/node1_controller/bin'
[13.018s] INFO:colcon.colcon_core.shell:Creating package script '/home/pip/robocon/ROS2_training/dog_ros2_ws_with_pc/install/node1_controller/share/node1_controller/package.ps1'
[13.019s] INFO:colcon.colcon_core.shell:Creating package descriptor '/home/pip/robocon/ROS2_training/dog_ros2_ws_with_pc/install/node1_controller/share/node1_controller/package.dsv'
[13.019s] INFO:colcon.colcon_core.shell:Creating package script '/home/pip/robocon/ROS2_training/dog_ros2_ws_with_pc/install/node1_controller/share/node1_controller/package.sh'
[13.019s] INFO:colcon.colcon_core.shell:Creating package script '/home/pip/robocon/ROS2_training/dog_ros2_ws_with_pc/install/node1_controller/share/node1_controller/package.bash'
[13.019s] INFO:colcon.colcon_core.shell:Creating package script '/home/pip/robocon/ROS2_training/dog_ros2_ws_with_pc/install/node1_controller/share/node1_controller/package.zsh'
[13.019s] Level 1:colcon.colcon_core.environment:create_file_with_runtime_dependencies(/home/pip/robocon/ROS2_training/dog_ros2_ws_with_pc/install/node1_controller/share/colcon-core/packages/node1_controller)
[13.020s] Level 1:colcon.colcon_core.environment:create_environment_scripts_only(node1_controller)
[13.020s] Level 1:colcon.colcon_core.environment:checking '/home/pip/robocon/ROS2_training/dog_ros2_ws_with_pc/install/node1_controller' for CMake module files
[13.020s] Level 1:colcon.colcon_core.environment:checking '/home/pip/robocon/ROS2_training/dog_ros2_ws_with_pc/install/node1_controller' for CMake config files
[13.020s] Level 1:colcon.colcon_core.shell:create_environment_hook('node1_controller', 'cmake_prefix_path')
[13.020s] INFO:colcon.colcon_core.shell:Creating environment hook '/home/pip/robocon/ROS2_training/dog_ros2_ws_with_pc/install/node1_controller/share/node1_controller/hook/cmake_prefix_path.ps1'
[13.020s] INFO:colcon.colcon_core.shell:Creating environment descriptor '/home/pip/robocon/ROS2_training/dog_ros2_ws_with_pc/install/node1_controller/share/node1_controller/hook/cmake_prefix_path.dsv'
[13.021s] INFO:colcon.colcon_core.shell:Creating environment hook '/home/pip/robocon/ROS2_training/dog_ros2_ws_with_pc/install/node1_controller/share/node1_controller/hook/cmake_prefix_path.sh'
[13.021s] Level 1:colcon.colcon_core.environment:checking '/home/pip/robocon/ROS2_training/dog_ros2_ws_with_pc/install/node1_controller/lib'
[13.021s] Level 1:colcon.colcon_core.environment:checking '/home/pip/robocon/ROS2_training/dog_ros2_ws_with_pc/install/node1_controller/bin'
[13.021s] Level 1:colcon.colcon_core.environment:checking '/home/pip/robocon/ROS2_training/dog_ros2_ws_with_pc/install/node1_controller/lib/pkgconfig/node1_controller.pc'
[13.021s] Level 1:colcon.colcon_core.environment:checking '/home/pip/robocon/ROS2_training/dog_ros2_ws_with_pc/install/node1_controller/lib/python3.10/site-packages'
[13.021s] Level 1:colcon.colcon_core.environment:checking '/home/pip/robocon/ROS2_training/dog_ros2_ws_with_pc/install/node1_controller/bin'
[13.021s] INFO:colcon.colcon_core.shell:Creating package script '/home/pip/robocon/ROS2_training/dog_ros2_ws_with_pc/install/node1_controller/share/node1_controller/package.ps1'
[13.022s] INFO:colcon.colcon_core.shell:Creating package descriptor '/home/pip/robocon/ROS2_training/dog_ros2_ws_with_pc/install/node1_controller/share/node1_controller/package.dsv'
[13.022s] INFO:colcon.colcon_core.shell:Creating package script '/home/pip/robocon/ROS2_training/dog_ros2_ws_with_pc/install/node1_controller/share/node1_controller/package.sh'
[13.022s] INFO:colcon.colcon_core.shell:Creating package script '/home/pip/robocon/ROS2_training/dog_ros2_ws_with_pc/install/node1_controller/share/node1_controller/package.bash'
[13.022s] INFO:colcon.colcon_core.shell:Creating package script '/home/pip/robocon/ROS2_training/dog_ros2_ws_with_pc/install/node1_controller/share/node1_controller/package.zsh'
[13.023s] Level 1:colcon.colcon_core.environment:create_file_with_runtime_dependencies(/home/pip/robocon/ROS2_training/dog_ros2_ws_with_pc/install/node1_controller/share/colcon-core/packages/node1_controller)
[13.023s] DEBUG:colcon.colcon_parallel_executor.executor.parallel:closing loop
[13.023s] DEBUG:colcon.colcon_parallel_executor.executor.parallel:loop closed
[13.023s] DEBUG:colcon.colcon_parallel_executor.executor.parallel:run_until_complete finished with '0'
[13.023s] DEBUG:colcon.colcon_core.event_reactor:joining thread
[13.027s] INFO:colcon.colcon_core.plugin_system:Skipping extension 'colcon_notification.desktop_notification.terminal_notifier': Not used on non-Darwin systems
[13.027s] INFO:colcon.colcon_core.plugin_system:Skipping extension 'colcon_notification.desktop_notification.win32': Not used on non-Windows systems
[13.027s] INFO:colcon.colcon_notification.desktop_notification:Sending desktop notification using 'notify2'
[13.036s] DEBUG:colcon.colcon_core.event_reactor:joined thread
[13.036s] INFO:colcon.colcon_core.shell:Creating prefix script '/home/pip/robocon/ROS2_training/dog_ros2_ws_with_pc/install/local_setup.ps1'
[13.038s] INFO:colcon.colcon_core.shell:Creating prefix util module '/home/pip/robocon/ROS2_training/dog_ros2_ws_with_pc/install/_local_setup_util_ps1.py'
[13.039s] INFO:colcon.colcon_core.shell:Creating prefix chain script '/home/pip/robocon/ROS2_training/dog_ros2_ws_with_pc/install/setup.ps1'
[13.040s] INFO:colcon.colcon_core.shell:Creating prefix script '/home/pip/robocon/ROS2_training/dog_ros2_ws_with_pc/install/local_setup.sh'
[13.040s] INFO:colcon.colcon_core.shell:Creating prefix util module '/home/pip/robocon/ROS2_training/dog_ros2_ws_with_pc/install/_local_setup_util_sh.py'
[13.040s] INFO:colcon.colcon_core.shell:Creating prefix chain script '/home/pip/robocon/ROS2_training/dog_ros2_ws_with_pc/install/setup.sh'
[13.041s] INFO:colcon.colcon_core.shell:Creating prefix script '/home/pip/robocon/ROS2_training/dog_ros2_ws_with_pc/install/local_setup.bash'
[13.041s] INFO:colcon.colcon_core.shell:Creating prefix chain script '/home/pip/robocon/ROS2_training/dog_ros2_ws_with_pc/install/setup.bash'
[13.042s] INFO:colcon.colcon_core.shell:Creating prefix script '/home/pip/robocon/ROS2_training/dog_ros2_ws_with_pc/install/local_setup.zsh'
[13.042s] INFO:colcon.colcon_core.shell:Creating prefix chain script '/home/pip/robocon/ROS2_training/dog_ros2_ws_with_pc/install/setup.zsh'
