[0.007s] Invoking command in '/home/pip/robocon/ROS2_training/dog_ros2_ws_with_pc/build/node3_handle': CMAKE_PREFIX_PATH=/opt/ros/humble:/home/pip/robocon/ROS2_training/dog_ros2_ws_with_pc/install/dog_msgs LD_LIBRARY_PATH=/home/pip/robocon/ROS2_training/dog_ros2_ws_with_pc/install/dog_msgs/lib:${LD_LIBRARY_PATH} PKG_CONFIG_PATH=/home/pip/robocon/ROS2_training/dog_ros2_ws_with_pc/install/dog_msgs/lib/x86_64-linux-gnu/pkgconfig:/home/pip/robocon/ROS2_training/dog_ros2_ws_with_pc/install/dog_msgs/lib/pkgconfig PYTHONPATH=/home/pip/robocon/ROS2_training/dog_ros2_ws_with_pc/install/dog_msgs/local/lib/python3.10/dist-packages:${PYTHONPATH} ROS_PACKAGE_PATH=/home/pip/robocon/ROS2_training/dog_ros2_ws_with_pc/install/dog_msgs/share /usr/bin/cmake /home/pip/robocon/ROS2_training/dog_ros2_ws_with_pc/src/node3_handle -DAMENT_CMAKE_SYMLINK_INSTALL=1 -DCMAKE_INSTALL_PREFIX=/home/pip/robocon/ROS2_training/dog_ros2_ws_with_pc/install/node3_handle
[0.046s] -- The C compiler identification is GNU 11.4.0
[0.092s] -- The CXX compiler identification is GNU 11.4.0
[0.097s] -- Detecting C compiler ABI info
[0.150s] -- Detecting C compiler ABI info - done
[0.153s] -- Check for working C compiler: /usr/bin/cc - skipped
[0.154s] -- Detecting C compile features
[0.154s] -- Detecting C compile features - done
[0.156s] -- Detecting CXX compiler ABI info
[0.211s] -- Detecting CXX compiler ABI info - done
[0.214s] -- Check for working CXX compiler: /usr/bin/c++ - skipped
[0.215s] -- Detecting CXX compile features
[0.215s] -- Detecting CXX compile features - done
[0.216s] -- Found ament_cmake: 1.3.14 (/opt/ros/humble/share/ament_cmake/cmake)
[0.302s] -- Found Python3: /usr/bin/python3 (found version "3.10.12") found components: Interpreter 
[0.340s] -- Override CMake install command with custom implementation using symlinks instead of copying resources
[0.355s] -- Found rclcpp: 16.0.21 (/opt/ros/humble/share/rclcpp/cmake)
[0.377s] -- Found rosidl_generator_c: 3.1.9 (/opt/ros/humble/share/rosidl_generator_c/cmake)
[0.379s] -- Found rosidl_adapter: 3.1.9 (/opt/ros/humble/share/rosidl_adapter/cmake)
[0.383s] -- Found rosidl_generator_cpp: 3.1.9 (/opt/ros/humble/share/rosidl_generator_cpp/cmake)
[0.389s] -- Using all available rosidl_typesupport_c: rosidl_typesupport_fastrtps_c;rosidl_typesupport_introspection_c
[0.397s] -- Using all available rosidl_typesupport_cpp: rosidl_typesupport_fastrtps_cpp;rosidl_typesupport_introspection_cpp
[0.419s] -- Found rmw_implementation_cmake: 6.1.4 (/opt/ros/humble/share/rmw_implementation_cmake/cmake)
[0.420s] -- Found rmw_fastrtps_cpp: 6.2.10 (/opt/ros/humble/share/rmw_fastrtps_cpp/cmake)
[0.479s] -- Found OpenSSL: /usr/lib/x86_64-linux-gnu/libcrypto.so (found version "3.0.2")  
[0.496s] -- Found FastRTPS: /opt/ros/humble/include  
[0.521s] -- Using RMW implementation 'rmw_fastrtps_cpp' as default
[0.525s] -- Looking for pthread.h
[0.575s] -- Looking for pthread.h - found
[0.575s] -- Performing Test CMAKE_HAVE_LIBC_PTHREAD
[0.628s] -- Performing Test CMAKE_HAVE_LIBC_PTHREAD - Success
[0.629s] -- Found Threads: TRUE  
[0.657s] -- Found sensor_msgs: 4.9.2 (/opt/ros/humble/share/sensor_msgs/cmake)
[0.673s] -- Found dog_msgs: 0.0.0 (/home/pip/robocon/ROS2_training/dog_ros2_ws_with_pc/install/dog_msgs/share/dog_msgs/cmake)
[0.678s] -- Found ament_lint_auto: 0.12.15 (/opt/ros/humble/share/ament_lint_auto/cmake)
[0.722s] -- Added test 'cppcheck' to perform static code analysis on C / C++ code
[0.722s] -- Configured cppcheck include dirs: 
[0.723s] -- Configured cppcheck exclude dirs and/or files: 
[0.723s] -- Added test 'lint_cmake' to check CMake code style
[0.723s] -- Added test 'uncrustify' to check C / C++ code style
[0.723s] -- Configured uncrustify additional arguments: 
[0.724s] -- Added test 'xmllint' to check XML markup files
[0.724s] -- Configuring done
[0.734s] -- Generating done
[0.736s] -- Build files have been written to: /home/pip/robocon/ROS2_training/dog_ros2_ws_with_pc/build/node3_handle
[0.746s] Invoked command in '/home/pip/robocon/ROS2_training/dog_ros2_ws_with_pc/build/node3_handle' returned '0': CMAKE_PREFIX_PATH=/opt/ros/humble:/home/pip/robocon/ROS2_training/dog_ros2_ws_with_pc/install/dog_msgs LD_LIBRARY_PATH=/home/pip/robocon/ROS2_training/dog_ros2_ws_with_pc/install/dog_msgs/lib:${LD_LIBRARY_PATH} PKG_CONFIG_PATH=/home/pip/robocon/ROS2_training/dog_ros2_ws_with_pc/install/dog_msgs/lib/x86_64-linux-gnu/pkgconfig:/home/pip/robocon/ROS2_training/dog_ros2_ws_with_pc/install/dog_msgs/lib/pkgconfig PYTHONPATH=/home/pip/robocon/ROS2_training/dog_ros2_ws_with_pc/install/dog_msgs/local/lib/python3.10/dist-packages:${PYTHONPATH} ROS_PACKAGE_PATH=/home/pip/robocon/ROS2_training/dog_ros2_ws_with_pc/install/dog_msgs/share /usr/bin/cmake /home/pip/robocon/ROS2_training/dog_ros2_ws_with_pc/src/node3_handle -DAMENT_CMAKE_SYMLINK_INSTALL=1 -DCMAKE_INSTALL_PREFIX=/home/pip/robocon/ROS2_training/dog_ros2_ws_with_pc/install/node3_handle
[0.747s] Invoking command in '/home/pip/robocon/ROS2_training/dog_ros2_ws_with_pc/build/node3_handle': CMAKE_PREFIX_PATH=/opt/ros/humble:/home/pip/robocon/ROS2_training/dog_ros2_ws_with_pc/install/dog_msgs LD_LIBRARY_PATH=/home/pip/robocon/ROS2_training/dog_ros2_ws_with_pc/install/dog_msgs/lib:${LD_LIBRARY_PATH} PKG_CONFIG_PATH=/home/pip/robocon/ROS2_training/dog_ros2_ws_with_pc/install/dog_msgs/lib/x86_64-linux-gnu/pkgconfig:/home/pip/robocon/ROS2_training/dog_ros2_ws_with_pc/install/dog_msgs/lib/pkgconfig PYTHONPATH=/home/pip/robocon/ROS2_training/dog_ros2_ws_with_pc/install/dog_msgs/local/lib/python3.10/dist-packages:${PYTHONPATH} ROS_PACKAGE_PATH=/home/pip/robocon/ROS2_training/dog_ros2_ws_with_pc/install/dog_msgs/share /usr/bin/cmake --build /home/pip/robocon/ROS2_training/dog_ros2_ws_with_pc/build/node3_handle -- -j32 -l32
[0.784s] [ 50%] [32mBuilding CXX object CMakeFiles/node3_handle.dir/src/handle.cpp.o[0m
[2.893s] [100%] [32m[1mLinking CXX executable node3_handle[0m
[2.986s] [100%] Built target node3_handle
[2.997s] Invoked command in '/home/pip/robocon/ROS2_training/dog_ros2_ws_with_pc/build/node3_handle' returned '0': CMAKE_PREFIX_PATH=/opt/ros/humble:/home/pip/robocon/ROS2_training/dog_ros2_ws_with_pc/install/dog_msgs LD_LIBRARY_PATH=/home/pip/robocon/ROS2_training/dog_ros2_ws_with_pc/install/dog_msgs/lib:${LD_LIBRARY_PATH} PKG_CONFIG_PATH=/home/pip/robocon/ROS2_training/dog_ros2_ws_with_pc/install/dog_msgs/lib/x86_64-linux-gnu/pkgconfig:/home/pip/robocon/ROS2_training/dog_ros2_ws_with_pc/install/dog_msgs/lib/pkgconfig PYTHONPATH=/home/pip/robocon/ROS2_training/dog_ros2_ws_with_pc/install/dog_msgs/local/lib/python3.10/dist-packages:${PYTHONPATH} ROS_PACKAGE_PATH=/home/pip/robocon/ROS2_training/dog_ros2_ws_with_pc/install/dog_msgs/share /usr/bin/cmake --build /home/pip/robocon/ROS2_training/dog_ros2_ws_with_pc/build/node3_handle -- -j32 -l32
[2.999s] Invoking command in '/home/pip/robocon/ROS2_training/dog_ros2_ws_with_pc/build/node3_handle': CMAKE_PREFIX_PATH=/opt/ros/humble:/home/pip/robocon/ROS2_training/dog_ros2_ws_with_pc/install/dog_msgs LD_LIBRARY_PATH=/home/pip/robocon/ROS2_training/dog_ros2_ws_with_pc/install/dog_msgs/lib:${LD_LIBRARY_PATH} PKG_CONFIG_PATH=/home/pip/robocon/ROS2_training/dog_ros2_ws_with_pc/install/dog_msgs/lib/x86_64-linux-gnu/pkgconfig:/home/pip/robocon/ROS2_training/dog_ros2_ws_with_pc/install/dog_msgs/lib/pkgconfig PYTHONPATH=/home/pip/robocon/ROS2_training/dog_ros2_ws_with_pc/install/dog_msgs/local/lib/python3.10/dist-packages:${PYTHONPATH} ROS_PACKAGE_PATH=/home/pip/robocon/ROS2_training/dog_ros2_ws_with_pc/install/dog_msgs/share /usr/bin/cmake --install /home/pip/robocon/ROS2_training/dog_ros2_ws_with_pc/build/node3_handle
[3.004s] -- Install configuration: ""
[3.004s] -- Execute custom install script
[3.004s] -- Symlinking: /home/pip/robocon/ROS2_training/dog_ros2_ws_with_pc/install/node3_handle/lib/node3_handle/node3_handle
[3.011s] -- Symlinking: /home/pip/robocon/ROS2_training/dog_ros2_ws_with_pc/install/node3_handle/share/ament_index/resource_index/package_run_dependencies/node3_handle
[3.017s] -- Symlinking: /home/pip/robocon/ROS2_training/dog_ros2_ws_with_pc/install/node3_handle/share/ament_index/resource_index/parent_prefix_path/node3_handle
[3.024s] -- Symlinking: /home/pip/robocon/ROS2_training/dog_ros2_ws_with_pc/install/node3_handle/share/node3_handle/environment/ament_prefix_path.sh
[3.030s] -- Symlinking: /home/pip/robocon/ROS2_training/dog_ros2_ws_with_pc/install/node3_handle/share/node3_handle/environment/ament_prefix_path.dsv
[3.036s] -- Symlinking: /home/pip/robocon/ROS2_training/dog_ros2_ws_with_pc/install/node3_handle/share/node3_handle/environment/path.sh
[3.041s] -- Symlinking: /home/pip/robocon/ROS2_training/dog_ros2_ws_with_pc/install/node3_handle/share/node3_handle/environment/path.dsv
[3.047s] -- Symlinking: /home/pip/robocon/ROS2_training/dog_ros2_ws_with_pc/install/node3_handle/share/node3_handle/local_setup.bash
[3.052s] -- Symlinking: /home/pip/robocon/ROS2_training/dog_ros2_ws_with_pc/install/node3_handle/share/node3_handle/local_setup.sh
[3.058s] -- Symlinking: /home/pip/robocon/ROS2_training/dog_ros2_ws_with_pc/install/node3_handle/share/node3_handle/local_setup.zsh
[3.064s] -- Symlinking: /home/pip/robocon/ROS2_training/dog_ros2_ws_with_pc/install/node3_handle/share/node3_handle/local_setup.dsv
[3.070s] -- Symlinking: /home/pip/robocon/ROS2_training/dog_ros2_ws_with_pc/install/node3_handle/share/node3_handle/package.dsv
[3.077s] -- Symlinking: /home/pip/robocon/ROS2_training/dog_ros2_ws_with_pc/install/node3_handle/share/ament_index/resource_index/packages/node3_handle
[3.083s] -- Symlinking: /home/pip/robocon/ROS2_training/dog_ros2_ws_with_pc/install/node3_handle/share/node3_handle/cmake/node3_handleConfig.cmake
[3.092s] -- Symlinking: /home/pip/robocon/ROS2_training/dog_ros2_ws_with_pc/install/node3_handle/share/node3_handle/cmake/node3_handleConfig-version.cmake
[3.097s] -- Symlinking: /home/pip/robocon/ROS2_training/dog_ros2_ws_with_pc/install/node3_handle/share/node3_handle/package.xml
[3.106s] Invoked command in '/home/pip/robocon/ROS2_training/dog_ros2_ws_with_pc/build/node3_handle' returned '0': CMAKE_PREFIX_PATH=/opt/ros/humble:/home/pip/robocon/ROS2_training/dog_ros2_ws_with_pc/install/dog_msgs LD_LIBRARY_PATH=/home/pip/robocon/ROS2_training/dog_ros2_ws_with_pc/install/dog_msgs/lib:${LD_LIBRARY_PATH} PKG_CONFIG_PATH=/home/pip/robocon/ROS2_training/dog_ros2_ws_with_pc/install/dog_msgs/lib/x86_64-linux-gnu/pkgconfig:/home/pip/robocon/ROS2_training/dog_ros2_ws_with_pc/install/dog_msgs/lib/pkgconfig PYTHONPATH=/home/pip/robocon/ROS2_training/dog_ros2_ws_with_pc/install/dog_msgs/local/lib/python3.10/dist-packages:${PYTHONPATH} ROS_PACKAGE_PATH=/home/pip/robocon/ROS2_training/dog_ros2_ws_with_pc/install/dog_msgs/share /usr/bin/cmake --install /home/pip/robocon/ROS2_training/dog_ros2_ws_with_pc/build/node3_handle
