[0.010s] Invoking command in '/home/pip/robocon/ROS2_training/dog_ros2_ws_with_pc/build/dog_msgs': /usr/bin/cmake /home/pip/robocon/ROS2_training/dog_ros2_ws_with_pc/src/dog_msgs -DCATKIN_INSTALL_INTO_PREFIX_ROOT=0 -DCATKIN_SYMLINK_INSTALL=ON -DCMAKE_INSTALL_PREFIX=/home/pip/robocon/ROS2_training/dog_ros2_ws_with_pc/install/dog_msgs
[0.060s] -- The C compiler identification is GNU 11.4.0
[0.122s] -- The CXX compiler identification is GNU 11.4.0
[0.129s] -- Detecting C compiler ABI info
[0.190s] -- Detecting C compiler ABI info - done
[0.195s] -- Check for working C compiler: /usr/bin/cc - skipped
[0.196s] -- Detecting C compile features
[0.196s] -- Detecting C compile features - done
[0.198s] -- Detecting CXX compiler ABI info
[0.274s] -- Detecting CXX compiler ABI info - done
[0.279s] -- Check for working CXX compiler: /usr/bin/c++ - skipped
[0.280s] -- Detecting CXX compile features
[0.280s] -- Detecting CXX compile features - done
[0.282s] -- Found ament_cmake: 1.3.14 (/opt/ros/humble/share/ament_cmake/cmake)
[0.403s] -- Found Python3: /usr/bin/python3 (found version "3.10.12") found components: Interpreter 
[0.471s] -- Found rosidl_default_generators: 1.2.1 (/opt/ros/humble/share/rosidl_default_generators/cmake)
[0.472s] -- Using all available rosidl_typesupport_c: rosidl_typesupport_fastrtps_c;rosidl_typesupport_introspection_c
[0.475s] -- Found rosidl_adapter: 3.1.9 (/opt/ros/humble/share/rosidl_adapter/cmake)
[0.496s] -- Using all available rosidl_typesupport_cpp: rosidl_typesupport_fastrtps_cpp;rosidl_typesupport_introspection_cpp
[0.657s] -- Found ament_cmake_ros: 0.10.1 (/opt/ros/humble/share/ament_cmake_ros/cmake)
[0.779s] -- Using all available rosidl_typesupport_c: rosidl_typesupport_fastrtps_c;rosidl_typesupport_introspection_c
[0.921s] -- Using all available rosidl_typesupport_cpp: rosidl_typesupport_fastrtps_cpp;rosidl_typesupport_introspection_cpp
[0.936s] -- Found PythonInterp: /usr/bin/python3 (found suitable version "3.10.12", minimum required is "3.6") 
[0.936s] -- Found python_cmake_module: 0.10.0 (/opt/ros/humble/share/python_cmake_module/cmake)
[0.958s] -- Found PythonLibs: /usr/lib/x86_64-linux-gnu/libpython3.10.so (found suitable version "3.10.12", minimum required is "3.5") 
[0.958s] -- Using PYTHON_EXECUTABLE: /usr/bin/python3
[0.958s] -- Using PYTHON_INCLUDE_DIRS: /usr/include/python3.10
[0.958s] -- Using PYTHON_LIBRARIES: /usr/lib/x86_64-linux-gnu/libpython3.10.so
[0.971s] -- Found PythonExtra: .so  
[1.034s] -- Configuring done
[1.056s] -- Generating done
[1.058s] [33mCMake Warning:
[1.058s]   Manually-specified variables were not used by the project:
[1.058s] 
[1.058s]     CATKIN_INSTALL_INTO_PREFIX_ROOT
[1.058s]     CATKIN_SYMLINK_INSTALL
[1.058s] 
[1.058s] [0m
[1.062s] -- Build files have been written to: /home/pip/robocon/ROS2_training/dog_ros2_ws_with_pc/build/dog_msgs
[1.069s] Invoked command in '/home/pip/robocon/ROS2_training/dog_ros2_ws_with_pc/build/dog_msgs' returned '0': /usr/bin/cmake /home/pip/robocon/ROS2_training/dog_ros2_ws_with_pc/src/dog_msgs -DCATKIN_INSTALL_INTO_PREFIX_ROOT=0 -DCATKIN_SYMLINK_INSTALL=ON -DCMAKE_INSTALL_PREFIX=/home/pip/robocon/ROS2_training/dog_ros2_ws_with_pc/install/dog_msgs
[1.070s] Invoking command in '/home/pip/robocon/ROS2_training/dog_ros2_ws_with_pc/build/dog_msgs': /usr/bin/cmake --build /home/pip/robocon/ROS2_training/dog_ros2_ws_with_pc/build/dog_msgs -- -j32 -l32
[1.098s] [  2%] [34m[1mGenerating C code for ROS interfaces[0m
[1.106s] [  6%] [34m[1mGenerating Rust code for ROS interfaces[0m
[1.106s] [  6%] [34m[1mGenerating C++ code for ROS interfaces[0m
[1.111s] [  6%] Built target ament_cmake_python_copy_dog_msgs
[1.232s] running egg_info
[1.232s] creating dog_msgs.egg-info
[1.232s] writing dog_msgs.egg-info/PKG-INFO
[1.232s] writing dependency_links to dog_msgs.egg-info/dependency_links.txt
[1.233s] writing top-level names to dog_msgs.egg-info/top_level.txt
[1.233s] writing manifest file 'dog_msgs.egg-info/SOURCES.txt'
[1.233s] reading manifest file 'dog_msgs.egg-info/SOURCES.txt'
[1.234s] writing manifest file 'dog_msgs.egg-info/SOURCES.txt'
[1.252s] [  6%] Built target ament_cmake_python_build_dog_msgs_egg
[1.253s] [  6%] Built target dog_msgs__rs
[1.307s] [  6%] Built target dog_msgs__cpp
[1.309s] [  8%] [32mBuilding C object CMakeFiles/dog_msgs__rosidl_generator_c.dir/rosidl_generator_c/dog_msgs/msg/detail/controller_command__functions.c.o[0m
[1.309s] [ 10%] [32mBuilding C object CMakeFiles/dog_msgs__rosidl_generator_c.dir/rosidl_generator_c/dog_msgs/msg/detail/motor_state__functions.c.o[0m
[1.312s] [ 12%] [32mBuilding C object CMakeFiles/dog_msgs__rosidl_generator_c.dir/rosidl_generator_c/dog_msgs/srv/detail/handle_command__functions.c.o[0m
[1.317s] [ 16%] [34m[1mGenerating C++ type support dispatch for ROS interfaces[0m
[1.317s] [ 16%] [34m[1mGenerating C++ type support for eProsima Fast-RTPS[0m
[1.319s] [ 18%] [34m[1mGenerating C++ introspection for ROS interfaces[0m
[1.361s] [ 20%] [32m[1mLinking C shared library libdog_msgs__rosidl_generator_c.so[0m
[1.391s] [ 20%] Built target dog_msgs__rosidl_generator_c
[1.400s] [ 25%] [34m[1mGenerating C introspection for ROS interfaces[0m
[1.400s] [ 25%] [34m[1mGenerating C type support dispatch for ROS interfaces[0m
[1.400s] [ 27%] [34m[1mGenerating C type support for eProsima Fast-RTPS[0m
[1.505s] [ 29%] [32mBuilding CXX object CMakeFiles/dog_msgs__rosidl_typesupport_cpp.dir/rosidl_typesupport_cpp/dog_msgs/srv/handle_command__type_support.cpp.o[0m
[1.506s] [ 31%] [32mBuilding CXX object CMakeFiles/dog_msgs__rosidl_typesupport_cpp.dir/rosidl_typesupport_cpp/dog_msgs/msg/controller_command__type_support.cpp.o[0m
[1.506s] [ 33%] [32mBuilding CXX object CMakeFiles/dog_msgs__rosidl_typesupport_cpp.dir/rosidl_typesupport_cpp/dog_msgs/msg/motor_state__type_support.cpp.o[0m
[1.520s] [ 35%] [32mBuilding CXX object CMakeFiles/dog_msgs__rosidl_typesupport_introspection_cpp.dir/rosidl_typesupport_introspection_cpp/dog_msgs/msg/detail/controller_command__type_support.cpp.o[0m
[1.520s] [ 37%] [32mBuilding CXX object CMakeFiles/dog_msgs__rosidl_typesupport_introspection_cpp.dir/rosidl_typesupport_introspection_cpp/dog_msgs/msg/detail/motor_state__type_support.cpp.o[0m
[1.520s] [ 39%] [32mBuilding CXX object CMakeFiles/dog_msgs__rosidl_typesupport_introspection_cpp.dir/rosidl_typesupport_introspection_cpp/dog_msgs/srv/detail/handle_command__type_support.cpp.o[0m
[1.522s] [ 41%] [32mBuilding CXX object CMakeFiles/dog_msgs__rosidl_typesupport_fastrtps_cpp.dir/rosidl_typesupport_fastrtps_cpp/dog_msgs/msg/detail/dds_fastrtps/controller_command__type_support.cpp.o[0m
[1.523s] [ 43%] [32mBuilding CXX object CMakeFiles/dog_msgs__rosidl_typesupport_fastrtps_cpp.dir/rosidl_typesupport_fastrtps_cpp/dog_msgs/msg/detail/dds_fastrtps/motor_state__type_support.cpp.o[0m
[1.523s] [ 45%] [32mBuilding CXX object CMakeFiles/dog_msgs__rosidl_typesupport_fastrtps_cpp.dir/rosidl_typesupport_fastrtps_cpp/dog_msgs/srv/detail/dds_fastrtps/handle_command__type_support.cpp.o[0m
[1.580s] [ 52%] [32mBuilding CXX object CMakeFiles/dog_msgs__rosidl_typesupport_c.dir/rosidl_typesupport_c/dog_msgs/msg/motor_state__type_support.cpp.o[0m
[1.580s] [ 52%] [32mBuilding CXX object CMakeFiles/dog_msgs__rosidl_typesupport_c.dir/rosidl_typesupport_c/dog_msgs/srv/handle_command__type_support.cpp.o[0m
[1.580s] [ 52%] [32mBuilding CXX object CMakeFiles/dog_msgs__rosidl_typesupport_c.dir/rosidl_typesupport_c/dog_msgs/msg/controller_command__type_support.cpp.o[0m
[1.605s] [ 54%] [32mBuilding C object CMakeFiles/dog_msgs__rosidl_typesupport_introspection_c.dir/rosidl_typesupport_introspection_c/dog_msgs/msg/detail/controller_command__type_support.c.o[0m
[1.606s] [ 58%] [32mBuilding C object CMakeFiles/dog_msgs__rosidl_typesupport_introspection_c.dir/rosidl_typesupport_introspection_c/dog_msgs/srv/detail/handle_command__type_support.c.o[0m
[1.606s] [ 58%] [32mBuilding C object CMakeFiles/dog_msgs__rosidl_typesupport_introspection_c.dir/rosidl_typesupport_introspection_c/dog_msgs/msg/detail/motor_state__type_support.c.o[0m
[1.614s] [ 60%] [32m[1mLinking CXX shared library libdog_msgs__rosidl_typesupport_c.so[0m
[1.619s] [ 62%] [32mBuilding CXX object CMakeFiles/dog_msgs__rosidl_typesupport_fastrtps_c.dir/rosidl_typesupport_fastrtps_c/dog_msgs/msg/detail/controller_command__type_support_c.cpp.o[0m
[1.620s] [ 66%] [32mBuilding CXX object CMakeFiles/dog_msgs__rosidl_typesupport_fastrtps_c.dir/rosidl_typesupport_fastrtps_c/dog_msgs/msg/detail/motor_state__type_support_c.cpp.o[0m
[1.620s] [ 66%] [32mBuilding CXX object CMakeFiles/dog_msgs__rosidl_typesupport_fastrtps_c.dir/rosidl_typesupport_fastrtps_c/dog_msgs/srv/detail/handle_command__type_support_c.cpp.o[0m
[1.650s] [ 68%] [32m[1mLinking C shared library libdog_msgs__rosidl_typesupport_introspection_c.so[0m
[1.659s] [ 68%] Built target dog_msgs__rosidl_typesupport_c
[1.682s] [ 68%] Built target dog_msgs__rosidl_typesupport_introspection_c
[1.709s] [ 70%] [32m[1mLinking CXX shared library libdog_msgs__rosidl_typesupport_cpp.so[0m
[1.751s] [ 70%] Built target dog_msgs__rosidl_typesupport_cpp
[1.823s] [ 72%] [32m[1mLinking CXX shared library libdog_msgs__rosidl_typesupport_fastrtps_cpp.so[0m
[1.828s] [ 75%] [32m[1mLinking CXX shared library libdog_msgs__rosidl_typesupport_introspection_cpp.so[0m
[1.871s] [ 77%] [32m[1mLinking CXX shared library libdog_msgs__rosidl_typesupport_fastrtps_c.so[0m
[1.882s] [ 77%] Built target dog_msgs__rosidl_typesupport_fastrtps_cpp
[1.885s] [ 77%] Built target dog_msgs__rosidl_typesupport_introspection_cpp
[1.927s] [ 77%] Built target dog_msgs__rosidl_typesupport_fastrtps_c
[1.945s] [ 77%] Built target dog_msgs
[1.962s] [ 79%] [34m[1mGenerating Python code for ROS interfaces[0m
[2.239s] [ 79%] Built target dog_msgs__py
[2.253s] [ 81%] [32mBuilding C object CMakeFiles/dog_msgs__rosidl_generator_py.dir/rosidl_generator_py/dog_msgs/msg/_controller_command_s.c.o[0m
[2.253s] [ 83%] [32mBuilding C object CMakeFiles/dog_msgs__rosidl_generator_py.dir/rosidl_generator_py/dog_msgs/srv/_handle_command_s.c.o[0m
[2.255s] [ 85%] [32mBuilding C object CMakeFiles/dog_msgs__rosidl_generator_py.dir/rosidl_generator_py/dog_msgs/msg/_motor_state_s.c.o[0m
[2.329s] [ 87%] [32m[1mLinking C shared library rosidl_generator_py/dog_msgs/libdog_msgs__rosidl_generator_py.so[0m
[2.357s] [ 87%] Built target dog_msgs__rosidl_generator_py
[2.370s] [ 91%] [32mBuilding C object CMakeFiles/dog_msgs__rosidl_typesupport_introspection_c__pyext.dir/rosidl_generator_py/dog_msgs/_dog_msgs_s.ep.rosidl_typesupport_introspection_c.c.o[0m
[2.370s] [ 91%] [32mBuilding C object CMakeFiles/dog_msgs__rosidl_typesupport_fastrtps_c__pyext.dir/rosidl_generator_py/dog_msgs/_dog_msgs_s.ep.rosidl_typesupport_fastrtps_c.c.o[0m
[2.374s] [ 93%] [32mBuilding C object CMakeFiles/dog_msgs__rosidl_typesupport_c__pyext.dir/rosidl_generator_py/dog_msgs/_dog_msgs_s.ep.rosidl_typesupport_c.c.o[0m
[2.437s] [ 95%] [32m[1mLinking C shared library rosidl_generator_py/dog_msgs/dog_msgs_s__rosidl_typesupport_introspection_c.cpython-310-x86_64-linux-gnu.so[0m
[2.437s] [ 97%] [32m[1mLinking C shared library rosidl_generator_py/dog_msgs/dog_msgs_s__rosidl_typesupport_fastrtps_c.cpython-310-x86_64-linux-gnu.so[0m
[2.438s] [100%] [32m[1mLinking C shared library rosidl_generator_py/dog_msgs/dog_msgs_s__rosidl_typesupport_c.cpython-310-x86_64-linux-gnu.so[0m
[2.461s] [100%] Built target dog_msgs__rosidl_typesupport_fastrtps_c__pyext
[2.462s] [100%] Built target dog_msgs__rosidl_typesupport_c__pyext
[2.465s] [100%] Built target dog_msgs__rosidl_typesupport_introspection_c__pyext
[2.475s] Invoked command in '/home/pip/robocon/ROS2_training/dog_ros2_ws_with_pc/build/dog_msgs' returned '0': /usr/bin/cmake --build /home/pip/robocon/ROS2_training/dog_ros2_ws_with_pc/build/dog_msgs -- -j32 -l32
[2.482s] Invoking command in '/home/pip/robocon/ROS2_training/dog_ros2_ws_with_pc/build/dog_msgs': /usr/bin/cmake --install /home/pip/robocon/ROS2_training/dog_ros2_ws_with_pc/build/dog_msgs
[2.487s] -- Install configuration: ""
[2.487s] -- Installing: /home/pip/robocon/ROS2_training/dog_ros2_ws_with_pc/install/dog_msgs/share/ament_index/resource_index/rosidl_interfaces/dog_msgs
[2.487s] -- Installing: /home/pip/robocon/ROS2_training/dog_ros2_ws_with_pc/install/dog_msgs/include/dog_msgs/dog_msgs
[2.487s] -- Installing: /home/pip/robocon/ROS2_training/dog_ros2_ws_with_pc/install/dog_msgs/include/dog_msgs/dog_msgs/msg
[2.487s] -- Installing: /home/pip/robocon/ROS2_training/dog_ros2_ws_with_pc/install/dog_msgs/include/dog_msgs/dog_msgs/msg/motor_state.h
[2.488s] -- Installing: /home/pip/robocon/ROS2_training/dog_ros2_ws_with_pc/install/dog_msgs/include/dog_msgs/dog_msgs/msg/rosidl_generator_c__visibility_control.h
[2.488s] -- Installing: /home/pip/robocon/ROS2_training/dog_ros2_ws_with_pc/install/dog_msgs/include/dog_msgs/dog_msgs/msg/controller_command.h
[2.488s] -- Installing: /home/pip/robocon/ROS2_training/dog_ros2_ws_with_pc/install/dog_msgs/include/dog_msgs/dog_msgs/msg/detail
[2.488s] -- Installing: /home/pip/robocon/ROS2_training/dog_ros2_ws_with_pc/install/dog_msgs/include/dog_msgs/dog_msgs/msg/detail/controller_command__functions.h
[2.488s] -- Installing: /home/pip/robocon/ROS2_training/dog_ros2_ws_with_pc/install/dog_msgs/include/dog_msgs/dog_msgs/msg/detail/motor_state__functions.h
[2.488s] -- Installing: /home/pip/robocon/ROS2_training/dog_ros2_ws_with_pc/install/dog_msgs/include/dog_msgs/dog_msgs/msg/detail/controller_command__struct.h
[2.488s] -- Installing: /home/pip/robocon/ROS2_training/dog_ros2_ws_with_pc/install/dog_msgs/include/dog_msgs/dog_msgs/msg/detail/motor_state__struct.h
[2.488s] -- Installing: /home/pip/robocon/ROS2_training/dog_ros2_ws_with_pc/install/dog_msgs/include/dog_msgs/dog_msgs/msg/detail/controller_command__functions.c
[2.488s] -- Installing: /home/pip/robocon/ROS2_training/dog_ros2_ws_with_pc/install/dog_msgs/include/dog_msgs/dog_msgs/msg/detail/motor_state__type_support.h
[2.488s] -- Installing: /home/pip/robocon/ROS2_training/dog_ros2_ws_with_pc/install/dog_msgs/include/dog_msgs/dog_msgs/msg/detail/motor_state__functions.c
[2.489s] -- Installing: /home/pip/robocon/ROS2_training/dog_ros2_ws_with_pc/install/dog_msgs/include/dog_msgs/dog_msgs/msg/detail/controller_command__type_support.h
[2.489s] -- Installing: /home/pip/robocon/ROS2_training/dog_ros2_ws_with_pc/install/dog_msgs/include/dog_msgs/dog_msgs/srv
[2.489s] -- Installing: /home/pip/robocon/ROS2_training/dog_ros2_ws_with_pc/install/dog_msgs/include/dog_msgs/dog_msgs/srv/handle_command.h
[2.489s] -- Installing: /home/pip/robocon/ROS2_training/dog_ros2_ws_with_pc/install/dog_msgs/include/dog_msgs/dog_msgs/srv/detail
[2.489s] -- Installing: /home/pip/robocon/ROS2_training/dog_ros2_ws_with_pc/install/dog_msgs/include/dog_msgs/dog_msgs/srv/detail/handle_command__functions.c
[2.489s] -- Installing: /home/pip/robocon/ROS2_training/dog_ros2_ws_with_pc/install/dog_msgs/include/dog_msgs/dog_msgs/srv/detail/handle_command__functions.h
[2.489s] -- Installing: /home/pip/robocon/ROS2_training/dog_ros2_ws_with_pc/install/dog_msgs/include/dog_msgs/dog_msgs/srv/detail/handle_command__struct.h
[2.489s] -- Installing: /home/pip/robocon/ROS2_training/dog_ros2_ws_with_pc/install/dog_msgs/include/dog_msgs/dog_msgs/srv/detail/handle_command__type_support.h
[2.489s] -- Installing: /home/pip/robocon/ROS2_training/dog_ros2_ws_with_pc/install/dog_msgs/share/dog_msgs/environment/library_path.sh
[2.490s] -- Installing: /home/pip/robocon/ROS2_training/dog_ros2_ws_with_pc/install/dog_msgs/share/dog_msgs/environment/library_path.dsv
[2.490s] -- Installing: /home/pip/robocon/ROS2_training/dog_ros2_ws_with_pc/install/dog_msgs/lib/libdog_msgs__rosidl_generator_c.so
[2.490s] -- Set runtime path of "/home/pip/robocon/ROS2_training/dog_ros2_ws_with_pc/install/dog_msgs/lib/libdog_msgs__rosidl_generator_c.so" to ""
[2.490s] -- Up-to-date: /home/pip/robocon/ROS2_training/dog_ros2_ws_with_pc/install/dog_msgs/include/dog_msgs/dog_msgs
[2.490s] -- Up-to-date: /home/pip/robocon/ROS2_training/dog_ros2_ws_with_pc/install/dog_msgs/include/dog_msgs/dog_msgs/msg
[2.490s] -- Installing: /home/pip/robocon/ROS2_training/dog_ros2_ws_with_pc/install/dog_msgs/include/dog_msgs/dog_msgs/msg/rosidl_typesupport_fastrtps_c__visibility_control.h
[2.490s] -- Up-to-date: /home/pip/robocon/ROS2_training/dog_ros2_ws_with_pc/install/dog_msgs/include/dog_msgs/dog_msgs/msg/detail
[2.490s] -- Installing: /home/pip/robocon/ROS2_training/dog_ros2_ws_with_pc/install/dog_msgs/include/dog_msgs/dog_msgs/msg/detail/motor_state__rosidl_typesupport_fastrtps_c.h
[2.490s] -- Installing: /home/pip/robocon/ROS2_training/dog_ros2_ws_with_pc/install/dog_msgs/include/dog_msgs/dog_msgs/msg/detail/controller_command__rosidl_typesupport_fastrtps_c.h
[2.491s] -- Up-to-date: /home/pip/robocon/ROS2_training/dog_ros2_ws_with_pc/install/dog_msgs/include/dog_msgs/dog_msgs/srv
[2.491s] -- Up-to-date: /home/pip/robocon/ROS2_training/dog_ros2_ws_with_pc/install/dog_msgs/include/dog_msgs/dog_msgs/srv/detail
[2.491s] -- Installing: /home/pip/robocon/ROS2_training/dog_ros2_ws_with_pc/install/dog_msgs/include/dog_msgs/dog_msgs/srv/detail/handle_command__rosidl_typesupport_fastrtps_c.h
[2.491s] -- Installing: /home/pip/robocon/ROS2_training/dog_ros2_ws_with_pc/install/dog_msgs/lib/libdog_msgs__rosidl_typesupport_fastrtps_c.so
[2.491s] -- Set runtime path of "/home/pip/robocon/ROS2_training/dog_ros2_ws_with_pc/install/dog_msgs/lib/libdog_msgs__rosidl_typesupport_fastrtps_c.so" to ""
[2.491s] -- Up-to-date: /home/pip/robocon/ROS2_training/dog_ros2_ws_with_pc/install/dog_msgs/include/dog_msgs/dog_msgs
[2.491s] -- Up-to-date: /home/pip/robocon/ROS2_training/dog_ros2_ws_with_pc/install/dog_msgs/include/dog_msgs/dog_msgs/msg
[2.491s] -- Installing: /home/pip/robocon/ROS2_training/dog_ros2_ws_with_pc/install/dog_msgs/include/dog_msgs/dog_msgs/msg/rosidl_typesupport_introspection_c__visibility_control.h
[2.491s] -- Up-to-date: /home/pip/robocon/ROS2_training/dog_ros2_ws_with_pc/install/dog_msgs/include/dog_msgs/dog_msgs/msg/detail
[2.491s] -- Installing: /home/pip/robocon/ROS2_training/dog_ros2_ws_with_pc/install/dog_msgs/include/dog_msgs/dog_msgs/msg/detail/controller_command__type_support.c
[2.491s] -- Installing: /home/pip/robocon/ROS2_training/dog_ros2_ws_with_pc/install/dog_msgs/include/dog_msgs/dog_msgs/msg/detail/motor_state__rosidl_typesupport_introspection_c.h
[2.492s] -- Installing: /home/pip/robocon/ROS2_training/dog_ros2_ws_with_pc/install/dog_msgs/include/dog_msgs/dog_msgs/msg/detail/controller_command__rosidl_typesupport_introspection_c.h
[2.492s] -- Installing: /home/pip/robocon/ROS2_training/dog_ros2_ws_with_pc/install/dog_msgs/include/dog_msgs/dog_msgs/msg/detail/motor_state__type_support.c
[2.492s] -- Up-to-date: /home/pip/robocon/ROS2_training/dog_ros2_ws_with_pc/install/dog_msgs/include/dog_msgs/dog_msgs/srv
[2.492s] -- Up-to-date: /home/pip/robocon/ROS2_training/dog_ros2_ws_with_pc/install/dog_msgs/include/dog_msgs/dog_msgs/srv/detail
[2.492s] -- Installing: /home/pip/robocon/ROS2_training/dog_ros2_ws_with_pc/install/dog_msgs/include/dog_msgs/dog_msgs/srv/detail/handle_command__type_support.c
[2.492s] -- Installing: /home/pip/robocon/ROS2_training/dog_ros2_ws_with_pc/install/dog_msgs/include/dog_msgs/dog_msgs/srv/detail/handle_command__rosidl_typesupport_introspection_c.h
[2.492s] -- Installing: /home/pip/robocon/ROS2_training/dog_ros2_ws_with_pc/install/dog_msgs/lib/libdog_msgs__rosidl_typesupport_introspection_c.so
[2.492s] -- Set runtime path of "/home/pip/robocon/ROS2_training/dog_ros2_ws_with_pc/install/dog_msgs/lib/libdog_msgs__rosidl_typesupport_introspection_c.so" to ""
[2.492s] -- Installing: /home/pip/robocon/ROS2_training/dog_ros2_ws_with_pc/install/dog_msgs/lib/libdog_msgs__rosidl_typesupport_c.so
[2.493s] -- Set runtime path of "/home/pip/robocon/ROS2_training/dog_ros2_ws_with_pc/install/dog_msgs/lib/libdog_msgs__rosidl_typesupport_c.so" to ""
[2.493s] -- Up-to-date: /home/pip/robocon/ROS2_training/dog_ros2_ws_with_pc/install/dog_msgs/include/dog_msgs/dog_msgs
[2.493s] -- Up-to-date: /home/pip/robocon/ROS2_training/dog_ros2_ws_with_pc/install/dog_msgs/include/dog_msgs/dog_msgs/msg
[2.493s] -- Installing: /home/pip/robocon/ROS2_training/dog_ros2_ws_with_pc/install/dog_msgs/include/dog_msgs/dog_msgs/msg/rosidl_generator_cpp__visibility_control.hpp
[2.493s] -- Installing: /home/pip/robocon/ROS2_training/dog_ros2_ws_with_pc/install/dog_msgs/include/dog_msgs/dog_msgs/msg/motor_state.hpp
[2.493s] -- Installing: /home/pip/robocon/ROS2_training/dog_ros2_ws_with_pc/install/dog_msgs/include/dog_msgs/dog_msgs/msg/controller_command.hpp
[2.493s] -- Up-to-date: /home/pip/robocon/ROS2_training/dog_ros2_ws_with_pc/install/dog_msgs/include/dog_msgs/dog_msgs/msg/detail
[2.493s] -- Installing: /home/pip/robocon/ROS2_training/dog_ros2_ws_with_pc/install/dog_msgs/include/dog_msgs/dog_msgs/msg/detail/controller_command__builder.hpp
[2.493s] -- Installing: /home/pip/robocon/ROS2_training/dog_ros2_ws_with_pc/install/dog_msgs/include/dog_msgs/dog_msgs/msg/detail/controller_command__struct.hpp
[2.493s] -- Installing: /home/pip/robocon/ROS2_training/dog_ros2_ws_with_pc/install/dog_msgs/include/dog_msgs/dog_msgs/msg/detail/motor_state__builder.hpp
[2.494s] -- Installing: /home/pip/robocon/ROS2_training/dog_ros2_ws_with_pc/install/dog_msgs/include/dog_msgs/dog_msgs/msg/detail/controller_command__type_support.hpp
[2.494s] -- Installing: /home/pip/robocon/ROS2_training/dog_ros2_ws_with_pc/install/dog_msgs/include/dog_msgs/dog_msgs/msg/detail/motor_state__type_support.hpp
[2.494s] -- Installing: /home/pip/robocon/ROS2_training/dog_ros2_ws_with_pc/install/dog_msgs/include/dog_msgs/dog_msgs/msg/detail/motor_state__struct.hpp
[2.494s] -- Installing: /home/pip/robocon/ROS2_training/dog_ros2_ws_with_pc/install/dog_msgs/include/dog_msgs/dog_msgs/msg/detail/controller_command__traits.hpp
[2.494s] -- Installing: /home/pip/robocon/ROS2_training/dog_ros2_ws_with_pc/install/dog_msgs/include/dog_msgs/dog_msgs/msg/detail/motor_state__traits.hpp
[2.494s] -- Up-to-date: /home/pip/robocon/ROS2_training/dog_ros2_ws_with_pc/install/dog_msgs/include/dog_msgs/dog_msgs/srv
[2.494s] -- Installing: /home/pip/robocon/ROS2_training/dog_ros2_ws_with_pc/install/dog_msgs/include/dog_msgs/dog_msgs/srv/handle_command.hpp
[2.494s] -- Up-to-date: /home/pip/robocon/ROS2_training/dog_ros2_ws_with_pc/install/dog_msgs/include/dog_msgs/dog_msgs/srv/detail
[2.494s] -- Installing: /home/pip/robocon/ROS2_training/dog_ros2_ws_with_pc/install/dog_msgs/include/dog_msgs/dog_msgs/srv/detail/handle_command__struct.hpp
[2.494s] -- Installing: /home/pip/robocon/ROS2_training/dog_ros2_ws_with_pc/install/dog_msgs/include/dog_msgs/dog_msgs/srv/detail/handle_command__builder.hpp
[2.494s] -- Installing: /home/pip/robocon/ROS2_training/dog_ros2_ws_with_pc/install/dog_msgs/include/dog_msgs/dog_msgs/srv/detail/handle_command__type_support.hpp
[2.494s] -- Installing: /home/pip/robocon/ROS2_training/dog_ros2_ws_with_pc/install/dog_msgs/include/dog_msgs/dog_msgs/srv/detail/handle_command__traits.hpp
[2.494s] -- Up-to-date: /home/pip/robocon/ROS2_training/dog_ros2_ws_with_pc/install/dog_msgs/include/dog_msgs/dog_msgs
[2.495s] -- Up-to-date: /home/pip/robocon/ROS2_training/dog_ros2_ws_with_pc/install/dog_msgs/include/dog_msgs/dog_msgs/msg
[2.495s] -- Installing: /home/pip/robocon/ROS2_training/dog_ros2_ws_with_pc/install/dog_msgs/include/dog_msgs/dog_msgs/msg/rosidl_typesupport_fastrtps_cpp__visibility_control.h
[2.495s] -- Up-to-date: /home/pip/robocon/ROS2_training/dog_ros2_ws_with_pc/install/dog_msgs/include/dog_msgs/dog_msgs/msg/detail
[2.495s] -- Installing: /home/pip/robocon/ROS2_training/dog_ros2_ws_with_pc/install/dog_msgs/include/dog_msgs/dog_msgs/msg/detail/motor_state__rosidl_typesupport_fastrtps_cpp.hpp
[2.495s] -- Installing: /home/pip/robocon/ROS2_training/dog_ros2_ws_with_pc/install/dog_msgs/include/dog_msgs/dog_msgs/msg/detail/controller_command__rosidl_typesupport_fastrtps_cpp.hpp
[2.495s] -- Installing: /home/pip/robocon/ROS2_training/dog_ros2_ws_with_pc/install/dog_msgs/include/dog_msgs/dog_msgs/msg/detail/dds_fastrtps
[2.495s] -- Up-to-date: /home/pip/robocon/ROS2_training/dog_ros2_ws_with_pc/install/dog_msgs/include/dog_msgs/dog_msgs/srv
[2.495s] -- Up-to-date: /home/pip/robocon/ROS2_training/dog_ros2_ws_with_pc/install/dog_msgs/include/dog_msgs/dog_msgs/srv/detail
[2.495s] -- Installing: /home/pip/robocon/ROS2_training/dog_ros2_ws_with_pc/install/dog_msgs/include/dog_msgs/dog_msgs/srv/detail/handle_command__rosidl_typesupport_fastrtps_cpp.hpp
[2.495s] -- Installing: /home/pip/robocon/ROS2_training/dog_ros2_ws_with_pc/install/dog_msgs/include/dog_msgs/dog_msgs/srv/detail/dds_fastrtps
[2.495s] -- Installing: /home/pip/robocon/ROS2_training/dog_ros2_ws_with_pc/install/dog_msgs/lib/libdog_msgs__rosidl_typesupport_fastrtps_cpp.so
[2.495s] -- Set runtime path of "/home/pip/robocon/ROS2_training/dog_ros2_ws_with_pc/install/dog_msgs/lib/libdog_msgs__rosidl_typesupport_fastrtps_cpp.so" to ""
[2.496s] -- Up-to-date: /home/pip/robocon/ROS2_training/dog_ros2_ws_with_pc/install/dog_msgs/include/dog_msgs/dog_msgs
[2.496s] -- Up-to-date: /home/pip/robocon/ROS2_training/dog_ros2_ws_with_pc/install/dog_msgs/include/dog_msgs/dog_msgs/msg
[2.496s] -- Up-to-date: /home/pip/robocon/ROS2_training/dog_ros2_ws_with_pc/install/dog_msgs/include/dog_msgs/dog_msgs/msg/detail
[2.496s] -- Installing: /home/pip/robocon/ROS2_training/dog_ros2_ws_with_pc/install/dog_msgs/include/dog_msgs/dog_msgs/msg/detail/controller_command__rosidl_typesupport_introspection_cpp.hpp
[2.496s] -- Installing: /home/pip/robocon/ROS2_training/dog_ros2_ws_with_pc/install/dog_msgs/include/dog_msgs/dog_msgs/msg/detail/motor_state__rosidl_typesupport_introspection_cpp.hpp
[2.496s] -- Installing: /home/pip/robocon/ROS2_training/dog_ros2_ws_with_pc/install/dog_msgs/include/dog_msgs/dog_msgs/msg/detail/motor_state__type_support.cpp
[2.496s] -- Installing: /home/pip/robocon/ROS2_training/dog_ros2_ws_with_pc/install/dog_msgs/include/dog_msgs/dog_msgs/msg/detail/controller_command__type_support.cpp
[2.496s] -- Up-to-date: /home/pip/robocon/ROS2_training/dog_ros2_ws_with_pc/install/dog_msgs/include/dog_msgs/dog_msgs/srv
[2.496s] -- Up-to-date: /home/pip/robocon/ROS2_training/dog_ros2_ws_with_pc/install/dog_msgs/include/dog_msgs/dog_msgs/srv/detail
[2.496s] -- Installing: /home/pip/robocon/ROS2_training/dog_ros2_ws_with_pc/install/dog_msgs/include/dog_msgs/dog_msgs/srv/detail/handle_command__rosidl_typesupport_introspection_cpp.hpp
[2.496s] -- Installing: /home/pip/robocon/ROS2_training/dog_ros2_ws_with_pc/install/dog_msgs/include/dog_msgs/dog_msgs/srv/detail/handle_command__type_support.cpp
[2.496s] -- Installing: /home/pip/robocon/ROS2_training/dog_ros2_ws_with_pc/install/dog_msgs/lib/libdog_msgs__rosidl_typesupport_introspection_cpp.so
[2.497s] -- Set runtime path of "/home/pip/robocon/ROS2_training/dog_ros2_ws_with_pc/install/dog_msgs/lib/libdog_msgs__rosidl_typesupport_introspection_cpp.so" to ""
[2.497s] -- Installing: /home/pip/robocon/ROS2_training/dog_ros2_ws_with_pc/install/dog_msgs/lib/libdog_msgs__rosidl_typesupport_cpp.so
[2.497s] -- Set runtime path of "/home/pip/robocon/ROS2_training/dog_ros2_ws_with_pc/install/dog_msgs/lib/libdog_msgs__rosidl_typesupport_cpp.so" to ""
[2.497s] -- Installing: /home/pip/robocon/ROS2_training/dog_ros2_ws_with_pc/install/dog_msgs/share/dog_msgs/environment/pythonpath.sh
[2.497s] -- Installing: /home/pip/robocon/ROS2_training/dog_ros2_ws_with_pc/install/dog_msgs/share/dog_msgs/environment/pythonpath.dsv
[2.497s] -- Installing: /home/pip/robocon/ROS2_training/dog_ros2_ws_with_pc/install/dog_msgs/local/lib/python3.10/dist-packages/dog_msgs-0.0.0-py3.10.egg-info
[2.498s] -- Installing: /home/pip/robocon/ROS2_training/dog_ros2_ws_with_pc/install/dog_msgs/local/lib/python3.10/dist-packages/dog_msgs-0.0.0-py3.10.egg-info/dependency_links.txt
[2.498s] -- Installing: /home/pip/robocon/ROS2_training/dog_ros2_ws_with_pc/install/dog_msgs/local/lib/python3.10/dist-packages/dog_msgs-0.0.0-py3.10.egg-info/SOURCES.txt
[2.498s] -- Installing: /home/pip/robocon/ROS2_training/dog_ros2_ws_with_pc/install/dog_msgs/local/lib/python3.10/dist-packages/dog_msgs-0.0.0-py3.10.egg-info/PKG-INFO
[2.498s] -- Installing: /home/pip/robocon/ROS2_training/dog_ros2_ws_with_pc/install/dog_msgs/local/lib/python3.10/dist-packages/dog_msgs-0.0.0-py3.10.egg-info/top_level.txt
[2.498s] -- Installing: /home/pip/robocon/ROS2_training/dog_ros2_ws_with_pc/install/dog_msgs/local/lib/python3.10/dist-packages/dog_msgs
[2.498s] -- Installing: /home/pip/robocon/ROS2_training/dog_ros2_ws_with_pc/install/dog_msgs/local/lib/python3.10/dist-packages/dog_msgs/msg
[2.498s] -- Installing: /home/pip/robocon/ROS2_training/dog_ros2_ws_with_pc/install/dog_msgs/local/lib/python3.10/dist-packages/dog_msgs/msg/_controller_command.py
[2.498s] -- Installing: /home/pip/robocon/ROS2_training/dog_ros2_ws_with_pc/install/dog_msgs/local/lib/python3.10/dist-packages/dog_msgs/msg/__init__.py
[2.498s] -- Installing: /home/pip/robocon/ROS2_training/dog_ros2_ws_with_pc/install/dog_msgs/local/lib/python3.10/dist-packages/dog_msgs/msg/_controller_command_s.c
[2.498s] -- Installing: /home/pip/robocon/ROS2_training/dog_ros2_ws_with_pc/install/dog_msgs/local/lib/python3.10/dist-packages/dog_msgs/msg/_motor_state.py
[2.498s] -- Installing: /home/pip/robocon/ROS2_training/dog_ros2_ws_with_pc/install/dog_msgs/local/lib/python3.10/dist-packages/dog_msgs/msg/_motor_state_s.c
[2.498s] -- Installing: /home/pip/robocon/ROS2_training/dog_ros2_ws_with_pc/install/dog_msgs/local/lib/python3.10/dist-packages/dog_msgs/_dog_msgs_s.ep.rosidl_typesupport_c.c
[2.499s] -- Installing: /home/pip/robocon/ROS2_training/dog_ros2_ws_with_pc/install/dog_msgs/local/lib/python3.10/dist-packages/dog_msgs/_dog_msgs_s.ep.rosidl_typesupport_introspection_c.c
[2.499s] -- Installing: /home/pip/robocon/ROS2_training/dog_ros2_ws_with_pc/install/dog_msgs/local/lib/python3.10/dist-packages/dog_msgs/__init__.py
[2.499s] -- Installing: /home/pip/robocon/ROS2_training/dog_ros2_ws_with_pc/install/dog_msgs/local/lib/python3.10/dist-packages/dog_msgs/dog_msgs_s__rosidl_typesupport_introspection_c.cpython-310-x86_64-linux-gnu.so
[2.499s] -- Installing: /home/pip/robocon/ROS2_training/dog_ros2_ws_with_pc/install/dog_msgs/local/lib/python3.10/dist-packages/dog_msgs/srv
[2.499s] -- Installing: /home/pip/robocon/ROS2_training/dog_ros2_ws_with_pc/install/dog_msgs/local/lib/python3.10/dist-packages/dog_msgs/srv/_handle_command.py
[2.499s] -- Installing: /home/pip/robocon/ROS2_training/dog_ros2_ws_with_pc/install/dog_msgs/local/lib/python3.10/dist-packages/dog_msgs/srv/__init__.py
[2.499s] -- Installing: /home/pip/robocon/ROS2_training/dog_ros2_ws_with_pc/install/dog_msgs/local/lib/python3.10/dist-packages/dog_msgs/srv/_handle_command_s.c
[2.499s] -- Installing: /home/pip/robocon/ROS2_training/dog_ros2_ws_with_pc/install/dog_msgs/local/lib/python3.10/dist-packages/dog_msgs/dog_msgs_s__rosidl_typesupport_c.cpython-310-x86_64-linux-gnu.so
[2.499s] -- Installing: /home/pip/robocon/ROS2_training/dog_ros2_ws_with_pc/install/dog_msgs/local/lib/python3.10/dist-packages/dog_msgs/dog_msgs_s__rosidl_typesupport_fastrtps_c.cpython-310-x86_64-linux-gnu.so
[2.499s] -- Installing: /home/pip/robocon/ROS2_training/dog_ros2_ws_with_pc/install/dog_msgs/local/lib/python3.10/dist-packages/dog_msgs/_dog_msgs_s.ep.rosidl_typesupport_fastrtps_c.c
[2.499s] -- Installing: /home/pip/robocon/ROS2_training/dog_ros2_ws_with_pc/install/dog_msgs/local/lib/python3.10/dist-packages/dog_msgs/libdog_msgs__rosidl_generator_py.so
[2.521s] Listing '/home/pip/robocon/ROS2_training/dog_ros2_ws_with_pc/install/dog_msgs/local/lib/python3.10/dist-packages/dog_msgs'...
[2.521s] Compiling '/home/pip/robocon/ROS2_training/dog_ros2_ws_with_pc/install/dog_msgs/local/lib/python3.10/dist-packages/dog_msgs/__init__.py'...
[2.521s] Listing '/home/pip/robocon/ROS2_training/dog_ros2_ws_with_pc/install/dog_msgs/local/lib/python3.10/dist-packages/dog_msgs/msg'...
[2.521s] Compiling '/home/pip/robocon/ROS2_training/dog_ros2_ws_with_pc/install/dog_msgs/local/lib/python3.10/dist-packages/dog_msgs/msg/__init__.py'...
[2.521s] Compiling '/home/pip/robocon/ROS2_training/dog_ros2_ws_with_pc/install/dog_msgs/local/lib/python3.10/dist-packages/dog_msgs/msg/_controller_command.py'...
[2.521s] Compiling '/home/pip/robocon/ROS2_training/dog_ros2_ws_with_pc/install/dog_msgs/local/lib/python3.10/dist-packages/dog_msgs/msg/_motor_state.py'...
[2.521s] Listing '/home/pip/robocon/ROS2_training/dog_ros2_ws_with_pc/install/dog_msgs/local/lib/python3.10/dist-packages/dog_msgs/srv'...
[2.521s] Compiling '/home/pip/robocon/ROS2_training/dog_ros2_ws_with_pc/install/dog_msgs/local/lib/python3.10/dist-packages/dog_msgs/srv/__init__.py'...
[2.521s] Compiling '/home/pip/robocon/ROS2_training/dog_ros2_ws_with_pc/install/dog_msgs/local/lib/python3.10/dist-packages/dog_msgs/srv/_handle_command.py'...
[2.524s] -- Installing: /home/pip/robocon/ROS2_training/dog_ros2_ws_with_pc/install/dog_msgs/local/lib/python3.10/dist-packages/dog_msgs/dog_msgs_s__rosidl_typesupport_fastrtps_c.cpython-310-x86_64-linux-gnu.so
[2.524s] -- Set runtime path of "/home/pip/robocon/ROS2_training/dog_ros2_ws_with_pc/install/dog_msgs/local/lib/python3.10/dist-packages/dog_msgs/dog_msgs_s__rosidl_typesupport_fastrtps_c.cpython-310-x86_64-linux-gnu.so" to ""
[2.524s] -- Installing: /home/pip/robocon/ROS2_training/dog_ros2_ws_with_pc/install/dog_msgs/local/lib/python3.10/dist-packages/dog_msgs/dog_msgs_s__rosidl_typesupport_introspection_c.cpython-310-x86_64-linux-gnu.so
[2.525s] -- Set runtime path of "/home/pip/robocon/ROS2_training/dog_ros2_ws_with_pc/install/dog_msgs/local/lib/python3.10/dist-packages/dog_msgs/dog_msgs_s__rosidl_typesupport_introspection_c.cpython-310-x86_64-linux-gnu.so" to ""
[2.525s] -- Installing: /home/pip/robocon/ROS2_training/dog_ros2_ws_with_pc/install/dog_msgs/local/lib/python3.10/dist-packages/dog_msgs/dog_msgs_s__rosidl_typesupport_c.cpython-310-x86_64-linux-gnu.so
[2.525s] -- Set runtime path of "/home/pip/robocon/ROS2_training/dog_ros2_ws_with_pc/install/dog_msgs/local/lib/python3.10/dist-packages/dog_msgs/dog_msgs_s__rosidl_typesupport_c.cpython-310-x86_64-linux-gnu.so" to ""
[2.525s] -- Installing: /home/pip/robocon/ROS2_training/dog_ros2_ws_with_pc/install/dog_msgs/lib/libdog_msgs__rosidl_generator_py.so
[2.525s] -- Set runtime path of "/home/pip/robocon/ROS2_training/dog_ros2_ws_with_pc/install/dog_msgs/lib/libdog_msgs__rosidl_generator_py.so" to ""
[2.525s] -- Installing: /home/pip/robocon/ROS2_training/dog_ros2_ws_with_pc/install/dog_msgs/share/dog_msgs/rust
[2.525s] -- Installing: /home/pip/robocon/ROS2_training/dog_ros2_ws_with_pc/install/dog_msgs/share/dog_msgs/rust/Cargo.toml
[2.526s] -- Installing: /home/pip/robocon/ROS2_training/dog_ros2_ws_with_pc/install/dog_msgs/share/dog_msgs/rust/src
[2.526s] -- Installing: /home/pip/robocon/ROS2_training/dog_ros2_ws_with_pc/install/dog_msgs/share/dog_msgs/rust/src/msg
[2.526s] -- Installing: /home/pip/robocon/ROS2_training/dog_ros2_ws_with_pc/install/dog_msgs/share/dog_msgs/rust/src/msg/rmw.rs
[2.526s] -- Installing: /home/pip/robocon/ROS2_training/dog_ros2_ws_with_pc/install/dog_msgs/share/dog_msgs/rust/src/msg.rs
[2.526s] -- Installing: /home/pip/robocon/ROS2_training/dog_ros2_ws_with_pc/install/dog_msgs/share/dog_msgs/rust/src/srv
[2.526s] -- Installing: /home/pip/robocon/ROS2_training/dog_ros2_ws_with_pc/install/dog_msgs/share/dog_msgs/rust/src/srv/rmw.rs
[2.526s] -- Installing: /home/pip/robocon/ROS2_training/dog_ros2_ws_with_pc/install/dog_msgs/share/dog_msgs/rust/src/lib.rs
[2.526s] -- Installing: /home/pip/robocon/ROS2_training/dog_ros2_ws_with_pc/install/dog_msgs/share/dog_msgs/rust/src/srv.rs
[2.526s] -- Installing: /home/pip/robocon/ROS2_training/dog_ros2_ws_with_pc/install/dog_msgs/share/dog_msgs/rust/build.rs
[2.526s] -- Installing: /home/pip/robocon/ROS2_training/dog_ros2_ws_with_pc/install/dog_msgs/share/dog_msgs/msg/ControllerCommand.idl
[2.526s] -- Installing: /home/pip/robocon/ROS2_training/dog_ros2_ws_with_pc/install/dog_msgs/share/dog_msgs/msg/MotorState.idl
[2.527s] -- Installing: /home/pip/robocon/ROS2_training/dog_ros2_ws_with_pc/install/dog_msgs/share/dog_msgs/srv/HandleCommand.idl
[2.527s] -- Installing: /home/pip/robocon/ROS2_training/dog_ros2_ws_with_pc/install/dog_msgs/share/dog_msgs/msg/ControllerCommand.msg
[2.527s] -- Installing: /home/pip/robocon/ROS2_training/dog_ros2_ws_with_pc/install/dog_msgs/share/dog_msgs/msg/MotorState.msg
[2.527s] -- Installing: /home/pip/robocon/ROS2_training/dog_ros2_ws_with_pc/install/dog_msgs/share/dog_msgs/srv/HandleCommand.srv
[2.527s] -- Installing: /home/pip/robocon/ROS2_training/dog_ros2_ws_with_pc/install/dog_msgs/share/dog_msgs/srv/HandleCommand_Request.msg
[2.527s] -- Installing: /home/pip/robocon/ROS2_training/dog_ros2_ws_with_pc/install/dog_msgs/share/dog_msgs/srv/HandleCommand_Response.msg
[2.527s] -- Installing: /home/pip/robocon/ROS2_training/dog_ros2_ws_with_pc/install/dog_msgs/share/ament_index/resource_index/package_run_dependencies/dog_msgs
[2.527s] -- Installing: /home/pip/robocon/ROS2_training/dog_ros2_ws_with_pc/install/dog_msgs/share/ament_index/resource_index/parent_prefix_path/dog_msgs
[2.527s] -- Installing: /home/pip/robocon/ROS2_training/dog_ros2_ws_with_pc/install/dog_msgs/share/dog_msgs/environment/ament_prefix_path.sh
[2.528s] -- Installing: /home/pip/robocon/ROS2_training/dog_ros2_ws_with_pc/install/dog_msgs/share/dog_msgs/environment/ament_prefix_path.dsv
[2.528s] -- Installing: /home/pip/robocon/ROS2_training/dog_ros2_ws_with_pc/install/dog_msgs/share/dog_msgs/environment/path.sh
[2.528s] -- Installing: /home/pip/robocon/ROS2_training/dog_ros2_ws_with_pc/install/dog_msgs/share/dog_msgs/environment/path.dsv
[2.528s] -- Installing: /home/pip/robocon/ROS2_training/dog_ros2_ws_with_pc/install/dog_msgs/share/dog_msgs/local_setup.bash
[2.528s] -- Installing: /home/pip/robocon/ROS2_training/dog_ros2_ws_with_pc/install/dog_msgs/share/dog_msgs/local_setup.sh
[2.528s] -- Installing: /home/pip/robocon/ROS2_training/dog_ros2_ws_with_pc/install/dog_msgs/share/dog_msgs/local_setup.zsh
[2.528s] -- Installing: /home/pip/robocon/ROS2_training/dog_ros2_ws_with_pc/install/dog_msgs/share/dog_msgs/local_setup.dsv
[2.528s] -- Installing: /home/pip/robocon/ROS2_training/dog_ros2_ws_with_pc/install/dog_msgs/share/dog_msgs/package.dsv
[2.528s] -- Installing: /home/pip/robocon/ROS2_training/dog_ros2_ws_with_pc/install/dog_msgs/share/ament_index/resource_index/packages/dog_msgs
[2.528s] -- Installing: /home/pip/robocon/ROS2_training/dog_ros2_ws_with_pc/install/dog_msgs/share/dog_msgs/cmake/export_dog_msgs__rosidl_generator_cExport.cmake
[2.529s] -- Installing: /home/pip/robocon/ROS2_training/dog_ros2_ws_with_pc/install/dog_msgs/share/dog_msgs/cmake/export_dog_msgs__rosidl_generator_cExport-noconfig.cmake
[2.529s] -- Installing: /home/pip/robocon/ROS2_training/dog_ros2_ws_with_pc/install/dog_msgs/share/dog_msgs/cmake/export_dog_msgs__rosidl_typesupport_fastrtps_cExport.cmake
[2.529s] -- Installing: /home/pip/robocon/ROS2_training/dog_ros2_ws_with_pc/install/dog_msgs/share/dog_msgs/cmake/export_dog_msgs__rosidl_typesupport_fastrtps_cExport-noconfig.cmake
[2.529s] -- Installing: /home/pip/robocon/ROS2_training/dog_ros2_ws_with_pc/install/dog_msgs/share/dog_msgs/cmake/dog_msgs__rosidl_typesupport_introspection_cExport.cmake
[2.529s] -- Installing: /home/pip/robocon/ROS2_training/dog_ros2_ws_with_pc/install/dog_msgs/share/dog_msgs/cmake/dog_msgs__rosidl_typesupport_introspection_cExport-noconfig.cmake
[2.529s] -- Installing: /home/pip/robocon/ROS2_training/dog_ros2_ws_with_pc/install/dog_msgs/share/dog_msgs/cmake/dog_msgs__rosidl_typesupport_cExport.cmake
[2.529s] -- Installing: /home/pip/robocon/ROS2_training/dog_ros2_ws_with_pc/install/dog_msgs/share/dog_msgs/cmake/dog_msgs__rosidl_typesupport_cExport-noconfig.cmake
[2.529s] -- Installing: /home/pip/robocon/ROS2_training/dog_ros2_ws_with_pc/install/dog_msgs/share/dog_msgs/cmake/export_dog_msgs__rosidl_generator_cppExport.cmake
[2.529s] -- Installing: /home/pip/robocon/ROS2_training/dog_ros2_ws_with_pc/install/dog_msgs/share/dog_msgs/cmake/export_dog_msgs__rosidl_typesupport_fastrtps_cppExport.cmake
[2.530s] -- Installing: /home/pip/robocon/ROS2_training/dog_ros2_ws_with_pc/install/dog_msgs/share/dog_msgs/cmake/export_dog_msgs__rosidl_typesupport_fastrtps_cppExport-noconfig.cmake
[2.530s] -- Installing: /home/pip/robocon/ROS2_training/dog_ros2_ws_with_pc/install/dog_msgs/share/dog_msgs/cmake/dog_msgs__rosidl_typesupport_introspection_cppExport.cmake
[2.530s] -- Installing: /home/pip/robocon/ROS2_training/dog_ros2_ws_with_pc/install/dog_msgs/share/dog_msgs/cmake/dog_msgs__rosidl_typesupport_introspection_cppExport-noconfig.cmake
[2.530s] -- Installing: /home/pip/robocon/ROS2_training/dog_ros2_ws_with_pc/install/dog_msgs/share/dog_msgs/cmake/dog_msgs__rosidl_typesupport_cppExport.cmake
[2.530s] -- Installing: /home/pip/robocon/ROS2_training/dog_ros2_ws_with_pc/install/dog_msgs/share/dog_msgs/cmake/dog_msgs__rosidl_typesupport_cppExport-noconfig.cmake
[2.530s] -- Installing: /home/pip/robocon/ROS2_training/dog_ros2_ws_with_pc/install/dog_msgs/share/dog_msgs/cmake/export_dog_msgs__rosidl_generator_pyExport.cmake
[2.530s] -- Installing: /home/pip/robocon/ROS2_training/dog_ros2_ws_with_pc/install/dog_msgs/share/dog_msgs/cmake/export_dog_msgs__rosidl_generator_pyExport-noconfig.cmake
[2.530s] -- Installing: /home/pip/robocon/ROS2_training/dog_ros2_ws_with_pc/install/dog_msgs/share/dog_msgs/cmake/rosidl_cmake-extras.cmake
[2.531s] -- Installing: /home/pip/robocon/ROS2_training/dog_ros2_ws_with_pc/install/dog_msgs/share/dog_msgs/cmake/ament_cmake_export_include_directories-extras.cmake
[2.531s] -- Installing: /home/pip/robocon/ROS2_training/dog_ros2_ws_with_pc/install/dog_msgs/share/dog_msgs/cmake/ament_cmake_export_libraries-extras.cmake
[2.531s] -- Installing: /home/pip/robocon/ROS2_training/dog_ros2_ws_with_pc/install/dog_msgs/share/dog_msgs/cmake/ament_cmake_export_targets-extras.cmake
[2.531s] -- Installing: /home/pip/robocon/ROS2_training/dog_ros2_ws_with_pc/install/dog_msgs/share/dog_msgs/cmake/rosidl_cmake_export_typesupport_targets-extras.cmake
[2.531s] -- Installing: /home/pip/robocon/ROS2_training/dog_ros2_ws_with_pc/install/dog_msgs/share/dog_msgs/cmake/ament_cmake_export_dependencies-extras.cmake
[2.531s] -- Installing: /home/pip/robocon/ROS2_training/dog_ros2_ws_with_pc/install/dog_msgs/share/dog_msgs/cmake/rosidl_cmake_export_typesupport_libraries-extras.cmake
[2.531s] -- Installing: /home/pip/robocon/ROS2_training/dog_ros2_ws_with_pc/install/dog_msgs/share/dog_msgs/cmake/rosidl_cmake_aggregate_target-extras.cmake
[2.531s] -- Installing: /home/pip/robocon/ROS2_training/dog_ros2_ws_with_pc/install/dog_msgs/share/dog_msgs/cmake/dog_msgsConfig.cmake
[2.531s] -- Installing: /home/pip/robocon/ROS2_training/dog_ros2_ws_with_pc/install/dog_msgs/share/dog_msgs/cmake/dog_msgsConfig-version.cmake
[2.532s] -- Installing: /home/pip/robocon/ROS2_training/dog_ros2_ws_with_pc/install/dog_msgs/share/dog_msgs/package.xml
[2.534s] Invoked command in '/home/pip/robocon/ROS2_training/dog_ros2_ws_with_pc/build/dog_msgs' returned '0': /usr/bin/cmake --install /home/pip/robocon/ROS2_training/dog_ros2_ws_with_pc/build/dog_msgs
